1781208484
websocket-server-8585946c55-8hxnx   0m    27Mi   
websocket-server-8585946c55-hrm5v   18m   28Mi   
1781208489
websocket-server-8585946c55-8hxnx   1m    27Mi   
websocket-server-8585946c55-hrm5v   1m    27Mi   
1781208494
websocket-server-8585946c55-8hxnx   1m    27Mi   
websocket-server-8585946c55-hrm5v   1m    27Mi   
1781208499
websocket-server-8585946c55-8hxnx   1m    27Mi   
websocket-server-8585946c55-hrm5v   1m    27Mi   
1781208504
websocket-server-8585946c55-8hxnx   1m    27Mi   
websocket-server-8585946c55-hrm5v   0m    27Mi   
1781208509
websocket-server-8585946c55-8hxnx   1m    27Mi   
websocket-server-8585946c55-hrm5v   0m    27Mi   
1781208514
websocket-server-8585946c55-8hxnx   1m    27Mi   
websocket-server-8585946c55-hrm5v   0m    27Mi   
1781208519
websocket-server-8585946c55-8hxnx   4m    28Mi   
websocket-server-8585946c55-hrm5v   6m    29Mi   
1781208524
websocket-server-8585946c55-8hxnx   4m    28Mi   
websocket-server-8585946c55-hrm5v   6m    29Mi   
1781208529
websocket-server-8585946c55-8hxnx   4m    28Mi   
websocket-server-8585946c55-hrm5v   6m    29Mi   
1781208534
websocket-server-8585946c55-8hxnx   55m   36Mi   
websocket-server-8585946c55-hrm5v   38m   32Mi   
1781208539
websocket-server-8585946c55-8hxnx   55m   36Mi   
websocket-server-8585946c55-hrm5v   38m   32Mi   
1781208544
websocket-server-8585946c55-8hxnx   55m   36Mi   
websocket-server-8585946c55-hrm5v   38m   32Mi   
1781208549
websocket-server-8585946c55-8hxnx   109m   40Mi   
websocket-server-8585946c55-hrm5v   76m    37Mi   
1781208554
websocket-server-8585946c55-8hxnx   109m   40Mi   
websocket-server-8585946c55-hrm5v   76m    37Mi   
1781208559
websocket-server-8585946c55-8hxnx   109m   40Mi   
websocket-server-8585946c55-hrm5v   76m    37Mi   
1781208564
websocket-server-8585946c55-8hxnx   144m   43Mi   
websocket-server-8585946c55-hrm5v   118m   41Mi   
1781208569
websocket-server-8585946c55-8hxnx   144m   43Mi   
websocket-server-8585946c55-hrm5v   118m   41Mi   
1781208574
websocket-server-8585946c55-8hxnx   144m   43Mi   
websocket-server-8585946c55-hrm5v   118m   41Mi   
1781208580
websocket-server-8585946c55-4cns5   31m    28Mi   
websocket-server-8585946c55-8hxnx   160m   45Mi   
websocket-server-8585946c55-hrm5v   142m   44Mi   
websocket-server-8585946c55-l6vhz   31m    28Mi   
1781208585
websocket-server-8585946c55-4cns5   31m    28Mi   
websocket-server-8585946c55-8hxnx   160m   45Mi   
websocket-server-8585946c55-hrm5v   142m   44Mi   
websocket-server-8585946c55-l6vhz   31m    28Mi   
1781208590
websocket-server-8585946c55-4cns5   31m    28Mi   
websocket-server-8585946c55-8hxnx   160m   45Mi   
websocket-server-8585946c55-hrm5v   142m   44Mi   
websocket-server-8585946c55-l6vhz   31m    28Mi   
1781208595
websocket-server-8585946c55-4cns5   26m    31Mi   
websocket-server-8585946c55-8hxnx   191m   47Mi   
websocket-server-8585946c55-hrm5v   142m   44Mi   
websocket-server-8585946c55-l6vhz   28m    30Mi   
1781208600
websocket-server-8585946c55-4cns5   26m    31Mi   
websocket-server-8585946c55-8hxnx   191m   47Mi   
websocket-server-8585946c55-hrm5v   142m   44Mi   
websocket-server-8585946c55-l6vhz   28m    30Mi   
1781208605
websocket-server-8585946c55-4cns5   26m    31Mi   
websocket-server-8585946c55-8hxnx   191m   47Mi   
websocket-server-8585946c55-hrm5v   142m   44Mi   
websocket-server-8585946c55-l6vhz   28m    30Mi   
1781208610
websocket-server-8585946c55-4cns5   42m    31Mi   
websocket-server-8585946c55-8hxnx   199m   48Mi   
websocket-server-8585946c55-hrm5v   180m   45Mi   
websocket-server-8585946c55-l6vhz   41m    31Mi   
websocket-server-8585946c55-n5ztz   6m     28Mi   
1781208615
websocket-server-8585946c55-4cns5   42m    31Mi   
websocket-server-8585946c55-8hxnx   199m   48Mi   
websocket-server-8585946c55-hrm5v   180m   45Mi   
websocket-server-8585946c55-l6vhz   41m    31Mi   
websocket-server-8585946c55-n5ztz   6m     28Mi   
1781208620
websocket-server-8585946c55-4cns5   42m    31Mi   
websocket-server-8585946c55-8hxnx   199m   48Mi   
websocket-server-8585946c55-hrm5v   180m   45Mi   
websocket-server-8585946c55-l6vhz   41m    31Mi   
websocket-server-8585946c55-n5ztz   6m     28Mi   
1781208625
websocket-server-8585946c55-4b77c   17m    27Mi   
websocket-server-8585946c55-4cns5   42m    31Mi   
websocket-server-8585946c55-7n5p2   1m     27Mi   
websocket-server-8585946c55-8hxnx   190m   47Mi   
websocket-server-8585946c55-hrm5v   175m   45Mi   
websocket-server-8585946c55-l6vhz   41m    31Mi   
websocket-server-8585946c55-n5ztz   6m     28Mi   
1781208630
websocket-server-8585946c55-4b77c   17m    27Mi   
websocket-server-8585946c55-4cns5   42m    31Mi   
websocket-server-8585946c55-7n5p2   1m     27Mi   
websocket-server-8585946c55-8hxnx   190m   47Mi   
websocket-server-8585946c55-hrm5v   175m   45Mi   
websocket-server-8585946c55-l6vhz   41m    31Mi   
websocket-server-8585946c55-n5ztz   6m     28Mi   
1781208635
websocket-server-8585946c55-4b77c   17m    27Mi   
websocket-server-8585946c55-4cns5   42m    31Mi   
websocket-server-8585946c55-7n5p2   1m     27Mi   
websocket-server-8585946c55-8hxnx   190m   47Mi   
websocket-server-8585946c55-hrm5v   175m   45Mi   
websocket-server-8585946c55-l6vhz   41m    31Mi   
websocket-server-8585946c55-n5ztz   6m     28Mi   
1781208640
websocket-server-8585946c55-4b77c   1m     27Mi   
websocket-server-8585946c55-4cns5   15m    31Mi   
websocket-server-8585946c55-7n5p2   1m     27Mi   
websocket-server-8585946c55-8hxnx   107m   47Mi   
websocket-server-8585946c55-hrm5v   17m    46Mi   
websocket-server-8585946c55-jn6b2   1m     27Mi   
websocket-server-8585946c55-l6vhz   23m    31Mi   
websocket-server-8585946c55-n5ztz   2m     28Mi   
1781208645
websocket-server-8585946c55-4b77c   1m     27Mi   
websocket-server-8585946c55-4cns5   15m    31Mi   
websocket-server-8585946c55-7n5p2   1m     27Mi   
websocket-server-8585946c55-8hxnx   107m   47Mi   
websocket-server-8585946c55-hrm5v   17m    46Mi   
websocket-server-8585946c55-jn6b2   1m     27Mi   
websocket-server-8585946c55-l6vhz   23m    31Mi   
websocket-server-8585946c55-n5ztz   2m     28Mi   
1781208650
websocket-server-8585946c55-4b77c   1m     27Mi   
websocket-server-8585946c55-4cns5   15m    31Mi   
websocket-server-8585946c55-7n5p2   1m     27Mi   
websocket-server-8585946c55-8hxnx   107m   47Mi   
websocket-server-8585946c55-hrm5v   17m    46Mi   
websocket-server-8585946c55-jn6b2   1m     27Mi   
websocket-server-8585946c55-l6vhz   23m    31Mi   
websocket-server-8585946c55-n5ztz   2m     28Mi   
1781208655
websocket-server-8585946c55-4b77c   1m    27Mi   
websocket-server-8585946c55-4cns5   2m    31Mi   
websocket-server-8585946c55-7n5p2   1m    27Mi   
websocket-server-8585946c55-8hxnx   5m    47Mi   
websocket-server-8585946c55-hrm5v   5m    45Mi   
websocket-server-8585946c55-jn6b2   1m    27Mi   
websocket-server-8585946c55-l6vhz   1m    31Mi   
websocket-server-8585946c55-n5ztz   1m    28Mi   
1781208660
websocket-server-8585946c55-4b77c   1m    27Mi   
websocket-server-8585946c55-4cns5   2m    31Mi   
websocket-server-8585946c55-7n5p2   1m    27Mi   
websocket-server-8585946c55-8hxnx   5m    47Mi   
websocket-server-8585946c55-hrm5v   5m    45Mi   
websocket-server-8585946c55-jn6b2   1m    27Mi   
websocket-server-8585946c55-l6vhz   1m    31Mi   
websocket-server-8585946c55-n5ztz   1m    28Mi   
1781208665
websocket-server-8585946c55-4b77c   1m    27Mi   
websocket-server-8585946c55-4cns5   2m    31Mi   
websocket-server-8585946c55-7n5p2   1m    27Mi   
websocket-server-8585946c55-8hxnx   5m    47Mi   
websocket-server-8585946c55-hrm5v   5m    45Mi   
websocket-server-8585946c55-jn6b2   1m    27Mi   
websocket-server-8585946c55-l6vhz   1m    31Mi   
websocket-server-8585946c55-n5ztz   1m    28Mi   
1781208670
websocket-server-8585946c55-4b77c   1m    27Mi   
websocket-server-8585946c55-4cns5   1m    31Mi   
websocket-server-8585946c55-7n5p2   1m    27Mi   
websocket-server-8585946c55-8hxnx   5m    47Mi   
websocket-server-8585946c55-hrm5v   5m    45Mi   
websocket-server-8585946c55-jn6b2   1m    27Mi   
websocket-server-8585946c55-l6vhz   1m    31Mi   
websocket-server-8585946c55-n5ztz   1m    28Mi   
1781208675
websocket-server-8585946c55-4b77c   1m    27Mi   
websocket-server-8585946c55-4cns5   1m    31Mi   
websocket-server-8585946c55-7n5p2   1m    27Mi   
websocket-server-8585946c55-8hxnx   5m    47Mi   
websocket-server-8585946c55-hrm5v   5m    45Mi   
websocket-server-8585946c55-jn6b2   1m    27Mi   
websocket-server-8585946c55-l6vhz   1m    31Mi   
websocket-server-8585946c55-n5ztz   1m    28Mi   
1781208680
websocket-server-8585946c55-4b77c   1m    27Mi   
websocket-server-8585946c55-4cns5   1m    31Mi   
websocket-server-8585946c55-7n5p2   1m    27Mi   
websocket-server-8585946c55-8hxnx   5m    47Mi   
websocket-server-8585946c55-hrm5v   5m    45Mi   
websocket-server-8585946c55-jn6b2   1m    27Mi   
websocket-server-8585946c55-l6vhz   1m    31Mi   
websocket-server-8585946c55-n5ztz   1m    28Mi   
1781208685
websocket-server-8585946c55-4b77c   1m    27Mi   
websocket-server-8585946c55-4cns5   1m    31Mi   
websocket-server-8585946c55-7n5p2   1m    27Mi   
websocket-server-8585946c55-8hxnx   5m    47Mi   
websocket-server-8585946c55-hrm5v   5m    45Mi   
websocket-server-8585946c55-jn6b2   1m    27Mi   
websocket-server-8585946c55-l6vhz   2m    31Mi   
websocket-server-8585946c55-n5ztz   1m    28Mi   
1781208690
websocket-server-8585946c55-4b77c   1m    27Mi   
websocket-server-8585946c55-4cns5   1m    31Mi   
websocket-server-8585946c55-7n5p2   1m    27Mi   
websocket-server-8585946c55-8hxnx   5m    47Mi   
websocket-server-8585946c55-hrm5v   5m    45Mi   
websocket-server-8585946c55-jn6b2   1m    27Mi   
websocket-server-8585946c55-l6vhz   2m    31Mi   
websocket-server-8585946c55-n5ztz   1m    28Mi   
1781208695
websocket-server-8585946c55-4b77c   1m    27Mi   
websocket-server-8585946c55-4cns5   1m    31Mi   
websocket-server-8585946c55-7n5p2   1m    27Mi   
websocket-server-8585946c55-8hxnx   5m    47Mi   
websocket-server-8585946c55-hrm5v   5m    45Mi   
websocket-server-8585946c55-jn6b2   1m    27Mi   
websocket-server-8585946c55-l6vhz   2m    31Mi   
websocket-server-8585946c55-n5ztz   1m    28Mi   
1781208701
websocket-server-8585946c55-4b77c   1m    27Mi   
websocket-server-8585946c55-4cns5   2m    31Mi   
websocket-server-8585946c55-7n5p2   1m    27Mi   
websocket-server-8585946c55-8hxnx   5m    47Mi   
websocket-server-8585946c55-hrm5v   5m    45Mi   
websocket-server-8585946c55-jn6b2   1m    27Mi   
websocket-server-8585946c55-l6vhz   1m    31Mi   
websocket-server-8585946c55-n5ztz   1m    28Mi   
1781208706
websocket-server-8585946c55-4b77c   1m    27Mi   
websocket-server-8585946c55-4cns5   2m    31Mi   
websocket-server-8585946c55-7n5p2   1m    27Mi   
websocket-server-8585946c55-8hxnx   5m    47Mi   
websocket-server-8585946c55-hrm5v   5m    45Mi   
websocket-server-8585946c55-jn6b2   1m    27Mi   
websocket-server-8585946c55-l6vhz   1m    31Mi   
websocket-server-8585946c55-n5ztz   1m    28Mi   
1781208711
websocket-server-8585946c55-4b77c   1m    27Mi   
websocket-server-8585946c55-4cns5   2m    31Mi   
websocket-server-8585946c55-7n5p2   1m    27Mi   
websocket-server-8585946c55-8hxnx   5m    47Mi   
websocket-server-8585946c55-hrm5v   5m    45Mi   
websocket-server-8585946c55-jn6b2   1m    27Mi   
websocket-server-8585946c55-l6vhz   1m    31Mi   
websocket-server-8585946c55-n5ztz   1m    28Mi   
1781208716
websocket-server-8585946c55-4b77c   1m    27Mi   
websocket-server-8585946c55-4cns5   2m    31Mi   
websocket-server-8585946c55-7n5p2   1m    27Mi   
websocket-server-8585946c55-8hxnx   5m    47Mi   
websocket-server-8585946c55-hrm5v   4m    45Mi   
websocket-server-8585946c55-jn6b2   1m    27Mi   
websocket-server-8585946c55-l6vhz   2m    31Mi   
websocket-server-8585946c55-n5ztz   1m    28Mi   
1781208721
websocket-server-8585946c55-4b77c   1m    27Mi   
websocket-server-8585946c55-4cns5   2m    31Mi   
websocket-server-8585946c55-7n5p2   1m    27Mi   
websocket-server-8585946c55-8hxnx   5m    47Mi   
websocket-server-8585946c55-hrm5v   4m    45Mi   
websocket-server-8585946c55-jn6b2   1m    27Mi   
websocket-server-8585946c55-l6vhz   2m    31Mi   
websocket-server-8585946c55-n5ztz   1m    28Mi   
1781208726
websocket-server-8585946c55-4b77c   1m    27Mi   
websocket-server-8585946c55-4cns5   2m    31Mi   
websocket-server-8585946c55-7n5p2   1m    27Mi   
websocket-server-8585946c55-8hxnx   5m    47Mi   
websocket-server-8585946c55-hrm5v   4m    45Mi   
websocket-server-8585946c55-jn6b2   1m    27Mi   
websocket-server-8585946c55-l6vhz   2m    31Mi   
websocket-server-8585946c55-n5ztz   1m    28Mi   
1781208731
websocket-server-8585946c55-4b77c   1m    27Mi   
websocket-server-8585946c55-4cns5   1m    31Mi   
websocket-server-8585946c55-7n5p2   1m    27Mi   
websocket-server-8585946c55-8hxnx   5m    47Mi   
websocket-server-8585946c55-hrm5v   5m    45Mi   
websocket-server-8585946c55-jn6b2   1m    27Mi   
websocket-server-8585946c55-l6vhz   1m    31Mi   
websocket-server-8585946c55-n5ztz   1m    28Mi   
1781208736
websocket-server-8585946c55-4b77c   1m    27Mi   
websocket-server-8585946c55-4cns5   1m    31Mi   
websocket-server-8585946c55-7n5p2   1m    27Mi   
websocket-server-8585946c55-8hxnx   5m    47Mi   
websocket-server-8585946c55-hrm5v   5m    45Mi   
websocket-server-8585946c55-jn6b2   1m    27Mi   
websocket-server-8585946c55-l6vhz   1m    31Mi   
websocket-server-8585946c55-n5ztz   1m    28Mi   
1781208741
websocket-server-8585946c55-4b77c   1m    27Mi   
websocket-server-8585946c55-4cns5   1m    31Mi   
websocket-server-8585946c55-7n5p2   1m    27Mi   
websocket-server-8585946c55-8hxnx   5m    47Mi   
websocket-server-8585946c55-hrm5v   5m    45Mi   
websocket-server-8585946c55-jn6b2   1m    27Mi   
websocket-server-8585946c55-l6vhz   1m    31Mi   
websocket-server-8585946c55-n5ztz   1m    28Mi   
