1781201946
websocket-server-8585946c55-b2n9p   21m   28Mi   
websocket-server-8585946c55-ffktt   0m    27Mi   
1781201951
websocket-server-8585946c55-b2n9p   1m    28Mi   
websocket-server-8585946c55-ffktt   1m    27Mi   
1781201956
websocket-server-8585946c55-b2n9p   1m    28Mi   
websocket-server-8585946c55-ffktt   1m    27Mi   
1781201961
websocket-server-8585946c55-b2n9p   1m    28Mi   
websocket-server-8585946c55-ffktt   1m    27Mi   
1781201966
websocket-server-8585946c55-b2n9p   1m    28Mi   
websocket-server-8585946c55-ffktt   1m    27Mi   
1781201972
websocket-server-8585946c55-b2n9p   1m    28Mi   
websocket-server-8585946c55-ffktt   1m    27Mi   
1781201977
websocket-server-8585946c55-b2n9p   1m    28Mi   
websocket-server-8585946c55-ffktt   1m    27Mi   
1781201982
websocket-server-8585946c55-b2n9p   7m    30Mi   
websocket-server-8585946c55-ffktt   7m    29Mi   
1781201987
websocket-server-8585946c55-b2n9p   7m    30Mi   
websocket-server-8585946c55-ffktt   7m    29Mi   
1781201992
websocket-server-8585946c55-b2n9p   7m    30Mi   
websocket-server-8585946c55-ffktt   7m    29Mi   
1781201997
websocket-server-8585946c55-b2n9p   46m   34Mi   
websocket-server-8585946c55-ffktt   41m   32Mi   
1781202002
websocket-server-8585946c55-b2n9p   46m   34Mi   
websocket-server-8585946c55-ffktt   41m   32Mi   
1781202007
websocket-server-8585946c55-b2n9p   46m   34Mi   
websocket-server-8585946c55-ffktt   41m   32Mi   
1781202012
websocket-server-8585946c55-b2n9p   83m   37Mi   
websocket-server-8585946c55-ffktt   83m   37Mi   
1781202017
websocket-server-8585946c55-b2n9p   83m   37Mi   
websocket-server-8585946c55-ffktt   83m   37Mi   
1781202022
websocket-server-8585946c55-b2n9p   83m   37Mi   
websocket-server-8585946c55-ffktt   83m   37Mi   
1781202027
websocket-server-8585946c55-b2n9p   115m   40Mi   
websocket-server-8585946c55-ffktt   131m   42Mi   
1781202032
websocket-server-8585946c55-b2n9p   115m   40Mi   
websocket-server-8585946c55-ffktt   131m   42Mi   
1781202037
websocket-server-8585946c55-b2n9p   115m   40Mi   
websocket-server-8585946c55-ffktt   131m   42Mi   
1781202042
websocket-server-8585946c55-b2n9p   138m   44Mi   
websocket-server-8585946c55-ffktt   180m   46Mi   
websocket-server-8585946c55-zl9tf   30m    29Mi   
1781202047
websocket-server-8585946c55-b2n9p   138m   44Mi   
websocket-server-8585946c55-ffktt   180m   46Mi   
websocket-server-8585946c55-zl9tf   30m    29Mi   
1781202052
websocket-server-8585946c55-b2n9p   138m   44Mi   
websocket-server-8585946c55-ffktt   180m   46Mi   
websocket-server-8585946c55-zl9tf   30m    29Mi   
1781202057
websocket-server-8585946c55-7b55b   16m    28Mi   
websocket-server-8585946c55-b2n9p   160m   45Mi   
websocket-server-8585946c55-ffktt   200m   48Mi   
websocket-server-8585946c55-mqqnp   13m    29Mi   
websocket-server-8585946c55-zl9tf   39m    32Mi   
1781202062
websocket-server-8585946c55-7b55b   16m    28Mi   
websocket-server-8585946c55-b2n9p   160m   45Mi   
websocket-server-8585946c55-ffktt   200m   48Mi   
websocket-server-8585946c55-mqqnp   13m    29Mi   
websocket-server-8585946c55-zl9tf   39m    32Mi   
1781202068
websocket-server-8585946c55-7b55b   16m    28Mi   
websocket-server-8585946c55-b2n9p   160m   45Mi   
websocket-server-8585946c55-ffktt   200m   48Mi   
websocket-server-8585946c55-mqqnp   13m    29Mi   
websocket-server-8585946c55-zl9tf   39m    32Mi   
1781202073
websocket-server-8585946c55-7b55b   16m    28Mi   
websocket-server-8585946c55-b2n9p   168m   45Mi   
websocket-server-8585946c55-ffktt   201m   48Mi   
websocket-server-8585946c55-mqqnp   17m    28Mi   
websocket-server-8585946c55-zl9tf   44m    32Mi   
1781202078
websocket-server-8585946c55-7b55b   16m    28Mi   
websocket-server-8585946c55-b2n9p   168m   45Mi   
websocket-server-8585946c55-ffktt   201m   48Mi   
websocket-server-8585946c55-mqqnp   17m    28Mi   
websocket-server-8585946c55-zl9tf   44m    32Mi   
1781202083
websocket-server-8585946c55-7b55b   16m    28Mi   
websocket-server-8585946c55-b2n9p   168m   45Mi   
websocket-server-8585946c55-ffktt   201m   48Mi   
websocket-server-8585946c55-mqqnp   17m    28Mi   
websocket-server-8585946c55-zl9tf   44m    32Mi   
1781202088
websocket-server-8585946c55-7b55b   19m    29Mi   
websocket-server-8585946c55-b2n9p   169m   45Mi   
websocket-server-8585946c55-ffktt   186m   48Mi   
websocket-server-8585946c55-mqqnp   18m    29Mi   
websocket-server-8585946c55-q5mmx   20m    27Mi   
websocket-server-8585946c55-qltbk   1m     27Mi   
websocket-server-8585946c55-tcczv   1m     27Mi   
websocket-server-8585946c55-zl9tf   37m    31Mi   
1781202093
websocket-server-8585946c55-7b55b   19m    29Mi   
websocket-server-8585946c55-b2n9p   169m   45Mi   
websocket-server-8585946c55-ffktt   186m   48Mi   
websocket-server-8585946c55-mqqnp   18m    29Mi   
websocket-server-8585946c55-q5mmx   20m    27Mi   
websocket-server-8585946c55-qltbk   1m     27Mi   
websocket-server-8585946c55-tcczv   1m     27Mi   
websocket-server-8585946c55-zl9tf   37m    31Mi   
1781202098
websocket-server-8585946c55-7b55b   19m    29Mi   
websocket-server-8585946c55-b2n9p   169m   45Mi   
websocket-server-8585946c55-ffktt   186m   48Mi   
websocket-server-8585946c55-mqqnp   18m    29Mi   
websocket-server-8585946c55-q5mmx   20m    27Mi   
websocket-server-8585946c55-qltbk   1m     27Mi   
websocket-server-8585946c55-tcczv   1m     27Mi   
websocket-server-8585946c55-zl9tf   37m    31Mi   
1781202103
websocket-server-8585946c55-7b55b   13m    29Mi   
websocket-server-8585946c55-b2n9p   48m    45Mi   
websocket-server-8585946c55-ffktt   186m   48Mi   
websocket-server-8585946c55-mqqnp   7m     29Mi   
websocket-server-8585946c55-q5mmx   1m     27Mi   
websocket-server-8585946c55-qltbk   1m     27Mi   
websocket-server-8585946c55-tcczv   1m     27Mi   
websocket-server-8585946c55-zl9tf   2m     31Mi   
1781202108
websocket-server-8585946c55-7b55b   13m    29Mi   
websocket-server-8585946c55-b2n9p   48m    45Mi   
websocket-server-8585946c55-ffktt   186m   48Mi   
websocket-server-8585946c55-mqqnp   7m     29Mi   
websocket-server-8585946c55-q5mmx   1m     27Mi   
websocket-server-8585946c55-qltbk   1m     27Mi   
websocket-server-8585946c55-tcczv   1m     27Mi   
websocket-server-8585946c55-zl9tf   2m     31Mi   
1781202113
websocket-server-8585946c55-7b55b   13m    29Mi   
websocket-server-8585946c55-b2n9p   48m    45Mi   
websocket-server-8585946c55-ffktt   186m   48Mi   
websocket-server-8585946c55-mqqnp   7m     29Mi   
websocket-server-8585946c55-q5mmx   1m     27Mi   
websocket-server-8585946c55-qltbk   1m     27Mi   
websocket-server-8585946c55-tcczv   1m     27Mi   
websocket-server-8585946c55-zl9tf   2m     31Mi   
1781202118
websocket-server-8585946c55-7b55b   1m    29Mi   
websocket-server-8585946c55-b2n9p   5m    46Mi   
websocket-server-8585946c55-ffktt   5m    48Mi   
websocket-server-8585946c55-mqqnp   1m    28Mi   
websocket-server-8585946c55-q5mmx   1m    27Mi   
websocket-server-8585946c55-qltbk   1m    27Mi   
websocket-server-8585946c55-tcczv   1m    27Mi   
websocket-server-8585946c55-zl9tf   2m    32Mi   
1781202123
websocket-server-8585946c55-7b55b   1m    29Mi   
websocket-server-8585946c55-b2n9p   5m    46Mi   
websocket-server-8585946c55-ffktt   5m    48Mi   
websocket-server-8585946c55-mqqnp   1m    28Mi   
websocket-server-8585946c55-q5mmx   1m    27Mi   
websocket-server-8585946c55-qltbk   1m    27Mi   
websocket-server-8585946c55-tcczv   1m    27Mi   
websocket-server-8585946c55-zl9tf   2m    32Mi   
1781202128
websocket-server-8585946c55-7b55b   1m    29Mi   
websocket-server-8585946c55-b2n9p   5m    46Mi   
websocket-server-8585946c55-ffktt   5m    48Mi   
websocket-server-8585946c55-mqqnp   1m    28Mi   
websocket-server-8585946c55-q5mmx   1m    27Mi   
websocket-server-8585946c55-qltbk   1m    27Mi   
websocket-server-8585946c55-tcczv   1m    27Mi   
websocket-server-8585946c55-zl9tf   2m    32Mi   
1781202133
websocket-server-8585946c55-7b55b   1m    29Mi   
websocket-server-8585946c55-b2n9p   4m    45Mi   
websocket-server-8585946c55-ffktt   5m    48Mi   
websocket-server-8585946c55-mqqnp   1m    28Mi   
websocket-server-8585946c55-q5mmx   1m    27Mi   
websocket-server-8585946c55-qltbk   1m    27Mi   
websocket-server-8585946c55-tcczv   1m    27Mi   
websocket-server-8585946c55-zl9tf   2m    32Mi   
1781202138
websocket-server-8585946c55-7b55b   1m    29Mi   
websocket-server-8585946c55-b2n9p   4m    45Mi   
websocket-server-8585946c55-ffktt   5m    48Mi   
websocket-server-8585946c55-mqqnp   1m    28Mi   
websocket-server-8585946c55-q5mmx   1m    27Mi   
websocket-server-8585946c55-qltbk   1m    27Mi   
websocket-server-8585946c55-tcczv   1m    27Mi   
websocket-server-8585946c55-zl9tf   2m    32Mi   
1781202143
websocket-server-8585946c55-7b55b   1m    29Mi   
websocket-server-8585946c55-b2n9p   4m    45Mi   
websocket-server-8585946c55-ffktt   5m    48Mi   
websocket-server-8585946c55-mqqnp   1m    28Mi   
websocket-server-8585946c55-q5mmx   1m    27Mi   
websocket-server-8585946c55-qltbk   1m    27Mi   
websocket-server-8585946c55-tcczv   1m    27Mi   
websocket-server-8585946c55-zl9tf   2m    32Mi   
1781202148
websocket-server-8585946c55-7b55b   1m    29Mi   
websocket-server-8585946c55-b2n9p   5m    45Mi   
websocket-server-8585946c55-ffktt   5m    48Mi   
websocket-server-8585946c55-mqqnp   1m    28Mi   
websocket-server-8585946c55-q5mmx   1m    27Mi   
websocket-server-8585946c55-qltbk   1m    27Mi   
websocket-server-8585946c55-tcczv   1m    27Mi   
websocket-server-8585946c55-zl9tf   2m    32Mi   
1781202153
websocket-server-8585946c55-7b55b   1m    29Mi   
websocket-server-8585946c55-b2n9p   5m    45Mi   
websocket-server-8585946c55-ffktt   5m    48Mi   
websocket-server-8585946c55-mqqnp   1m    28Mi   
websocket-server-8585946c55-q5mmx   1m    27Mi   
websocket-server-8585946c55-qltbk   1m    27Mi   
websocket-server-8585946c55-tcczv   1m    27Mi   
websocket-server-8585946c55-zl9tf   2m    32Mi   
1781202158
websocket-server-8585946c55-7b55b   1m    29Mi   
websocket-server-8585946c55-b2n9p   5m    45Mi   
websocket-server-8585946c55-ffktt   5m    48Mi   
websocket-server-8585946c55-mqqnp   1m    28Mi   
websocket-server-8585946c55-q5mmx   1m    27Mi   
websocket-server-8585946c55-qltbk   1m    27Mi   
websocket-server-8585946c55-tcczv   1m    27Mi   
websocket-server-8585946c55-zl9tf   2m    32Mi   
1781202163
websocket-server-8585946c55-7b55b   1m    29Mi   
websocket-server-8585946c55-b2n9p   5m    46Mi   
websocket-server-8585946c55-ffktt   5m    48Mi   
websocket-server-8585946c55-mqqnp   1m    28Mi   
websocket-server-8585946c55-q5mmx   1m    27Mi   
websocket-server-8585946c55-qltbk   1m    27Mi   
websocket-server-8585946c55-tcczv   1m    27Mi   
websocket-server-8585946c55-zl9tf   2m    32Mi   
1781202168
websocket-server-8585946c55-7b55b   1m    29Mi   
websocket-server-8585946c55-b2n9p   5m    46Mi   
websocket-server-8585946c55-ffktt   5m    48Mi   
websocket-server-8585946c55-mqqnp   1m    28Mi   
websocket-server-8585946c55-q5mmx   1m    27Mi   
websocket-server-8585946c55-qltbk   1m    27Mi   
websocket-server-8585946c55-tcczv   1m    27Mi   
websocket-server-8585946c55-zl9tf   2m    32Mi   
1781202173
websocket-server-8585946c55-7b55b   1m    29Mi   
websocket-server-8585946c55-b2n9p   5m    46Mi   
websocket-server-8585946c55-ffktt   5m    48Mi   
websocket-server-8585946c55-mqqnp   1m    28Mi   
websocket-server-8585946c55-q5mmx   1m    27Mi   
websocket-server-8585946c55-qltbk   1m    27Mi   
websocket-server-8585946c55-tcczv   1m    27Mi   
websocket-server-8585946c55-zl9tf   2m    32Mi   
1781202179
websocket-server-8585946c55-7b55b   1m    29Mi   
websocket-server-8585946c55-b2n9p   5m    45Mi   
websocket-server-8585946c55-ffktt   5m    47Mi   
websocket-server-8585946c55-mqqnp   1m    28Mi   
websocket-server-8585946c55-q5mmx   1m    27Mi   
websocket-server-8585946c55-qltbk   1m    27Mi   
websocket-server-8585946c55-tcczv   1m    27Mi   
websocket-server-8585946c55-zl9tf   2m    32Mi   
1781202184
websocket-server-8585946c55-7b55b   1m    29Mi   
websocket-server-8585946c55-b2n9p   5m    45Mi   
websocket-server-8585946c55-ffktt   5m    47Mi   
websocket-server-8585946c55-mqqnp   1m    28Mi   
websocket-server-8585946c55-q5mmx   1m    27Mi   
websocket-server-8585946c55-qltbk   1m    27Mi   
websocket-server-8585946c55-tcczv   1m    27Mi   
websocket-server-8585946c55-zl9tf   2m    32Mi   
1781202189
websocket-server-8585946c55-7b55b   1m    29Mi   
websocket-server-8585946c55-b2n9p   5m    45Mi   
websocket-server-8585946c55-ffktt   5m    47Mi   
websocket-server-8585946c55-mqqnp   1m    28Mi   
websocket-server-8585946c55-tcczv   1m    27Mi   
1781202194
websocket-server-8585946c55-7b55b   1m    29Mi   
websocket-server-8585946c55-b2n9p   5m    45Mi   
websocket-server-8585946c55-ffktt   5m    48Mi   
websocket-server-8585946c55-mqqnp   1m    28Mi   
websocket-server-8585946c55-tcczv   1m    27Mi   
1781202199
websocket-server-8585946c55-7b55b   1m    29Mi   
websocket-server-8585946c55-b2n9p   5m    45Mi   
websocket-server-8585946c55-ffktt   5m    48Mi   
websocket-server-8585946c55-mqqnp   1m    28Mi   
websocket-server-8585946c55-tcczv   1m    27Mi   
1781202204
websocket-server-8585946c55-7b55b   1m    29Mi   
websocket-server-8585946c55-b2n9p   5m    45Mi   
websocket-server-8585946c55-ffktt   5m    48Mi   
websocket-server-8585946c55-mqqnp   1m    28Mi   
1781202209
websocket-server-8585946c55-7b55b   1m    29Mi   
websocket-server-8585946c55-b2n9p   4m    45Mi   
websocket-server-8585946c55-ffktt   5m    48Mi   
websocket-server-8585946c55-mqqnp   1m    28Mi   
1781202214
websocket-server-8585946c55-7b55b   1m    29Mi   
websocket-server-8585946c55-b2n9p   4m    45Mi   
websocket-server-8585946c55-ffktt   5m    48Mi   
websocket-server-8585946c55-mqqnp   1m    28Mi   
1781202219
websocket-server-8585946c55-7b55b   1m    29Mi   
websocket-server-8585946c55-b2n9p   4m    45Mi   
websocket-server-8585946c55-ffktt   5m    48Mi   
websocket-server-8585946c55-mqqnp   1m    28Mi   
1781202224
websocket-server-8585946c55-7b55b   1m    29Mi   
websocket-server-8585946c55-b2n9p   5m    45Mi   
websocket-server-8585946c55-ffktt   5m    48Mi   
websocket-server-8585946c55-mqqnp   1m    29Mi   
1781202229
websocket-server-8585946c55-7b55b   1m    29Mi   
websocket-server-8585946c55-b2n9p   5m    45Mi   
websocket-server-8585946c55-ffktt   5m    48Mi   
websocket-server-8585946c55-mqqnp   1m    29Mi   
1781202234
websocket-server-8585946c55-7b55b   1m    29Mi   
websocket-server-8585946c55-b2n9p   5m    45Mi   
websocket-server-8585946c55-ffktt   5m    48Mi   
websocket-server-8585946c55-mqqnp   1m    29Mi   
1781202239
websocket-server-8585946c55-7b55b   1m    29Mi   
websocket-server-8585946c55-b2n9p   5m    46Mi   
websocket-server-8585946c55-ffktt   5m    48Mi   
websocket-server-8585946c55-mqqnp   1m    29Mi   
1781202244
websocket-server-8585946c55-7b55b   1m    29Mi   
websocket-server-8585946c55-b2n9p   5m    46Mi   
websocket-server-8585946c55-ffktt   5m    48Mi   
websocket-server-8585946c55-mqqnp   1m    29Mi   
1781202249
websocket-server-8585946c55-b2n9p   5m    46Mi   
websocket-server-8585946c55-ffktt   5m    48Mi   
1781202254
websocket-server-8585946c55-b2n9p   5m    45Mi   
websocket-server-8585946c55-ffktt   5m    48Mi   
1781202259
websocket-server-8585946c55-b2n9p   5m    45Mi   
websocket-server-8585946c55-ffktt   5m    48Mi   
1781202264
websocket-server-8585946c55-b2n9p   5m    45Mi   
websocket-server-8585946c55-ffktt   5m    48Mi   
1781202269
websocket-server-8585946c55-b2n9p   4m    45Mi   
websocket-server-8585946c55-ffktt   5m    48Mi   
1781202274
websocket-server-8585946c55-b2n9p   4m    45Mi   
websocket-server-8585946c55-ffktt   5m    48Mi   
