1781213543
websocket-server-8585946c55-b7ctv   0m    27Mi   
websocket-server-8585946c55-kpmlc   1m    27Mi   
1781213548
websocket-server-8585946c55-b7ctv   1m    27Mi   
websocket-server-8585946c55-kpmlc   1m    27Mi   
1781213553
websocket-server-8585946c55-b7ctv   1m    27Mi   
websocket-server-8585946c55-kpmlc   1m    27Mi   
1781213558
websocket-server-8585946c55-b7ctv   1m    27Mi   
websocket-server-8585946c55-kpmlc   1m    27Mi   
1781213563
websocket-server-8585946c55-b7ctv   1m    27Mi   
websocket-server-8585946c55-kpmlc   1m    27Mi   
1781213568
websocket-server-8585946c55-b7ctv   1m    27Mi   
websocket-server-8585946c55-kpmlc   1m    27Mi   
1781213573
websocket-server-8585946c55-b7ctv   1m    27Mi   
websocket-server-8585946c55-kpmlc   1m    27Mi   
1781213578
websocket-server-8585946c55-b7ctv   12m   30Mi   
websocket-server-8585946c55-kpmlc   17m   30Mi   
1781213583
websocket-server-8585946c55-b7ctv   12m   30Mi   
websocket-server-8585946c55-kpmlc   17m   30Mi   
1781213588
websocket-server-8585946c55-b7ctv   12m   30Mi   
websocket-server-8585946c55-kpmlc   17m   30Mi   
1781213593
websocket-server-8585946c55-b7ctv   57m   34Mi   
websocket-server-8585946c55-kpmlc   48m   33Mi   
1781213598
websocket-server-8585946c55-b7ctv   57m   34Mi   
websocket-server-8585946c55-kpmlc   48m   33Mi   
1781213603
websocket-server-8585946c55-b7ctv   57m   34Mi   
websocket-server-8585946c55-kpmlc   48m   33Mi   
1781213608
websocket-server-8585946c55-b7ctv   85m   37Mi   
websocket-server-8585946c55-kpmlc   87m   38Mi   
1781213613
websocket-server-8585946c55-b7ctv   85m   37Mi   
websocket-server-8585946c55-kpmlc   87m   38Mi   
1781213619
websocket-server-8585946c55-b7ctv   85m   37Mi   
websocket-server-8585946c55-kpmlc   87m   38Mi   
1781213624
websocket-server-8585946c55-b7ctv   108m   40Mi   
websocket-server-8585946c55-kpmlc   128m   42Mi   
1781213629
websocket-server-8585946c55-b7ctv   108m   40Mi   
websocket-server-8585946c55-kpmlc   128m   42Mi   
1781213634
websocket-server-8585946c55-b7ctv   108m   40Mi   
websocket-server-8585946c55-kpmlc   128m   42Mi   
1781213639
websocket-server-8585946c55-b7ctv   140m   44Mi   
websocket-server-8585946c55-kpmlc   155m   45Mi   
websocket-server-8585946c55-qhqf4   21m    29Mi   
1781213644
websocket-server-8585946c55-b7ctv   140m   44Mi   
websocket-server-8585946c55-kpmlc   155m   45Mi   
websocket-server-8585946c55-qhqf4   21m    29Mi   
1781213649
websocket-server-8585946c55-b7ctv   140m   44Mi   
websocket-server-8585946c55-kpmlc   155m   45Mi   
websocket-server-8585946c55-qhqf4   21m    29Mi   
1781213654
websocket-server-8585946c55-82s59   27m    29Mi   
websocket-server-8585946c55-b7ctv   164m   46Mi   
websocket-server-8585946c55-kpmlc   177m   47Mi   
websocket-server-8585946c55-qhqf4   37m    31Mi   
1781213659
websocket-server-8585946c55-82s59   27m    29Mi   
websocket-server-8585946c55-b7ctv   164m   46Mi   
websocket-server-8585946c55-kpmlc   177m   47Mi   
websocket-server-8585946c55-qhqf4   37m    31Mi   
1781213664
websocket-server-8585946c55-82s59   27m    29Mi   
websocket-server-8585946c55-b7ctv   164m   46Mi   
websocket-server-8585946c55-kpmlc   177m   47Mi   
websocket-server-8585946c55-qhqf4   37m    31Mi   
1781213669
websocket-server-8585946c55-82s59   19m    29Mi   
websocket-server-8585946c55-8blwk   27m    28Mi   
websocket-server-8585946c55-b7ctv   178m   47Mi   
websocket-server-8585946c55-kpmlc   182m   47Mi   
websocket-server-8585946c55-qhqf4   46m    32Mi   
websocket-server-8585946c55-w6pk2   4m     28Mi   
1781213674
websocket-server-8585946c55-82s59   19m    29Mi   
websocket-server-8585946c55-8blwk   27m    28Mi   
websocket-server-8585946c55-b7ctv   178m   47Mi   
websocket-server-8585946c55-kpmlc   182m   47Mi   
websocket-server-8585946c55-qhqf4   46m    32Mi   
websocket-server-8585946c55-w6pk2   4m     28Mi   
1781213679
websocket-server-8585946c55-82s59   19m    29Mi   
websocket-server-8585946c55-8blwk   27m    28Mi   
websocket-server-8585946c55-b7ctv   178m   47Mi   
websocket-server-8585946c55-kpmlc   182m   47Mi   
websocket-server-8585946c55-qhqf4   46m    32Mi   
websocket-server-8585946c55-w6pk2   4m     28Mi   
1781213684
websocket-server-8585946c55-82s59   20m    29Mi   
websocket-server-8585946c55-8blwk   3m     28Mi   
websocket-server-8585946c55-b7ctv   178m   47Mi   
websocket-server-8585946c55-kpmlc   182m   47Mi   
websocket-server-8585946c55-qhqf4   46m    32Mi   
websocket-server-8585946c55-w6pk2   4m     28Mi   
1781213689
websocket-server-8585946c55-82s59   20m    29Mi   
websocket-server-8585946c55-8blwk   3m     28Mi   
websocket-server-8585946c55-b7ctv   178m   47Mi   
websocket-server-8585946c55-kpmlc   182m   47Mi   
websocket-server-8585946c55-qhqf4   46m    32Mi   
websocket-server-8585946c55-w6pk2   4m     28Mi   
1781213694
websocket-server-8585946c55-82s59   20m    29Mi   
websocket-server-8585946c55-8blwk   3m     28Mi   
websocket-server-8585946c55-b7ctv   178m   47Mi   
websocket-server-8585946c55-kpmlc   182m   47Mi   
websocket-server-8585946c55-qhqf4   46m    32Mi   
websocket-server-8585946c55-w6pk2   4m     28Mi   
1781213699
websocket-server-8585946c55-82s59   2m     29Mi   
websocket-server-8585946c55-8blwk   3m     28Mi   
websocket-server-8585946c55-b7ctv   158m   46Mi   
websocket-server-8585946c55-hdbdv   17m    27Mi   
websocket-server-8585946c55-kpmlc   26m    47Mi   
websocket-server-8585946c55-lt45h   1m     27Mi   
websocket-server-8585946c55-qhqf4   17m    32Mi   
websocket-server-8585946c55-w6pk2   1m     28Mi   
1781213704
websocket-server-8585946c55-82s59   2m     29Mi   
websocket-server-8585946c55-8blwk   3m     28Mi   
websocket-server-8585946c55-b7ctv   158m   46Mi   
websocket-server-8585946c55-hdbdv   17m    27Mi   
websocket-server-8585946c55-kpmlc   26m    47Mi   
websocket-server-8585946c55-lt45h   1m     27Mi   
websocket-server-8585946c55-qhqf4   17m    32Mi   
websocket-server-8585946c55-w6pk2   1m     28Mi   
1781213709
websocket-server-8585946c55-82s59   2m     29Mi   
websocket-server-8585946c55-8blwk   3m     28Mi   
websocket-server-8585946c55-b7ctv   158m   46Mi   
websocket-server-8585946c55-hdbdv   17m    27Mi   
websocket-server-8585946c55-kpmlc   26m    47Mi   
websocket-server-8585946c55-lt45h   1m     27Mi   
websocket-server-8585946c55-qhqf4   17m    32Mi   
websocket-server-8585946c55-w6pk2   1m     28Mi   
1781213714
websocket-server-8585946c55-82s59   1m    29Mi   
websocket-server-8585946c55-8blwk   1m    28Mi   
websocket-server-8585946c55-b7ctv   5m    46Mi   
websocket-server-8585946c55-hdbdv   1m    27Mi   
websocket-server-8585946c55-kpmlc   5m    47Mi   
websocket-server-8585946c55-lt45h   1m    27Mi   
websocket-server-8585946c55-qhqf4   2m    32Mi   
websocket-server-8585946c55-w6pk2   1m    28Mi   
1781213719
websocket-server-8585946c55-82s59   1m    29Mi   
websocket-server-8585946c55-8blwk   1m    28Mi   
websocket-server-8585946c55-b7ctv   5m    46Mi   
websocket-server-8585946c55-hdbdv   1m    27Mi   
websocket-server-8585946c55-kpmlc   5m    47Mi   
websocket-server-8585946c55-lt45h   1m    27Mi   
websocket-server-8585946c55-qhqf4   2m    32Mi   
websocket-server-8585946c55-w6pk2   1m    28Mi   
1781213725
websocket-server-8585946c55-82s59   1m    29Mi   
websocket-server-8585946c55-8blwk   1m    28Mi   
websocket-server-8585946c55-b7ctv   5m    46Mi   
websocket-server-8585946c55-hdbdv   1m    27Mi   
websocket-server-8585946c55-kpmlc   5m    47Mi   
websocket-server-8585946c55-lt45h   1m    27Mi   
websocket-server-8585946c55-qhqf4   2m    32Mi   
websocket-server-8585946c55-w6pk2   1m    28Mi   
1781213730
websocket-server-8585946c55-82s59   1m    29Mi   
websocket-server-8585946c55-8blwk   1m    28Mi   
websocket-server-8585946c55-b7ctv   5m    46Mi   
websocket-server-8585946c55-hdbdv   1m    27Mi   
websocket-server-8585946c55-kpmlc   5m    47Mi   
websocket-server-8585946c55-lt45h   1m    27Mi   
websocket-server-8585946c55-qhqf4   1m    32Mi   
websocket-server-8585946c55-w6pk2   1m    28Mi   
1781213735
websocket-server-8585946c55-82s59   1m    29Mi   
websocket-server-8585946c55-8blwk   1m    28Mi   
websocket-server-8585946c55-b7ctv   5m    46Mi   
websocket-server-8585946c55-hdbdv   1m    27Mi   
websocket-server-8585946c55-kpmlc   5m    47Mi   
websocket-server-8585946c55-lt45h   1m    27Mi   
websocket-server-8585946c55-qhqf4   1m    32Mi   
websocket-server-8585946c55-w6pk2   1m    28Mi   
1781213740
websocket-server-8585946c55-82s59   1m    29Mi   
websocket-server-8585946c55-8blwk   1m    28Mi   
websocket-server-8585946c55-b7ctv   5m    46Mi   
websocket-server-8585946c55-hdbdv   1m    27Mi   
websocket-server-8585946c55-kpmlc   5m    47Mi   
websocket-server-8585946c55-lt45h   1m    27Mi   
websocket-server-8585946c55-qhqf4   1m    32Mi   
websocket-server-8585946c55-w6pk2   1m    28Mi   
1781213745
websocket-server-8585946c55-82s59   1m    29Mi   
websocket-server-8585946c55-8blwk   1m    28Mi   
websocket-server-8585946c55-b7ctv   5m    46Mi   
websocket-server-8585946c55-hdbdv   1m    27Mi   
websocket-server-8585946c55-kpmlc   5m    47Mi   
websocket-server-8585946c55-lt45h   1m    27Mi   
websocket-server-8585946c55-qhqf4   2m    32Mi   
websocket-server-8585946c55-w6pk2   1m    28Mi   
1781213750
websocket-server-8585946c55-82s59   1m    29Mi   
websocket-server-8585946c55-8blwk   1m    28Mi   
websocket-server-8585946c55-b7ctv   5m    46Mi   
websocket-server-8585946c55-hdbdv   1m    27Mi   
websocket-server-8585946c55-kpmlc   5m    47Mi   
websocket-server-8585946c55-lt45h   1m    27Mi   
websocket-server-8585946c55-qhqf4   2m    32Mi   
websocket-server-8585946c55-w6pk2   1m    28Mi   
1781213755
websocket-server-8585946c55-82s59   1m    29Mi   
websocket-server-8585946c55-8blwk   1m    28Mi   
websocket-server-8585946c55-b7ctv   5m    46Mi   
websocket-server-8585946c55-hdbdv   1m    27Mi   
websocket-server-8585946c55-kpmlc   5m    47Mi   
websocket-server-8585946c55-lt45h   1m    27Mi   
websocket-server-8585946c55-qhqf4   2m    32Mi   
websocket-server-8585946c55-w6pk2   1m    28Mi   
1781213760
websocket-server-8585946c55-82s59   1m    29Mi   
websocket-server-8585946c55-8blwk   1m    28Mi   
websocket-server-8585946c55-b7ctv   5m    47Mi   
websocket-server-8585946c55-hdbdv   1m    27Mi   
websocket-server-8585946c55-kpmlc   5m    47Mi   
websocket-server-8585946c55-lt45h   1m    27Mi   
websocket-server-8585946c55-qhqf4   2m    32Mi   
websocket-server-8585946c55-w6pk2   1m    28Mi   
1781213765
websocket-server-8585946c55-82s59   1m    29Mi   
websocket-server-8585946c55-8blwk   1m    28Mi   
websocket-server-8585946c55-b7ctv   5m    47Mi   
websocket-server-8585946c55-hdbdv   1m    27Mi   
websocket-server-8585946c55-kpmlc   5m    47Mi   
websocket-server-8585946c55-lt45h   1m    27Mi   
websocket-server-8585946c55-qhqf4   2m    32Mi   
websocket-server-8585946c55-w6pk2   1m    28Mi   
1781213770
websocket-server-8585946c55-82s59   1m    29Mi   
websocket-server-8585946c55-8blwk   1m    28Mi   
websocket-server-8585946c55-b7ctv   5m    47Mi   
websocket-server-8585946c55-hdbdv   1m    27Mi   
websocket-server-8585946c55-kpmlc   5m    47Mi   
websocket-server-8585946c55-lt45h   1m    27Mi   
websocket-server-8585946c55-qhqf4   2m    32Mi   
websocket-server-8585946c55-w6pk2   1m    28Mi   
1781213775
websocket-server-8585946c55-82s59   1m    29Mi   
websocket-server-8585946c55-8blwk   1m    28Mi   
websocket-server-8585946c55-b7ctv   5m    46Mi   
websocket-server-8585946c55-hdbdv   0m    27Mi   
websocket-server-8585946c55-kpmlc   5m    47Mi   
websocket-server-8585946c55-lt45h   1m    27Mi   
websocket-server-8585946c55-qhqf4   2m    32Mi   
websocket-server-8585946c55-w6pk2   1m    28Mi   
1781213780
websocket-server-8585946c55-82s59   1m    29Mi   
websocket-server-8585946c55-8blwk   1m    28Mi   
websocket-server-8585946c55-b7ctv   5m    46Mi   
websocket-server-8585946c55-hdbdv   0m    27Mi   
websocket-server-8585946c55-kpmlc   5m    47Mi   
websocket-server-8585946c55-lt45h   1m    27Mi   
websocket-server-8585946c55-qhqf4   2m    32Mi   
websocket-server-8585946c55-w6pk2   1m    28Mi   
1781213785
websocket-server-8585946c55-82s59   1m    29Mi   
websocket-server-8585946c55-8blwk   1m    28Mi   
websocket-server-8585946c55-b7ctv   5m    46Mi   
websocket-server-8585946c55-hdbdv   0m    27Mi   
websocket-server-8585946c55-kpmlc   5m    47Mi   
websocket-server-8585946c55-lt45h   1m    27Mi   
websocket-server-8585946c55-qhqf4   2m    32Mi   
websocket-server-8585946c55-w6pk2   1m    28Mi   
1781213790
websocket-server-8585946c55-82s59   1m    29Mi   
websocket-server-8585946c55-8blwk   1m    28Mi   
websocket-server-8585946c55-b7ctv   5m    46Mi   
websocket-server-8585946c55-hdbdv   1m    27Mi   
websocket-server-8585946c55-kpmlc   5m    47Mi   
websocket-server-8585946c55-lt45h   1m    27Mi   
websocket-server-8585946c55-qhqf4   2m    32Mi   
websocket-server-8585946c55-w6pk2   1m    28Mi   
1781213795
websocket-server-8585946c55-82s59   1m    29Mi   
websocket-server-8585946c55-8blwk   1m    28Mi   
websocket-server-8585946c55-b7ctv   5m    46Mi   
websocket-server-8585946c55-hdbdv   1m    27Mi   
websocket-server-8585946c55-kpmlc   5m    47Mi   
websocket-server-8585946c55-lt45h   1m    27Mi   
websocket-server-8585946c55-qhqf4   2m    32Mi   
websocket-server-8585946c55-w6pk2   1m    28Mi   
1781213800
websocket-server-8585946c55-82s59   1m    29Mi   
websocket-server-8585946c55-8blwk   1m    28Mi   
websocket-server-8585946c55-b7ctv   5m    46Mi   
websocket-server-8585946c55-hdbdv   1m    27Mi   
websocket-server-8585946c55-kpmlc   5m    47Mi   
websocket-server-8585946c55-lt45h   1m    27Mi   
websocket-server-8585946c55-qhqf4   2m    32Mi   
websocket-server-8585946c55-w6pk2   1m    28Mi   
1781213805
websocket-server-8585946c55-82s59   1m    29Mi   
websocket-server-8585946c55-8blwk   1m    28Mi   
websocket-server-8585946c55-b7ctv   5m    46Mi   
websocket-server-8585946c55-hdbdv   1m    27Mi   
websocket-server-8585946c55-kpmlc   5m    47Mi   
websocket-server-8585946c55-lt45h   1m    27Mi   
websocket-server-8585946c55-qhqf4   2m    32Mi   
websocket-server-8585946c55-w6pk2   1m    28Mi   
1781213810
websocket-server-8585946c55-82s59   1m    29Mi   
websocket-server-8585946c55-8blwk   1m    28Mi   
websocket-server-8585946c55-b7ctv   5m    46Mi   
websocket-server-8585946c55-hdbdv   1m    27Mi   
websocket-server-8585946c55-kpmlc   5m    47Mi   
websocket-server-8585946c55-lt45h   1m    27Mi   
websocket-server-8585946c55-qhqf4   2m    32Mi   
websocket-server-8585946c55-w6pk2   1m    28Mi   
1781213815
websocket-server-8585946c55-82s59   1m    29Mi   
websocket-server-8585946c55-8blwk   1m    28Mi   
websocket-server-8585946c55-b7ctv   5m    46Mi   
websocket-server-8585946c55-hdbdv   1m    27Mi   
websocket-server-8585946c55-kpmlc   5m    47Mi   
websocket-server-8585946c55-lt45h   1m    27Mi   
websocket-server-8585946c55-qhqf4   2m    32Mi   
websocket-server-8585946c55-w6pk2   1m    28Mi   
1781213820
websocket-server-8585946c55-82s59   1m    29Mi   
websocket-server-8585946c55-8blwk   1m    28Mi   
websocket-server-8585946c55-b7ctv   5m    46Mi   
websocket-server-8585946c55-hdbdv   1m    27Mi   
websocket-server-8585946c55-kpmlc   5m    47Mi   
websocket-server-8585946c55-lt45h   1m    27Mi   
websocket-server-8585946c55-qhqf4   2m    32Mi   
websocket-server-8585946c55-w6pk2   1m    28Mi   
1781213825
websocket-server-8585946c55-82s59   1m    29Mi   
websocket-server-8585946c55-8blwk   1m    28Mi   
websocket-server-8585946c55-b7ctv   5m    46Mi   
websocket-server-8585946c55-hdbdv   1m    27Mi   
websocket-server-8585946c55-kpmlc   5m    47Mi   
websocket-server-8585946c55-lt45h   1m    27Mi   
websocket-server-8585946c55-qhqf4   2m    32Mi   
websocket-server-8585946c55-w6pk2   1m    28Mi   
1781213830
websocket-server-8585946c55-82s59   1m    29Mi   
websocket-server-8585946c55-8blwk   1m    28Mi   
websocket-server-8585946c55-b7ctv   5m    46Mi   
websocket-server-8585946c55-hdbdv   1m    27Mi   
websocket-server-8585946c55-kpmlc   5m    47Mi   
websocket-server-8585946c55-lt45h   1m    27Mi   
websocket-server-8585946c55-qhqf4   2m    32Mi   
websocket-server-8585946c55-w6pk2   1m    28Mi   
1781213835
websocket-server-8585946c55-82s59   1m    29Mi   
websocket-server-8585946c55-8blwk   1m    28Mi   
websocket-server-8585946c55-b7ctv   5m    46Mi   
websocket-server-8585946c55-hdbdv   1m    27Mi   
websocket-server-8585946c55-kpmlc   5m    47Mi   
websocket-server-8585946c55-lt45h   1m    27Mi   
websocket-server-8585946c55-qhqf4   2m    32Mi   
websocket-server-8585946c55-w6pk2   1m    28Mi   
1781213840
websocket-server-8585946c55-82s59   1m    29Mi   
websocket-server-8585946c55-8blwk   1m    28Mi   
websocket-server-8585946c55-b7ctv   5m    46Mi   
websocket-server-8585946c55-hdbdv   1m    27Mi   
websocket-server-8585946c55-kpmlc   5m    47Mi   
websocket-server-8585946c55-lt45h   1m    27Mi   
websocket-server-8585946c55-qhqf4   2m    32Mi   
websocket-server-8585946c55-w6pk2   1m    28Mi   
1781213846
websocket-server-8585946c55-82s59   1m    29Mi   
websocket-server-8585946c55-8blwk   1m    28Mi   
websocket-server-8585946c55-b7ctv   5m    46Mi   
websocket-server-8585946c55-hdbdv   1m    27Mi   
websocket-server-8585946c55-kpmlc   5m    47Mi   
websocket-server-8585946c55-lt45h   1m    27Mi   
websocket-server-8585946c55-qhqf4   2m    32Mi   
websocket-server-8585946c55-w6pk2   1m    28Mi   
1781213851
websocket-server-8585946c55-82s59   1m    29Mi   
websocket-server-8585946c55-8blwk   1m    28Mi   
websocket-server-8585946c55-b7ctv   5m    47Mi   
websocket-server-8585946c55-hdbdv   1m    27Mi   
websocket-server-8585946c55-kpmlc   5m    47Mi   
websocket-server-8585946c55-lt45h   1m    27Mi   
websocket-server-8585946c55-qhqf4   2m    32Mi   
websocket-server-8585946c55-w6pk2   1m    28Mi   
1781213856
websocket-server-8585946c55-82s59   1m    29Mi   
websocket-server-8585946c55-8blwk   1m    28Mi   
websocket-server-8585946c55-b7ctv   5m    47Mi   
websocket-server-8585946c55-hdbdv   1m    27Mi   
websocket-server-8585946c55-kpmlc   5m    47Mi   
websocket-server-8585946c55-lt45h   1m    27Mi   
websocket-server-8585946c55-qhqf4   2m    32Mi   
websocket-server-8585946c55-w6pk2   1m    28Mi   
1781213861
websocket-server-8585946c55-82s59   1m    29Mi   
websocket-server-8585946c55-8blwk   1m    28Mi   
websocket-server-8585946c55-b7ctv   5m    47Mi   
websocket-server-8585946c55-hdbdv   1m    27Mi   
websocket-server-8585946c55-kpmlc   5m    47Mi   
websocket-server-8585946c55-lt45h   1m    27Mi   
websocket-server-8585946c55-qhqf4   2m    32Mi   
websocket-server-8585946c55-w6pk2   1m    28Mi   
1781213866
websocket-server-8585946c55-82s59   1m    29Mi   
websocket-server-8585946c55-8blwk   1m    28Mi   
websocket-server-8585946c55-b7ctv   5m    47Mi   
websocket-server-8585946c55-hdbdv   1m    27Mi   
websocket-server-8585946c55-kpmlc   5m    47Mi   
websocket-server-8585946c55-lt45h   1m    27Mi   
websocket-server-8585946c55-qhqf4   2m    32Mi   
websocket-server-8585946c55-w6pk2   1m    28Mi   
1781213871
websocket-server-8585946c55-82s59   1m    29Mi   
websocket-server-8585946c55-8blwk   1m    28Mi   
websocket-server-8585946c55-b7ctv   5m    47Mi   
websocket-server-8585946c55-hdbdv   1m    27Mi   
websocket-server-8585946c55-kpmlc   5m    47Mi   
websocket-server-8585946c55-lt45h   1m    27Mi   
websocket-server-8585946c55-qhqf4   2m    32Mi   
websocket-server-8585946c55-w6pk2   1m    28Mi   
1781213876
websocket-server-8585946c55-82s59   1m    29Mi   
websocket-server-8585946c55-8blwk   1m    28Mi   
websocket-server-8585946c55-b7ctv   5m    47Mi   
websocket-server-8585946c55-hdbdv   1m    27Mi   
websocket-server-8585946c55-kpmlc   5m    47Mi   
websocket-server-8585946c55-lt45h   1m    27Mi   
websocket-server-8585946c55-qhqf4   2m    32Mi   
websocket-server-8585946c55-w6pk2   1m    28Mi   
1781213881
websocket-server-8585946c55-82s59   1m    29Mi   
websocket-server-8585946c55-8blwk   1m    28Mi   
websocket-server-8585946c55-b7ctv   5m    47Mi   
websocket-server-8585946c55-hdbdv   1m    27Mi   
websocket-server-8585946c55-kpmlc   5m    47Mi   
websocket-server-8585946c55-lt45h   0m    27Mi   
websocket-server-8585946c55-qhqf4   2m    32Mi   
websocket-server-8585946c55-w6pk2   1m    28Mi   
1781213886
websocket-server-8585946c55-82s59   1m    29Mi   
websocket-server-8585946c55-8blwk   1m    28Mi   
websocket-server-8585946c55-b7ctv   5m    47Mi   
websocket-server-8585946c55-hdbdv   1m    27Mi   
websocket-server-8585946c55-kpmlc   5m    47Mi   
websocket-server-8585946c55-lt45h   0m    27Mi   
websocket-server-8585946c55-qhqf4   2m    32Mi   
websocket-server-8585946c55-w6pk2   1m    28Mi   
1781213891
websocket-server-8585946c55-82s59   1m    29Mi   
websocket-server-8585946c55-8blwk   1m    28Mi   
websocket-server-8585946c55-b7ctv   5m    47Mi   
websocket-server-8585946c55-hdbdv   1m    27Mi   
websocket-server-8585946c55-kpmlc   5m    47Mi   
websocket-server-8585946c55-lt45h   0m    27Mi   
websocket-server-8585946c55-qhqf4   2m    32Mi   
websocket-server-8585946c55-w6pk2   1m    28Mi   
1781213896
websocket-server-8585946c55-82s59   1m    29Mi   
websocket-server-8585946c55-8blwk   1m    28Mi   
websocket-server-8585946c55-b7ctv   5m    47Mi   
websocket-server-8585946c55-hdbdv   1m    27Mi   
websocket-server-8585946c55-kpmlc   5m    47Mi   
websocket-server-8585946c55-lt45h   0m    27Mi   
websocket-server-8585946c55-qhqf4   2m    32Mi   
websocket-server-8585946c55-w6pk2   1m    28Mi   
1781213901
websocket-server-8585946c55-82s59   1m    29Mi   
websocket-server-8585946c55-8blwk   1m    28Mi   
websocket-server-8585946c55-b7ctv   5m    47Mi   
websocket-server-8585946c55-hdbdv   1m    27Mi   
websocket-server-8585946c55-kpmlc   5m    47Mi   
websocket-server-8585946c55-lt45h   0m    27Mi   
websocket-server-8585946c55-qhqf4   2m    32Mi   
websocket-server-8585946c55-w6pk2   1m    28Mi   
1781213906
websocket-server-8585946c55-82s59   1m    29Mi   
websocket-server-8585946c55-8blwk   1m    28Mi   
websocket-server-8585946c55-b7ctv   5m    47Mi   
websocket-server-8585946c55-hdbdv   1m    27Mi   
websocket-server-8585946c55-kpmlc   5m    47Mi   
websocket-server-8585946c55-lt45h   0m    27Mi   
websocket-server-8585946c55-qhqf4   2m    32Mi   
websocket-server-8585946c55-w6pk2   1m    28Mi   
1781213911
websocket-server-8585946c55-82s59   1m    29Mi   
websocket-server-8585946c55-8blwk   1m    28Mi   
websocket-server-8585946c55-b7ctv   5m    47Mi   
websocket-server-8585946c55-hdbdv   1m    27Mi   
websocket-server-8585946c55-kpmlc   5m    47Mi   
websocket-server-8585946c55-lt45h   1m    27Mi   
websocket-server-8585946c55-qhqf4   2m    32Mi   
websocket-server-8585946c55-w6pk2   1m    28Mi   
1781213916
websocket-server-8585946c55-82s59   1m    29Mi   
websocket-server-8585946c55-8blwk   1m    28Mi   
websocket-server-8585946c55-b7ctv   5m    47Mi   
websocket-server-8585946c55-hdbdv   1m    27Mi   
websocket-server-8585946c55-kpmlc   5m    47Mi   
websocket-server-8585946c55-lt45h   1m    27Mi   
websocket-server-8585946c55-qhqf4   2m    32Mi   
websocket-server-8585946c55-w6pk2   1m    28Mi   
1781213921
websocket-server-8585946c55-82s59   1m    29Mi   
websocket-server-8585946c55-8blwk   1m    28Mi   
websocket-server-8585946c55-b7ctv   5m    47Mi   
websocket-server-8585946c55-hdbdv   1m    27Mi   
websocket-server-8585946c55-kpmlc   5m    47Mi   
websocket-server-8585946c55-lt45h   1m    27Mi   
websocket-server-8585946c55-qhqf4   2m    32Mi   
websocket-server-8585946c55-w6pk2   1m    28Mi   
1781213926
websocket-server-8585946c55-82s59   1m    29Mi   
websocket-server-8585946c55-8blwk   1m    28Mi   
websocket-server-8585946c55-b7ctv   5m    46Mi   
websocket-server-8585946c55-hdbdv   1m    27Mi   
websocket-server-8585946c55-kpmlc   5m    47Mi   
websocket-server-8585946c55-lt45h   1m    27Mi   
websocket-server-8585946c55-qhqf4   2m    32Mi   
websocket-server-8585946c55-w6pk2   1m    28Mi   
1781213931
websocket-server-8585946c55-82s59   1m    29Mi   
websocket-server-8585946c55-8blwk   1m    28Mi   
websocket-server-8585946c55-b7ctv   5m    46Mi   
websocket-server-8585946c55-hdbdv   1m    27Mi   
websocket-server-8585946c55-kpmlc   5m    47Mi   
websocket-server-8585946c55-lt45h   1m    27Mi   
websocket-server-8585946c55-qhqf4   2m    32Mi   
websocket-server-8585946c55-w6pk2   1m    28Mi   
1781213936
websocket-server-8585946c55-82s59   1m    29Mi   
websocket-server-8585946c55-8blwk   1m    28Mi   
websocket-server-8585946c55-b7ctv   5m    46Mi   
websocket-server-8585946c55-hdbdv   1m    27Mi   
websocket-server-8585946c55-kpmlc   5m    47Mi   
websocket-server-8585946c55-lt45h   1m    27Mi   
websocket-server-8585946c55-qhqf4   2m    32Mi   
websocket-server-8585946c55-w6pk2   1m    28Mi   
1781213941
websocket-server-8585946c55-82s59   1m    29Mi   
websocket-server-8585946c55-8blwk   1m    28Mi   
websocket-server-8585946c55-b7ctv   5m    46Mi   
websocket-server-8585946c55-hdbdv   1m    27Mi   
websocket-server-8585946c55-kpmlc   5m    47Mi   
websocket-server-8585946c55-lt45h   1m    27Mi   
websocket-server-8585946c55-qhqf4   2m    32Mi   
websocket-server-8585946c55-w6pk2   1m    28Mi   
1781213946
websocket-server-8585946c55-82s59   1m    29Mi   
websocket-server-8585946c55-8blwk   1m    28Mi   
websocket-server-8585946c55-b7ctv   5m    46Mi   
websocket-server-8585946c55-hdbdv   1m    27Mi   
websocket-server-8585946c55-kpmlc   5m    47Mi   
websocket-server-8585946c55-lt45h   1m    27Mi   
websocket-server-8585946c55-qhqf4   2m    32Mi   
websocket-server-8585946c55-w6pk2   1m    28Mi   
1781213951
websocket-server-8585946c55-82s59   1m    29Mi   
websocket-server-8585946c55-8blwk   1m    28Mi   
websocket-server-8585946c55-b7ctv   5m    46Mi   
websocket-server-8585946c55-hdbdv   1m    27Mi   
websocket-server-8585946c55-kpmlc   5m    47Mi   
websocket-server-8585946c55-lt45h   1m    27Mi   
websocket-server-8585946c55-qhqf4   2m    32Mi   
websocket-server-8585946c55-w6pk2   1m    28Mi   
1781213956
websocket-server-8585946c55-82s59   1m    29Mi   
websocket-server-8585946c55-8blwk   1m    28Mi   
websocket-server-8585946c55-b7ctv   5m    46Mi   
websocket-server-8585946c55-hdbdv   1m    27Mi   
websocket-server-8585946c55-kpmlc   5m    47Mi   
websocket-server-8585946c55-lt45h   1m    27Mi   
websocket-server-8585946c55-qhqf4   2m    32Mi   
websocket-server-8585946c55-w6pk2   1m    28Mi   
1781213961
websocket-server-8585946c55-82s59   1m    29Mi   
websocket-server-8585946c55-8blwk   1m    28Mi   
websocket-server-8585946c55-b7ctv   5m    46Mi   
websocket-server-8585946c55-hdbdv   1m    27Mi   
websocket-server-8585946c55-kpmlc   5m    47Mi   
websocket-server-8585946c55-lt45h   1m    27Mi   
websocket-server-8585946c55-qhqf4   2m    32Mi   
websocket-server-8585946c55-w6pk2   1m    28Mi   
1781213967
websocket-server-8585946c55-82s59   1m    29Mi   
websocket-server-8585946c55-8blwk   1m    28Mi   
websocket-server-8585946c55-b7ctv   5m    46Mi   
websocket-server-8585946c55-hdbdv   1m    27Mi   
websocket-server-8585946c55-kpmlc   5m    47Mi   
websocket-server-8585946c55-lt45h   1m    27Mi   
websocket-server-8585946c55-qhqf4   2m    32Mi   
websocket-server-8585946c55-w6pk2   1m    28Mi   
1781213972
websocket-server-8585946c55-82s59   1m    29Mi   
websocket-server-8585946c55-8blwk   1m    28Mi   
websocket-server-8585946c55-b7ctv   5m    46Mi   
websocket-server-8585946c55-hdbdv   1m    27Mi   
websocket-server-8585946c55-kpmlc   5m    47Mi   
websocket-server-8585946c55-lt45h   1m    27Mi   
websocket-server-8585946c55-qhqf4   2m    32Mi   
websocket-server-8585946c55-w6pk2   1m    28Mi   
1781213977
websocket-server-8585946c55-82s59   1m    29Mi   
websocket-server-8585946c55-8blwk   1m    28Mi   
websocket-server-8585946c55-b7ctv   5m    46Mi   
websocket-server-8585946c55-hdbdv   1m    27Mi   
websocket-server-8585946c55-kpmlc   5m    47Mi   
websocket-server-8585946c55-lt45h   1m    27Mi   
websocket-server-8585946c55-qhqf4   2m    32Mi   
websocket-server-8585946c55-w6pk2   1m    28Mi   
1781213982
websocket-server-8585946c55-82s59   1m    29Mi   
websocket-server-8585946c55-8blwk   1m    28Mi   
websocket-server-8585946c55-b7ctv   5m    46Mi   
websocket-server-8585946c55-hdbdv   1m    27Mi   
websocket-server-8585946c55-kpmlc   5m    47Mi   
websocket-server-8585946c55-lt45h   1m    27Mi   
websocket-server-8585946c55-qhqf4   2m    32Mi   
websocket-server-8585946c55-w6pk2   1m    28Mi   
1781213987
websocket-server-8585946c55-82s59   1m    29Mi   
websocket-server-8585946c55-8blwk   1m    28Mi   
websocket-server-8585946c55-b7ctv   5m    46Mi   
websocket-server-8585946c55-hdbdv   1m    27Mi   
websocket-server-8585946c55-kpmlc   5m    47Mi   
websocket-server-8585946c55-lt45h   1m    27Mi   
websocket-server-8585946c55-qhqf4   2m    32Mi   
websocket-server-8585946c55-w6pk2   1m    28Mi   
1781213992
websocket-server-8585946c55-82s59   1m    29Mi   
websocket-server-8585946c55-8blwk   1m    28Mi   
websocket-server-8585946c55-b7ctv   5m    46Mi   
websocket-server-8585946c55-hdbdv   1m    27Mi   
websocket-server-8585946c55-kpmlc   5m    47Mi   
websocket-server-8585946c55-lt45h   1m    27Mi   
websocket-server-8585946c55-qhqf4   2m    32Mi   
websocket-server-8585946c55-w6pk2   1m    28Mi   
1781213997
websocket-server-8585946c55-82s59   1m    29Mi   
websocket-server-8585946c55-8blwk   1m    28Mi   
websocket-server-8585946c55-b7ctv   5m    46Mi   
websocket-server-8585946c55-hdbdv   1m    27Mi   
websocket-server-8585946c55-kpmlc   5m    47Mi   
websocket-server-8585946c55-lt45h   1m    27Mi   
websocket-server-8585946c55-qhqf4   2m    32Mi   
websocket-server-8585946c55-w6pk2   1m    28Mi   
1781214002
websocket-server-8585946c55-82s59   1m    29Mi   
websocket-server-8585946c55-8blwk   1m    28Mi   
websocket-server-8585946c55-b7ctv   5m    46Mi   
websocket-server-8585946c55-hdbdv   1m    27Mi   
websocket-server-8585946c55-kpmlc   5m    47Mi   
websocket-server-8585946c55-lt45h   1m    27Mi   
websocket-server-8585946c55-qhqf4   2m    32Mi   
websocket-server-8585946c55-w6pk2   1m    28Mi   
1781214007
websocket-server-8585946c55-82s59   1m    29Mi   
websocket-server-8585946c55-8blwk   1m    28Mi   
websocket-server-8585946c55-b7ctv   5m    46Mi   
websocket-server-8585946c55-hdbdv   1m    27Mi   
websocket-server-8585946c55-kpmlc   5m    47Mi   
websocket-server-8585946c55-lt45h   1m    27Mi   
websocket-server-8585946c55-qhqf4   2m    32Mi   
websocket-server-8585946c55-w6pk2   1m    28Mi   
1781214012
websocket-server-8585946c55-82s59   1m    29Mi   
websocket-server-8585946c55-8blwk   1m    28Mi   
websocket-server-8585946c55-b7ctv   5m    46Mi   
websocket-server-8585946c55-hdbdv   1m    27Mi   
websocket-server-8585946c55-kpmlc   5m    47Mi   
websocket-server-8585946c55-lt45h   1m    27Mi   
websocket-server-8585946c55-qhqf4   2m    32Mi   
websocket-server-8585946c55-w6pk2   1m    28Mi   
1781214017
websocket-server-8585946c55-82s59   1m    29Mi   
websocket-server-8585946c55-8blwk   1m    28Mi   
websocket-server-8585946c55-b7ctv   5m    46Mi   
websocket-server-8585946c55-hdbdv   1m    27Mi   
websocket-server-8585946c55-kpmlc   5m    47Mi   
websocket-server-8585946c55-lt45h   1m    27Mi   
websocket-server-8585946c55-qhqf4   2m    32Mi   
websocket-server-8585946c55-w6pk2   1m    28Mi   
1781214022
websocket-server-8585946c55-82s59   1m    29Mi   
websocket-server-8585946c55-b7ctv   5m    46Mi   
websocket-server-8585946c55-kpmlc   5m    47Mi   
websocket-server-8585946c55-qhqf4   2m    32Mi   
1781214027
websocket-server-8585946c55-82s59   1m    29Mi   
websocket-server-8585946c55-b7ctv   5m    46Mi   
websocket-server-8585946c55-kpmlc   5m    47Mi   
websocket-server-8585946c55-qhqf4   2m    32Mi   
1781214032
websocket-server-8585946c55-82s59   1m    29Mi   
websocket-server-8585946c55-b7ctv   5m    46Mi   
websocket-server-8585946c55-kpmlc   5m    47Mi   
websocket-server-8585946c55-qhqf4   2m    32Mi   
1781214037
websocket-server-8585946c55-82s59   1m    29Mi   
websocket-server-8585946c55-b7ctv   5m    46Mi   
websocket-server-8585946c55-kpmlc   5m    47Mi   
websocket-server-8585946c55-qhqf4   2m    32Mi   
1781214042
websocket-server-8585946c55-82s59   1m    29Mi   
websocket-server-8585946c55-b7ctv   5m    46Mi   
websocket-server-8585946c55-kpmlc   5m    47Mi   
websocket-server-8585946c55-qhqf4   2m    32Mi   
1781214047
websocket-server-8585946c55-82s59   1m    29Mi   
websocket-server-8585946c55-b7ctv   5m    46Mi   
websocket-server-8585946c55-kpmlc   5m    47Mi   
websocket-server-8585946c55-qhqf4   2m    32Mi   
1781214052
websocket-server-8585946c55-82s59   1m    29Mi   
websocket-server-8585946c55-b7ctv   5m    46Mi   
websocket-server-8585946c55-kpmlc   5m    47Mi   
websocket-server-8585946c55-qhqf4   2m    32Mi   
