1781212293
websocket-server-8585946c55-2hctc   0m    27Mi   
websocket-server-8585946c55-svpr4   21m   27Mi   
1781212298
websocket-server-8585946c55-2hctc   1m    27Mi   
websocket-server-8585946c55-svpr4   1m    27Mi   
1781212303
websocket-server-8585946c55-2hctc   1m    27Mi   
websocket-server-8585946c55-svpr4   1m    27Mi   
1781212308
websocket-server-8585946c55-2hctc   1m    27Mi   
websocket-server-8585946c55-svpr4   1m    27Mi   
1781212313
websocket-server-8585946c55-2hctc   1m    27Mi   
websocket-server-8585946c55-svpr4   1m    28Mi   
1781212318
websocket-server-8585946c55-2hctc   1m    27Mi   
websocket-server-8585946c55-svpr4   1m    28Mi   
1781212323
websocket-server-8585946c55-2hctc   1m    27Mi   
websocket-server-8585946c55-svpr4   1m    28Mi   
1781212328
websocket-server-8585946c55-2hctc   1m    27Mi   
websocket-server-8585946c55-svpr4   27m   31Mi   
1781212333
websocket-server-8585946c55-2hctc   1m    27Mi   
websocket-server-8585946c55-svpr4   27m   31Mi   
1781212338
websocket-server-8585946c55-2hctc   1m    27Mi   
websocket-server-8585946c55-svpr4   27m   31Mi   
1781212343
websocket-server-8585946c55-2hctc   37m   34Mi   
websocket-server-8585946c55-svpr4   27m   31Mi   
1781212348
websocket-server-8585946c55-2hctc   37m   34Mi   
websocket-server-8585946c55-svpr4   27m   31Mi   
1781212353
websocket-server-8585946c55-2hctc   37m   34Mi   
websocket-server-8585946c55-svpr4   27m   31Mi   
1781212358
websocket-server-8585946c55-2hctc   95m   39Mi   
websocket-server-8585946c55-svpr4   69m   36Mi   
1781212363
websocket-server-8585946c55-2hctc   95m   39Mi   
websocket-server-8585946c55-svpr4   69m   36Mi   
1781212368
websocket-server-8585946c55-2hctc   95m   39Mi   
websocket-server-8585946c55-svpr4   69m   36Mi   
1781212373
websocket-server-8585946c55-2hctc   126m   42Mi   
websocket-server-8585946c55-svpr4   106m   40Mi   
1781212378
websocket-server-8585946c55-2hctc   126m   42Mi   
websocket-server-8585946c55-svpr4   106m   40Mi   
1781212384
websocket-server-8585946c55-2hctc   126m   42Mi   
websocket-server-8585946c55-svpr4   106m   40Mi   
1781212389
websocket-server-8585946c55-2hctc   155m   45Mi   
websocket-server-8585946c55-d898r   19m    29Mi   
websocket-server-8585946c55-svpr4   147m   44Mi   
1781212394
websocket-server-8585946c55-2hctc   155m   45Mi   
websocket-server-8585946c55-d898r   19m    29Mi   
websocket-server-8585946c55-svpr4   147m   44Mi   
1781212399
websocket-server-8585946c55-2hctc   155m   45Mi   
websocket-server-8585946c55-d898r   19m    29Mi   
websocket-server-8585946c55-svpr4   147m   44Mi   
1781212404
websocket-server-8585946c55-2hctc   172m   47Mi   
websocket-server-8585946c55-d898r   37m    31Mi   
websocket-server-8585946c55-mfshx   15m    29Mi   
websocket-server-8585946c55-svpr4   169m   46Mi   
1781212409
websocket-server-8585946c55-2hctc   172m   47Mi   
websocket-server-8585946c55-d898r   37m    31Mi   
websocket-server-8585946c55-mfshx   15m    29Mi   
websocket-server-8585946c55-svpr4   169m   46Mi   
1781212414
websocket-server-8585946c55-2hctc   172m   47Mi   
websocket-server-8585946c55-d898r   37m    31Mi   
websocket-server-8585946c55-mfshx   15m    29Mi   
websocket-server-8585946c55-svpr4   169m   46Mi   
1781212419
websocket-server-8585946c55-2hctc   175m   47Mi   
websocket-server-8585946c55-4xp9n   27m    28Mi   
websocket-server-8585946c55-d898r   44m    32Mi   
websocket-server-8585946c55-mfshx   19m    29Mi   
websocket-server-8585946c55-p6brj   21m    28Mi   
websocket-server-8585946c55-svpr4   182m   48Mi   
1781212424
websocket-server-8585946c55-2hctc   175m   47Mi   
websocket-server-8585946c55-4xp9n   27m    28Mi   
websocket-server-8585946c55-d898r   44m    32Mi   
websocket-server-8585946c55-mfshx   19m    29Mi   
websocket-server-8585946c55-p6brj   21m    28Mi   
websocket-server-8585946c55-svpr4   182m   48Mi   
1781212429
websocket-server-8585946c55-2hctc   175m   47Mi   
websocket-server-8585946c55-4xp9n   27m    28Mi   
websocket-server-8585946c55-d898r   44m    32Mi   
websocket-server-8585946c55-mfshx   19m    29Mi   
websocket-server-8585946c55-p6brj   21m    28Mi   
websocket-server-8585946c55-svpr4   182m   48Mi   
1781212434
websocket-server-8585946c55-2hctc   179m   47Mi   
websocket-server-8585946c55-4xp9n   5m     28Mi   
websocket-server-8585946c55-d898r   43m    31Mi   
websocket-server-8585946c55-mfshx   19m    29Mi   
websocket-server-8585946c55-p6brj   4m     28Mi   
websocket-server-8585946c55-svpr4   182m   48Mi   
1781212439
websocket-server-8585946c55-2hctc   179m   47Mi   
websocket-server-8585946c55-4xp9n   5m     28Mi   
websocket-server-8585946c55-d898r   43m    31Mi   
websocket-server-8585946c55-mfshx   19m    29Mi   
websocket-server-8585946c55-p6brj   4m     28Mi   
websocket-server-8585946c55-svpr4   182m   48Mi   
1781212444
websocket-server-8585946c55-2hctc   179m   47Mi   
websocket-server-8585946c55-4xp9n   5m     28Mi   
websocket-server-8585946c55-d898r   43m    31Mi   
websocket-server-8585946c55-mfshx   19m    29Mi   
websocket-server-8585946c55-p6brj   4m     28Mi   
websocket-server-8585946c55-svpr4   182m   48Mi   
1781212449
websocket-server-8585946c55-2hctc   50m    47Mi   
websocket-server-8585946c55-4xp9n   3m     28Mi   
websocket-server-8585946c55-d898r   12m    32Mi   
websocket-server-8585946c55-g48kp   1m     27Mi   
websocket-server-8585946c55-j2lml   23m    27Mi   
websocket-server-8585946c55-mfshx   2m     29Mi   
websocket-server-8585946c55-p6brj   3m     28Mi   
websocket-server-8585946c55-svpr4   182m   48Mi   
1781212454
websocket-server-8585946c55-2hctc   50m    47Mi   
websocket-server-8585946c55-4xp9n   3m     28Mi   
websocket-server-8585946c55-d898r   12m    32Mi   
websocket-server-8585946c55-g48kp   1m     27Mi   
websocket-server-8585946c55-j2lml   23m    27Mi   
websocket-server-8585946c55-mfshx   2m     29Mi   
websocket-server-8585946c55-p6brj   3m     28Mi   
websocket-server-8585946c55-svpr4   182m   48Mi   
1781212459
websocket-server-8585946c55-2hctc   50m    47Mi   
websocket-server-8585946c55-4xp9n   3m     28Mi   
websocket-server-8585946c55-d898r   12m    32Mi   
websocket-server-8585946c55-g48kp   1m     27Mi   
websocket-server-8585946c55-j2lml   23m    27Mi   
websocket-server-8585946c55-mfshx   2m     29Mi   
websocket-server-8585946c55-p6brj   3m     28Mi   
websocket-server-8585946c55-svpr4   182m   48Mi   
1781212464
websocket-server-8585946c55-2hctc   5m    47Mi   
websocket-server-8585946c55-4xp9n   1m    28Mi   
websocket-server-8585946c55-d898r   2m    31Mi   
websocket-server-8585946c55-g48kp   1m    27Mi   
websocket-server-8585946c55-j2lml   1m    27Mi   
websocket-server-8585946c55-mfshx   1m    29Mi   
websocket-server-8585946c55-p6brj   1m    28Mi   
websocket-server-8585946c55-svpr4   5m    47Mi   
1781212469
websocket-server-8585946c55-2hctc   5m    47Mi   
websocket-server-8585946c55-4xp9n   1m    28Mi   
websocket-server-8585946c55-d898r   2m    31Mi   
websocket-server-8585946c55-g48kp   1m    27Mi   
websocket-server-8585946c55-j2lml   1m    27Mi   
websocket-server-8585946c55-mfshx   1m    29Mi   
websocket-server-8585946c55-p6brj   1m    28Mi   
websocket-server-8585946c55-svpr4   5m    47Mi   
1781212474
websocket-server-8585946c55-2hctc   5m    47Mi   
websocket-server-8585946c55-4xp9n   1m    28Mi   
websocket-server-8585946c55-d898r   2m    31Mi   
websocket-server-8585946c55-g48kp   1m    27Mi   
websocket-server-8585946c55-j2lml   1m    27Mi   
websocket-server-8585946c55-mfshx   1m    29Mi   
websocket-server-8585946c55-p6brj   1m    28Mi   
websocket-server-8585946c55-svpr4   5m    47Mi   
1781212479
websocket-server-8585946c55-2hctc   5m    47Mi   
websocket-server-8585946c55-4xp9n   1m    28Mi   
websocket-server-8585946c55-d898r   2m    31Mi   
websocket-server-8585946c55-g48kp   1m    27Mi   
websocket-server-8585946c55-j2lml   1m    27Mi   
websocket-server-8585946c55-mfshx   1m    29Mi   
websocket-server-8585946c55-p6brj   1m    28Mi   
websocket-server-8585946c55-svpr4   5m    47Mi   
1781212484
websocket-server-8585946c55-2hctc   5m    47Mi   
websocket-server-8585946c55-4xp9n   1m    28Mi   
websocket-server-8585946c55-d898r   2m    31Mi   
websocket-server-8585946c55-g48kp   1m    27Mi   
websocket-server-8585946c55-j2lml   1m    27Mi   
websocket-server-8585946c55-mfshx   1m    29Mi   
websocket-server-8585946c55-p6brj   1m    28Mi   
websocket-server-8585946c55-svpr4   5m    47Mi   
1781212489
websocket-server-8585946c55-2hctc   5m    47Mi   
websocket-server-8585946c55-4xp9n   1m    28Mi   
websocket-server-8585946c55-d898r   2m    31Mi   
websocket-server-8585946c55-g48kp   1m    27Mi   
websocket-server-8585946c55-j2lml   1m    27Mi   
websocket-server-8585946c55-mfshx   1m    29Mi   
websocket-server-8585946c55-p6brj   1m    28Mi   
websocket-server-8585946c55-svpr4   5m    47Mi   
1781212494
websocket-server-8585946c55-2hctc   5m    47Mi   
websocket-server-8585946c55-4xp9n   1m    28Mi   
websocket-server-8585946c55-d898r   2m    32Mi   
websocket-server-8585946c55-g48kp   1m    27Mi   
websocket-server-8585946c55-j2lml   1m    27Mi   
websocket-server-8585946c55-mfshx   1m    29Mi   
websocket-server-8585946c55-p6brj   1m    28Mi   
websocket-server-8585946c55-svpr4   5m    47Mi   
1781212500
websocket-server-8585946c55-2hctc   5m    47Mi   
websocket-server-8585946c55-4xp9n   1m    28Mi   
websocket-server-8585946c55-d898r   2m    32Mi   
websocket-server-8585946c55-g48kp   1m    27Mi   
websocket-server-8585946c55-j2lml   1m    27Mi   
websocket-server-8585946c55-mfshx   1m    29Mi   
websocket-server-8585946c55-p6brj   1m    28Mi   
websocket-server-8585946c55-svpr4   5m    47Mi   
1781212505
websocket-server-8585946c55-2hctc   5m    47Mi   
websocket-server-8585946c55-4xp9n   1m    28Mi   
websocket-server-8585946c55-d898r   2m    32Mi   
websocket-server-8585946c55-g48kp   1m    27Mi   
websocket-server-8585946c55-j2lml   1m    27Mi   
websocket-server-8585946c55-mfshx   1m    29Mi   
websocket-server-8585946c55-p6brj   1m    28Mi   
websocket-server-8585946c55-svpr4   5m    47Mi   
1781212510
websocket-server-8585946c55-2hctc   5m    46Mi   
websocket-server-8585946c55-4xp9n   1m    28Mi   
websocket-server-8585946c55-d898r   2m    32Mi   
websocket-server-8585946c55-g48kp   1m    27Mi   
websocket-server-8585946c55-j2lml   1m    27Mi   
websocket-server-8585946c55-mfshx   1m    29Mi   
websocket-server-8585946c55-p6brj   0m    28Mi   
websocket-server-8585946c55-svpr4   5m    47Mi   
1781212515
websocket-server-8585946c55-2hctc   5m    46Mi   
websocket-server-8585946c55-4xp9n   1m    28Mi   
websocket-server-8585946c55-d898r   2m    32Mi   
websocket-server-8585946c55-g48kp   1m    27Mi   
websocket-server-8585946c55-j2lml   1m    27Mi   
websocket-server-8585946c55-mfshx   1m    29Mi   
websocket-server-8585946c55-p6brj   0m    28Mi   
websocket-server-8585946c55-svpr4   5m    47Mi   
1781212520
websocket-server-8585946c55-2hctc   5m    46Mi   
websocket-server-8585946c55-4xp9n   1m    28Mi   
websocket-server-8585946c55-d898r   2m    32Mi   
websocket-server-8585946c55-g48kp   1m    27Mi   
websocket-server-8585946c55-j2lml   1m    27Mi   
websocket-server-8585946c55-mfshx   1m    29Mi   
websocket-server-8585946c55-p6brj   0m    28Mi   
websocket-server-8585946c55-svpr4   5m    47Mi   
1781212525
websocket-server-8585946c55-2hctc   5m    47Mi   
websocket-server-8585946c55-4xp9n   1m    28Mi   
websocket-server-8585946c55-d898r   2m    31Mi   
websocket-server-8585946c55-g48kp   1m    27Mi   
websocket-server-8585946c55-j2lml   1m    27Mi   
websocket-server-8585946c55-mfshx   1m    29Mi   
websocket-server-8585946c55-p6brj   1m    28Mi   
websocket-server-8585946c55-svpr4   5m    47Mi   
1781212530
websocket-server-8585946c55-2hctc   5m    47Mi   
websocket-server-8585946c55-4xp9n   1m    28Mi   
websocket-server-8585946c55-d898r   2m    31Mi   
websocket-server-8585946c55-g48kp   1m    27Mi   
websocket-server-8585946c55-j2lml   1m    27Mi   
websocket-server-8585946c55-mfshx   1m    29Mi   
websocket-server-8585946c55-p6brj   1m    28Mi   
websocket-server-8585946c55-svpr4   5m    47Mi   
1781212535
websocket-server-8585946c55-2hctc   5m    47Mi   
websocket-server-8585946c55-4xp9n   1m    28Mi   
websocket-server-8585946c55-d898r   2m    31Mi   
websocket-server-8585946c55-g48kp   1m    27Mi   
websocket-server-8585946c55-j2lml   1m    27Mi   
websocket-server-8585946c55-mfshx   1m    29Mi   
websocket-server-8585946c55-p6brj   1m    28Mi   
websocket-server-8585946c55-svpr4   5m    47Mi   
1781212540
websocket-server-8585946c55-2hctc   5m    47Mi   
websocket-server-8585946c55-4xp9n   1m    28Mi   
websocket-server-8585946c55-d898r   2m    32Mi   
websocket-server-8585946c55-g48kp   1m    27Mi   
websocket-server-8585946c55-j2lml   0m    27Mi   
websocket-server-8585946c55-mfshx   1m    29Mi   
websocket-server-8585946c55-p6brj   1m    28Mi   
websocket-server-8585946c55-svpr4   5m    47Mi   
1781212545
websocket-server-8585946c55-2hctc   5m    47Mi   
websocket-server-8585946c55-4xp9n   1m    28Mi   
websocket-server-8585946c55-d898r   2m    32Mi   
websocket-server-8585946c55-g48kp   1m    27Mi   
websocket-server-8585946c55-j2lml   0m    27Mi   
websocket-server-8585946c55-mfshx   1m    29Mi   
websocket-server-8585946c55-p6brj   1m    28Mi   
websocket-server-8585946c55-svpr4   5m    47Mi   
1781212550
websocket-server-8585946c55-2hctc   5m    47Mi   
websocket-server-8585946c55-4xp9n   1m    28Mi   
websocket-server-8585946c55-d898r   2m    32Mi   
websocket-server-8585946c55-g48kp   1m    27Mi   
websocket-server-8585946c55-j2lml   0m    27Mi   
websocket-server-8585946c55-mfshx   1m    29Mi   
websocket-server-8585946c55-p6brj   1m    28Mi   
websocket-server-8585946c55-svpr4   5m    47Mi   
1781212555
websocket-server-8585946c55-2hctc   5m    47Mi   
websocket-server-8585946c55-4xp9n   1m    28Mi   
websocket-server-8585946c55-d898r   2m    31Mi   
websocket-server-8585946c55-g48kp   1m    27Mi   
websocket-server-8585946c55-j2lml   1m    27Mi   
websocket-server-8585946c55-mfshx   1m    29Mi   
websocket-server-8585946c55-p6brj   1m    28Mi   
websocket-server-8585946c55-svpr4   5m    47Mi   
1781212560
websocket-server-8585946c55-2hctc   5m    47Mi   
websocket-server-8585946c55-4xp9n   1m    28Mi   
websocket-server-8585946c55-d898r   2m    31Mi   
websocket-server-8585946c55-g48kp   1m    27Mi   
websocket-server-8585946c55-j2lml   1m    27Mi   
websocket-server-8585946c55-mfshx   1m    29Mi   
websocket-server-8585946c55-p6brj   1m    28Mi   
websocket-server-8585946c55-svpr4   5m    47Mi   
1781212565
websocket-server-8585946c55-2hctc   5m    47Mi   
websocket-server-8585946c55-4xp9n   1m    28Mi   
websocket-server-8585946c55-d898r   2m    31Mi   
websocket-server-8585946c55-g48kp   1m    27Mi   
websocket-server-8585946c55-j2lml   1m    27Mi   
websocket-server-8585946c55-mfshx   1m    29Mi   
websocket-server-8585946c55-p6brj   1m    28Mi   
websocket-server-8585946c55-svpr4   5m    47Mi   
1781212570
websocket-server-8585946c55-2hctc   5m    47Mi   
websocket-server-8585946c55-4xp9n   1m    28Mi   
websocket-server-8585946c55-d898r   2m    32Mi   
websocket-server-8585946c55-g48kp   1m    27Mi   
websocket-server-8585946c55-j2lml   1m    27Mi   
websocket-server-8585946c55-mfshx   1m    29Mi   
websocket-server-8585946c55-p6brj   1m    28Mi   
websocket-server-8585946c55-svpr4   5m    47Mi   
1781212575
websocket-server-8585946c55-2hctc   5m    47Mi   
websocket-server-8585946c55-4xp9n   1m    28Mi   
websocket-server-8585946c55-d898r   2m    32Mi   
websocket-server-8585946c55-g48kp   1m    27Mi   
websocket-server-8585946c55-j2lml   1m    27Mi   
websocket-server-8585946c55-mfshx   1m    29Mi   
websocket-server-8585946c55-p6brj   1m    28Mi   
websocket-server-8585946c55-svpr4   5m    47Mi   
1781212580
websocket-server-8585946c55-2hctc   5m    47Mi   
websocket-server-8585946c55-4xp9n   1m    28Mi   
websocket-server-8585946c55-d898r   2m    32Mi   
websocket-server-8585946c55-g48kp   1m    27Mi   
websocket-server-8585946c55-j2lml   1m    27Mi   
websocket-server-8585946c55-mfshx   1m    29Mi   
websocket-server-8585946c55-p6brj   1m    28Mi   
websocket-server-8585946c55-svpr4   5m    47Mi   
1781212585
websocket-server-8585946c55-2hctc   5m    47Mi   
websocket-server-8585946c55-4xp9n   1m    28Mi   
websocket-server-8585946c55-d898r   2m    31Mi   
websocket-server-8585946c55-g48kp   1m    27Mi   
websocket-server-8585946c55-j2lml   1m    27Mi   
websocket-server-8585946c55-mfshx   1m    29Mi   
websocket-server-8585946c55-p6brj   1m    28Mi   
websocket-server-8585946c55-svpr4   5m    47Mi   
1781212590
websocket-server-8585946c55-2hctc   5m    47Mi   
websocket-server-8585946c55-4xp9n   1m    28Mi   
websocket-server-8585946c55-d898r   2m    31Mi   
websocket-server-8585946c55-g48kp   1m    27Mi   
websocket-server-8585946c55-j2lml   1m    27Mi   
websocket-server-8585946c55-mfshx   1m    29Mi   
websocket-server-8585946c55-p6brj   1m    28Mi   
websocket-server-8585946c55-svpr4   5m    47Mi   
1781212595
websocket-server-8585946c55-2hctc   5m    47Mi   
websocket-server-8585946c55-4xp9n   1m    28Mi   
websocket-server-8585946c55-d898r   2m    31Mi   
websocket-server-8585946c55-g48kp   1m    27Mi   
websocket-server-8585946c55-j2lml   1m    27Mi   
websocket-server-8585946c55-mfshx   1m    29Mi   
websocket-server-8585946c55-p6brj   1m    28Mi   
websocket-server-8585946c55-svpr4   5m    47Mi   
1781212600
websocket-server-8585946c55-2hctc   5m    47Mi   
websocket-server-8585946c55-4xp9n   1m    28Mi   
websocket-server-8585946c55-d898r   2m    32Mi   
websocket-server-8585946c55-g48kp   1m    27Mi   
websocket-server-8585946c55-j2lml   1m    27Mi   
websocket-server-8585946c55-mfshx   1m    29Mi   
websocket-server-8585946c55-p6brj   1m    28Mi   
websocket-server-8585946c55-svpr4   5m    47Mi   
1781212605
websocket-server-8585946c55-2hctc   5m    47Mi   
websocket-server-8585946c55-4xp9n   1m    28Mi   
websocket-server-8585946c55-d898r   2m    32Mi   
websocket-server-8585946c55-g48kp   1m    27Mi   
websocket-server-8585946c55-j2lml   1m    27Mi   
websocket-server-8585946c55-mfshx   1m    29Mi   
websocket-server-8585946c55-p6brj   1m    28Mi   
websocket-server-8585946c55-svpr4   5m    47Mi   
1781212610
websocket-server-8585946c55-2hctc   5m    47Mi   
websocket-server-8585946c55-4xp9n   1m    28Mi   
websocket-server-8585946c55-d898r   2m    32Mi   
websocket-server-8585946c55-g48kp   1m    27Mi   
websocket-server-8585946c55-j2lml   1m    27Mi   
websocket-server-8585946c55-mfshx   1m    29Mi   
websocket-server-8585946c55-p6brj   1m    28Mi   
websocket-server-8585946c55-svpr4   5m    47Mi   
1781212615
websocket-server-8585946c55-2hctc   5m    47Mi   
websocket-server-8585946c55-4xp9n   1m    28Mi   
websocket-server-8585946c55-d898r   2m    32Mi   
websocket-server-8585946c55-g48kp   1m    27Mi   
websocket-server-8585946c55-j2lml   1m    27Mi   
websocket-server-8585946c55-mfshx   1m    29Mi   
websocket-server-8585946c55-p6brj   1m    28Mi   
websocket-server-8585946c55-svpr4   5m    47Mi   
1781212621
websocket-server-8585946c55-2hctc   5m    47Mi   
websocket-server-8585946c55-4xp9n   1m    28Mi   
websocket-server-8585946c55-d898r   2m    32Mi   
websocket-server-8585946c55-g48kp   1m    27Mi   
websocket-server-8585946c55-j2lml   1m    27Mi   
websocket-server-8585946c55-mfshx   1m    29Mi   
websocket-server-8585946c55-p6brj   1m    28Mi   
websocket-server-8585946c55-svpr4   5m    47Mi   
1781212626
websocket-server-8585946c55-2hctc   5m    47Mi   
websocket-server-8585946c55-4xp9n   1m    28Mi   
websocket-server-8585946c55-d898r   2m    32Mi   
websocket-server-8585946c55-g48kp   1m    27Mi   
websocket-server-8585946c55-j2lml   1m    27Mi   
websocket-server-8585946c55-mfshx   1m    29Mi   
websocket-server-8585946c55-p6brj   1m    28Mi   
websocket-server-8585946c55-svpr4   5m    47Mi   
1781212631
websocket-server-8585946c55-2hctc   5m    47Mi   
websocket-server-8585946c55-4xp9n   1m    28Mi   
websocket-server-8585946c55-d898r   2m    31Mi   
websocket-server-8585946c55-g48kp   1m    27Mi   
websocket-server-8585946c55-j2lml   1m    27Mi   
websocket-server-8585946c55-mfshx   1m    29Mi   
websocket-server-8585946c55-p6brj   1m    28Mi   
websocket-server-8585946c55-svpr4   5m    47Mi   
1781212636
websocket-server-8585946c55-2hctc   5m    47Mi   
websocket-server-8585946c55-4xp9n   1m    28Mi   
websocket-server-8585946c55-d898r   2m    31Mi   
websocket-server-8585946c55-g48kp   1m    27Mi   
websocket-server-8585946c55-j2lml   1m    27Mi   
websocket-server-8585946c55-mfshx   1m    29Mi   
websocket-server-8585946c55-p6brj   1m    28Mi   
websocket-server-8585946c55-svpr4   5m    47Mi   
1781212641
websocket-server-8585946c55-2hctc   5m    47Mi   
websocket-server-8585946c55-4xp9n   1m    28Mi   
websocket-server-8585946c55-d898r   2m    31Mi   
websocket-server-8585946c55-g48kp   1m    27Mi   
websocket-server-8585946c55-j2lml   1m    27Mi   
websocket-server-8585946c55-mfshx   1m    29Mi   
websocket-server-8585946c55-p6brj   1m    28Mi   
websocket-server-8585946c55-svpr4   5m    47Mi   
1781212646
websocket-server-8585946c55-2hctc   5m    47Mi   
websocket-server-8585946c55-4xp9n   1m    28Mi   
websocket-server-8585946c55-d898r   2m    31Mi   
websocket-server-8585946c55-g48kp   1m    27Mi   
websocket-server-8585946c55-j2lml   1m    27Mi   
websocket-server-8585946c55-mfshx   1m    29Mi   
websocket-server-8585946c55-p6brj   1m    28Mi   
websocket-server-8585946c55-svpr4   5m    47Mi   
1781212651
websocket-server-8585946c55-2hctc   5m    47Mi   
websocket-server-8585946c55-4xp9n   1m    28Mi   
websocket-server-8585946c55-d898r   2m    31Mi   
websocket-server-8585946c55-g48kp   1m    27Mi   
websocket-server-8585946c55-j2lml   1m    27Mi   
websocket-server-8585946c55-mfshx   1m    29Mi   
websocket-server-8585946c55-p6brj   1m    28Mi   
websocket-server-8585946c55-svpr4   5m    47Mi   
1781212656
websocket-server-8585946c55-2hctc   5m    47Mi   
websocket-server-8585946c55-4xp9n   1m    28Mi   
websocket-server-8585946c55-d898r   2m    31Mi   
websocket-server-8585946c55-g48kp   1m    27Mi   
websocket-server-8585946c55-j2lml   1m    27Mi   
websocket-server-8585946c55-mfshx   1m    29Mi   
websocket-server-8585946c55-p6brj   1m    28Mi   
websocket-server-8585946c55-svpr4   5m    47Mi   
1781212661
websocket-server-8585946c55-2hctc   5m    47Mi   
websocket-server-8585946c55-4xp9n   1m    28Mi   
websocket-server-8585946c55-d898r   2m    31Mi   
websocket-server-8585946c55-g48kp   1m    27Mi   
websocket-server-8585946c55-j2lml   1m    27Mi   
websocket-server-8585946c55-mfshx   1m    29Mi   
websocket-server-8585946c55-p6brj   1m    28Mi   
websocket-server-8585946c55-svpr4   5m    47Mi   
1781212666
websocket-server-8585946c55-2hctc   5m    47Mi   
websocket-server-8585946c55-4xp9n   1m    28Mi   
websocket-server-8585946c55-d898r   2m    31Mi   
websocket-server-8585946c55-g48kp   1m    27Mi   
websocket-server-8585946c55-j2lml   1m    27Mi   
websocket-server-8585946c55-mfshx   1m    29Mi   
websocket-server-8585946c55-p6brj   1m    28Mi   
websocket-server-8585946c55-svpr4   5m    47Mi   
1781212671
websocket-server-8585946c55-2hctc   5m    47Mi   
websocket-server-8585946c55-4xp9n   1m    28Mi   
websocket-server-8585946c55-d898r   2m    31Mi   
websocket-server-8585946c55-g48kp   1m    27Mi   
websocket-server-8585946c55-j2lml   1m    27Mi   
websocket-server-8585946c55-mfshx   1m    29Mi   
websocket-server-8585946c55-p6brj   1m    28Mi   
websocket-server-8585946c55-svpr4   5m    47Mi   
1781212676
websocket-server-8585946c55-2hctc   5m    47Mi   
websocket-server-8585946c55-4xp9n   1m    28Mi   
websocket-server-8585946c55-d898r   2m    32Mi   
websocket-server-8585946c55-g48kp   1m    27Mi   
websocket-server-8585946c55-j2lml   1m    27Mi   
websocket-server-8585946c55-mfshx   1m    29Mi   
websocket-server-8585946c55-p6brj   1m    28Mi   
websocket-server-8585946c55-svpr4   5m    47Mi   
1781212681
websocket-server-8585946c55-2hctc   5m    47Mi   
websocket-server-8585946c55-4xp9n   1m    28Mi   
websocket-server-8585946c55-d898r   2m    32Mi   
websocket-server-8585946c55-g48kp   1m    27Mi   
websocket-server-8585946c55-j2lml   1m    27Mi   
websocket-server-8585946c55-mfshx   1m    29Mi   
websocket-server-8585946c55-p6brj   1m    28Mi   
websocket-server-8585946c55-svpr4   5m    47Mi   
1781212686
websocket-server-8585946c55-2hctc   5m    47Mi   
websocket-server-8585946c55-4xp9n   1m    28Mi   
websocket-server-8585946c55-d898r   2m    32Mi   
websocket-server-8585946c55-g48kp   1m    27Mi   
websocket-server-8585946c55-j2lml   1m    27Mi   
websocket-server-8585946c55-mfshx   1m    29Mi   
websocket-server-8585946c55-p6brj   1m    28Mi   
websocket-server-8585946c55-svpr4   5m    47Mi   
1781212691
websocket-server-8585946c55-2hctc   5m    47Mi   
websocket-server-8585946c55-4xp9n   1m    28Mi   
websocket-server-8585946c55-d898r   2m    32Mi   
websocket-server-8585946c55-g48kp   0m    27Mi   
websocket-server-8585946c55-j2lml   1m    27Mi   
websocket-server-8585946c55-mfshx   1m    29Mi   
websocket-server-8585946c55-p6brj   1m    28Mi   
websocket-server-8585946c55-svpr4   5m    47Mi   
1781212696
websocket-server-8585946c55-2hctc   5m    47Mi   
websocket-server-8585946c55-4xp9n   1m    28Mi   
websocket-server-8585946c55-d898r   2m    32Mi   
websocket-server-8585946c55-g48kp   0m    27Mi   
websocket-server-8585946c55-j2lml   1m    27Mi   
websocket-server-8585946c55-mfshx   1m    29Mi   
websocket-server-8585946c55-p6brj   1m    28Mi   
websocket-server-8585946c55-svpr4   5m    47Mi   
1781212701
websocket-server-8585946c55-2hctc   5m    47Mi   
websocket-server-8585946c55-4xp9n   1m    28Mi   
websocket-server-8585946c55-d898r   2m    32Mi   
websocket-server-8585946c55-g48kp   0m    27Mi   
websocket-server-8585946c55-j2lml   1m    27Mi   
websocket-server-8585946c55-mfshx   1m    29Mi   
websocket-server-8585946c55-p6brj   1m    28Mi   
websocket-server-8585946c55-svpr4   5m    47Mi   
1781212706
websocket-server-8585946c55-2hctc   5m    47Mi   
websocket-server-8585946c55-4xp9n   1m    28Mi   
websocket-server-8585946c55-d898r   2m    32Mi   
websocket-server-8585946c55-g48kp   0m    27Mi   
websocket-server-8585946c55-j2lml   1m    28Mi   
websocket-server-8585946c55-mfshx   1m    29Mi   
websocket-server-8585946c55-p6brj   1m    28Mi   
websocket-server-8585946c55-svpr4   5m    47Mi   
1781212711
websocket-server-8585946c55-2hctc   5m    47Mi   
websocket-server-8585946c55-4xp9n   1m    28Mi   
websocket-server-8585946c55-d898r   2m    32Mi   
websocket-server-8585946c55-g48kp   0m    27Mi   
websocket-server-8585946c55-j2lml   1m    28Mi   
websocket-server-8585946c55-mfshx   1m    29Mi   
websocket-server-8585946c55-p6brj   1m    28Mi   
websocket-server-8585946c55-svpr4   5m    47Mi   
1781212716
websocket-server-8585946c55-2hctc   5m    47Mi   
websocket-server-8585946c55-4xp9n   1m    28Mi   
websocket-server-8585946c55-d898r   2m    32Mi   
websocket-server-8585946c55-g48kp   0m    27Mi   
websocket-server-8585946c55-j2lml   1m    28Mi   
websocket-server-8585946c55-mfshx   1m    29Mi   
websocket-server-8585946c55-p6brj   1m    28Mi   
websocket-server-8585946c55-svpr4   5m    47Mi   
1781212721
websocket-server-8585946c55-2hctc   5m    47Mi   
websocket-server-8585946c55-4xp9n   1m    28Mi   
websocket-server-8585946c55-d898r   2m    32Mi   
websocket-server-8585946c55-g48kp   1m    27Mi   
websocket-server-8585946c55-j2lml   0m    27Mi   
websocket-server-8585946c55-mfshx   1m    29Mi   
websocket-server-8585946c55-p6brj   1m    28Mi   
websocket-server-8585946c55-svpr4   5m    47Mi   
1781212726
websocket-server-8585946c55-2hctc   5m    47Mi   
websocket-server-8585946c55-4xp9n   1m    28Mi   
websocket-server-8585946c55-d898r   2m    32Mi   
websocket-server-8585946c55-g48kp   1m    27Mi   
websocket-server-8585946c55-j2lml   0m    27Mi   
websocket-server-8585946c55-mfshx   1m    29Mi   
websocket-server-8585946c55-p6brj   1m    28Mi   
websocket-server-8585946c55-svpr4   5m    47Mi   
