1781212293
NAME            REFERENCE                     TARGETS       MINPODS   MAXPODS   REPLICAS   AGE
websocket-hpa   Deployment/websocket-server   cpu: 0%/60%   2         15        2          33s
1781212298
NAME            REFERENCE                     TARGETS       MINPODS   MAXPODS   REPLICAS   AGE
websocket-hpa   Deployment/websocket-server   cpu: 0%/60%   2         15        2          38s
1781212303
NAME            REFERENCE                     TARGETS       MINPODS   MAXPODS   REPLICAS   AGE
websocket-hpa   Deployment/websocket-server   cpu: 0%/60%   2         15        2          43s
1781212308
NAME            REFERENCE                     TARGETS       MINPODS   MAXPODS   REPLICAS   AGE
websocket-hpa   Deployment/websocket-server   cpu: 1%/60%   2         15        2          48s
1781212313
NAME            REFERENCE                     TARGETS       MINPODS   MAXPODS   REPLICAS   AGE
websocket-hpa   Deployment/websocket-server   cpu: 1%/60%   2         15        2          53s
1781212318
NAME            REFERENCE                     TARGETS       MINPODS   MAXPODS   REPLICAS   AGE
websocket-hpa   Deployment/websocket-server   cpu: 1%/60%   2         15        2          58s
1781212323
NAME            REFERENCE                     TARGETS       MINPODS   MAXPODS   REPLICAS   AGE
websocket-hpa   Deployment/websocket-server   cpu: 1%/60%   2         15        2          63s
1781212328
NAME            REFERENCE                     TARGETS       MINPODS   MAXPODS   REPLICAS   AGE
websocket-hpa   Deployment/websocket-server   cpu: 1%/60%   2         15        2          68s
1781212333
NAME            REFERENCE                     TARGETS       MINPODS   MAXPODS   REPLICAS   AGE
websocket-hpa   Deployment/websocket-server   cpu: 1%/60%   2         15        2          73s
1781212338
NAME            REFERENCE                     TARGETS        MINPODS   MAXPODS   REPLICAS   AGE
websocket-hpa   Deployment/websocket-server   cpu: 14%/60%   2         15        2          78s
1781212343
NAME            REFERENCE                     TARGETS        MINPODS   MAXPODS   REPLICAS   AGE
websocket-hpa   Deployment/websocket-server   cpu: 14%/60%   2         15        2          83s
1781212348
NAME            REFERENCE                     TARGETS        MINPODS   MAXPODS   REPLICAS   AGE
websocket-hpa   Deployment/websocket-server   cpu: 14%/60%   2         15        2          88s
1781212353
NAME            REFERENCE                     TARGETS        MINPODS   MAXPODS   REPLICAS   AGE
websocket-hpa   Deployment/websocket-server   cpu: 32%/60%   2         15        2          93s
1781212358
NAME            REFERENCE                     TARGETS        MINPODS   MAXPODS   REPLICAS   AGE
websocket-hpa   Deployment/websocket-server   cpu: 32%/60%   2         15        2          98s
1781212363
NAME            REFERENCE                     TARGETS        MINPODS   MAXPODS   REPLICAS   AGE
websocket-hpa   Deployment/websocket-server   cpu: 32%/60%   2         15        2          103s
1781212368
NAME            REFERENCE                     TARGETS        MINPODS   MAXPODS   REPLICAS   AGE
websocket-hpa   Deployment/websocket-server   cpu: 82%/60%   2         15        2          108s
1781212373
NAME            REFERENCE                     TARGETS        MINPODS   MAXPODS   REPLICAS   AGE
websocket-hpa   Deployment/websocket-server   cpu: 82%/60%   2         15        2          113s
1781212378
NAME            REFERENCE                     TARGETS        MINPODS   MAXPODS   REPLICAS   AGE
websocket-hpa   Deployment/websocket-server   cpu: 82%/60%   2         15        2          118s
1781212383
NAME            REFERENCE                     TARGETS         MINPODS   MAXPODS   REPLICAS   AGE
websocket-hpa   Deployment/websocket-server   cpu: 116%/60%   2         15        3          2m4s
1781212389
NAME            REFERENCE                     TARGETS         MINPODS   MAXPODS   REPLICAS   AGE
websocket-hpa   Deployment/websocket-server   cpu: 116%/60%   2         15        3          2m9s
1781212394
NAME            REFERENCE                     TARGETS         MINPODS   MAXPODS   REPLICAS   AGE
websocket-hpa   Deployment/websocket-server   cpu: 116%/60%   2         15        3          2m14s
1781212399
NAME            REFERENCE                     TARGETS         MINPODS   MAXPODS   REPLICAS   AGE
websocket-hpa   Deployment/websocket-server   cpu: 107%/60%   2         15        4          2m19s
1781212404
NAME            REFERENCE                     TARGETS         MINPODS   MAXPODS   REPLICAS   AGE
websocket-hpa   Deployment/websocket-server   cpu: 107%/60%   2         15        4          2m24s
1781212409
NAME            REFERENCE                     TARGETS         MINPODS   MAXPODS   REPLICAS   AGE
websocket-hpa   Deployment/websocket-server   cpu: 107%/60%   2         15        4          2m29s
1781212414
NAME            REFERENCE                     TARGETS        MINPODS   MAXPODS   REPLICAS   AGE
websocket-hpa   Deployment/websocket-server   cpu: 98%/60%   2         15        6          2m34s
1781212419
NAME            REFERENCE                     TARGETS        MINPODS   MAXPODS   REPLICAS   AGE
websocket-hpa   Deployment/websocket-server   cpu: 98%/60%   2         15        6          2m39s
1781212424
NAME            REFERENCE                     TARGETS        MINPODS   MAXPODS   REPLICAS   AGE
websocket-hpa   Deployment/websocket-server   cpu: 98%/60%   2         15        6          2m44s
1781212429
NAME            REFERENCE                     TARGETS        MINPODS   MAXPODS   REPLICAS   AGE
websocket-hpa   Deployment/websocket-server   cpu: 78%/60%   2         15        6          2m49s
1781212434
NAME            REFERENCE                     TARGETS        MINPODS   MAXPODS   REPLICAS   AGE
websocket-hpa   Deployment/websocket-server   cpu: 78%/60%   2         15        6          2m54s
1781212439
NAME            REFERENCE                     TARGETS        MINPODS   MAXPODS   REPLICAS   AGE
websocket-hpa   Deployment/websocket-server   cpu: 78%/60%   2         15        6          2m59s
1781212444
NAME            REFERENCE                     TARGETS        MINPODS   MAXPODS   REPLICAS   AGE
websocket-hpa   Deployment/websocket-server   cpu: 72%/60%   2         15        8          3m4s
1781212449
NAME            REFERENCE                     TARGETS        MINPODS   MAXPODS   REPLICAS   AGE
websocket-hpa   Deployment/websocket-server   cpu: 72%/60%   2         15        8          3m9s
1781212454
NAME            REFERENCE                     TARGETS        MINPODS   MAXPODS   REPLICAS   AGE
websocket-hpa   Deployment/websocket-server   cpu: 72%/60%   2         15        8          3m14s
1781212459
NAME            REFERENCE                     TARGETS        MINPODS   MAXPODS   REPLICAS   AGE
websocket-hpa   Deployment/websocket-server   cpu: 36%/60%   2         15        8          3m19s
1781212464
NAME            REFERENCE                     TARGETS        MINPODS   MAXPODS   REPLICAS   AGE
websocket-hpa   Deployment/websocket-server   cpu: 36%/60%   2         15        8          3m24s
1781212469
NAME            REFERENCE                     TARGETS        MINPODS   MAXPODS   REPLICAS   AGE
websocket-hpa   Deployment/websocket-server   cpu: 36%/60%   2         15        8          3m29s
1781212474
NAME            REFERENCE                     TARGETS       MINPODS   MAXPODS   REPLICAS   AGE
websocket-hpa   Deployment/websocket-server   cpu: 2%/60%   2         15        8          3m34s
1781212479
NAME            REFERENCE                     TARGETS       MINPODS   MAXPODS   REPLICAS   AGE
websocket-hpa   Deployment/websocket-server   cpu: 2%/60%   2         15        8          3m39s
1781212484
NAME            REFERENCE                     TARGETS       MINPODS   MAXPODS   REPLICAS   AGE
websocket-hpa   Deployment/websocket-server   cpu: 2%/60%   2         15        8          3m44s
1781212489
NAME            REFERENCE                     TARGETS       MINPODS   MAXPODS   REPLICAS   AGE
websocket-hpa   Deployment/websocket-server   cpu: 2%/60%   2         15        8          3m50s
1781212495
NAME            REFERENCE                     TARGETS       MINPODS   MAXPODS   REPLICAS   AGE
websocket-hpa   Deployment/websocket-server   cpu: 2%/60%   2         15        8          3m55s
1781212500
NAME            REFERENCE                     TARGETS       MINPODS   MAXPODS   REPLICAS   AGE
websocket-hpa   Deployment/websocket-server   cpu: 2%/60%   2         15        8          4m
1781212505
NAME            REFERENCE                     TARGETS       MINPODS   MAXPODS   REPLICAS   AGE
websocket-hpa   Deployment/websocket-server   cpu: 2%/60%   2         15        8          4m5s
1781212510
NAME            REFERENCE                     TARGETS       MINPODS   MAXPODS   REPLICAS   AGE
websocket-hpa   Deployment/websocket-server   cpu: 2%/60%   2         15        8          4m10s
1781212515
NAME            REFERENCE                     TARGETS       MINPODS   MAXPODS   REPLICAS   AGE
websocket-hpa   Deployment/websocket-server   cpu: 2%/60%   2         15        8          4m15s
1781212520
NAME            REFERENCE                     TARGETS       MINPODS   MAXPODS   REPLICAS   AGE
websocket-hpa   Deployment/websocket-server   cpu: 2%/60%   2         15        8          4m20s
1781212525
NAME            REFERENCE                     TARGETS       MINPODS   MAXPODS   REPLICAS   AGE
websocket-hpa   Deployment/websocket-server   cpu: 2%/60%   2         15        8          4m25s
1781212530
NAME            REFERENCE                     TARGETS       MINPODS   MAXPODS   REPLICAS   AGE
websocket-hpa   Deployment/websocket-server   cpu: 2%/60%   2         15        8          4m30s
1781212535
NAME            REFERENCE                     TARGETS       MINPODS   MAXPODS   REPLICAS   AGE
websocket-hpa   Deployment/websocket-server   cpu: 2%/60%   2         15        8          4m35s
1781212540
NAME            REFERENCE                     TARGETS       MINPODS   MAXPODS   REPLICAS   AGE
websocket-hpa   Deployment/websocket-server   cpu: 2%/60%   2         15        8          4m40s
1781212545
NAME            REFERENCE                     TARGETS       MINPODS   MAXPODS   REPLICAS   AGE
websocket-hpa   Deployment/websocket-server   cpu: 2%/60%   2         15        8          4m45s
1781212550
NAME            REFERENCE                     TARGETS       MINPODS   MAXPODS   REPLICAS   AGE
websocket-hpa   Deployment/websocket-server   cpu: 2%/60%   2         15        8          4m50s
1781212555
NAME            REFERENCE                     TARGETS       MINPODS   MAXPODS   REPLICAS   AGE
websocket-hpa   Deployment/websocket-server   cpu: 2%/60%   2         15        8          4m55s
1781212560
NAME            REFERENCE                     TARGETS       MINPODS   MAXPODS   REPLICAS   AGE
websocket-hpa   Deployment/websocket-server   cpu: 2%/60%   2         15        8          5m
1781212565
NAME            REFERENCE                     TARGETS       MINPODS   MAXPODS   REPLICAS   AGE
websocket-hpa   Deployment/websocket-server   cpu: 2%/60%   2         15        8          5m5s
1781212570
NAME            REFERENCE                     TARGETS       MINPODS   MAXPODS   REPLICAS   AGE
websocket-hpa   Deployment/websocket-server   cpu: 2%/60%   2         15        8          5m10s
1781212575
NAME            REFERENCE                     TARGETS       MINPODS   MAXPODS   REPLICAS   AGE
websocket-hpa   Deployment/websocket-server   cpu: 2%/60%   2         15        8          5m15s
1781212580
NAME            REFERENCE                     TARGETS       MINPODS   MAXPODS   REPLICAS   AGE
websocket-hpa   Deployment/websocket-server   cpu: 2%/60%   2         15        8          5m20s
1781212585
NAME            REFERENCE                     TARGETS       MINPODS   MAXPODS   REPLICAS   AGE
websocket-hpa   Deployment/websocket-server   cpu: 2%/60%   2         15        8          5m25s
1781212590
NAME            REFERENCE                     TARGETS       MINPODS   MAXPODS   REPLICAS   AGE
websocket-hpa   Deployment/websocket-server   cpu: 2%/60%   2         15        8          5m30s
1781212595
NAME            REFERENCE                     TARGETS       MINPODS   MAXPODS   REPLICAS   AGE
websocket-hpa   Deployment/websocket-server   cpu: 2%/60%   2         15        8          5m35s
1781212600
NAME            REFERENCE                     TARGETS       MINPODS   MAXPODS   REPLICAS   AGE
websocket-hpa   Deployment/websocket-server   cpu: 2%/60%   2         15        8          5m41s
1781212606
NAME            REFERENCE                     TARGETS       MINPODS   MAXPODS   REPLICAS   AGE
websocket-hpa   Deployment/websocket-server   cpu: 2%/60%   2         15        8          5m46s
1781212611
NAME            REFERENCE                     TARGETS       MINPODS   MAXPODS   REPLICAS   AGE
websocket-hpa   Deployment/websocket-server   cpu: 2%/60%   2         15        8          5m51s
1781212616
NAME            REFERENCE                     TARGETS       MINPODS   MAXPODS   REPLICAS   AGE
websocket-hpa   Deployment/websocket-server   cpu: 2%/60%   2         15        8          5m56s
1781212621
NAME            REFERENCE                     TARGETS       MINPODS   MAXPODS   REPLICAS   AGE
websocket-hpa   Deployment/websocket-server   cpu: 2%/60%   2         15        8          6m1s
1781212626
NAME            REFERENCE                     TARGETS       MINPODS   MAXPODS   REPLICAS   AGE
websocket-hpa   Deployment/websocket-server   cpu: 2%/60%   2         15        8          6m6s
1781212631
NAME            REFERENCE                     TARGETS       MINPODS   MAXPODS   REPLICAS   AGE
websocket-hpa   Deployment/websocket-server   cpu: 2%/60%   2         15        8          6m11s
1781212636
NAME            REFERENCE                     TARGETS       MINPODS   MAXPODS   REPLICAS   AGE
websocket-hpa   Deployment/websocket-server   cpu: 2%/60%   2         15        8          6m16s
1781212641
NAME            REFERENCE                     TARGETS       MINPODS   MAXPODS   REPLICAS   AGE
websocket-hpa   Deployment/websocket-server   cpu: 2%/60%   2         15        8          6m21s
1781212646
NAME            REFERENCE                     TARGETS       MINPODS   MAXPODS   REPLICAS   AGE
websocket-hpa   Deployment/websocket-server   cpu: 2%/60%   2         15        8          6m26s
1781212651
NAME            REFERENCE                     TARGETS       MINPODS   MAXPODS   REPLICAS   AGE
websocket-hpa   Deployment/websocket-server   cpu: 2%/60%   2         15        8          6m31s
1781212656
NAME            REFERENCE                     TARGETS       MINPODS   MAXPODS   REPLICAS   AGE
websocket-hpa   Deployment/websocket-server   cpu: 2%/60%   2         15        8          6m36s
1781212661
NAME            REFERENCE                     TARGETS       MINPODS   MAXPODS   REPLICAS   AGE
websocket-hpa   Deployment/websocket-server   cpu: 2%/60%   2         15        8          6m41s
1781212666
NAME            REFERENCE                     TARGETS       MINPODS   MAXPODS   REPLICAS   AGE
websocket-hpa   Deployment/websocket-server   cpu: 2%/60%   2         15        8          6m46s
1781212671
NAME            REFERENCE                     TARGETS       MINPODS   MAXPODS   REPLICAS   AGE
websocket-hpa   Deployment/websocket-server   cpu: 2%/60%   2         15        8          6m51s
1781212676
NAME            REFERENCE                     TARGETS       MINPODS   MAXPODS   REPLICAS   AGE
websocket-hpa   Deployment/websocket-server   cpu: 2%/60%   2         15        8          6m56s
1781212681
NAME            REFERENCE                     TARGETS       MINPODS   MAXPODS   REPLICAS   AGE
websocket-hpa   Deployment/websocket-server   cpu: 2%/60%   2         15        8          7m1s
1781212686
NAME            REFERENCE                     TARGETS       MINPODS   MAXPODS   REPLICAS   AGE
websocket-hpa   Deployment/websocket-server   cpu: 2%/60%   2         15        8          7m6s
1781212691
NAME            REFERENCE                     TARGETS       MINPODS   MAXPODS   REPLICAS   AGE
websocket-hpa   Deployment/websocket-server   cpu: 2%/60%   2         15        8          7m11s
1781212696
NAME            REFERENCE                     TARGETS       MINPODS   MAXPODS   REPLICAS   AGE
websocket-hpa   Deployment/websocket-server   cpu: 2%/60%   2         15        8          7m16s
1781212701
NAME            REFERENCE                     TARGETS       MINPODS   MAXPODS   REPLICAS   AGE
websocket-hpa   Deployment/websocket-server   cpu: 2%/60%   2         15        8          7m21s
1781212706
NAME            REFERENCE                     TARGETS       MINPODS   MAXPODS   REPLICAS   AGE
websocket-hpa   Deployment/websocket-server   cpu: 2%/60%   2         15        8          7m26s
1781212711
NAME            REFERENCE                     TARGETS       MINPODS   MAXPODS   REPLICAS   AGE
websocket-hpa   Deployment/websocket-server   cpu: 2%/60%   2         15        8          7m31s
1781212716
NAME            REFERENCE                     TARGETS       MINPODS   MAXPODS   REPLICAS   AGE
websocket-hpa   Deployment/websocket-server   cpu: 2%/60%   2         15        8          7m36s
1781212721
NAME            REFERENCE                     TARGETS       MINPODS   MAXPODS   REPLICAS   AGE
websocket-hpa   Deployment/websocket-server   cpu: 2%/60%   2         15        8          7m42s
1781212727
NAME            REFERENCE                     TARGETS       MINPODS   MAXPODS   REPLICAS   AGE
websocket-hpa   Deployment/websocket-server   cpu: 2%/60%   2         15        8          7m47s
