1781209278
websocket-server-8585946c55-5swxc   16m   28Mi   
websocket-server-8585946c55-f6fxg   1m    27Mi   
1781209283
websocket-server-8585946c55-5swxc   1m    28Mi   
websocket-server-8585946c55-f6fxg   1m    27Mi   
1781209288
websocket-server-8585946c55-5swxc   1m    28Mi   
websocket-server-8585946c55-f6fxg   1m    27Mi   
1781209293
websocket-server-8585946c55-5swxc   1m    28Mi   
websocket-server-8585946c55-f6fxg   1m    27Mi   
1781209298
websocket-server-8585946c55-5swxc   1m    28Mi   
websocket-server-8585946c55-f6fxg   1m    27Mi   
1781209303
websocket-server-8585946c55-5swxc   1m    28Mi   
websocket-server-8585946c55-f6fxg   1m    27Mi   
1781209308
websocket-server-8585946c55-5swxc   1m    28Mi   
websocket-server-8585946c55-f6fxg   1m    27Mi   
1781209313
websocket-server-8585946c55-5swxc   7m    29Mi   
websocket-server-8585946c55-f6fxg   4m    28Mi   
1781209318
websocket-server-8585946c55-5swxc   7m    29Mi   
websocket-server-8585946c55-f6fxg   4m    28Mi   
1781209323
websocket-server-8585946c55-5swxc   7m    29Mi   
websocket-server-8585946c55-f6fxg   4m    28Mi   
1781209328
websocket-server-8585946c55-5swxc   40m   33Mi   
websocket-server-8585946c55-f6fxg   44m   34Mi   
1781209333
websocket-server-8585946c55-5swxc   40m   33Mi   
websocket-server-8585946c55-f6fxg   44m   34Mi   
1781209338
websocket-server-8585946c55-5swxc   40m   33Mi   
websocket-server-8585946c55-f6fxg   44m   34Mi   
1781209343
websocket-server-8585946c55-5swxc   86m   39Mi   
websocket-server-8585946c55-f6fxg   88m   39Mi   
1781209349
websocket-server-8585946c55-5swxc   86m   39Mi   
websocket-server-8585946c55-f6fxg   88m   39Mi   
1781209354
websocket-server-8585946c55-5swxc   86m   39Mi   
websocket-server-8585946c55-f6fxg   88m   39Mi   
1781209359
websocket-server-8585946c55-5swxc   86m    39Mi   
websocket-server-8585946c55-f6fxg   126m   41Mi   
1781209364
websocket-server-8585946c55-5swxc   86m    39Mi   
websocket-server-8585946c55-f6fxg   126m   41Mi   
1781209369
websocket-server-8585946c55-5swxc   86m    39Mi   
websocket-server-8585946c55-f6fxg   126m   41Mi   
1781209374
websocket-server-8585946c55-5swxc   124m   43Mi   
websocket-server-8585946c55-btmfs   18m    29Mi   
websocket-server-8585946c55-f6fxg   153m   45Mi   
1781209379
websocket-server-8585946c55-5swxc   124m   43Mi   
websocket-server-8585946c55-btmfs   18m    29Mi   
websocket-server-8585946c55-f6fxg   153m   45Mi   
1781209384
websocket-server-8585946c55-5swxc   124m   43Mi   
websocket-server-8585946c55-btmfs   18m    29Mi   
websocket-server-8585946c55-f6fxg   153m   45Mi   
1781209389
websocket-server-8585946c55-5swxc   161m   47Mi   
websocket-server-8585946c55-btmfs   35m    32Mi   
websocket-server-8585946c55-f6fxg   173m   47Mi   
websocket-server-8585946c55-sxs8s   18m    29Mi   
1781209394
websocket-server-8585946c55-5swxc   161m   47Mi   
websocket-server-8585946c55-btmfs   35m    32Mi   
websocket-server-8585946c55-f6fxg   173m   47Mi   
websocket-server-8585946c55-sxs8s   18m    29Mi   
1781209399
websocket-server-8585946c55-5swxc   161m   47Mi   
websocket-server-8585946c55-btmfs   35m    32Mi   
websocket-server-8585946c55-f6fxg   173m   47Mi   
websocket-server-8585946c55-sxs8s   18m    29Mi   
1781209404
websocket-server-8585946c55-5swxc   169m   46Mi   
websocket-server-8585946c55-btmfs   35m    32Mi   
websocket-server-8585946c55-f6fxg   190m   48Mi   
websocket-server-8585946c55-lpbhf   24m    27Mi   
websocket-server-8585946c55-sxs8s   18m    29Mi   
1781209409
websocket-server-8585946c55-5swxc   169m   46Mi   
websocket-server-8585946c55-btmfs   35m    32Mi   
websocket-server-8585946c55-f6fxg   190m   48Mi   
websocket-server-8585946c55-lpbhf   24m    27Mi   
websocket-server-8585946c55-sxs8s   18m    29Mi   
1781209414
websocket-server-8585946c55-5swxc   169m   46Mi   
websocket-server-8585946c55-btmfs   35m    32Mi   
websocket-server-8585946c55-f6fxg   190m   48Mi   
websocket-server-8585946c55-lpbhf   24m    27Mi   
websocket-server-8585946c55-sxs8s   18m    29Mi   
1781209419
websocket-server-8585946c55-5swxc   170m   47Mi   
websocket-server-8585946c55-btmfs   42m    32Mi   
websocket-server-8585946c55-f6fxg   191m   48Mi   
websocket-server-8585946c55-fsrxn   17m    27Mi   
websocket-server-8585946c55-lpbhf   4m     28Mi   
websocket-server-8585946c55-sxs8s   22m    29Mi   
websocket-server-8585946c55-ztgdj   22m    27Mi   
1781209424
websocket-server-8585946c55-5swxc   170m   47Mi   
websocket-server-8585946c55-btmfs   42m    32Mi   
websocket-server-8585946c55-f6fxg   191m   48Mi   
websocket-server-8585946c55-fsrxn   17m    27Mi   
websocket-server-8585946c55-lpbhf   4m     28Mi   
websocket-server-8585946c55-sxs8s   22m    29Mi   
websocket-server-8585946c55-ztgdj   22m    27Mi   
1781209429
websocket-server-8585946c55-5swxc   170m   47Mi   
websocket-server-8585946c55-btmfs   42m    32Mi   
websocket-server-8585946c55-f6fxg   191m   48Mi   
websocket-server-8585946c55-fsrxn   17m    27Mi   
websocket-server-8585946c55-lpbhf   4m     28Mi   
websocket-server-8585946c55-sxs8s   22m    29Mi   
websocket-server-8585946c55-ztgdj   22m    27Mi   
1781209434
websocket-server-8585946c55-5swxc   170m   47Mi   
websocket-server-8585946c55-btmfs   35m    31Mi   
websocket-server-8585946c55-f6fxg   70m    48Mi   
websocket-server-8585946c55-fsrxn   1m     27Mi   
websocket-server-8585946c55-lpbhf   2m     28Mi   
websocket-server-8585946c55-sxs8s   22m    29Mi   
websocket-server-8585946c55-ztgdj   1m     27Mi   
1781209439
websocket-server-8585946c55-5swxc   170m   47Mi   
websocket-server-8585946c55-btmfs   35m    31Mi   
websocket-server-8585946c55-f6fxg   70m    48Mi   
websocket-server-8585946c55-fsrxn   1m     27Mi   
websocket-server-8585946c55-lpbhf   2m     28Mi   
websocket-server-8585946c55-sxs8s   22m    29Mi   
websocket-server-8585946c55-ztgdj   1m     27Mi   
1781209444
websocket-server-8585946c55-5swxc   170m   47Mi   
websocket-server-8585946c55-btmfs   35m    31Mi   
websocket-server-8585946c55-f6fxg   70m    48Mi   
websocket-server-8585946c55-fsrxn   1m     27Mi   
websocket-server-8585946c55-lpbhf   2m     28Mi   
websocket-server-8585946c55-sxs8s   22m    29Mi   
websocket-server-8585946c55-ztgdj   1m     27Mi   
1781209449
websocket-server-8585946c55-5swxc   7m    46Mi   
websocket-server-8585946c55-btmfs   2m    31Mi   
websocket-server-8585946c55-f6fxg   5m    48Mi   
websocket-server-8585946c55-fsrxn   1m    27Mi   
websocket-server-8585946c55-lpbhf   1m    28Mi   
websocket-server-8585946c55-sxs8s   2m    29Mi   
websocket-server-8585946c55-ztgdj   1m    27Mi   
1781209455
websocket-server-8585946c55-5swxc   7m    46Mi   
websocket-server-8585946c55-btmfs   2m    31Mi   
websocket-server-8585946c55-f6fxg   5m    48Mi   
websocket-server-8585946c55-fsrxn   1m    27Mi   
websocket-server-8585946c55-lpbhf   1m    28Mi   
websocket-server-8585946c55-sxs8s   2m    29Mi   
websocket-server-8585946c55-ztgdj   1m    27Mi   
1781209460
websocket-server-8585946c55-5swxc   7m    46Mi   
websocket-server-8585946c55-btmfs   2m    31Mi   
websocket-server-8585946c55-f6fxg   5m    48Mi   
websocket-server-8585946c55-fsrxn   1m    27Mi   
websocket-server-8585946c55-lpbhf   1m    28Mi   
websocket-server-8585946c55-sxs8s   2m    29Mi   
websocket-server-8585946c55-ztgdj   1m    27Mi   
1781209465
websocket-server-8585946c55-5swxc   5m    46Mi   
websocket-server-8585946c55-btmfs   1m    31Mi   
websocket-server-8585946c55-f6fxg   5m    48Mi   
websocket-server-8585946c55-fsrxn   1m    27Mi   
websocket-server-8585946c55-lpbhf   1m    28Mi   
websocket-server-8585946c55-sxs8s   1m    29Mi   
websocket-server-8585946c55-ztgdj   1m    27Mi   
1781209470
websocket-server-8585946c55-5swxc   5m    46Mi   
websocket-server-8585946c55-btmfs   1m    31Mi   
websocket-server-8585946c55-f6fxg   5m    48Mi   
websocket-server-8585946c55-fsrxn   1m    27Mi   
websocket-server-8585946c55-lpbhf   1m    28Mi   
websocket-server-8585946c55-sxs8s   1m    29Mi   
websocket-server-8585946c55-ztgdj   1m    27Mi   
1781209475
websocket-server-8585946c55-5swxc   5m    46Mi   
websocket-server-8585946c55-btmfs   1m    31Mi   
websocket-server-8585946c55-f6fxg   5m    48Mi   
websocket-server-8585946c55-fsrxn   1m    27Mi   
websocket-server-8585946c55-lpbhf   1m    28Mi   
websocket-server-8585946c55-sxs8s   1m    29Mi   
websocket-server-8585946c55-ztgdj   1m    27Mi   
1781209480
websocket-server-8585946c55-5swxc   5m    46Mi   
websocket-server-8585946c55-btmfs   2m    31Mi   
websocket-server-8585946c55-f6fxg   5m    48Mi   
websocket-server-8585946c55-fsrxn   0m    27Mi   
websocket-server-8585946c55-lpbhf   1m    28Mi   
websocket-server-8585946c55-sxs8s   1m    29Mi   
websocket-server-8585946c55-ztgdj   1m    27Mi   
1781209485
websocket-server-8585946c55-5swxc   5m    46Mi   
websocket-server-8585946c55-btmfs   2m    31Mi   
websocket-server-8585946c55-f6fxg   5m    48Mi   
websocket-server-8585946c55-fsrxn   0m    27Mi   
websocket-server-8585946c55-lpbhf   1m    28Mi   
websocket-server-8585946c55-sxs8s   1m    29Mi   
websocket-server-8585946c55-ztgdj   1m    27Mi   
1781209490
websocket-server-8585946c55-5swxc   5m    46Mi   
websocket-server-8585946c55-btmfs   2m    31Mi   
websocket-server-8585946c55-f6fxg   5m    48Mi   
websocket-server-8585946c55-fsrxn   0m    27Mi   
websocket-server-8585946c55-lpbhf   1m    28Mi   
websocket-server-8585946c55-sxs8s   1m    29Mi   
websocket-server-8585946c55-ztgdj   1m    27Mi   
1781209495
websocket-server-8585946c55-5swxc   5m    47Mi   
websocket-server-8585946c55-btmfs   2m    31Mi   
websocket-server-8585946c55-f6fxg   5m    48Mi   
websocket-server-8585946c55-fsrxn   0m    27Mi   
websocket-server-8585946c55-lpbhf   1m    28Mi   
websocket-server-8585946c55-sxs8s   1m    29Mi   
websocket-server-8585946c55-ztgdj   1m    27Mi   
1781209500
websocket-server-8585946c55-5swxc   5m    47Mi   
websocket-server-8585946c55-btmfs   2m    31Mi   
websocket-server-8585946c55-f6fxg   5m    48Mi   
websocket-server-8585946c55-fsrxn   0m    27Mi   
websocket-server-8585946c55-lpbhf   1m    28Mi   
websocket-server-8585946c55-sxs8s   1m    29Mi   
websocket-server-8585946c55-ztgdj   1m    27Mi   
1781209505
websocket-server-8585946c55-5swxc   5m    47Mi   
websocket-server-8585946c55-btmfs   2m    31Mi   
websocket-server-8585946c55-f6fxg   5m    48Mi   
websocket-server-8585946c55-fsrxn   0m    27Mi   
websocket-server-8585946c55-lpbhf   1m    28Mi   
websocket-server-8585946c55-sxs8s   1m    29Mi   
websocket-server-8585946c55-ztgdj   1m    27Mi   
1781209510
websocket-server-8585946c55-5swxc   5m    46Mi   
websocket-server-8585946c55-btmfs   2m    31Mi   
websocket-server-8585946c55-f6fxg   5m    48Mi   
websocket-server-8585946c55-fsrxn   1m    27Mi   
websocket-server-8585946c55-lpbhf   1m    28Mi   
websocket-server-8585946c55-sxs8s   1m    29Mi   
websocket-server-8585946c55-ztgdj   1m    27Mi   
1781209515
websocket-server-8585946c55-5swxc   5m    46Mi   
websocket-server-8585946c55-btmfs   2m    31Mi   
websocket-server-8585946c55-f6fxg   5m    48Mi   
websocket-server-8585946c55-fsrxn   1m    27Mi   
websocket-server-8585946c55-lpbhf   1m    28Mi   
websocket-server-8585946c55-sxs8s   1m    29Mi   
websocket-server-8585946c55-ztgdj   1m    27Mi   
1781209520
websocket-server-8585946c55-5swxc   5m    46Mi   
websocket-server-8585946c55-btmfs   2m    31Mi   
websocket-server-8585946c55-f6fxg   5m    48Mi   
websocket-server-8585946c55-fsrxn   1m    27Mi   
websocket-server-8585946c55-lpbhf   1m    28Mi   
websocket-server-8585946c55-sxs8s   1m    29Mi   
websocket-server-8585946c55-ztgdj   1m    27Mi   
1781209525
websocket-server-8585946c55-5swxc   5m    46Mi   
websocket-server-8585946c55-btmfs   2m    31Mi   
websocket-server-8585946c55-f6fxg   5m    48Mi   
websocket-server-8585946c55-fsrxn   1m    27Mi   
websocket-server-8585946c55-lpbhf   1m    28Mi   
websocket-server-8585946c55-sxs8s   1m    29Mi   
websocket-server-8585946c55-ztgdj   1m    27Mi   
1781209530
websocket-server-8585946c55-5swxc   5m    46Mi   
websocket-server-8585946c55-btmfs   2m    31Mi   
websocket-server-8585946c55-f6fxg   5m    48Mi   
websocket-server-8585946c55-fsrxn   1m    27Mi   
websocket-server-8585946c55-lpbhf   1m    28Mi   
websocket-server-8585946c55-sxs8s   1m    29Mi   
websocket-server-8585946c55-ztgdj   1m    27Mi   
1781209535
websocket-server-8585946c55-5swxc   5m    46Mi   
websocket-server-8585946c55-btmfs   2m    31Mi   
websocket-server-8585946c55-f6fxg   5m    48Mi   
websocket-server-8585946c55-fsrxn   1m    27Mi   
websocket-server-8585946c55-lpbhf   1m    28Mi   
websocket-server-8585946c55-sxs8s   1m    29Mi   
websocket-server-8585946c55-ztgdj   1m    27Mi   
