1783193273
active_connections 0
1783193278
active_connections 18
1783193283
active_connections 45
1783193288
active_connections 66
1783193293
active_connections 86
1783193298
active_connections 107
1783193303
active_connections 128
1783193308
active_connections 156
1783193313
active_connections 180
1783193318
active_connections 206
1783193323
active_connections 226
1783193328
active_connections 231
1783193333
active_connections 238
1783193338
active_connections 247
1783193343
active_connections 252
1783193348
active_connections 261
1783193353
active_connections 268
1783193358
active_connections 279
1783193363
active_connections 0
1783193369
active_connections 5
1783193374
active_connections 7
1783193379
active_connections 8
1783193384
active_connections 13
1783193389
active_connections 18
1783193394
active_connections 25
1783193399
active_connections 29
1783193404
active_connections 31
1783193409
active_connections 37
1783193414
active_connections 40
1783193419
active_connections 45
1783193424
active_connections 48
1783193429
active_connections 51
1783193434
active_connections 53
1783193439
active_connections 59
1783193444
active_connections 63
1783193449
active_connections 68
1783193454
active_connections 0
1783193459
active_connections 6
1783193464
active_connections 11
1783193469
active_connections 15
1783193474
active_connections 21
1783193479
active_connections 26
1783193484
active_connections 29
1783193489
active_connections 35
1783193494
active_connections 40
1783193499
active_connections 45
1783193504
active_connections 52
1783193509
active_connections 56
1783193514
active_connections 57
1783193519
active_connections 64
1783193524
active_connections 65
1783193529
active_connections 68
1783193534
active_connections 74
1783193539
active_connections 78
1783193544
active_connections 0
1783193549
active_connections 2
1783193554
active_connections 7
1783193559
active_connections 9
1783193565
active_connections 13
1783193570
active_connections 18
1783193575
active_connections 23
1783193580
active_connections 30
1783193585
active_connections 35
1783193590
active_connections 45
1783193595
active_connections 49
1783193600
active_connections 53
1783193605
active_connections 58
1783193610
active_connections 66
1783193615
active_connections 69
1783193620
active_connections 71
1783193625
active_connections 76
1783193630
active_connections 77
1783193635
active_connections 0
1783193640
active_connections 4
1783193645
active_connections 13
1783193650
active_connections 19
1783193655
active_connections 21
1783193660
active_connections 24
1783193665
active_connections 29
1783193670
active_connections 34
1783193675
active_connections 36
1783193680
active_connections 39
1783193685
active_connections 41
1783193690
active_connections 43
1783193695
active_connections 49
1783193700
active_connections 53
1783193705
active_connections 55
1783193710
active_connections 58
1783193715
active_connections 62
1783193720
active_connections 70
1783193725
active_connections 0
1783193730
active_connections 0
1783193735
active_connections 0
1783193740
active_connections 0
1783193745
active_connections 0
1783193750
active_connections 0
1783193755
active_connections 0
1783193760
active_connections 0
1783193765
active_connections 0
1783193770
active_connections 0
1783193775
active_connections 0
1783193780
active_connections 0
1783193785
active_connections 0
1783193790
active_connections 0
1783193795
active_connections 0
1783193800
active_connections 0
1783193806
active_connections 0
1783193811
active_connections 0
1783193816
active_connections 0
1783193821
active_connections 0
1783193826
active_connections 0
1783193831
active_connections 0
1783193836
active_connections 0
1783193841
active_connections 0
1783193846
active_connections 0
1783193851
active_connections 0
1783193856
active_connections 0
1783193861
active_connections 0
1783193866
active_connections 0
1783193871
active_connections 0
1783193876
active_connections 0
1783193881
active_connections 0
1783193886
active_connections 0
1783193891
active_connections 0
1783193896
active_connections 0
1783193901
active_connections 0
1783193906
active_connections 0
1783193911
active_connections 0
1783193916
active_connections 0
1783193921
active_connections 0
1783193926
active_connections 0
1783193931
active_connections 0
1783193936
active_connections 0
1783193941
active_connections 0
1783193946
active_connections 0
1783193951
active_connections 0
1783193956
active_connections 0
1783193961
active_connections 0
1783193966
active_connections 0
1783193971
active_connections 0
1783193976
active_connections 0
1783193981
active_connections 0
1783193986
active_connections 0
1783193991
active_connections 0
1783193996
active_connections 0
1783194001
active_connections 0
1783194006
active_connections 0
1783194011
active_connections 0
1783194016
active_connections 0
1783194021
active_connections 0
1783194026
active_connections 0
1783194031
active_connections 0
1783194036
active_connections 0
1783194041
active_connections 0
1783194046
active_connections 0
1783194051
active_connections 0
1783194057
active_connections 0
1783194062
active_connections 0
1783194067
active_connections 0
1783194072
