1783193268
websocket-server-5d44fc8b6-7gmjr   0m    36Mi   
websocket-server-5d44fc8b6-drj5f   0m    40Mi   
1783193273
websocket-server-5d44fc8b6-7gmjr   0m    36Mi   
websocket-server-5d44fc8b6-drj5f   0m    40Mi   
1783193278
websocket-server-5d44fc8b6-7gmjr   0m    36Mi   
websocket-server-5d44fc8b6-drj5f   0m    40Mi   
1783193284
websocket-server-5d44fc8b6-7gmjr   0m    36Mi   
websocket-server-5d44fc8b6-drj5f   0m    40Mi   
1783193289
websocket-loadgen-9qdgc            108m   32Mi   
websocket-server-5d44fc8b6-7gmjr   0m     36Mi   
websocket-server-5d44fc8b6-drj5f   0m     40Mi   
websocket-server-5d44fc8b6-gs4dl   66m    27Mi   
websocket-server-5d44fc8b6-lkmg6   48m    28Mi   
1783193294
websocket-loadgen-9qdgc            108m   32Mi   
websocket-server-5d44fc8b6-gs4dl   66m    27Mi   
websocket-server-5d44fc8b6-lkmg6   48m    28Mi   
1783193299
websocket-loadgen-9qdgc            108m   32Mi   
websocket-server-5d44fc8b6-gs4dl   66m    27Mi   
websocket-server-5d44fc8b6-lkmg6   48m    28Mi   
1783193304
websocket-loadgen-9qdgc            51m    39Mi   
websocket-server-5d44fc8b6-gs4dl   136m   33Mi   
websocket-server-5d44fc8b6-lkmg6   125m   32Mi   
1783193309
websocket-loadgen-9qdgc            51m    39Mi   
websocket-server-5d44fc8b6-gs4dl   136m   33Mi   
websocket-server-5d44fc8b6-lkmg6   125m   32Mi   
1783193314
websocket-loadgen-9qdgc            51m    39Mi   
websocket-server-5d44fc8b6-gs4dl   136m   33Mi   
websocket-server-5d44fc8b6-lkmg6   125m   32Mi   
1783193319
websocket-loadgen-9qdgc            51m    39Mi   
websocket-server-5d44fc8b6-gs4dl   235m   36Mi   
websocket-server-5d44fc8b6-lkmg6   208m   34Mi   
1783193324
websocket-loadgen-9qdgc            51m    39Mi   
websocket-server-5d44fc8b6-gs4dl   235m   36Mi   
websocket-server-5d44fc8b6-lkmg6   208m   34Mi   
1783193330
websocket-loadgen-9qdgc            51m    39Mi   
websocket-server-5d44fc8b6-gs4dl   235m   36Mi   
websocket-server-5d44fc8b6-lkmg6   208m   34Mi   
1783193335
websocket-loadgen-9qdgc            68m    48Mi   
websocket-server-5d44fc8b6-gs4dl   333m   39Mi   
websocket-server-5d44fc8b6-lkmg6   308m   38Mi   
websocket-server-5d44fc8b6-sjr7r   80m    27Mi   
websocket-server-5d44fc8b6-xgkzz   74m    27Mi   
1783193340
websocket-loadgen-9qdgc            68m    48Mi   
websocket-server-5d44fc8b6-gs4dl   333m   39Mi   
websocket-server-5d44fc8b6-lkmg6   308m   38Mi   
websocket-server-5d44fc8b6-sjr7r   80m    27Mi   
websocket-server-5d44fc8b6-xgkzz   74m    27Mi   
1783193345
websocket-loadgen-9qdgc            68m    48Mi   
websocket-server-5d44fc8b6-gs4dl   333m   39Mi   
websocket-server-5d44fc8b6-lkmg6   308m   38Mi   
websocket-server-5d44fc8b6-sjr7r   80m    27Mi   
websocket-server-5d44fc8b6-xgkzz   74m    27Mi   
1783193350
websocket-loadgen-9qdgc            85m    57Mi   
websocket-server-5d44fc8b6-7fc57   73m    26Mi   
websocket-server-5d44fc8b6-gs4dl   369m   40Mi   
websocket-server-5d44fc8b6-lkmg6   372m   40Mi   
websocket-server-5d44fc8b6-mmbg7   71m    26Mi   
websocket-server-5d44fc8b6-sjr7r   77m    27Mi   
websocket-server-5d44fc8b6-xgkzz   68m    28Mi   
1783193355
websocket-loadgen-9qdgc            85m    57Mi   
websocket-server-5d44fc8b6-7fc57   73m    26Mi   
websocket-server-5d44fc8b6-gs4dl   369m   40Mi   
websocket-server-5d44fc8b6-lkmg6   372m   40Mi   
websocket-server-5d44fc8b6-mmbg7   71m    26Mi   
websocket-server-5d44fc8b6-sjr7r   77m    27Mi   
websocket-server-5d44fc8b6-xgkzz   68m    28Mi   
1783193360
websocket-loadgen-9qdgc            85m    57Mi   
websocket-server-5d44fc8b6-7fc57   73m    26Mi   
websocket-server-5d44fc8b6-gs4dl   369m   40Mi   
websocket-server-5d44fc8b6-lkmg6   372m   40Mi   
websocket-server-5d44fc8b6-mmbg7   71m    26Mi   
websocket-server-5d44fc8b6-sjr7r   77m    27Mi   
websocket-server-5d44fc8b6-xgkzz   68m    28Mi   
1783193366
websocket-server-5d44fc8b6-7fc57   67m    28Mi   
websocket-server-5d44fc8b6-fwg58   67m    26Mi   
websocket-server-5d44fc8b6-gs4dl   428m   42Mi   
websocket-server-5d44fc8b6-lkmg6   433m   41Mi   
websocket-server-5d44fc8b6-mmbg7   46m    27Mi   
websocket-server-5d44fc8b6-sjr7r   81m    28Mi   
websocket-server-5d44fc8b6-xgkzz   92m    29Mi   
1783193371
websocket-server-5d44fc8b6-7fc57   67m    28Mi   
websocket-server-5d44fc8b6-fwg58   67m    26Mi   
websocket-server-5d44fc8b6-gs4dl   428m   42Mi   
websocket-server-5d44fc8b6-lkmg6   433m   41Mi   
websocket-server-5d44fc8b6-mmbg7   46m    27Mi   
websocket-server-5d44fc8b6-sjr7r   81m    28Mi   
websocket-server-5d44fc8b6-xgkzz   92m    29Mi   
1783193376
websocket-server-5d44fc8b6-7fc57   67m    28Mi   
websocket-server-5d44fc8b6-fwg58   67m    26Mi   
websocket-server-5d44fc8b6-gs4dl   428m   42Mi   
websocket-server-5d44fc8b6-lkmg6   433m   41Mi   
websocket-server-5d44fc8b6-mmbg7   46m    27Mi   
websocket-server-5d44fc8b6-sjr7r   81m    28Mi   
websocket-server-5d44fc8b6-xgkzz   92m    29Mi   
1783193381
websocket-loadgen-8x7kf            119m   30Mi   
websocket-server-5d44fc8b6-7fc57   43m    28Mi   
websocket-server-5d44fc8b6-b6bk2   64m    26Mi   
websocket-server-5d44fc8b6-fwg58   63m    26Mi   
websocket-server-5d44fc8b6-gs4dl   189m   41Mi   
websocket-server-5d44fc8b6-lkmg6   227m   41Mi   
websocket-server-5d44fc8b6-mmbg7   46m    27Mi   
websocket-server-5d44fc8b6-nrxc4   59m    26Mi   
websocket-server-5d44fc8b6-sjr7r   84m    29Mi   
websocket-server-5d44fc8b6-vg2n6   59m    25Mi   
websocket-server-5d44fc8b6-xgkzz   84m    30Mi   
1783193386
websocket-loadgen-8x7kf            119m   30Mi   
websocket-server-5d44fc8b6-7fc57   43m    28Mi   
websocket-server-5d44fc8b6-b6bk2   64m    26Mi   
websocket-server-5d44fc8b6-fwg58   63m    26Mi   
websocket-server-5d44fc8b6-gs4dl   189m   41Mi   
websocket-server-5d44fc8b6-lkmg6   227m   41Mi   
websocket-server-5d44fc8b6-mmbg7   46m    27Mi   
websocket-server-5d44fc8b6-nrxc4   59m    26Mi   
websocket-server-5d44fc8b6-sjr7r   84m    29Mi   
websocket-server-5d44fc8b6-vg2n6   59m    25Mi   
websocket-server-5d44fc8b6-xgkzz   84m    30Mi   
1783193391
websocket-loadgen-8x7kf            119m   30Mi   
websocket-server-5d44fc8b6-7fc57   43m    28Mi   
websocket-server-5d44fc8b6-b6bk2   64m    26Mi   
websocket-server-5d44fc8b6-fwg58   63m    26Mi   
websocket-server-5d44fc8b6-gs4dl   189m   41Mi   
websocket-server-5d44fc8b6-lkmg6   227m   41Mi   
websocket-server-5d44fc8b6-mmbg7   46m    27Mi   
websocket-server-5d44fc8b6-nrxc4   59m    26Mi   
websocket-server-5d44fc8b6-sjr7r   84m    29Mi   
websocket-server-5d44fc8b6-vg2n6   59m    25Mi   
websocket-server-5d44fc8b6-xgkzz   84m    30Mi   
1783193396
websocket-loadgen-8x7kf            119m   30Mi   
websocket-server-5d44fc8b6-7fc57   22m    29Mi   
websocket-server-5d44fc8b6-b6bk2   64m    26Mi   
websocket-server-5d44fc8b6-fwg58   17m    27Mi   
websocket-server-5d44fc8b6-gs4dl   189m   41Mi   
websocket-server-5d44fc8b6-lkmg6   33m    41Mi   
websocket-server-5d44fc8b6-mmbg7   31m    29Mi   
websocket-server-5d44fc8b6-nrxc4   56m    26Mi   
websocket-server-5d44fc8b6-sjr7r   24m    30Mi   
websocket-server-5d44fc8b6-vg2n6   59m    25Mi   
websocket-server-5d44fc8b6-xgkzz   19m    30Mi   
1783193401
websocket-loadgen-8x7kf            119m   30Mi   
websocket-server-5d44fc8b6-7fc57   22m    29Mi   
websocket-server-5d44fc8b6-b6bk2   64m    26Mi   
websocket-server-5d44fc8b6-fwg58   17m    27Mi   
websocket-server-5d44fc8b6-gs4dl   189m   41Mi   
websocket-server-5d44fc8b6-lkmg6   33m    41Mi   
websocket-server-5d44fc8b6-mmbg7   31m    29Mi   
websocket-server-5d44fc8b6-nrxc4   56m    26Mi   
websocket-server-5d44fc8b6-sjr7r   24m    30Mi   
websocket-server-5d44fc8b6-vg2n6   59m    25Mi   
websocket-server-5d44fc8b6-xgkzz   19m    30Mi   
1783193406
websocket-loadgen-8x7kf            119m   30Mi   
websocket-server-5d44fc8b6-7fc57   22m    29Mi   
websocket-server-5d44fc8b6-b6bk2   64m    26Mi   
websocket-server-5d44fc8b6-fwg58   17m    27Mi   
websocket-server-5d44fc8b6-gs4dl   189m   41Mi   
websocket-server-5d44fc8b6-lkmg6   33m    41Mi   
websocket-server-5d44fc8b6-mmbg7   31m    29Mi   
websocket-server-5d44fc8b6-nrxc4   56m    26Mi   
websocket-server-5d44fc8b6-sjr7r   24m    30Mi   
websocket-server-5d44fc8b6-vg2n6   59m    25Mi   
websocket-server-5d44fc8b6-xgkzz   19m    30Mi   
1783193412
websocket-loadgen-8x7kf            48m   41Mi   
websocket-server-5d44fc8b6-7fc57   40m   29Mi   
websocket-server-5d44fc8b6-b6bk2   23m   26Mi   
websocket-server-5d44fc8b6-fwg58   39m   27Mi   
websocket-server-5d44fc8b6-gs4dl   32m   41Mi   
websocket-server-5d44fc8b6-lkmg6   58m   41Mi   
websocket-server-5d44fc8b6-mmbg7   31m   29Mi   
websocket-server-5d44fc8b6-nrxc4   22m   27Mi   
websocket-server-5d44fc8b6-sjr7r   45m   31Mi   
websocket-server-5d44fc8b6-vg2n6   29m   26Mi   
websocket-server-5d44fc8b6-xgkzz   40m   31Mi   
1783193417
websocket-loadgen-8x7kf            48m   41Mi   
websocket-server-5d44fc8b6-7fc57   40m   29Mi   
websocket-server-5d44fc8b6-b6bk2   23m   26Mi   
websocket-server-5d44fc8b6-fwg58   39m   27Mi   
websocket-server-5d44fc8b6-gs4dl   32m   41Mi   
websocket-server-5d44fc8b6-lkmg6   58m   41Mi   
websocket-server-5d44fc8b6-mmbg7   31m   29Mi   
websocket-server-5d44fc8b6-nrxc4   22m   27Mi   
websocket-server-5d44fc8b6-sjr7r   45m   31Mi   
websocket-server-5d44fc8b6-vg2n6   29m   26Mi   
websocket-server-5d44fc8b6-xgkzz   40m   31Mi   
1783193422
websocket-loadgen-8x7kf            48m   41Mi   
websocket-server-5d44fc8b6-7fc57   40m   29Mi   
websocket-server-5d44fc8b6-b6bk2   23m   26Mi   
websocket-server-5d44fc8b6-fwg58   39m   27Mi   
websocket-server-5d44fc8b6-gs4dl   32m   41Mi   
websocket-server-5d44fc8b6-lkmg6   58m   41Mi   
websocket-server-5d44fc8b6-mmbg7   31m   29Mi   
websocket-server-5d44fc8b6-nrxc4   22m   27Mi   
websocket-server-5d44fc8b6-sjr7r   45m   31Mi   
websocket-server-5d44fc8b6-vg2n6   29m   26Mi   
websocket-server-5d44fc8b6-xgkzz   40m   31Mi   
1783193427
websocket-loadgen-8x7kf            71m   55Mi   
websocket-server-5d44fc8b6-7fc57   61m   31Mi   
websocket-server-5d44fc8b6-b6bk2   54m   28Mi   
websocket-server-5d44fc8b6-fwg58   71m   29Mi   
websocket-server-5d44fc8b6-gs4dl   59m   42Mi   
websocket-server-5d44fc8b6-lkmg6   89m   41Mi   
websocket-server-5d44fc8b6-mmbg7   58m   30Mi   
websocket-server-5d44fc8b6-nrxc4   45m   27Mi   
websocket-server-5d44fc8b6-sjr7r   62m   32Mi   
websocket-server-5d44fc8b6-vg2n6   57m   28Mi   
websocket-server-5d44fc8b6-xgkzz   60m   33Mi   
1783193432
websocket-loadgen-8x7kf            71m   55Mi   
websocket-server-5d44fc8b6-7fc57   61m   31Mi   
websocket-server-5d44fc8b6-b6bk2   54m   28Mi   
websocket-server-5d44fc8b6-fwg58   71m   29Mi   
websocket-server-5d44fc8b6-gs4dl   59m   42Mi   
websocket-server-5d44fc8b6-lkmg6   89m   41Mi   
websocket-server-5d44fc8b6-mmbg7   58m   30Mi   
websocket-server-5d44fc8b6-nrxc4   45m   27Mi   
websocket-server-5d44fc8b6-sjr7r   62m   32Mi   
websocket-server-5d44fc8b6-vg2n6   57m   28Mi   
websocket-server-5d44fc8b6-xgkzz   60m   33Mi   
1783193437
websocket-loadgen-8x7kf            71m   55Mi   
websocket-server-5d44fc8b6-7fc57   61m   31Mi   
websocket-server-5d44fc8b6-b6bk2   54m   28Mi   
websocket-server-5d44fc8b6-fwg58   71m   29Mi   
websocket-server-5d44fc8b6-gs4dl   59m   42Mi   
websocket-server-5d44fc8b6-lkmg6   89m   41Mi   
websocket-server-5d44fc8b6-mmbg7   58m   30Mi   
websocket-server-5d44fc8b6-nrxc4   45m   27Mi   
websocket-server-5d44fc8b6-sjr7r   62m   32Mi   
websocket-server-5d44fc8b6-vg2n6   57m   28Mi   
websocket-server-5d44fc8b6-xgkzz   60m   33Mi   
1783193442
websocket-loadgen-8x7kf            71m    55Mi   
websocket-server-5d44fc8b6-7fc57   92m    32Mi   
websocket-server-5d44fc8b6-b6bk2   85m    29Mi   
websocket-server-5d44fc8b6-fwg58   110m   29Mi   
websocket-server-5d44fc8b6-gs4dl   87m    42Mi   
websocket-server-5d44fc8b6-lkmg6   104m   42Mi   
websocket-server-5d44fc8b6-mmbg7   81m    31Mi   
websocket-server-5d44fc8b6-nrxc4   69m    28Mi   
websocket-server-5d44fc8b6-sjr7r   76m    33Mi   
websocket-server-5d44fc8b6-vg2n6   92m    29Mi   
websocket-server-5d44fc8b6-xgkzz   93m    33Mi   
1783193447
websocket-loadgen-8x7kf            71m    55Mi   
websocket-server-5d44fc8b6-7fc57   92m    32Mi   
websocket-server-5d44fc8b6-b6bk2   85m    29Mi   
websocket-server-5d44fc8b6-fwg58   110m   29Mi   
websocket-server-5d44fc8b6-gs4dl   87m    42Mi   
websocket-server-5d44fc8b6-lkmg6   104m   42Mi   
websocket-server-5d44fc8b6-mmbg7   81m    31Mi   
websocket-server-5d44fc8b6-nrxc4   69m    28Mi   
websocket-server-5d44fc8b6-sjr7r   76m    33Mi   
websocket-server-5d44fc8b6-vg2n6   92m    29Mi   
websocket-server-5d44fc8b6-xgkzz   93m    33Mi   
1783193453
websocket-loadgen-8x7kf            71m    55Mi   
websocket-server-5d44fc8b6-7fc57   92m    32Mi   
websocket-server-5d44fc8b6-b6bk2   85m    29Mi   
websocket-server-5d44fc8b6-fwg58   110m   29Mi   
websocket-server-5d44fc8b6-gs4dl   87m    42Mi   
websocket-server-5d44fc8b6-lkmg6   104m   42Mi   
websocket-server-5d44fc8b6-mmbg7   81m    31Mi   
websocket-server-5d44fc8b6-nrxc4   69m    28Mi   
websocket-server-5d44fc8b6-sjr7r   76m    33Mi   
websocket-server-5d44fc8b6-vg2n6   92m    29Mi   
websocket-server-5d44fc8b6-xgkzz   93m    33Mi   
1783193458
websocket-server-5d44fc8b6-7fc57   130m   33Mi   
websocket-server-5d44fc8b6-b6bk2   105m   29Mi   
websocket-server-5d44fc8b6-fwg58   110m   29Mi   
websocket-server-5d44fc8b6-gs4dl   87m    42Mi   
websocket-server-5d44fc8b6-lkmg6   136m   42Mi   
websocket-server-5d44fc8b6-mmbg7   123m   32Mi   
websocket-server-5d44fc8b6-nrxc4   108m   29Mi   
websocket-server-5d44fc8b6-sjr7r   121m   32Mi   
websocket-server-5d44fc8b6-vg2n6   92m    29Mi   
websocket-server-5d44fc8b6-xgkzz   120m   33Mi   
1783193463
websocket-server-5d44fc8b6-7fc57   130m   33Mi   
websocket-server-5d44fc8b6-b6bk2   105m   29Mi   
websocket-server-5d44fc8b6-fwg58   110m   29Mi   
websocket-server-5d44fc8b6-gs4dl   87m    42Mi   
websocket-server-5d44fc8b6-lkmg6   136m   42Mi   
websocket-server-5d44fc8b6-mmbg7   123m   32Mi   
websocket-server-5d44fc8b6-nrxc4   108m   29Mi   
websocket-server-5d44fc8b6-sjr7r   121m   32Mi   
websocket-server-5d44fc8b6-vg2n6   92m    29Mi   
websocket-server-5d44fc8b6-xgkzz   120m   33Mi   
1783193468
websocket-server-5d44fc8b6-7fc57   130m   33Mi   
websocket-server-5d44fc8b6-b6bk2   105m   29Mi   
websocket-server-5d44fc8b6-fwg58   110m   29Mi   
websocket-server-5d44fc8b6-gs4dl   87m    42Mi   
websocket-server-5d44fc8b6-lkmg6   136m   42Mi   
websocket-server-5d44fc8b6-mmbg7   123m   32Mi   
websocket-server-5d44fc8b6-nrxc4   108m   29Mi   
websocket-server-5d44fc8b6-sjr7r   121m   32Mi   
websocket-server-5d44fc8b6-vg2n6   92m    29Mi   
websocket-server-5d44fc8b6-xgkzz   120m   33Mi   
1783193473
websocket-loadgen-bpsfc            113m   31Mi   
websocket-server-5d44fc8b6-7fc57   130m   33Mi   
websocket-server-5d44fc8b6-b6bk2   97m    30Mi   
websocket-server-5d44fc8b6-fwg58   75m    30Mi   
websocket-server-5d44fc8b6-gs4dl   69m    42Mi   
websocket-server-5d44fc8b6-lkmg6   136m   42Mi   
websocket-server-5d44fc8b6-mmbg7   68m    33Mi   
websocket-server-5d44fc8b6-nrxc4   59m    29Mi   
websocket-server-5d44fc8b6-sjr7r   89m    32Mi   
websocket-server-5d44fc8b6-vg2n6   112m   30Mi   
websocket-server-5d44fc8b6-xgkzz   76m    33Mi   
1783193478
websocket-loadgen-bpsfc            113m   31Mi   
websocket-server-5d44fc8b6-7fc57   130m   33Mi   
websocket-server-5d44fc8b6-b6bk2   97m    30Mi   
websocket-server-5d44fc8b6-fwg58   75m    30Mi   
websocket-server-5d44fc8b6-gs4dl   69m    42Mi   
websocket-server-5d44fc8b6-lkmg6   136m   42Mi   
websocket-server-5d44fc8b6-mmbg7   68m    33Mi   
websocket-server-5d44fc8b6-nrxc4   59m    29Mi   
websocket-server-5d44fc8b6-sjr7r   89m    32Mi   
websocket-server-5d44fc8b6-vg2n6   112m   30Mi   
websocket-server-5d44fc8b6-xgkzz   76m    33Mi   
1783193483
websocket-loadgen-bpsfc            113m   31Mi   
websocket-server-5d44fc8b6-7fc57   130m   33Mi   
websocket-server-5d44fc8b6-b6bk2   97m    30Mi   
websocket-server-5d44fc8b6-fwg58   75m    30Mi   
websocket-server-5d44fc8b6-gs4dl   69m    42Mi   
websocket-server-5d44fc8b6-lkmg6   136m   42Mi   
websocket-server-5d44fc8b6-mmbg7   68m    33Mi   
websocket-server-5d44fc8b6-nrxc4   59m    29Mi   
websocket-server-5d44fc8b6-sjr7r   89m    32Mi   
websocket-server-5d44fc8b6-vg2n6   112m   30Mi   
websocket-server-5d44fc8b6-xgkzz   76m    33Mi   
1783193489
websocket-loadgen-bpsfc            52m   39Mi   
websocket-server-5d44fc8b6-7fc57   20m   32Mi   
websocket-server-5d44fc8b6-b6bk2   29m   31Mi   
websocket-server-5d44fc8b6-fwg58   29m   31Mi   
websocket-server-5d44fc8b6-gs4dl   36m   42Mi   
websocket-server-5d44fc8b6-lkmg6   30m   42Mi   
websocket-server-5d44fc8b6-mmbg7   34m   34Mi   
websocket-server-5d44fc8b6-nrxc4   29m   30Mi   
websocket-server-5d44fc8b6-sjr7r   20m   34Mi   
websocket-server-5d44fc8b6-vg2n6   29m   31Mi   
websocket-server-5d44fc8b6-xgkzz   18m   33Mi   
1783193494
websocket-loadgen-bpsfc            52m   39Mi   
websocket-server-5d44fc8b6-7fc57   20m   32Mi   
websocket-server-5d44fc8b6-b6bk2   29m   31Mi   
websocket-server-5d44fc8b6-fwg58   29m   31Mi   
websocket-server-5d44fc8b6-gs4dl   36m   42Mi   
websocket-server-5d44fc8b6-lkmg6   30m   42Mi   
websocket-server-5d44fc8b6-mmbg7   34m   34Mi   
websocket-server-5d44fc8b6-nrxc4   29m   30Mi   
websocket-server-5d44fc8b6-sjr7r   20m   34Mi   
websocket-server-5d44fc8b6-vg2n6   29m   31Mi   
websocket-server-5d44fc8b6-xgkzz   18m   33Mi   
1783193499
websocket-loadgen-bpsfc            52m   39Mi   
websocket-server-5d44fc8b6-7fc57   43m   34Mi   
websocket-server-5d44fc8b6-b6bk2   53m   31Mi   
websocket-server-5d44fc8b6-fwg58   47m   32Mi   
websocket-server-5d44fc8b6-gs4dl   57m   42Mi   
websocket-server-5d44fc8b6-lkmg6   30m   42Mi   
websocket-server-5d44fc8b6-mmbg7   34m   34Mi   
websocket-server-5d44fc8b6-nrxc4   50m   31Mi   
websocket-server-5d44fc8b6-sjr7r   41m   34Mi   
websocket-server-5d44fc8b6-vg2n6   29m   31Mi   
websocket-server-5d44fc8b6-xgkzz   40m   33Mi   
1783193504
websocket-loadgen-bpsfc            52m   39Mi   
websocket-server-5d44fc8b6-7fc57   43m   34Mi   
websocket-server-5d44fc8b6-b6bk2   53m   31Mi   
websocket-server-5d44fc8b6-fwg58   47m   32Mi   
websocket-server-5d44fc8b6-gs4dl   57m   42Mi   
websocket-server-5d44fc8b6-lkmg6   30m   42Mi   
websocket-server-5d44fc8b6-mmbg7   34m   34Mi   
websocket-server-5d44fc8b6-nrxc4   50m   31Mi   
websocket-server-5d44fc8b6-sjr7r   41m   34Mi   
websocket-server-5d44fc8b6-vg2n6   29m   31Mi   
websocket-server-5d44fc8b6-xgkzz   40m   33Mi   
1783193509
websocket-loadgen-bpsfc            52m   39Mi   
websocket-server-5d44fc8b6-7fc57   43m   34Mi   
websocket-server-5d44fc8b6-b6bk2   53m   31Mi   
websocket-server-5d44fc8b6-fwg58   47m   32Mi   
websocket-server-5d44fc8b6-gs4dl   57m   42Mi   
websocket-server-5d44fc8b6-lkmg6   30m   42Mi   
websocket-server-5d44fc8b6-mmbg7   34m   34Mi   
websocket-server-5d44fc8b6-nrxc4   50m   31Mi   
websocket-server-5d44fc8b6-sjr7r   41m   34Mi   
websocket-server-5d44fc8b6-vg2n6   29m   31Mi   
websocket-server-5d44fc8b6-xgkzz   40m   33Mi   
1783193514
websocket-loadgen-bpsfc            79m   54Mi   
websocket-server-5d44fc8b6-7fc57   68m   34Mi   
websocket-server-5d44fc8b6-b6bk2   53m   31Mi   
websocket-server-5d44fc8b6-fwg58   66m   32Mi   
websocket-server-5d44fc8b6-gs4dl   86m   42Mi   
websocket-server-5d44fc8b6-lkmg6   48m   42Mi   
websocket-server-5d44fc8b6-mmbg7   77m   35Mi   
websocket-server-5d44fc8b6-nrxc4   79m   32Mi   
websocket-server-5d44fc8b6-sjr7r   76m   35Mi   
websocket-server-5d44fc8b6-vg2n6   64m   32Mi   
websocket-server-5d44fc8b6-xgkzz   64m   34Mi   
1783193519
websocket-loadgen-bpsfc            79m   54Mi   
websocket-server-5d44fc8b6-7fc57   68m   34Mi   
websocket-server-5d44fc8b6-b6bk2   53m   31Mi   
websocket-server-5d44fc8b6-fwg58   66m   32Mi   
websocket-server-5d44fc8b6-gs4dl   86m   42Mi   
websocket-server-5d44fc8b6-lkmg6   48m   42Mi   
websocket-server-5d44fc8b6-mmbg7   77m   35Mi   
websocket-server-5d44fc8b6-nrxc4   79m   32Mi   
websocket-server-5d44fc8b6-sjr7r   76m   35Mi   
websocket-server-5d44fc8b6-vg2n6   64m   32Mi   
websocket-server-5d44fc8b6-xgkzz   64m   34Mi   
1783193524
websocket-loadgen-bpsfc            79m   54Mi   
websocket-server-5d44fc8b6-7fc57   68m   34Mi   
websocket-server-5d44fc8b6-b6bk2   53m   31Mi   
websocket-server-5d44fc8b6-fwg58   66m   32Mi   
websocket-server-5d44fc8b6-gs4dl   86m   42Mi   
websocket-server-5d44fc8b6-lkmg6   48m   42Mi   
websocket-server-5d44fc8b6-mmbg7   77m   35Mi   
websocket-server-5d44fc8b6-nrxc4   79m   32Mi   
websocket-server-5d44fc8b6-sjr7r   76m   35Mi   
websocket-server-5d44fc8b6-vg2n6   64m   32Mi   
websocket-server-5d44fc8b6-xgkzz   64m   34Mi   
1783193530
websocket-loadgen-bpsfc            104m   62Mi   
websocket-server-5d44fc8b6-7fc57   93m    35Mi   
websocket-server-5d44fc8b6-b6bk2   99m    32Mi   
websocket-server-5d44fc8b6-fwg58   92m    32Mi   
websocket-server-5d44fc8b6-gs4dl   106m   43Mi   
websocket-server-5d44fc8b6-lkmg6   68m    42Mi   
websocket-server-5d44fc8b6-mmbg7   107m   36Mi   
websocket-server-5d44fc8b6-nrxc4   79m    32Mi   
websocket-server-5d44fc8b6-sjr7r   102m   36Mi   
websocket-server-5d44fc8b6-vg2n6   86m    32Mi   
websocket-server-5d44fc8b6-xgkzz   64m    34Mi   
1783193535
websocket-loadgen-bpsfc            104m   62Mi   
websocket-server-5d44fc8b6-7fc57   93m    35Mi   
websocket-server-5d44fc8b6-b6bk2   99m    32Mi   
websocket-server-5d44fc8b6-fwg58   92m    32Mi   
websocket-server-5d44fc8b6-gs4dl   106m   43Mi   
websocket-server-5d44fc8b6-lkmg6   68m    42Mi   
websocket-server-5d44fc8b6-mmbg7   107m   36Mi   
websocket-server-5d44fc8b6-nrxc4   79m    32Mi   
websocket-server-5d44fc8b6-sjr7r   102m   36Mi   
websocket-server-5d44fc8b6-vg2n6   86m    32Mi   
websocket-server-5d44fc8b6-xgkzz   64m    34Mi   
1783193540
websocket-loadgen-bpsfc            104m   62Mi   
websocket-server-5d44fc8b6-7fc57   93m    35Mi   
websocket-server-5d44fc8b6-b6bk2   99m    32Mi   
websocket-server-5d44fc8b6-fwg58   92m    32Mi   
websocket-server-5d44fc8b6-gs4dl   106m   43Mi   
websocket-server-5d44fc8b6-lkmg6   68m    42Mi   
websocket-server-5d44fc8b6-mmbg7   107m   36Mi   
websocket-server-5d44fc8b6-nrxc4   79m    32Mi   
websocket-server-5d44fc8b6-sjr7r   102m   36Mi   
websocket-server-5d44fc8b6-vg2n6   86m    32Mi   
websocket-server-5d44fc8b6-xgkzz   64m    34Mi   
1783193545
websocket-server-5d44fc8b6-7fc57   114m   36Mi   
websocket-server-5d44fc8b6-b6bk2   144m   33Mi   
websocket-server-5d44fc8b6-fwg58   111m   32Mi   
websocket-server-5d44fc8b6-gs4dl   121m   42Mi   
websocket-server-5d44fc8b6-lkmg6   102m   42Mi   
websocket-server-5d44fc8b6-mmbg7   130m   37Mi   
websocket-server-5d44fc8b6-nrxc4   117m   33Mi   
websocket-server-5d44fc8b6-sjr7r   119m   36Mi   
websocket-server-5d44fc8b6-vg2n6   132m   33Mi   
websocket-server-5d44fc8b6-xgkzz   88m    35Mi   
1783193550
websocket-server-5d44fc8b6-7fc57   114m   36Mi   
websocket-server-5d44fc8b6-b6bk2   144m   33Mi   
websocket-server-5d44fc8b6-fwg58   111m   32Mi   
websocket-server-5d44fc8b6-gs4dl   121m   42Mi   
websocket-server-5d44fc8b6-lkmg6   102m   42Mi   
websocket-server-5d44fc8b6-mmbg7   130m   37Mi   
websocket-server-5d44fc8b6-nrxc4   117m   33Mi   
websocket-server-5d44fc8b6-sjr7r   119m   36Mi   
websocket-server-5d44fc8b6-vg2n6   132m   33Mi   
websocket-server-5d44fc8b6-xgkzz   88m    35Mi   
1783193555
websocket-server-5d44fc8b6-7fc57   114m   36Mi   
websocket-server-5d44fc8b6-b6bk2   144m   33Mi   
websocket-server-5d44fc8b6-fwg58   111m   32Mi   
websocket-server-5d44fc8b6-gs4dl   121m   42Mi   
websocket-server-5d44fc8b6-lkmg6   102m   42Mi   
websocket-server-5d44fc8b6-mmbg7   130m   37Mi   
websocket-server-5d44fc8b6-nrxc4   117m   33Mi   
websocket-server-5d44fc8b6-sjr7r   119m   36Mi   
websocket-server-5d44fc8b6-vg2n6   132m   33Mi   
websocket-server-5d44fc8b6-xgkzz   88m    35Mi   
1783193560
websocket-loadgen-9gsbv            111m   32Mi   
websocket-server-5d44fc8b6-7fc57   24m    36Mi   
websocket-server-5d44fc8b6-b6bk2   54m    32Mi   
websocket-server-5d44fc8b6-fwg58   35m    32Mi   
websocket-server-5d44fc8b6-gs4dl   61m    42Mi   
websocket-server-5d44fc8b6-lkmg6   102m   42Mi   
websocket-server-5d44fc8b6-mmbg7   61m    38Mi   
websocket-server-5d44fc8b6-nrxc4   75m    33Mi   
websocket-server-5d44fc8b6-sjr7r   30m    36Mi   
websocket-server-5d44fc8b6-vg2n6   116m   33Mi   
websocket-server-5d44fc8b6-xgkzz   100m   35Mi   
1783193565
websocket-loadgen-9gsbv            111m   32Mi   
websocket-server-5d44fc8b6-7fc57   24m    36Mi   
websocket-server-5d44fc8b6-b6bk2   54m    32Mi   
websocket-server-5d44fc8b6-fwg58   35m    32Mi   
websocket-server-5d44fc8b6-gs4dl   61m    42Mi   
websocket-server-5d44fc8b6-lkmg6   102m   42Mi   
websocket-server-5d44fc8b6-mmbg7   61m    38Mi   
websocket-server-5d44fc8b6-nrxc4   75m    33Mi   
websocket-server-5d44fc8b6-sjr7r   30m    36Mi   
websocket-server-5d44fc8b6-vg2n6   116m   33Mi   
websocket-server-5d44fc8b6-xgkzz   100m   35Mi   
1783193570
websocket-loadgen-9gsbv            111m   32Mi   
websocket-server-5d44fc8b6-7fc57   24m    36Mi   
websocket-server-5d44fc8b6-b6bk2   54m    32Mi   
websocket-server-5d44fc8b6-fwg58   35m    32Mi   
websocket-server-5d44fc8b6-gs4dl   61m    42Mi   
websocket-server-5d44fc8b6-lkmg6   102m   42Mi   
websocket-server-5d44fc8b6-mmbg7   61m    38Mi   
websocket-server-5d44fc8b6-nrxc4   75m    33Mi   
websocket-server-5d44fc8b6-sjr7r   30m    36Mi   
websocket-server-5d44fc8b6-vg2n6   116m   33Mi   
websocket-server-5d44fc8b6-xgkzz   100m   35Mi   
1783193576
websocket-loadgen-9gsbv            52m   39Mi   
websocket-server-5d44fc8b6-7fc57   25m   37Mi   
websocket-server-5d44fc8b6-b6bk2   21m   33Mi   
websocket-server-5d44fc8b6-fwg58   40m   32Mi   
websocket-server-5d44fc8b6-gs4dl   22m   42Mi   
websocket-server-5d44fc8b6-lkmg6   18m   42Mi   
websocket-server-5d44fc8b6-mmbg7   38m   37Mi   
websocket-server-5d44fc8b6-nrxc4   75m   33Mi   
websocket-server-5d44fc8b6-sjr7r   38m   36Mi   
websocket-server-5d44fc8b6-vg2n6   20m   33Mi   
websocket-server-5d44fc8b6-xgkzz   23m   36Mi   
1783193581
websocket-loadgen-9gsbv            52m   39Mi   
websocket-server-5d44fc8b6-7fc57   25m   37Mi   
websocket-server-5d44fc8b6-b6bk2   21m   33Mi   
websocket-server-5d44fc8b6-fwg58   40m   32Mi   
websocket-server-5d44fc8b6-gs4dl   22m   42Mi   
websocket-server-5d44fc8b6-lkmg6   18m   42Mi   
websocket-server-5d44fc8b6-mmbg7   38m   37Mi   
websocket-server-5d44fc8b6-nrxc4   75m   33Mi   
websocket-server-5d44fc8b6-sjr7r   38m   36Mi   
websocket-server-5d44fc8b6-vg2n6   20m   33Mi   
websocket-server-5d44fc8b6-xgkzz   23m   36Mi   
1783193586
websocket-loadgen-9gsbv            52m   39Mi   
websocket-server-5d44fc8b6-7fc57   25m   37Mi   
websocket-server-5d44fc8b6-b6bk2   21m   33Mi   
websocket-server-5d44fc8b6-fwg58   40m   32Mi   
websocket-server-5d44fc8b6-gs4dl   22m   42Mi   
websocket-server-5d44fc8b6-lkmg6   18m   42Mi   
websocket-server-5d44fc8b6-mmbg7   38m   37Mi   
websocket-server-5d44fc8b6-nrxc4   75m   33Mi   
websocket-server-5d44fc8b6-sjr7r   38m   36Mi   
websocket-server-5d44fc8b6-vg2n6   20m   33Mi   
websocket-server-5d44fc8b6-xgkzz   23m   36Mi   
1783193591
websocket-loadgen-9gsbv            69m   47Mi   
websocket-server-5d44fc8b6-7fc57   60m   38Mi   
websocket-server-5d44fc8b6-b6bk2   47m   34Mi   
websocket-server-5d44fc8b6-fwg58   58m   32Mi   
websocket-server-5d44fc8b6-gs4dl   22m   42Mi   
websocket-server-5d44fc8b6-lkmg6   21m   42Mi   
websocket-server-5d44fc8b6-mmbg7   66m   38Mi   
websocket-server-5d44fc8b6-nrxc4   29m   33Mi   
websocket-server-5d44fc8b6-sjr7r   58m   37Mi   
websocket-server-5d44fc8b6-vg2n6   38m   34Mi   
websocket-server-5d44fc8b6-xgkzz   46m   37Mi   
1783193596
websocket-loadgen-9gsbv            69m   47Mi   
websocket-server-5d44fc8b6-7fc57   60m   38Mi   
websocket-server-5d44fc8b6-b6bk2   47m   34Mi   
websocket-server-5d44fc8b6-fwg58   58m   32Mi   
websocket-server-5d44fc8b6-gs4dl   22m   42Mi   
websocket-server-5d44fc8b6-lkmg6   21m   42Mi   
websocket-server-5d44fc8b6-mmbg7   66m   38Mi   
websocket-server-5d44fc8b6-nrxc4   29m   33Mi   
websocket-server-5d44fc8b6-sjr7r   58m   37Mi   
websocket-server-5d44fc8b6-vg2n6   38m   34Mi   
websocket-server-5d44fc8b6-xgkzz   46m   37Mi   
1783193601
websocket-loadgen-9gsbv            69m   47Mi   
websocket-server-5d44fc8b6-7fc57   60m   38Mi   
websocket-server-5d44fc8b6-b6bk2   47m   34Mi   
websocket-server-5d44fc8b6-fwg58   58m   32Mi   
websocket-server-5d44fc8b6-gs4dl   22m   42Mi   
websocket-server-5d44fc8b6-lkmg6   21m   42Mi   
websocket-server-5d44fc8b6-mmbg7   66m   38Mi   
websocket-server-5d44fc8b6-nrxc4   29m   33Mi   
websocket-server-5d44fc8b6-sjr7r   58m   37Mi   
websocket-server-5d44fc8b6-vg2n6   38m   34Mi   
websocket-server-5d44fc8b6-xgkzz   46m   37Mi   
1783193606
websocket-loadgen-9gsbv            69m   47Mi   
websocket-server-5d44fc8b6-7fc57   76m   37Mi   
websocket-server-5d44fc8b6-b6bk2   67m   35Mi   
websocket-server-5d44fc8b6-fwg58   67m   33Mi   
websocket-server-5d44fc8b6-gs4dl   65m   43Mi   
websocket-server-5d44fc8b6-lkmg6   43m   42Mi   
websocket-server-5d44fc8b6-mmbg7   86m   38Mi   
websocket-server-5d44fc8b6-nrxc4   64m   34Mi   
websocket-server-5d44fc8b6-sjr7r   58m   37Mi   
websocket-server-5d44fc8b6-vg2n6   60m   35Mi   
websocket-server-5d44fc8b6-xgkzz   56m   37Mi   
1783193612
websocket-loadgen-9gsbv            69m   47Mi   
websocket-server-5d44fc8b6-7fc57   76m   37Mi   
websocket-server-5d44fc8b6-b6bk2   67m   35Mi   
websocket-server-5d44fc8b6-fwg58   67m   33Mi   
websocket-server-5d44fc8b6-gs4dl   65m   43Mi   
websocket-server-5d44fc8b6-lkmg6   43m   42Mi   
websocket-server-5d44fc8b6-mmbg7   86m   38Mi   
websocket-server-5d44fc8b6-nrxc4   64m   34Mi   
websocket-server-5d44fc8b6-sjr7r   58m   37Mi   
websocket-server-5d44fc8b6-vg2n6   60m   35Mi   
websocket-server-5d44fc8b6-xgkzz   56m   37Mi   
1783193617
websocket-loadgen-9gsbv            69m   47Mi   
websocket-server-5d44fc8b6-7fc57   76m   37Mi   
websocket-server-5d44fc8b6-b6bk2   67m   35Mi   
websocket-server-5d44fc8b6-fwg58   67m   33Mi   
websocket-server-5d44fc8b6-gs4dl   65m   43Mi   
websocket-server-5d44fc8b6-lkmg6   43m   42Mi   
websocket-server-5d44fc8b6-mmbg7   86m   38Mi   
websocket-server-5d44fc8b6-nrxc4   64m   34Mi   
websocket-server-5d44fc8b6-sjr7r   58m   37Mi   
websocket-server-5d44fc8b6-vg2n6   60m   35Mi   
websocket-server-5d44fc8b6-xgkzz   56m   37Mi   
1783193622
websocket-loadgen-9gsbv            90m    63Mi   
websocket-server-5d44fc8b6-7fc57   93m    38Mi   
websocket-server-5d44fc8b6-b6bk2   95m    36Mi   
websocket-server-5d44fc8b6-fwg58   102m   35Mi   
websocket-server-5d44fc8b6-gs4dl   65m    43Mi   
websocket-server-5d44fc8b6-lkmg6   43m    42Mi   
websocket-server-5d44fc8b6-mmbg7   116m   39Mi   
websocket-server-5d44fc8b6-nrxc4   97m    36Mi   
websocket-server-5d44fc8b6-sjr7r   77m    38Mi   
websocket-server-5d44fc8b6-vg2n6   90m    36Mi   
websocket-server-5d44fc8b6-xgkzz   74m    37Mi   
1783193627
websocket-loadgen-9gsbv            90m    63Mi   
websocket-server-5d44fc8b6-7fc57   93m    38Mi   
websocket-server-5d44fc8b6-b6bk2   95m    36Mi   
websocket-server-5d44fc8b6-fwg58   102m   35Mi   
websocket-server-5d44fc8b6-gs4dl   65m    43Mi   
websocket-server-5d44fc8b6-lkmg6   43m    42Mi   
websocket-server-5d44fc8b6-mmbg7   116m   39Mi   
websocket-server-5d44fc8b6-nrxc4   97m    36Mi   
websocket-server-5d44fc8b6-sjr7r   77m    38Mi   
websocket-server-5d44fc8b6-vg2n6   90m    36Mi   
websocket-server-5d44fc8b6-xgkzz   74m    37Mi   
1783193632
websocket-loadgen-9gsbv            90m    63Mi   
websocket-server-5d44fc8b6-7fc57   93m    38Mi   
websocket-server-5d44fc8b6-b6bk2   95m    36Mi   
websocket-server-5d44fc8b6-fwg58   102m   35Mi   
websocket-server-5d44fc8b6-gs4dl   65m    43Mi   
websocket-server-5d44fc8b6-lkmg6   43m    42Mi   
websocket-server-5d44fc8b6-mmbg7   116m   39Mi   
websocket-server-5d44fc8b6-nrxc4   97m    36Mi   
websocket-server-5d44fc8b6-sjr7r   77m    38Mi   
websocket-server-5d44fc8b6-vg2n6   90m    36Mi   
websocket-server-5d44fc8b6-xgkzz   74m    37Mi   
1783193637
websocket-server-5d44fc8b6-7fc57   121m   38Mi   
websocket-server-5d44fc8b6-b6bk2   95m    36Mi   
websocket-server-5d44fc8b6-fwg58   102m   35Mi   
websocket-server-5d44fc8b6-gs4dl   112m   43Mi   
websocket-server-5d44fc8b6-lkmg6   75m    42Mi   
websocket-server-5d44fc8b6-mmbg7   137m   39Mi   
websocket-server-5d44fc8b6-nrxc4   115m   36Mi   
websocket-server-5d44fc8b6-sjr7r   89m    38Mi   
websocket-server-5d44fc8b6-vg2n6   113m   36Mi   
websocket-server-5d44fc8b6-xgkzz   95m    37Mi   
1783193642
websocket-server-5d44fc8b6-7fc57   121m   38Mi   
websocket-server-5d44fc8b6-b6bk2   95m    36Mi   
websocket-server-5d44fc8b6-fwg58   102m   35Mi   
websocket-server-5d44fc8b6-gs4dl   112m   43Mi   
websocket-server-5d44fc8b6-lkmg6   75m    42Mi   
websocket-server-5d44fc8b6-mmbg7   137m   39Mi   
websocket-server-5d44fc8b6-nrxc4   115m   36Mi   
websocket-server-5d44fc8b6-sjr7r   89m    38Mi   
websocket-server-5d44fc8b6-vg2n6   113m   36Mi   
websocket-server-5d44fc8b6-xgkzz   95m    37Mi   
1783193648
websocket-server-5d44fc8b6-7fc57   121m   38Mi   
websocket-server-5d44fc8b6-b6bk2   95m    36Mi   
websocket-server-5d44fc8b6-fwg58   102m   35Mi   
websocket-server-5d44fc8b6-gs4dl   112m   43Mi   
websocket-server-5d44fc8b6-lkmg6   75m    42Mi   
websocket-server-5d44fc8b6-mmbg7   137m   39Mi   
websocket-server-5d44fc8b6-nrxc4   115m   36Mi   
websocket-server-5d44fc8b6-sjr7r   89m    38Mi   
websocket-server-5d44fc8b6-vg2n6   113m   36Mi   
websocket-server-5d44fc8b6-xgkzz   95m    37Mi   
1783193653
websocket-loadgen-h6qfx            114m   32Mi   
websocket-server-5d44fc8b6-7fc57   49m    37Mi   
websocket-server-5d44fc8b6-b6bk2   81m    36Mi   
websocket-server-5d44fc8b6-fwg58   127m   35Mi   
websocket-server-5d44fc8b6-gs4dl   112m   43Mi   
websocket-server-5d44fc8b6-lkmg6   29m    42Mi   
websocket-server-5d44fc8b6-mmbg7   74m    38Mi   
websocket-server-5d44fc8b6-nrxc4   86m    36Mi   
websocket-server-5d44fc8b6-sjr7r   123m   39Mi   
websocket-server-5d44fc8b6-vg2n6   41m    36Mi   
websocket-server-5d44fc8b6-xgkzz   59m    37Mi   
1783193658
websocket-loadgen-h6qfx            114m   32Mi   
websocket-server-5d44fc8b6-7fc57   49m    37Mi   
websocket-server-5d44fc8b6-b6bk2   81m    36Mi   
websocket-server-5d44fc8b6-fwg58   127m   35Mi   
websocket-server-5d44fc8b6-gs4dl   112m   43Mi   
websocket-server-5d44fc8b6-lkmg6   29m    42Mi   
websocket-server-5d44fc8b6-mmbg7   74m    38Mi   
websocket-server-5d44fc8b6-nrxc4   86m    36Mi   
websocket-server-5d44fc8b6-sjr7r   123m   39Mi   
websocket-server-5d44fc8b6-vg2n6   41m    36Mi   
websocket-server-5d44fc8b6-xgkzz   59m    37Mi   
1783193663
websocket-loadgen-h6qfx            114m   32Mi   
websocket-server-5d44fc8b6-7fc57   49m    37Mi   
websocket-server-5d44fc8b6-b6bk2   81m    36Mi   
websocket-server-5d44fc8b6-fwg58   127m   35Mi   
websocket-server-5d44fc8b6-gs4dl   112m   43Mi   
websocket-server-5d44fc8b6-lkmg6   29m    42Mi   
websocket-server-5d44fc8b6-mmbg7   74m    38Mi   
websocket-server-5d44fc8b6-nrxc4   86m    36Mi   
websocket-server-5d44fc8b6-sjr7r   123m   39Mi   
websocket-server-5d44fc8b6-vg2n6   41m    36Mi   
websocket-server-5d44fc8b6-xgkzz   59m    37Mi   
1783193668
websocket-loadgen-h6qfx            52m   39Mi   
websocket-server-5d44fc8b6-7fc57   24m   38Mi   
websocket-server-5d44fc8b6-b6bk2   25m   36Mi   
websocket-server-5d44fc8b6-fwg58   20m   35Mi   
websocket-server-5d44fc8b6-gs4dl   36m   43Mi   
websocket-server-5d44fc8b6-lkmg6   29m   42Mi   
websocket-server-5d44fc8b6-mmbg7   22m   39Mi   
websocket-server-5d44fc8b6-nrxc4   19m   37Mi   
websocket-server-5d44fc8b6-sjr7r   12m   39Mi   
websocket-server-5d44fc8b6-vg2n6   31m   36Mi   
websocket-server-5d44fc8b6-xgkzz   38m   38Mi   
1783193673
websocket-loadgen-h6qfx            52m   39Mi   
websocket-server-5d44fc8b6-7fc57   24m   38Mi   
websocket-server-5d44fc8b6-b6bk2   25m   36Mi   
websocket-server-5d44fc8b6-fwg58   20m   35Mi   
websocket-server-5d44fc8b6-gs4dl   36m   43Mi   
websocket-server-5d44fc8b6-lkmg6   29m   42Mi   
websocket-server-5d44fc8b6-mmbg7   22m   39Mi   
websocket-server-5d44fc8b6-nrxc4   19m   37Mi   
websocket-server-5d44fc8b6-sjr7r   12m   39Mi   
websocket-server-5d44fc8b6-vg2n6   31m   36Mi   
websocket-server-5d44fc8b6-xgkzz   38m   38Mi   
1783193678
websocket-loadgen-h6qfx            52m   39Mi   
websocket-server-5d44fc8b6-7fc57   24m   38Mi   
websocket-server-5d44fc8b6-b6bk2   25m   36Mi   
websocket-server-5d44fc8b6-fwg58   20m   35Mi   
websocket-server-5d44fc8b6-gs4dl   36m   43Mi   
websocket-server-5d44fc8b6-lkmg6   29m   42Mi   
websocket-server-5d44fc8b6-mmbg7   22m   39Mi   
websocket-server-5d44fc8b6-nrxc4   19m   37Mi   
websocket-server-5d44fc8b6-sjr7r   12m   39Mi   
websocket-server-5d44fc8b6-vg2n6   31m   36Mi   
websocket-server-5d44fc8b6-xgkzz   38m   38Mi   
1783193683
websocket-loadgen-h6qfx            52m   39Mi   
websocket-server-5d44fc8b6-7fc57   40m   38Mi   
websocket-server-5d44fc8b6-b6bk2   59m   37Mi   
websocket-server-5d44fc8b6-fwg58   45m   36Mi   
websocket-server-5d44fc8b6-gs4dl   47m   43Mi   
websocket-server-5d44fc8b6-lkmg6   41m   43Mi   
websocket-server-5d44fc8b6-mmbg7   22m   39Mi   
websocket-server-5d44fc8b6-nrxc4   33m   37Mi   
websocket-server-5d44fc8b6-sjr7r   46m   40Mi   
websocket-server-5d44fc8b6-vg2n6   39m   36Mi   
websocket-server-5d44fc8b6-xgkzz   68m   38Mi   
1783193688
websocket-loadgen-h6qfx            52m   39Mi   
websocket-server-5d44fc8b6-7fc57   40m   38Mi   
websocket-server-5d44fc8b6-b6bk2   59m   37Mi   
websocket-server-5d44fc8b6-fwg58   45m   36Mi   
websocket-server-5d44fc8b6-gs4dl   47m   43Mi   
websocket-server-5d44fc8b6-lkmg6   41m   43Mi   
websocket-server-5d44fc8b6-mmbg7   22m   39Mi   
websocket-server-5d44fc8b6-nrxc4   33m   37Mi   
websocket-server-5d44fc8b6-sjr7r   46m   40Mi   
websocket-server-5d44fc8b6-vg2n6   39m   36Mi   
websocket-server-5d44fc8b6-xgkzz   68m   38Mi   
1783193694
websocket-loadgen-h6qfx            74m   48Mi   
websocket-server-5d44fc8b6-7fc57   67m   39Mi   
websocket-server-5d44fc8b6-b6bk2   91m   38Mi   
websocket-server-5d44fc8b6-fwg58   77m   37Mi   
websocket-server-5d44fc8b6-gs4dl   67m   43Mi   
websocket-server-5d44fc8b6-lkmg6   61m   43Mi   
websocket-server-5d44fc8b6-mmbg7   56m   40Mi   
websocket-server-5d44fc8b6-nrxc4   63m   37Mi   
websocket-server-5d44fc8b6-sjr7r   77m   40Mi   
websocket-server-5d44fc8b6-vg2n6   68m   37Mi   
websocket-server-5d44fc8b6-xgkzz   94m   38Mi   
1783193699
websocket-loadgen-h6qfx            74m   48Mi   
websocket-server-5d44fc8b6-7fc57   67m   39Mi   
websocket-server-5d44fc8b6-b6bk2   91m   38Mi   
websocket-server-5d44fc8b6-fwg58   77m   37Mi   
websocket-server-5d44fc8b6-gs4dl   67m   43Mi   
websocket-server-5d44fc8b6-lkmg6   61m   43Mi   
websocket-server-5d44fc8b6-mmbg7   56m   40Mi   
websocket-server-5d44fc8b6-nrxc4   63m   37Mi   
websocket-server-5d44fc8b6-sjr7r   77m   40Mi   
websocket-server-5d44fc8b6-vg2n6   68m   37Mi   
websocket-server-5d44fc8b6-xgkzz   94m   38Mi   
1783193704
websocket-loadgen-h6qfx            74m   48Mi   
websocket-server-5d44fc8b6-7fc57   67m   39Mi   
websocket-server-5d44fc8b6-b6bk2   91m   38Mi   
websocket-server-5d44fc8b6-fwg58   77m   37Mi   
websocket-server-5d44fc8b6-gs4dl   67m   43Mi   
websocket-server-5d44fc8b6-lkmg6   61m   43Mi   
websocket-server-5d44fc8b6-mmbg7   56m   40Mi   
websocket-server-5d44fc8b6-nrxc4   63m   37Mi   
websocket-server-5d44fc8b6-sjr7r   77m   40Mi   
websocket-server-5d44fc8b6-vg2n6   68m   37Mi   
websocket-server-5d44fc8b6-xgkzz   94m   38Mi   
1783193709
websocket-loadgen-h6qfx            95m    61Mi   
websocket-server-5d44fc8b6-7fc57   67m    39Mi   
websocket-server-5d44fc8b6-b6bk2   91m    38Mi   
websocket-server-5d44fc8b6-fwg58   85m    37Mi   
websocket-server-5d44fc8b6-gs4dl   81m    43Mi   
websocket-server-5d44fc8b6-lkmg6   84m    43Mi   
websocket-server-5d44fc8b6-mmbg7   86m    40Mi   
websocket-server-5d44fc8b6-nrxc4   90m    37Mi   
websocket-server-5d44fc8b6-sjr7r   98m    40Mi   
websocket-server-5d44fc8b6-vg2n6   101m   38Mi   
websocket-server-5d44fc8b6-xgkzz   94m    38Mi   
1783193714
websocket-loadgen-h6qfx            95m    61Mi   
websocket-server-5d44fc8b6-7fc57   67m    39Mi   
websocket-server-5d44fc8b6-b6bk2   91m    38Mi   
websocket-server-5d44fc8b6-fwg58   85m    37Mi   
websocket-server-5d44fc8b6-gs4dl   81m    43Mi   
websocket-server-5d44fc8b6-lkmg6   84m    43Mi   
websocket-server-5d44fc8b6-mmbg7   86m    40Mi   
websocket-server-5d44fc8b6-nrxc4   90m    37Mi   
websocket-server-5d44fc8b6-sjr7r   98m    40Mi   
websocket-server-5d44fc8b6-vg2n6   101m   38Mi   
websocket-server-5d44fc8b6-xgkzz   94m    38Mi   
1783193719
websocket-loadgen-h6qfx            95m    61Mi   
websocket-server-5d44fc8b6-7fc57   67m    39Mi   
websocket-server-5d44fc8b6-b6bk2   91m    38Mi   
websocket-server-5d44fc8b6-fwg58   85m    37Mi   
websocket-server-5d44fc8b6-gs4dl   81m    43Mi   
websocket-server-5d44fc8b6-lkmg6   84m    43Mi   
websocket-server-5d44fc8b6-mmbg7   86m    40Mi   
websocket-server-5d44fc8b6-nrxc4   90m    37Mi   
websocket-server-5d44fc8b6-sjr7r   98m    40Mi   
websocket-server-5d44fc8b6-vg2n6   101m   38Mi   
websocket-server-5d44fc8b6-xgkzz   94m    38Mi   
1783193724
websocket-loadgen-h6qfx            112m   67Mi   
websocket-server-5d44fc8b6-7fc57   93m    40Mi   
websocket-server-5d44fc8b6-b6bk2   106m   38Mi   
websocket-server-5d44fc8b6-fwg58   108m   38Mi   
websocket-server-5d44fc8b6-gs4dl   101m   43Mi   
websocket-server-5d44fc8b6-lkmg6   84m    43Mi   
websocket-server-5d44fc8b6-mmbg7   120m   40Mi   
websocket-server-5d44fc8b6-nrxc4   103m   37Mi   
websocket-server-5d44fc8b6-sjr7r   131m   41Mi   
websocket-server-5d44fc8b6-vg2n6   138m   39Mi   
websocket-server-5d44fc8b6-xgkzz   121m   39Mi   
1783193729
websocket-server-5d44fc8b6-7fc57   93m    40Mi   
websocket-server-5d44fc8b6-b6bk2   106m   38Mi   
websocket-server-5d44fc8b6-fwg58   108m   38Mi   
websocket-server-5d44fc8b6-gs4dl   101m   43Mi   
websocket-server-5d44fc8b6-lkmg6   84m    43Mi   
websocket-server-5d44fc8b6-mmbg7   120m   40Mi   
websocket-server-5d44fc8b6-nrxc4   103m   37Mi   
websocket-server-5d44fc8b6-sjr7r   131m   41Mi   
websocket-server-5d44fc8b6-vg2n6   138m   39Mi   
websocket-server-5d44fc8b6-xgkzz   121m   39Mi   
1783193735
websocket-server-5d44fc8b6-7fc57   93m    40Mi   
websocket-server-5d44fc8b6-b6bk2   106m   38Mi   
websocket-server-5d44fc8b6-fwg58   108m   38Mi   
websocket-server-5d44fc8b6-gs4dl   101m   43Mi   
websocket-server-5d44fc8b6-lkmg6   84m    43Mi   
websocket-server-5d44fc8b6-mmbg7   120m   40Mi   
websocket-server-5d44fc8b6-nrxc4   103m   37Mi   
websocket-server-5d44fc8b6-sjr7r   131m   41Mi   
websocket-server-5d44fc8b6-vg2n6   138m   39Mi   
websocket-server-5d44fc8b6-xgkzz   121m   39Mi   
1783193740
websocket-server-5d44fc8b6-7fc57   101m   39Mi   
websocket-server-5d44fc8b6-b6bk2   121m   39Mi   
websocket-server-5d44fc8b6-fwg58   110m   38Mi   
websocket-server-5d44fc8b6-gs4dl   60m    43Mi   
websocket-server-5d44fc8b6-lkmg6   110m   42Mi   
websocket-server-5d44fc8b6-mmbg7   57m    40Mi   
websocket-server-5d44fc8b6-nrxc4   102m   36Mi   
websocket-server-5d44fc8b6-sjr7r   35m    40Mi   
websocket-server-5d44fc8b6-vg2n6   72m    39Mi   
websocket-server-5d44fc8b6-xgkzz   139m   39Mi   
1783193745
websocket-server-5d44fc8b6-7fc57   101m   39Mi   
websocket-server-5d44fc8b6-b6bk2   121m   39Mi   
websocket-server-5d44fc8b6-fwg58   110m   38Mi   
websocket-server-5d44fc8b6-gs4dl   60m    43Mi   
websocket-server-5d44fc8b6-lkmg6   110m   42Mi   
websocket-server-5d44fc8b6-mmbg7   57m    40Mi   
websocket-server-5d44fc8b6-nrxc4   102m   36Mi   
websocket-server-5d44fc8b6-sjr7r   35m    40Mi   
websocket-server-5d44fc8b6-vg2n6   72m    39Mi   
websocket-server-5d44fc8b6-xgkzz   139m   39Mi   
1783193750
websocket-server-5d44fc8b6-7fc57   101m   39Mi   
websocket-server-5d44fc8b6-b6bk2   121m   39Mi   
websocket-server-5d44fc8b6-fwg58   110m   38Mi   
websocket-server-5d44fc8b6-gs4dl   60m    43Mi   
websocket-server-5d44fc8b6-lkmg6   110m   42Mi   
websocket-server-5d44fc8b6-mmbg7   57m    40Mi   
websocket-server-5d44fc8b6-nrxc4   102m   36Mi   
websocket-server-5d44fc8b6-sjr7r   35m    40Mi   
websocket-server-5d44fc8b6-vg2n6   72m    39Mi   
websocket-server-5d44fc8b6-xgkzz   139m   39Mi   
1783193755
websocket-server-5d44fc8b6-7fc57   0m    39Mi   
websocket-server-5d44fc8b6-b6bk2   0m    39Mi   
websocket-server-5d44fc8b6-fwg58   0m    38Mi   
websocket-server-5d44fc8b6-gs4dl   1m    43Mi   
websocket-server-5d44fc8b6-lkmg6   14m   42Mi   
websocket-server-5d44fc8b6-mmbg7   57m   40Mi   
websocket-server-5d44fc8b6-nrxc4   0m    36Mi   
websocket-server-5d44fc8b6-sjr7r   0m    40Mi   
websocket-server-5d44fc8b6-vg2n6   0m    39Mi   
websocket-server-5d44fc8b6-xgkzz   0m    39Mi   
1783193760
websocket-server-5d44fc8b6-7fc57   0m    39Mi   
websocket-server-5d44fc8b6-b6bk2   0m    39Mi   
websocket-server-5d44fc8b6-fwg58   0m    38Mi   
websocket-server-5d44fc8b6-gs4dl   1m    43Mi   
websocket-server-5d44fc8b6-lkmg6   14m   42Mi   
websocket-server-5d44fc8b6-mmbg7   57m   40Mi   
websocket-server-5d44fc8b6-nrxc4   0m    36Mi   
websocket-server-5d44fc8b6-sjr7r   0m    40Mi   
websocket-server-5d44fc8b6-vg2n6   0m    39Mi   
websocket-server-5d44fc8b6-xgkzz   0m    39Mi   
1783193765
websocket-server-5d44fc8b6-7fc57   0m    39Mi   
websocket-server-5d44fc8b6-b6bk2   0m    39Mi   
websocket-server-5d44fc8b6-fwg58   0m    38Mi   
websocket-server-5d44fc8b6-gs4dl   1m    43Mi   
websocket-server-5d44fc8b6-lkmg6   14m   42Mi   
websocket-server-5d44fc8b6-mmbg7   57m   40Mi   
websocket-server-5d44fc8b6-nrxc4   0m    36Mi   
websocket-server-5d44fc8b6-sjr7r   0m    40Mi   
websocket-server-5d44fc8b6-vg2n6   0m    39Mi   
websocket-server-5d44fc8b6-xgkzz   0m    39Mi   
1783193770
websocket-server-5d44fc8b6-7fc57   0m    39Mi   
websocket-server-5d44fc8b6-b6bk2   0m    39Mi   
websocket-server-5d44fc8b6-fwg58   0m    38Mi   
websocket-server-5d44fc8b6-gs4dl   1m    43Mi   
websocket-server-5d44fc8b6-lkmg6   0m    42Mi   
websocket-server-5d44fc8b6-mmbg7   0m    40Mi   
websocket-server-5d44fc8b6-nrxc4   0m    36Mi   
websocket-server-5d44fc8b6-sjr7r   0m    40Mi   
websocket-server-5d44fc8b6-vg2n6   0m    39Mi   
websocket-server-5d44fc8b6-xgkzz   0m    39Mi   
1783193775
websocket-server-5d44fc8b6-7fc57   0m    39Mi   
websocket-server-5d44fc8b6-b6bk2   0m    39Mi   
websocket-server-5d44fc8b6-fwg58   0m    38Mi   
websocket-server-5d44fc8b6-gs4dl   1m    43Mi   
websocket-server-5d44fc8b6-lkmg6   0m    42Mi   
websocket-server-5d44fc8b6-mmbg7   0m    40Mi   
websocket-server-5d44fc8b6-nrxc4   0m    36Mi   
websocket-server-5d44fc8b6-sjr7r   0m    40Mi   
websocket-server-5d44fc8b6-vg2n6   0m    39Mi   
websocket-server-5d44fc8b6-xgkzz   0m    39Mi   
1783193781
websocket-server-5d44fc8b6-7fc57   0m    39Mi   
websocket-server-5d44fc8b6-b6bk2   0m    39Mi   
websocket-server-5d44fc8b6-fwg58   0m    38Mi   
websocket-server-5d44fc8b6-gs4dl   1m    43Mi   
websocket-server-5d44fc8b6-lkmg6   0m    42Mi   
websocket-server-5d44fc8b6-mmbg7   0m    40Mi   
websocket-server-5d44fc8b6-nrxc4   0m    36Mi   
websocket-server-5d44fc8b6-sjr7r   0m    40Mi   
websocket-server-5d44fc8b6-vg2n6   0m    39Mi   
websocket-server-5d44fc8b6-xgkzz   0m    39Mi   
1783193786
websocket-server-5d44fc8b6-7fc57   0m    39Mi   
websocket-server-5d44fc8b6-b6bk2   0m    39Mi   
websocket-server-5d44fc8b6-fwg58   0m    38Mi   
websocket-server-5d44fc8b6-gs4dl   1m    43Mi   
websocket-server-5d44fc8b6-lkmg6   0m    42Mi   
websocket-server-5d44fc8b6-mmbg7   0m    40Mi   
websocket-server-5d44fc8b6-nrxc4   0m    36Mi   
websocket-server-5d44fc8b6-sjr7r   0m    40Mi   
websocket-server-5d44fc8b6-vg2n6   0m    39Mi   
websocket-server-5d44fc8b6-xgkzz   0m    39Mi   
1783193791
websocket-server-5d44fc8b6-7fc57   0m    39Mi   
websocket-server-5d44fc8b6-b6bk2   0m    39Mi   
websocket-server-5d44fc8b6-fwg58   0m    38Mi   
websocket-server-5d44fc8b6-gs4dl   1m    43Mi   
websocket-server-5d44fc8b6-lkmg6   0m    42Mi   
websocket-server-5d44fc8b6-mmbg7   0m    40Mi   
websocket-server-5d44fc8b6-nrxc4   0m    36Mi   
websocket-server-5d44fc8b6-sjr7r   0m    40Mi   
websocket-server-5d44fc8b6-vg2n6   0m    39Mi   
websocket-server-5d44fc8b6-xgkzz   0m    39Mi   
1783193796
websocket-server-5d44fc8b6-7fc57   0m    39Mi   
websocket-server-5d44fc8b6-b6bk2   0m    39Mi   
websocket-server-5d44fc8b6-fwg58   0m    38Mi   
websocket-server-5d44fc8b6-gs4dl   1m    43Mi   
websocket-server-5d44fc8b6-lkmg6   0m    42Mi   
websocket-server-5d44fc8b6-mmbg7   0m    40Mi   
websocket-server-5d44fc8b6-nrxc4   0m    36Mi   
websocket-server-5d44fc8b6-sjr7r   0m    40Mi   
websocket-server-5d44fc8b6-vg2n6   0m    39Mi   
websocket-server-5d44fc8b6-xgkzz   0m    39Mi   
1783193801
websocket-server-5d44fc8b6-7fc57   0m    39Mi   
websocket-server-5d44fc8b6-b6bk2   0m    39Mi   
websocket-server-5d44fc8b6-fwg58   0m    38Mi   
websocket-server-5d44fc8b6-gs4dl   1m    43Mi   
websocket-server-5d44fc8b6-lkmg6   0m    42Mi   
websocket-server-5d44fc8b6-mmbg7   0m    40Mi   
websocket-server-5d44fc8b6-nrxc4   0m    36Mi   
websocket-server-5d44fc8b6-sjr7r   0m    40Mi   
websocket-server-5d44fc8b6-vg2n6   0m    39Mi   
websocket-server-5d44fc8b6-xgkzz   0m    39Mi   
1783193806
websocket-server-5d44fc8b6-7fc57   0m    39Mi   
websocket-server-5d44fc8b6-b6bk2   0m    39Mi   
websocket-server-5d44fc8b6-fwg58   0m    38Mi   
websocket-server-5d44fc8b6-gs4dl   1m    43Mi   
websocket-server-5d44fc8b6-lkmg6   0m    42Mi   
websocket-server-5d44fc8b6-mmbg7   0m    40Mi   
websocket-server-5d44fc8b6-nrxc4   0m    36Mi   
websocket-server-5d44fc8b6-sjr7r   0m    40Mi   
websocket-server-5d44fc8b6-vg2n6   0m    39Mi   
websocket-server-5d44fc8b6-xgkzz   0m    39Mi   
1783193811
websocket-server-5d44fc8b6-7fc57   0m    39Mi   
websocket-server-5d44fc8b6-b6bk2   0m    39Mi   
websocket-server-5d44fc8b6-fwg58   0m    38Mi   
websocket-server-5d44fc8b6-gs4dl   1m    43Mi   
websocket-server-5d44fc8b6-lkmg6   0m    42Mi   
websocket-server-5d44fc8b6-mmbg7   0m    40Mi   
websocket-server-5d44fc8b6-nrxc4   0m    36Mi   
websocket-server-5d44fc8b6-sjr7r   0m    40Mi   
websocket-server-5d44fc8b6-vg2n6   0m    39Mi   
websocket-server-5d44fc8b6-xgkzz   0m    39Mi   
1783193816
websocket-server-5d44fc8b6-7fc57   0m    39Mi   
websocket-server-5d44fc8b6-b6bk2   0m    39Mi   
websocket-server-5d44fc8b6-fwg58   0m    38Mi   
websocket-server-5d44fc8b6-gs4dl   1m    43Mi   
websocket-server-5d44fc8b6-lkmg6   0m    42Mi   
websocket-server-5d44fc8b6-mmbg7   0m    40Mi   
websocket-server-5d44fc8b6-nrxc4   0m    36Mi   
websocket-server-5d44fc8b6-sjr7r   0m    40Mi   
websocket-server-5d44fc8b6-vg2n6   0m    39Mi   
websocket-server-5d44fc8b6-xgkzz   0m    39Mi   
1783193821
websocket-server-5d44fc8b6-7fc57   0m    39Mi   
websocket-server-5d44fc8b6-b6bk2   0m    39Mi   
websocket-server-5d44fc8b6-fwg58   0m    38Mi   
websocket-server-5d44fc8b6-gs4dl   1m    43Mi   
websocket-server-5d44fc8b6-lkmg6   0m    42Mi   
websocket-server-5d44fc8b6-mmbg7   0m    40Mi   
websocket-server-5d44fc8b6-nrxc4   0m    36Mi   
websocket-server-5d44fc8b6-sjr7r   0m    40Mi   
websocket-server-5d44fc8b6-vg2n6   0m    39Mi   
websocket-server-5d44fc8b6-xgkzz   0m    39Mi   
1783193827
websocket-server-5d44fc8b6-7fc57   0m    39Mi   
websocket-server-5d44fc8b6-b6bk2   0m    39Mi   
websocket-server-5d44fc8b6-fwg58   0m    38Mi   
websocket-server-5d44fc8b6-gs4dl   1m    43Mi   
websocket-server-5d44fc8b6-lkmg6   0m    42Mi   
websocket-server-5d44fc8b6-mmbg7   0m    40Mi   
websocket-server-5d44fc8b6-nrxc4   0m    36Mi   
websocket-server-5d44fc8b6-sjr7r   0m    40Mi   
websocket-server-5d44fc8b6-vg2n6   0m    39Mi   
websocket-server-5d44fc8b6-xgkzz   0m    39Mi   
1783193832
websocket-server-5d44fc8b6-7fc57   0m    39Mi   
websocket-server-5d44fc8b6-b6bk2   0m    39Mi   
websocket-server-5d44fc8b6-fwg58   0m    38Mi   
websocket-server-5d44fc8b6-gs4dl   1m    43Mi   
websocket-server-5d44fc8b6-lkmg6   0m    42Mi   
websocket-server-5d44fc8b6-mmbg7   0m    40Mi   
websocket-server-5d44fc8b6-nrxc4   0m    36Mi   
websocket-server-5d44fc8b6-sjr7r   0m    40Mi   
websocket-server-5d44fc8b6-vg2n6   0m    39Mi   
websocket-server-5d44fc8b6-xgkzz   0m    39Mi   
1783193837
websocket-server-5d44fc8b6-7fc57   0m    39Mi   
websocket-server-5d44fc8b6-b6bk2   0m    39Mi   
websocket-server-5d44fc8b6-fwg58   0m    38Mi   
websocket-server-5d44fc8b6-gs4dl   1m    43Mi   
websocket-server-5d44fc8b6-lkmg6   0m    42Mi   
websocket-server-5d44fc8b6-mmbg7   0m    40Mi   
websocket-server-5d44fc8b6-nrxc4   0m    36Mi   
websocket-server-5d44fc8b6-sjr7r   0m    40Mi   
websocket-server-5d44fc8b6-vg2n6   0m    39Mi   
websocket-server-5d44fc8b6-xgkzz   0m    39Mi   
1783193842
websocket-server-5d44fc8b6-7fc57   0m    39Mi   
websocket-server-5d44fc8b6-b6bk2   0m    39Mi   
websocket-server-5d44fc8b6-fwg58   0m    38Mi   
websocket-server-5d44fc8b6-gs4dl   1m    43Mi   
websocket-server-5d44fc8b6-lkmg6   0m    42Mi   
websocket-server-5d44fc8b6-mmbg7   0m    40Mi   
websocket-server-5d44fc8b6-nrxc4   0m    36Mi   
websocket-server-5d44fc8b6-sjr7r   0m    40Mi   
websocket-server-5d44fc8b6-vg2n6   0m    39Mi   
websocket-server-5d44fc8b6-xgkzz   0m    39Mi   
1783193847
websocket-server-5d44fc8b6-7fc57   0m    39Mi   
websocket-server-5d44fc8b6-b6bk2   0m    39Mi   
websocket-server-5d44fc8b6-fwg58   0m    38Mi   
websocket-server-5d44fc8b6-gs4dl   1m    43Mi   
websocket-server-5d44fc8b6-lkmg6   0m    42Mi   
websocket-server-5d44fc8b6-mmbg7   0m    40Mi   
websocket-server-5d44fc8b6-nrxc4   0m    36Mi   
websocket-server-5d44fc8b6-sjr7r   0m    40Mi   
websocket-server-5d44fc8b6-vg2n6   0m    39Mi   
websocket-server-5d44fc8b6-xgkzz   0m    39Mi   
1783193852
websocket-server-5d44fc8b6-7fc57   0m    39Mi   
websocket-server-5d44fc8b6-b6bk2   0m    39Mi   
websocket-server-5d44fc8b6-fwg58   0m    38Mi   
websocket-server-5d44fc8b6-gs4dl   1m    43Mi   
websocket-server-5d44fc8b6-lkmg6   0m    42Mi   
websocket-server-5d44fc8b6-mmbg7   0m    40Mi   
websocket-server-5d44fc8b6-nrxc4   0m    36Mi   
websocket-server-5d44fc8b6-sjr7r   0m    40Mi   
websocket-server-5d44fc8b6-vg2n6   0m    39Mi   
websocket-server-5d44fc8b6-xgkzz   0m    39Mi   
1783193857
websocket-server-5d44fc8b6-7fc57   0m    39Mi   
websocket-server-5d44fc8b6-b6bk2   0m    39Mi   
websocket-server-5d44fc8b6-fwg58   0m    38Mi   
websocket-server-5d44fc8b6-gs4dl   1m    43Mi   
websocket-server-5d44fc8b6-lkmg6   0m    42Mi   
websocket-server-5d44fc8b6-mmbg7   0m    40Mi   
websocket-server-5d44fc8b6-nrxc4   0m    36Mi   
websocket-server-5d44fc8b6-sjr7r   0m    40Mi   
websocket-server-5d44fc8b6-vg2n6   0m    39Mi   
websocket-server-5d44fc8b6-xgkzz   0m    39Mi   
1783193862
websocket-server-5d44fc8b6-7fc57   0m    39Mi   
websocket-server-5d44fc8b6-b6bk2   0m    39Mi   
websocket-server-5d44fc8b6-fwg58   0m    38Mi   
websocket-server-5d44fc8b6-gs4dl   1m    43Mi   
websocket-server-5d44fc8b6-lkmg6   0m    42Mi   
websocket-server-5d44fc8b6-mmbg7   0m    40Mi   
websocket-server-5d44fc8b6-nrxc4   0m    36Mi   
websocket-server-5d44fc8b6-sjr7r   0m    40Mi   
websocket-server-5d44fc8b6-vg2n6   0m    39Mi   
websocket-server-5d44fc8b6-xgkzz   0m    39Mi   
1783193867
websocket-server-5d44fc8b6-7fc57   0m    39Mi   
websocket-server-5d44fc8b6-b6bk2   0m    39Mi   
websocket-server-5d44fc8b6-fwg58   0m    38Mi   
websocket-server-5d44fc8b6-gs4dl   1m    43Mi   
websocket-server-5d44fc8b6-lkmg6   0m    42Mi   
websocket-server-5d44fc8b6-mmbg7   0m    40Mi   
websocket-server-5d44fc8b6-nrxc4   0m    36Mi   
websocket-server-5d44fc8b6-sjr7r   0m    40Mi   
websocket-server-5d44fc8b6-vg2n6   0m    39Mi   
websocket-server-5d44fc8b6-xgkzz   0m    39Mi   
1783193873
websocket-server-5d44fc8b6-7fc57   0m    39Mi   
websocket-server-5d44fc8b6-b6bk2   0m    39Mi   
websocket-server-5d44fc8b6-fwg58   0m    38Mi   
websocket-server-5d44fc8b6-gs4dl   1m    43Mi   
websocket-server-5d44fc8b6-lkmg6   0m    42Mi   
websocket-server-5d44fc8b6-mmbg7   0m    40Mi   
websocket-server-5d44fc8b6-nrxc4   0m    36Mi   
websocket-server-5d44fc8b6-sjr7r   0m    40Mi   
websocket-server-5d44fc8b6-vg2n6   0m    39Mi   
websocket-server-5d44fc8b6-xgkzz   0m    39Mi   
1783193878
websocket-server-5d44fc8b6-7fc57   0m    39Mi   
websocket-server-5d44fc8b6-b6bk2   0m    39Mi   
websocket-server-5d44fc8b6-fwg58   0m    38Mi   
websocket-server-5d44fc8b6-gs4dl   1m    43Mi   
websocket-server-5d44fc8b6-lkmg6   0m    42Mi   
websocket-server-5d44fc8b6-mmbg7   0m    40Mi   
websocket-server-5d44fc8b6-nrxc4   0m    36Mi   
websocket-server-5d44fc8b6-sjr7r   0m    40Mi   
websocket-server-5d44fc8b6-vg2n6   0m    39Mi   
websocket-server-5d44fc8b6-xgkzz   0m    39Mi   
1783193883
websocket-server-5d44fc8b6-7fc57   0m    39Mi   
websocket-server-5d44fc8b6-b6bk2   0m    39Mi   
websocket-server-5d44fc8b6-fwg58   0m    38Mi   
websocket-server-5d44fc8b6-gs4dl   1m    43Mi   
websocket-server-5d44fc8b6-lkmg6   0m    42Mi   
websocket-server-5d44fc8b6-mmbg7   0m    40Mi   
websocket-server-5d44fc8b6-nrxc4   0m    36Mi   
websocket-server-5d44fc8b6-sjr7r   0m    40Mi   
websocket-server-5d44fc8b6-vg2n6   0m    39Mi   
websocket-server-5d44fc8b6-xgkzz   0m    39Mi   
1783193888
websocket-server-5d44fc8b6-7fc57   0m    39Mi   
websocket-server-5d44fc8b6-b6bk2   0m    39Mi   
websocket-server-5d44fc8b6-fwg58   0m    38Mi   
websocket-server-5d44fc8b6-gs4dl   1m    43Mi   
websocket-server-5d44fc8b6-lkmg6   0m    42Mi   
websocket-server-5d44fc8b6-mmbg7   0m    40Mi   
websocket-server-5d44fc8b6-nrxc4   0m    36Mi   
websocket-server-5d44fc8b6-sjr7r   0m    40Mi   
websocket-server-5d44fc8b6-vg2n6   0m    39Mi   
websocket-server-5d44fc8b6-xgkzz   0m    39Mi   
1783193893
websocket-server-5d44fc8b6-7fc57   0m    39Mi   
websocket-server-5d44fc8b6-b6bk2   0m    39Mi   
websocket-server-5d44fc8b6-fwg58   0m    38Mi   
websocket-server-5d44fc8b6-gs4dl   1m    43Mi   
websocket-server-5d44fc8b6-lkmg6   0m    42Mi   
websocket-server-5d44fc8b6-mmbg7   0m    40Mi   
websocket-server-5d44fc8b6-nrxc4   0m    36Mi   
websocket-server-5d44fc8b6-sjr7r   0m    40Mi   
websocket-server-5d44fc8b6-vg2n6   0m    39Mi   
websocket-server-5d44fc8b6-xgkzz   0m    39Mi   
1783193898
websocket-server-5d44fc8b6-7fc57   0m    39Mi   
websocket-server-5d44fc8b6-b6bk2   0m    39Mi   
websocket-server-5d44fc8b6-fwg58   0m    38Mi   
websocket-server-5d44fc8b6-gs4dl   1m    43Mi   
websocket-server-5d44fc8b6-lkmg6   0m    42Mi   
websocket-server-5d44fc8b6-mmbg7   0m    40Mi   
websocket-server-5d44fc8b6-nrxc4   0m    36Mi   
websocket-server-5d44fc8b6-sjr7r   0m    40Mi   
websocket-server-5d44fc8b6-vg2n6   0m    39Mi   
websocket-server-5d44fc8b6-xgkzz   0m    39Mi   
1783193903
websocket-server-5d44fc8b6-7fc57   0m    39Mi   
websocket-server-5d44fc8b6-b6bk2   0m    39Mi   
websocket-server-5d44fc8b6-fwg58   0m    38Mi   
websocket-server-5d44fc8b6-gs4dl   1m    43Mi   
websocket-server-5d44fc8b6-lkmg6   0m    42Mi   
websocket-server-5d44fc8b6-mmbg7   0m    40Mi   
websocket-server-5d44fc8b6-nrxc4   0m    36Mi   
websocket-server-5d44fc8b6-sjr7r   0m    40Mi   
websocket-server-5d44fc8b6-vg2n6   0m    39Mi   
websocket-server-5d44fc8b6-xgkzz   0m    39Mi   
1783193908
websocket-server-5d44fc8b6-7fc57   0m    39Mi   
websocket-server-5d44fc8b6-b6bk2   0m    39Mi   
websocket-server-5d44fc8b6-fwg58   0m    38Mi   
websocket-server-5d44fc8b6-gs4dl   1m    43Mi   
websocket-server-5d44fc8b6-lkmg6   0m    42Mi   
websocket-server-5d44fc8b6-mmbg7   0m    40Mi   
websocket-server-5d44fc8b6-nrxc4   0m    36Mi   
websocket-server-5d44fc8b6-sjr7r   0m    40Mi   
websocket-server-5d44fc8b6-vg2n6   0m    39Mi   
websocket-server-5d44fc8b6-xgkzz   0m    39Mi   
1783193914
websocket-server-5d44fc8b6-7fc57   0m    39Mi   
websocket-server-5d44fc8b6-b6bk2   0m    39Mi   
websocket-server-5d44fc8b6-fwg58   0m    38Mi   
websocket-server-5d44fc8b6-gs4dl   1m    43Mi   
websocket-server-5d44fc8b6-lkmg6   0m    42Mi   
websocket-server-5d44fc8b6-mmbg7   0m    40Mi   
websocket-server-5d44fc8b6-nrxc4   0m    36Mi   
websocket-server-5d44fc8b6-sjr7r   0m    40Mi   
websocket-server-5d44fc8b6-vg2n6   0m    39Mi   
websocket-server-5d44fc8b6-xgkzz   0m    39Mi   
1783193919
websocket-server-5d44fc8b6-7fc57   0m    39Mi   
websocket-server-5d44fc8b6-b6bk2   0m    39Mi   
websocket-server-5d44fc8b6-fwg58   0m    38Mi   
websocket-server-5d44fc8b6-gs4dl   1m    43Mi   
websocket-server-5d44fc8b6-lkmg6   0m    42Mi   
websocket-server-5d44fc8b6-mmbg7   0m    40Mi   
websocket-server-5d44fc8b6-nrxc4   0m    36Mi   
websocket-server-5d44fc8b6-sjr7r   0m    40Mi   
websocket-server-5d44fc8b6-vg2n6   0m    39Mi   
websocket-server-5d44fc8b6-xgkzz   0m    39Mi   
1783193924
websocket-server-5d44fc8b6-7fc57   0m    39Mi   
websocket-server-5d44fc8b6-b6bk2   0m    39Mi   
websocket-server-5d44fc8b6-fwg58   0m    38Mi   
websocket-server-5d44fc8b6-gs4dl   1m    43Mi   
websocket-server-5d44fc8b6-lkmg6   0m    42Mi   
websocket-server-5d44fc8b6-mmbg7   0m    40Mi   
websocket-server-5d44fc8b6-nrxc4   0m    36Mi   
websocket-server-5d44fc8b6-sjr7r   0m    40Mi   
websocket-server-5d44fc8b6-vg2n6   0m    39Mi   
websocket-server-5d44fc8b6-xgkzz   0m    39Mi   
1783193929
websocket-server-5d44fc8b6-7fc57   0m    39Mi   
websocket-server-5d44fc8b6-b6bk2   0m    39Mi   
websocket-server-5d44fc8b6-fwg58   0m    38Mi   
websocket-server-5d44fc8b6-gs4dl   1m    43Mi   
websocket-server-5d44fc8b6-lkmg6   0m    42Mi   
websocket-server-5d44fc8b6-mmbg7   0m    40Mi   
websocket-server-5d44fc8b6-nrxc4   0m    36Mi   
websocket-server-5d44fc8b6-sjr7r   0m    40Mi   
websocket-server-5d44fc8b6-vg2n6   0m    39Mi   
websocket-server-5d44fc8b6-xgkzz   0m    39Mi   
1783193934
websocket-server-5d44fc8b6-7fc57   0m    39Mi   
websocket-server-5d44fc8b6-b6bk2   0m    39Mi   
websocket-server-5d44fc8b6-fwg58   0m    38Mi   
websocket-server-5d44fc8b6-gs4dl   1m    43Mi   
websocket-server-5d44fc8b6-lkmg6   0m    42Mi   
websocket-server-5d44fc8b6-mmbg7   0m    40Mi   
websocket-server-5d44fc8b6-nrxc4   0m    36Mi   
websocket-server-5d44fc8b6-sjr7r   0m    40Mi   
websocket-server-5d44fc8b6-vg2n6   0m    39Mi   
websocket-server-5d44fc8b6-xgkzz   0m    39Mi   
1783193939
websocket-server-5d44fc8b6-7fc57   0m    39Mi   
websocket-server-5d44fc8b6-b6bk2   0m    39Mi   
websocket-server-5d44fc8b6-fwg58   0m    38Mi   
websocket-server-5d44fc8b6-gs4dl   1m    43Mi   
websocket-server-5d44fc8b6-lkmg6   0m    42Mi   
websocket-server-5d44fc8b6-mmbg7   0m    40Mi   
websocket-server-5d44fc8b6-nrxc4   0m    36Mi   
websocket-server-5d44fc8b6-sjr7r   0m    40Mi   
websocket-server-5d44fc8b6-vg2n6   0m    39Mi   
websocket-server-5d44fc8b6-xgkzz   0m    39Mi   
1783193944
websocket-server-5d44fc8b6-7fc57   0m    39Mi   
websocket-server-5d44fc8b6-b6bk2   0m    39Mi   
websocket-server-5d44fc8b6-fwg58   0m    38Mi   
websocket-server-5d44fc8b6-gs4dl   1m    43Mi   
websocket-server-5d44fc8b6-lkmg6   0m    42Mi   
websocket-server-5d44fc8b6-mmbg7   0m    40Mi   
websocket-server-5d44fc8b6-nrxc4   0m    36Mi   
websocket-server-5d44fc8b6-sjr7r   0m    40Mi   
websocket-server-5d44fc8b6-vg2n6   0m    39Mi   
websocket-server-5d44fc8b6-xgkzz   0m    39Mi   
1783193949
websocket-server-5d44fc8b6-7fc57   0m    39Mi   
websocket-server-5d44fc8b6-b6bk2   0m    39Mi   
websocket-server-5d44fc8b6-fwg58   0m    38Mi   
websocket-server-5d44fc8b6-gs4dl   1m    43Mi   
websocket-server-5d44fc8b6-lkmg6   0m    42Mi   
websocket-server-5d44fc8b6-mmbg7   0m    40Mi   
websocket-server-5d44fc8b6-nrxc4   0m    36Mi   
websocket-server-5d44fc8b6-sjr7r   0m    40Mi   
websocket-server-5d44fc8b6-vg2n6   0m    39Mi   
websocket-server-5d44fc8b6-xgkzz   0m    39Mi   
1783193954
websocket-server-5d44fc8b6-7fc57   0m    39Mi   
websocket-server-5d44fc8b6-b6bk2   0m    39Mi   
websocket-server-5d44fc8b6-fwg58   0m    38Mi   
websocket-server-5d44fc8b6-gs4dl   1m    43Mi   
websocket-server-5d44fc8b6-lkmg6   0m    42Mi   
websocket-server-5d44fc8b6-mmbg7   0m    40Mi   
websocket-server-5d44fc8b6-nrxc4   0m    36Mi   
websocket-server-5d44fc8b6-sjr7r   0m    40Mi   
websocket-server-5d44fc8b6-vg2n6   0m    39Mi   
websocket-server-5d44fc8b6-xgkzz   0m    39Mi   
1783193960
websocket-server-5d44fc8b6-7fc57   0m    39Mi   
websocket-server-5d44fc8b6-b6bk2   0m    39Mi   
websocket-server-5d44fc8b6-fwg58   0m    38Mi   
websocket-server-5d44fc8b6-gs4dl   1m    43Mi   
websocket-server-5d44fc8b6-lkmg6   0m    42Mi   
websocket-server-5d44fc8b6-mmbg7   0m    40Mi   
websocket-server-5d44fc8b6-nrxc4   0m    36Mi   
websocket-server-5d44fc8b6-sjr7r   0m    40Mi   
websocket-server-5d44fc8b6-vg2n6   0m    39Mi   
websocket-server-5d44fc8b6-xgkzz   0m    39Mi   
1783193965
websocket-server-5d44fc8b6-7fc57   0m    39Mi   
websocket-server-5d44fc8b6-b6bk2   0m    39Mi   
websocket-server-5d44fc8b6-fwg58   0m    38Mi   
websocket-server-5d44fc8b6-gs4dl   1m    43Mi   
websocket-server-5d44fc8b6-lkmg6   0m    42Mi   
websocket-server-5d44fc8b6-mmbg7   0m    40Mi   
websocket-server-5d44fc8b6-nrxc4   0m    36Mi   
websocket-server-5d44fc8b6-sjr7r   0m    40Mi   
websocket-server-5d44fc8b6-vg2n6   0m    39Mi   
websocket-server-5d44fc8b6-xgkzz   0m    39Mi   
1783193970
websocket-server-5d44fc8b6-7fc57   0m    39Mi   
websocket-server-5d44fc8b6-b6bk2   0m    39Mi   
websocket-server-5d44fc8b6-fwg58   0m    38Mi   
websocket-server-5d44fc8b6-gs4dl   1m    43Mi   
websocket-server-5d44fc8b6-lkmg6   0m    42Mi   
websocket-server-5d44fc8b6-mmbg7   0m    40Mi   
websocket-server-5d44fc8b6-nrxc4   0m    36Mi   
websocket-server-5d44fc8b6-sjr7r   0m    40Mi   
websocket-server-5d44fc8b6-vg2n6   0m    39Mi   
websocket-server-5d44fc8b6-xgkzz   0m    39Mi   
1783193975
websocket-server-5d44fc8b6-7fc57   0m    39Mi   
websocket-server-5d44fc8b6-b6bk2   0m    39Mi   
websocket-server-5d44fc8b6-fwg58   0m    38Mi   
websocket-server-5d44fc8b6-gs4dl   1m    43Mi   
websocket-server-5d44fc8b6-lkmg6   0m    42Mi   
websocket-server-5d44fc8b6-mmbg7   0m    40Mi   
websocket-server-5d44fc8b6-nrxc4   0m    36Mi   
websocket-server-5d44fc8b6-sjr7r   0m    40Mi   
websocket-server-5d44fc8b6-vg2n6   0m    39Mi   
websocket-server-5d44fc8b6-xgkzz   0m    39Mi   
1783193980
websocket-server-5d44fc8b6-7fc57   0m    39Mi   
websocket-server-5d44fc8b6-b6bk2   0m    39Mi   
websocket-server-5d44fc8b6-fwg58   0m    38Mi   
websocket-server-5d44fc8b6-gs4dl   1m    43Mi   
websocket-server-5d44fc8b6-lkmg6   0m    42Mi   
websocket-server-5d44fc8b6-mmbg7   0m    40Mi   
websocket-server-5d44fc8b6-nrxc4   0m    36Mi   
websocket-server-5d44fc8b6-sjr7r   0m    40Mi   
websocket-server-5d44fc8b6-vg2n6   0m    39Mi   
websocket-server-5d44fc8b6-xgkzz   0m    39Mi   
1783193985
websocket-server-5d44fc8b6-7fc57   0m    39Mi   
websocket-server-5d44fc8b6-b6bk2   0m    39Mi   
websocket-server-5d44fc8b6-fwg58   0m    38Mi   
websocket-server-5d44fc8b6-gs4dl   1m    43Mi   
websocket-server-5d44fc8b6-lkmg6   0m    42Mi   
websocket-server-5d44fc8b6-mmbg7   0m    40Mi   
websocket-server-5d44fc8b6-nrxc4   0m    36Mi   
websocket-server-5d44fc8b6-sjr7r   0m    40Mi   
websocket-server-5d44fc8b6-vg2n6   0m    39Mi   
websocket-server-5d44fc8b6-xgkzz   0m    39Mi   
1783193990
websocket-server-5d44fc8b6-7fc57   0m    39Mi   
websocket-server-5d44fc8b6-b6bk2   0m    39Mi   
websocket-server-5d44fc8b6-fwg58   0m    38Mi   
websocket-server-5d44fc8b6-gs4dl   1m    43Mi   
websocket-server-5d44fc8b6-lkmg6   0m    42Mi   
websocket-server-5d44fc8b6-mmbg7   0m    40Mi   
websocket-server-5d44fc8b6-nrxc4   0m    36Mi   
websocket-server-5d44fc8b6-sjr7r   0m    40Mi   
websocket-server-5d44fc8b6-vg2n6   0m    39Mi   
websocket-server-5d44fc8b6-xgkzz   0m    39Mi   
1783193995
websocket-server-5d44fc8b6-7fc57   0m    39Mi   
websocket-server-5d44fc8b6-b6bk2   0m    39Mi   
websocket-server-5d44fc8b6-fwg58   0m    38Mi   
websocket-server-5d44fc8b6-gs4dl   1m    43Mi   
websocket-server-5d44fc8b6-lkmg6   0m    42Mi   
websocket-server-5d44fc8b6-mmbg7   0m    40Mi   
websocket-server-5d44fc8b6-nrxc4   0m    36Mi   
websocket-server-5d44fc8b6-sjr7r   0m    40Mi   
websocket-server-5d44fc8b6-vg2n6   0m    39Mi   
websocket-server-5d44fc8b6-xgkzz   0m    39Mi   
1783194000
websocket-server-5d44fc8b6-7fc57   0m    39Mi   
websocket-server-5d44fc8b6-b6bk2   0m    39Mi   
websocket-server-5d44fc8b6-fwg58   0m    38Mi   
websocket-server-5d44fc8b6-gs4dl   1m    43Mi   
websocket-server-5d44fc8b6-lkmg6   0m    42Mi   
websocket-server-5d44fc8b6-mmbg7   0m    40Mi   
websocket-server-5d44fc8b6-nrxc4   0m    36Mi   
websocket-server-5d44fc8b6-sjr7r   0m    40Mi   
websocket-server-5d44fc8b6-vg2n6   0m    39Mi   
websocket-server-5d44fc8b6-xgkzz   0m    39Mi   
1783194006
websocket-server-5d44fc8b6-7fc57   0m    39Mi   
websocket-server-5d44fc8b6-b6bk2   0m    39Mi   
websocket-server-5d44fc8b6-fwg58   0m    38Mi   
websocket-server-5d44fc8b6-gs4dl   1m    43Mi   
websocket-server-5d44fc8b6-lkmg6   0m    42Mi   
websocket-server-5d44fc8b6-mmbg7   0m    40Mi   
websocket-server-5d44fc8b6-nrxc4   0m    36Mi   
websocket-server-5d44fc8b6-sjr7r   0m    40Mi   
websocket-server-5d44fc8b6-vg2n6   0m    39Mi   
websocket-server-5d44fc8b6-xgkzz   0m    39Mi   
1783194011
websocket-server-5d44fc8b6-7fc57   0m    39Mi   
websocket-server-5d44fc8b6-b6bk2   0m    39Mi   
websocket-server-5d44fc8b6-fwg58   0m    38Mi   
websocket-server-5d44fc8b6-gs4dl   1m    43Mi   
websocket-server-5d44fc8b6-lkmg6   0m    42Mi   
websocket-server-5d44fc8b6-mmbg7   0m    40Mi   
websocket-server-5d44fc8b6-nrxc4   0m    36Mi   
websocket-server-5d44fc8b6-sjr7r   0m    40Mi   
websocket-server-5d44fc8b6-vg2n6   0m    39Mi   
websocket-server-5d44fc8b6-xgkzz   0m    39Mi   
1783194016
websocket-server-5d44fc8b6-7fc57   0m    39Mi   
websocket-server-5d44fc8b6-b6bk2   0m    39Mi   
websocket-server-5d44fc8b6-fwg58   0m    38Mi   
websocket-server-5d44fc8b6-gs4dl   1m    43Mi   
websocket-server-5d44fc8b6-lkmg6   0m    42Mi   
websocket-server-5d44fc8b6-mmbg7   0m    40Mi   
websocket-server-5d44fc8b6-nrxc4   0m    36Mi   
websocket-server-5d44fc8b6-sjr7r   0m    40Mi   
websocket-server-5d44fc8b6-vg2n6   0m    39Mi   
websocket-server-5d44fc8b6-xgkzz   0m    39Mi   
1783194021
websocket-server-5d44fc8b6-7fc57   0m    39Mi   
websocket-server-5d44fc8b6-b6bk2   0m    39Mi   
websocket-server-5d44fc8b6-fwg58   0m    38Mi   
websocket-server-5d44fc8b6-gs4dl   1m    43Mi   
websocket-server-5d44fc8b6-lkmg6   0m    42Mi   
websocket-server-5d44fc8b6-mmbg7   0m    40Mi   
websocket-server-5d44fc8b6-nrxc4   0m    36Mi   
websocket-server-5d44fc8b6-sjr7r   0m    40Mi   
websocket-server-5d44fc8b6-vg2n6   0m    39Mi   
websocket-server-5d44fc8b6-xgkzz   0m    39Mi   
1783194026
websocket-server-5d44fc8b6-7fc57   0m    39Mi   
websocket-server-5d44fc8b6-b6bk2   0m    39Mi   
websocket-server-5d44fc8b6-fwg58   0m    38Mi   
websocket-server-5d44fc8b6-gs4dl   1m    43Mi   
websocket-server-5d44fc8b6-lkmg6   0m    42Mi   
websocket-server-5d44fc8b6-mmbg7   0m    40Mi   
websocket-server-5d44fc8b6-nrxc4   0m    36Mi   
websocket-server-5d44fc8b6-sjr7r   0m    40Mi   
websocket-server-5d44fc8b6-vg2n6   0m    39Mi   
websocket-server-5d44fc8b6-xgkzz   0m    39Mi   
1783194031
websocket-server-5d44fc8b6-7fc57   0m    39Mi   
websocket-server-5d44fc8b6-b6bk2   0m    39Mi   
websocket-server-5d44fc8b6-fwg58   0m    38Mi   
websocket-server-5d44fc8b6-gs4dl   1m    43Mi   
websocket-server-5d44fc8b6-lkmg6   0m    42Mi   
websocket-server-5d44fc8b6-mmbg7   0m    40Mi   
websocket-server-5d44fc8b6-nrxc4   0m    36Mi   
websocket-server-5d44fc8b6-sjr7r   0m    40Mi   
websocket-server-5d44fc8b6-vg2n6   0m    39Mi   
websocket-server-5d44fc8b6-xgkzz   0m    39Mi   
1783194036
websocket-server-5d44fc8b6-7fc57   0m    39Mi   
websocket-server-5d44fc8b6-b6bk2   0m    39Mi   
websocket-server-5d44fc8b6-fwg58   0m    38Mi   
websocket-server-5d44fc8b6-gs4dl   1m    43Mi   
websocket-server-5d44fc8b6-lkmg6   0m    42Mi   
websocket-server-5d44fc8b6-mmbg7   0m    40Mi   
websocket-server-5d44fc8b6-nrxc4   0m    36Mi   
websocket-server-5d44fc8b6-sjr7r   0m    40Mi   
websocket-server-5d44fc8b6-vg2n6   0m    39Mi   
websocket-server-5d44fc8b6-xgkzz   0m    39Mi   
1783194041
websocket-server-5d44fc8b6-7fc57   0m    39Mi   
websocket-server-5d44fc8b6-b6bk2   0m    39Mi   
websocket-server-5d44fc8b6-fwg58   0m    38Mi   
websocket-server-5d44fc8b6-gs4dl   1m    43Mi   
websocket-server-5d44fc8b6-lkmg6   0m    42Mi   
websocket-server-5d44fc8b6-mmbg7   0m    40Mi   
websocket-server-5d44fc8b6-nrxc4   0m    36Mi   
websocket-server-5d44fc8b6-sjr7r   0m    40Mi   
websocket-server-5d44fc8b6-vg2n6   0m    39Mi   
websocket-server-5d44fc8b6-xgkzz   0m    39Mi   
1783194047
websocket-server-5d44fc8b6-7fc57   0m    39Mi   
websocket-server-5d44fc8b6-b6bk2   0m    39Mi   
websocket-server-5d44fc8b6-fwg58   0m    38Mi   
websocket-server-5d44fc8b6-gs4dl   1m    43Mi   
websocket-server-5d44fc8b6-lkmg6   0m    42Mi   
websocket-server-5d44fc8b6-mmbg7   0m    40Mi   
websocket-server-5d44fc8b6-nrxc4   0m    36Mi   
websocket-server-5d44fc8b6-sjr7r   0m    40Mi   
websocket-server-5d44fc8b6-vg2n6   0m    39Mi   
websocket-server-5d44fc8b6-xgkzz   0m    39Mi   
1783194052
websocket-server-5d44fc8b6-7fc57   0m    39Mi   
websocket-server-5d44fc8b6-b6bk2   0m    39Mi   
websocket-server-5d44fc8b6-fwg58   0m    38Mi   
websocket-server-5d44fc8b6-gs4dl   1m    43Mi   
websocket-server-5d44fc8b6-lkmg6   0m    42Mi   
websocket-server-5d44fc8b6-mmbg7   0m    40Mi   
websocket-server-5d44fc8b6-nrxc4   0m    36Mi   
websocket-server-5d44fc8b6-sjr7r   0m    40Mi   
websocket-server-5d44fc8b6-vg2n6   0m    39Mi   
websocket-server-5d44fc8b6-xgkzz   0m    39Mi   
1783194057
websocket-server-5d44fc8b6-b6bk2   0m    39Mi   
websocket-server-5d44fc8b6-fwg58   0m    38Mi   
websocket-server-5d44fc8b6-gs4dl   1m    43Mi   
websocket-server-5d44fc8b6-lkmg6   0m    42Mi   
websocket-server-5d44fc8b6-mmbg7   0m    40Mi   
websocket-server-5d44fc8b6-nrxc4   0m    36Mi   
websocket-server-5d44fc8b6-sjr7r   0m    40Mi   
websocket-server-5d44fc8b6-xgkzz   0m    39Mi   
1783194062
websocket-server-5d44fc8b6-b6bk2   0m    39Mi   
websocket-server-5d44fc8b6-fwg58   0m    38Mi   
websocket-server-5d44fc8b6-gs4dl   1m    43Mi   
websocket-server-5d44fc8b6-lkmg6   0m    42Mi   
websocket-server-5d44fc8b6-mmbg7   0m    40Mi   
websocket-server-5d44fc8b6-nrxc4   0m    36Mi   
websocket-server-5d44fc8b6-sjr7r   0m    40Mi   
websocket-server-5d44fc8b6-xgkzz   0m    39Mi   
1783194067
websocket-server-5d44fc8b6-b6bk2   0m    39Mi   
websocket-server-5d44fc8b6-fwg58   0m    38Mi   
websocket-server-5d44fc8b6-gs4dl   1m    43Mi   
websocket-server-5d44fc8b6-lkmg6   0m    42Mi   
websocket-server-5d44fc8b6-mmbg7   0m    40Mi   
websocket-server-5d44fc8b6-nrxc4   0m    36Mi   
websocket-server-5d44fc8b6-sjr7r   0m    40Mi   
websocket-server-5d44fc8b6-xgkzz   0m    39Mi   
