1783193268
NAME            REFERENCE                     TARGETS              MINPODS   MAXPODS   REPLICAS   AGE
websocket-hpa   Deployment/websocket-server   cpu: <unknown>/60%   2         15        0          1s
1783193273
NAME            REFERENCE                     TARGETS              MINPODS   MAXPODS   REPLICAS   AGE
websocket-hpa   Deployment/websocket-server   cpu: <unknown>/60%   2         15        0          6s
1783193278
NAME            REFERENCE                     TARGETS              MINPODS   MAXPODS   REPLICAS   AGE
websocket-hpa   Deployment/websocket-server   cpu: <unknown>/60%   2         15        2          11s
1783193283
NAME            REFERENCE                     TARGETS              MINPODS   MAXPODS   REPLICAS   AGE
websocket-hpa   Deployment/websocket-server   cpu: <unknown>/60%   2         15        2          17s
1783193289
NAME            REFERENCE                     TARGETS              MINPODS   MAXPODS   REPLICAS   AGE
websocket-hpa   Deployment/websocket-server   cpu: <unknown>/60%   2         15        2          22s
1783193294
NAME            REFERENCE                     TARGETS        MINPODS   MAXPODS   REPLICAS   AGE
websocket-hpa   Deployment/websocket-server   cpu: 24%/60%   2         15        2          27s
1783193299
NAME            REFERENCE                     TARGETS        MINPODS   MAXPODS   REPLICAS   AGE
websocket-hpa   Deployment/websocket-server   cpu: 24%/60%   2         15        2          32s
1783193304
NAME            REFERENCE                     TARGETS        MINPODS   MAXPODS   REPLICAS   AGE
websocket-hpa   Deployment/websocket-server   cpu: 24%/60%   2         15        2          37s
1783193309
NAME            REFERENCE                     TARGETS        MINPODS   MAXPODS   REPLICAS   AGE
websocket-hpa   Deployment/websocket-server   cpu: 65%/60%   2         15        2          42s
1783193314
NAME            REFERENCE                     TARGETS        MINPODS   MAXPODS   REPLICAS   AGE
websocket-hpa   Deployment/websocket-server   cpu: 65%/60%   2         15        2          47s
1783193319
NAME            REFERENCE                     TARGETS        MINPODS   MAXPODS   REPLICAS   AGE
websocket-hpa   Deployment/websocket-server   cpu: 65%/60%   2         15        2          52s
1783193324
NAME            REFERENCE                     TARGETS         MINPODS   MAXPODS   REPLICAS   AGE
websocket-hpa   Deployment/websocket-server   cpu: 110%/60%   2         15        2          57s
1783193329
NAME            REFERENCE                     TARGETS         MINPODS   MAXPODS   REPLICAS   AGE
websocket-hpa   Deployment/websocket-server   cpu: 110%/60%   2         15        2          63s
1783193335
NAME            REFERENCE                     TARGETS         MINPODS   MAXPODS   REPLICAS   AGE
websocket-hpa   Deployment/websocket-server   cpu: 110%/60%   2         15        2          68s
1783193340
NAME            REFERENCE                     TARGETS         MINPODS   MAXPODS   REPLICAS   AGE
websocket-hpa   Deployment/websocket-server   cpu: 160%/60%   2         15        4          73s
1783193345
NAME            REFERENCE                     TARGETS         MINPODS   MAXPODS   REPLICAS   AGE
websocket-hpa   Deployment/websocket-server   cpu: 160%/60%   2         15        4          78s
1783193350
NAME            REFERENCE                     TARGETS         MINPODS   MAXPODS   REPLICAS   AGE
websocket-hpa   Deployment/websocket-server   cpu: 160%/60%   2         15        4          83s
1783193355
NAME            REFERENCE                     TARGETS         MINPODS   MAXPODS   REPLICAS   AGE
websocket-hpa   Deployment/websocket-server   cpu: 134%/60%   2         15        6          88s
1783193360
NAME            REFERENCE                     TARGETS         MINPODS   MAXPODS   REPLICAS   AGE
websocket-hpa   Deployment/websocket-server   cpu: 134%/60%   2         15        6          93s
1783193365
NAME            REFERENCE                     TARGETS        MINPODS   MAXPODS   REPLICAS   AGE
websocket-hpa   Deployment/websocket-server   cpu: 95%/60%   2         15        7          99s
1783193371
NAME            REFERENCE                     TARGETS        MINPODS   MAXPODS   REPLICAS   AGE
websocket-hpa   Deployment/websocket-server   cpu: 95%/60%   2         15        7          104s
1783193376
NAME            REFERENCE                     TARGETS        MINPODS   MAXPODS   REPLICAS   AGE
websocket-hpa   Deployment/websocket-server   cpu: 95%/60%   2         15        7          109s
1783193381
NAME            REFERENCE                     TARGETS        MINPODS   MAXPODS   REPLICAS   AGE
websocket-hpa   Deployment/websocket-server   cpu: 56%/60%   2         15        10         114s
1783193386
NAME            REFERENCE                     TARGETS        MINPODS   MAXPODS   REPLICAS   AGE
websocket-hpa   Deployment/websocket-server   cpu: 56%/60%   2         15        10         119s
1783193391
NAME            REFERENCE                     TARGETS        MINPODS   MAXPODS   REPLICAS   AGE
websocket-hpa   Deployment/websocket-server   cpu: 56%/60%   2         15        10         2m4s
1783193396
NAME            REFERENCE                     TARGETS        MINPODS   MAXPODS   REPLICAS   AGE
websocket-hpa   Deployment/websocket-server   cpu: 23%/60%   2         15        10         2m9s
1783193401
NAME            REFERENCE                     TARGETS        MINPODS   MAXPODS   REPLICAS   AGE
websocket-hpa   Deployment/websocket-server   cpu: 23%/60%   2         15        10         2m14s
1783193406
NAME            REFERENCE                     TARGETS        MINPODS   MAXPODS   REPLICAS   AGE
websocket-hpa   Deployment/websocket-server   cpu: 23%/60%   2         15        10         2m19s
1783193411
NAME            REFERENCE                     TARGETS        MINPODS   MAXPODS   REPLICAS   AGE
websocket-hpa   Deployment/websocket-server   cpu: 17%/60%   2         15        10         2m25s
1783193417
NAME            REFERENCE                     TARGETS        MINPODS   MAXPODS   REPLICAS   AGE
websocket-hpa   Deployment/websocket-server   cpu: 17%/60%   2         15        10         2m30s
1783193422
NAME            REFERENCE                     TARGETS        MINPODS   MAXPODS   REPLICAS   AGE
websocket-hpa   Deployment/websocket-server   cpu: 17%/60%   2         15        10         2m35s
1783193427
NAME            REFERENCE                     TARGETS        MINPODS   MAXPODS   REPLICAS   AGE
websocket-hpa   Deployment/websocket-server   cpu: 30%/60%   2         15        10         2m40s
1783193432
NAME            REFERENCE                     TARGETS        MINPODS   MAXPODS   REPLICAS   AGE
websocket-hpa   Deployment/websocket-server   cpu: 30%/60%   2         15        10         2m45s
1783193437
NAME            REFERENCE                     TARGETS        MINPODS   MAXPODS   REPLICAS   AGE
websocket-hpa   Deployment/websocket-server   cpu: 30%/60%   2         15        10         2m50s
1783193442
NAME            REFERENCE                     TARGETS        MINPODS   MAXPODS   REPLICAS   AGE
websocket-hpa   Deployment/websocket-server   cpu: 44%/60%   2         15        10         2m55s
1783193447
NAME            REFERENCE                     TARGETS        MINPODS   MAXPODS   REPLICAS   AGE
websocket-hpa   Deployment/websocket-server   cpu: 44%/60%   2         15        10         3m
1783193452
NAME            REFERENCE                     TARGETS        MINPODS   MAXPODS   REPLICAS   AGE
websocket-hpa   Deployment/websocket-server   cpu: 44%/60%   2         15        10         3m6s
1783193458
NAME            REFERENCE                     TARGETS        MINPODS   MAXPODS   REPLICAS   AGE
websocket-hpa   Deployment/websocket-server   cpu: 56%/60%   2         15        10         3m11s
1783193463
NAME            REFERENCE                     TARGETS        MINPODS   MAXPODS   REPLICAS   AGE
websocket-hpa   Deployment/websocket-server   cpu: 56%/60%   2         15        10         3m16s
1783193468
NAME            REFERENCE                     TARGETS        MINPODS   MAXPODS   REPLICAS   AGE
websocket-hpa   Deployment/websocket-server   cpu: 56%/60%   2         15        10         3m21s
1783193473
NAME            REFERENCE                     TARGETS        MINPODS   MAXPODS   REPLICAS   AGE
websocket-hpa   Deployment/websocket-server   cpu: 45%/60%   2         15        10         3m26s
1783193478
NAME            REFERENCE                     TARGETS        MINPODS   MAXPODS   REPLICAS   AGE
websocket-hpa   Deployment/websocket-server   cpu: 45%/60%   2         15        10         3m31s
1783193483
NAME            REFERENCE                     TARGETS        MINPODS   MAXPODS   REPLICAS   AGE
websocket-hpa   Deployment/websocket-server   cpu: 45%/60%   2         15        10         3m36s
1783193488
NAME            REFERENCE                     TARGETS        MINPODS   MAXPODS   REPLICAS   AGE
websocket-hpa   Deployment/websocket-server   cpu: 13%/60%   2         15        10         3m41s
1783193493
NAME            REFERENCE                     TARGETS        MINPODS   MAXPODS   REPLICAS   AGE
websocket-hpa   Deployment/websocket-server   cpu: 13%/60%   2         15        10         3m47s
1783193499
NAME            REFERENCE                     TARGETS        MINPODS   MAXPODS   REPLICAS   AGE
websocket-hpa   Deployment/websocket-server   cpu: 13%/60%   2         15        10         3m52s
1783193504
NAME            REFERENCE                     TARGETS        MINPODS   MAXPODS   REPLICAS   AGE
websocket-hpa   Deployment/websocket-server   cpu: 21%/60%   2         15        10         3m57s
1783193509
NAME            REFERENCE                     TARGETS        MINPODS   MAXPODS   REPLICAS   AGE
websocket-hpa   Deployment/websocket-server   cpu: 21%/60%   2         15        10         4m2s
1783193514
NAME            REFERENCE                     TARGETS        MINPODS   MAXPODS   REPLICAS   AGE
websocket-hpa   Deployment/websocket-server   cpu: 21%/60%   2         15        10         4m7s
1783193519
NAME            REFERENCE                     TARGETS        MINPODS   MAXPODS   REPLICAS   AGE
websocket-hpa   Deployment/websocket-server   cpu: 34%/60%   2         15        10         4m12s
1783193524
NAME            REFERENCE                     TARGETS        MINPODS   MAXPODS   REPLICAS   AGE
websocket-hpa   Deployment/websocket-server   cpu: 34%/60%   2         15        10         4m17s
1783193529
NAME            REFERENCE                     TARGETS        MINPODS   MAXPODS   REPLICAS   AGE
websocket-hpa   Deployment/websocket-server   cpu: 34%/60%   2         15        10         4m23s
1783193535
NAME            REFERENCE                     TARGETS        MINPODS   MAXPODS   REPLICAS   AGE
websocket-hpa   Deployment/websocket-server   cpu: 44%/60%   2         15        10         4m28s
1783193540
NAME            REFERENCE                     TARGETS        MINPODS   MAXPODS   REPLICAS   AGE
websocket-hpa   Deployment/websocket-server   cpu: 44%/60%   2         15        10         4m33s
1783193545
NAME            REFERENCE                     TARGETS        MINPODS   MAXPODS   REPLICAS   AGE
websocket-hpa   Deployment/websocket-server   cpu: 44%/60%   2         15        10         4m38s
1783193550
NAME            REFERENCE                     TARGETS        MINPODS   MAXPODS   REPLICAS   AGE
websocket-hpa   Deployment/websocket-server   cpu: 58%/60%   2         15        10         4m43s
1783193555
NAME            REFERENCE                     TARGETS        MINPODS   MAXPODS   REPLICAS   AGE
websocket-hpa   Deployment/websocket-server   cpu: 58%/60%   2         15        10         4m48s
1783193560
NAME            REFERENCE                     TARGETS        MINPODS   MAXPODS   REPLICAS   AGE
websocket-hpa   Deployment/websocket-server   cpu: 58%/60%   2         15        10         4m53s
1783193565
NAME            REFERENCE                     TARGETS        MINPODS   MAXPODS   REPLICAS   AGE
websocket-hpa   Deployment/websocket-server   cpu: 32%/60%   2         15        10         4m58s
1783193570
NAME            REFERENCE                     TARGETS        MINPODS   MAXPODS   REPLICAS   AGE
websocket-hpa   Deployment/websocket-server   cpu: 32%/60%   2         15        10         5m3s
1783193575
NAME            REFERENCE                     TARGETS        MINPODS   MAXPODS   REPLICAS   AGE
websocket-hpa   Deployment/websocket-server   cpu: 32%/60%   2         15        10         5m9s
1783193581
NAME            REFERENCE                     TARGETS        MINPODS   MAXPODS   REPLICAS   AGE
websocket-hpa   Deployment/websocket-server   cpu: 16%/60%   2         15        10         5m14s
1783193586
NAME            REFERENCE                     TARGETS        MINPODS   MAXPODS   REPLICAS   AGE
websocket-hpa   Deployment/websocket-server   cpu: 16%/60%   2         15        10         5m19s
1783193591
NAME            REFERENCE                     TARGETS        MINPODS   MAXPODS   REPLICAS   AGE
websocket-hpa   Deployment/websocket-server   cpu: 22%/60%   2         15        10         5m24s
1783193596
NAME            REFERENCE                     TARGETS        MINPODS   MAXPODS   REPLICAS   AGE
websocket-hpa   Deployment/websocket-server   cpu: 22%/60%   2         15        10         5m29s
1783193601
NAME            REFERENCE                     TARGETS        MINPODS   MAXPODS   REPLICAS   AGE
websocket-hpa   Deployment/websocket-server   cpu: 22%/60%   2         15        10         5m34s
1783193606
NAME            REFERENCE                     TARGETS        MINPODS   MAXPODS   REPLICAS   AGE
websocket-hpa   Deployment/websocket-server   cpu: 32%/60%   2         15        10         5m39s
1783193611
NAME            REFERENCE                     TARGETS        MINPODS   MAXPODS   REPLICAS   AGE
websocket-hpa   Deployment/websocket-server   cpu: 32%/60%   2         15        10         5m44s
1783193617
NAME            REFERENCE                     TARGETS        MINPODS   MAXPODS   REPLICAS   AGE
websocket-hpa   Deployment/websocket-server   cpu: 32%/60%   2         15        10         5m50s
1783193622
NAME            REFERENCE                     TARGETS        MINPODS   MAXPODS   REPLICAS   AGE
websocket-hpa   Deployment/websocket-server   cpu: 42%/60%   2         15        10         5m55s
1783193627
NAME            REFERENCE                     TARGETS        MINPODS   MAXPODS   REPLICAS   AGE
websocket-hpa   Deployment/websocket-server   cpu: 42%/60%   2         15        10         6m
1783193632
NAME            REFERENCE                     TARGETS        MINPODS   MAXPODS   REPLICAS   AGE
websocket-hpa   Deployment/websocket-server   cpu: 42%/60%   2         15        10         6m5s
1783193637
NAME            REFERENCE                     TARGETS        MINPODS   MAXPODS   REPLICAS   AGE
websocket-hpa   Deployment/websocket-server   cpu: 52%/60%   2         15        10         6m10s
1783193642
NAME            REFERENCE                     TARGETS        MINPODS   MAXPODS   REPLICAS   AGE
websocket-hpa   Deployment/websocket-server   cpu: 52%/60%   2         15        10         6m15s
1783193647
NAME            REFERENCE                     TARGETS        MINPODS   MAXPODS   REPLICAS   AGE
websocket-hpa   Deployment/websocket-server   cpu: 52%/60%   2         15        10         6m20s
1783193652
NAME            REFERENCE                     TARGETS        MINPODS   MAXPODS   REPLICAS   AGE
websocket-hpa   Deployment/websocket-server   cpu: 39%/60%   2         15        10         6m25s
1783193657
NAME            REFERENCE                     TARGETS        MINPODS   MAXPODS   REPLICAS   AGE
websocket-hpa   Deployment/websocket-server   cpu: 39%/60%   2         15        10         6m31s
1783193663
NAME            REFERENCE                     TARGETS        MINPODS   MAXPODS   REPLICAS   AGE
websocket-hpa   Deployment/websocket-server   cpu: 39%/60%   2         15        10         6m36s
1783193668
NAME            REFERENCE                     TARGETS        MINPODS   MAXPODS   REPLICAS   AGE
websocket-hpa   Deployment/websocket-server   cpu: 12%/60%   2         15        10         6m41s
1783193673
NAME            REFERENCE                     TARGETS        MINPODS   MAXPODS   REPLICAS   AGE
websocket-hpa   Deployment/websocket-server   cpu: 12%/60%   2         15        10         6m46s
1783193678
NAME            REFERENCE                     TARGETS        MINPODS   MAXPODS   REPLICAS   AGE
websocket-hpa   Deployment/websocket-server   cpu: 12%/60%   2         15        10         6m51s
1783193683
NAME            REFERENCE                     TARGETS        MINPODS   MAXPODS   REPLICAS   AGE
websocket-hpa   Deployment/websocket-server   cpu: 22%/60%   2         15        10         6m56s
1783193688
NAME            REFERENCE                     TARGETS        MINPODS   MAXPODS   REPLICAS   AGE
websocket-hpa   Deployment/websocket-server   cpu: 22%/60%   2         15        10         7m1s
1783193693
NAME            REFERENCE                     TARGETS        MINPODS   MAXPODS   REPLICAS   AGE
websocket-hpa   Deployment/websocket-server   cpu: 22%/60%   2         15        10         7m6s
1783193698
NAME            REFERENCE                     TARGETS        MINPODS   MAXPODS   REPLICAS   AGE
websocket-hpa   Deployment/websocket-server   cpu: 36%/60%   2         15        10         7m12s
1783193704
NAME            REFERENCE                     TARGETS        MINPODS   MAXPODS   REPLICAS   AGE
websocket-hpa   Deployment/websocket-server   cpu: 36%/60%   2         15        10         7m17s
1783193709
NAME            REFERENCE                     TARGETS        MINPODS   MAXPODS   REPLICAS   AGE
websocket-hpa   Deployment/websocket-server   cpu: 36%/60%   2         15        10         7m22s
1783193714
NAME            REFERENCE                     TARGETS        MINPODS   MAXPODS   REPLICAS   AGE
websocket-hpa   Deployment/websocket-server   cpu: 43%/60%   2         15        10         7m27s
1783193719
NAME            REFERENCE                     TARGETS        MINPODS   MAXPODS   REPLICAS   AGE
websocket-hpa   Deployment/websocket-server   cpu: 43%/60%   2         15        10         7m32s
1783193724
NAME            REFERENCE                     TARGETS        MINPODS   MAXPODS   REPLICAS   AGE
websocket-hpa   Deployment/websocket-server   cpu: 43%/60%   2         15        10         7m37s
1783193729
NAME            REFERENCE                     TARGETS        MINPODS   MAXPODS   REPLICAS   AGE
websocket-hpa   Deployment/websocket-server   cpu: 55%/60%   2         15        10         7m42s
1783193734
NAME            REFERENCE                     TARGETS        MINPODS   MAXPODS   REPLICAS   AGE
websocket-hpa   Deployment/websocket-server   cpu: 55%/60%   2         15        10         7m47s
1783193739
NAME            REFERENCE                     TARGETS        MINPODS   MAXPODS   REPLICAS   AGE
websocket-hpa   Deployment/websocket-server   cpu: 55%/60%   2         15        10         7m52s
1783193744
NAME            REFERENCE                     TARGETS        MINPODS   MAXPODS   REPLICAS   AGE
websocket-hpa   Deployment/websocket-server   cpu: 45%/60%   2         15        10         7m58s
1783193750
NAME            REFERENCE                     TARGETS        MINPODS   MAXPODS   REPLICAS   AGE
websocket-hpa   Deployment/websocket-server   cpu: 45%/60%   2         15        10         8m3s
1783193755
NAME            REFERENCE                     TARGETS        MINPODS   MAXPODS   REPLICAS   AGE
websocket-hpa   Deployment/websocket-server   cpu: 45%/60%   2         15        10         8m8s
1783193760
NAME            REFERENCE                     TARGETS       MINPODS   MAXPODS   REPLICAS   AGE
websocket-hpa   Deployment/websocket-server   cpu: 3%/60%   2         15        10         8m13s
1783193765
NAME            REFERENCE                     TARGETS       MINPODS   MAXPODS   REPLICAS   AGE
websocket-hpa   Deployment/websocket-server   cpu: 3%/60%   2         15        10         8m18s
1783193770
NAME            REFERENCE                     TARGETS       MINPODS   MAXPODS   REPLICAS   AGE
websocket-hpa   Deployment/websocket-server   cpu: 3%/60%   2         15        10         8m23s
1783193775
NAME            REFERENCE                     TARGETS       MINPODS   MAXPODS   REPLICAS   AGE
websocket-hpa   Deployment/websocket-server   cpu: 0%/60%   2         15        10         8m28s
1783193780
NAME            REFERENCE                     TARGETS       MINPODS   MAXPODS   REPLICAS   AGE
websocket-hpa   Deployment/websocket-server   cpu: 0%/60%   2         15        10         8m33s
1783193785
NAME            REFERENCE                     TARGETS       MINPODS   MAXPODS   REPLICAS   AGE
websocket-hpa   Deployment/websocket-server   cpu: 0%/60%   2         15        10         8m38s
1783193791
NAME            REFERENCE                     TARGETS       MINPODS   MAXPODS   REPLICAS   AGE
websocket-hpa   Deployment/websocket-server   cpu: 0%/60%   2         15        10         8m44s
1783193796
NAME            REFERENCE                     TARGETS       MINPODS   MAXPODS   REPLICAS   AGE
websocket-hpa   Deployment/websocket-server   cpu: 0%/60%   2         15        10         8m49s
1783193801
NAME            REFERENCE                     TARGETS       MINPODS   MAXPODS   REPLICAS   AGE
websocket-hpa   Deployment/websocket-server   cpu: 0%/60%   2         15        10         8m54s
1783193806
NAME            REFERENCE                     TARGETS       MINPODS   MAXPODS   REPLICAS   AGE
websocket-hpa   Deployment/websocket-server   cpu: 0%/60%   2         15        10         8m59s
1783193811
NAME            REFERENCE                     TARGETS       MINPODS   MAXPODS   REPLICAS   AGE
websocket-hpa   Deployment/websocket-server   cpu: 0%/60%   2         15        10         9m4s
1783193816
NAME            REFERENCE                     TARGETS       MINPODS   MAXPODS   REPLICAS   AGE
websocket-hpa   Deployment/websocket-server   cpu: 0%/60%   2         15        10         9m9s
1783193821
NAME            REFERENCE                     TARGETS       MINPODS   MAXPODS   REPLICAS   AGE
websocket-hpa   Deployment/websocket-server   cpu: 0%/60%   2         15        10         9m14s
1783193826
NAME            REFERENCE                     TARGETS       MINPODS   MAXPODS   REPLICAS   AGE
websocket-hpa   Deployment/websocket-server   cpu: 0%/60%   2         15        10         9m19s
1783193831
NAME            REFERENCE                     TARGETS       MINPODS   MAXPODS   REPLICAS   AGE
websocket-hpa   Deployment/websocket-server   cpu: 0%/60%   2         15        10         9m24s
1783193836
NAME            REFERENCE                     TARGETS       MINPODS   MAXPODS   REPLICAS   AGE
websocket-hpa   Deployment/websocket-server   cpu: 0%/60%   2         15        10         9m30s
1783193842
NAME            REFERENCE                     TARGETS       MINPODS   MAXPODS   REPLICAS   AGE
websocket-hpa   Deployment/websocket-server   cpu: 0%/60%   2         15        10         9m35s
1783193847
NAME            REFERENCE                     TARGETS       MINPODS   MAXPODS   REPLICAS   AGE
websocket-hpa   Deployment/websocket-server   cpu: 0%/60%   2         15        10         9m40s
1783193852
NAME            REFERENCE                     TARGETS       MINPODS   MAXPODS   REPLICAS   AGE
websocket-hpa   Deployment/websocket-server   cpu: 0%/60%   2         15        10         9m45s
1783193857
NAME            REFERENCE                     TARGETS       MINPODS   MAXPODS   REPLICAS   AGE
websocket-hpa   Deployment/websocket-server   cpu: 0%/60%   2         15        10         9m50s
1783193862
NAME            REFERENCE                     TARGETS       MINPODS   MAXPODS   REPLICAS   AGE
websocket-hpa   Deployment/websocket-server   cpu: 0%/60%   2         15        10         9m55s
1783193867
NAME            REFERENCE                     TARGETS       MINPODS   MAXPODS   REPLICAS   AGE
websocket-hpa   Deployment/websocket-server   cpu: 0%/60%   2         15        10         10m
1783193872
NAME            REFERENCE                     TARGETS       MINPODS   MAXPODS   REPLICAS   AGE
websocket-hpa   Deployment/websocket-server   cpu: 0%/60%   2         15        10         10m
1783193877
NAME            REFERENCE                     TARGETS       MINPODS   MAXPODS   REPLICAS   AGE
websocket-hpa   Deployment/websocket-server   cpu: 0%/60%   2         15        10         10m
1783193883
NAME            REFERENCE                     TARGETS       MINPODS   MAXPODS   REPLICAS   AGE
websocket-hpa   Deployment/websocket-server   cpu: 0%/60%   2         15        10         10m
1783193888
NAME            REFERENCE                     TARGETS       MINPODS   MAXPODS   REPLICAS   AGE
websocket-hpa   Deployment/websocket-server   cpu: 0%/60%   2         15        10         10m
1783193893
NAME            REFERENCE                     TARGETS       MINPODS   MAXPODS   REPLICAS   AGE
websocket-hpa   Deployment/websocket-server   cpu: 0%/60%   2         15        10         10m
1783193898
NAME            REFERENCE                     TARGETS       MINPODS   MAXPODS   REPLICAS   AGE
websocket-hpa   Deployment/websocket-server   cpu: 0%/60%   2         15        10         10m
1783193903
NAME            REFERENCE                     TARGETS       MINPODS   MAXPODS   REPLICAS   AGE
websocket-hpa   Deployment/websocket-server   cpu: 0%/60%   2         15        10         10m
1783193908
NAME            REFERENCE                     TARGETS       MINPODS   MAXPODS   REPLICAS   AGE
websocket-hpa   Deployment/websocket-server   cpu: 0%/60%   2         15        10         10m
1783193913
NAME            REFERENCE                     TARGETS       MINPODS   MAXPODS   REPLICAS   AGE
websocket-hpa   Deployment/websocket-server   cpu: 0%/60%   2         15        10         10m
1783193918
NAME            REFERENCE                     TARGETS       MINPODS   MAXPODS   REPLICAS   AGE
websocket-hpa   Deployment/websocket-server   cpu: 0%/60%   2         15        10         10m
1783193923
NAME            REFERENCE                     TARGETS       MINPODS   MAXPODS   REPLICAS   AGE
websocket-hpa   Deployment/websocket-server   cpu: 0%/60%   2         15        10         10m
1783193929
NAME            REFERENCE                     TARGETS       MINPODS   MAXPODS   REPLICAS   AGE
websocket-hpa   Deployment/websocket-server   cpu: 0%/60%   2         15        10         11m
1783193934
NAME            REFERENCE                     TARGETS       MINPODS   MAXPODS   REPLICAS   AGE
websocket-hpa   Deployment/websocket-server   cpu: 0%/60%   2         15        10         11m
1783193939
NAME            REFERENCE                     TARGETS       MINPODS   MAXPODS   REPLICAS   AGE
websocket-hpa   Deployment/websocket-server   cpu: 0%/60%   2         15        10         11m
1783193944
NAME            REFERENCE                     TARGETS       MINPODS   MAXPODS   REPLICAS   AGE
websocket-hpa   Deployment/websocket-server   cpu: 0%/60%   2         15        10         11m
1783193949
NAME            REFERENCE                     TARGETS       MINPODS   MAXPODS   REPLICAS   AGE
websocket-hpa   Deployment/websocket-server   cpu: 0%/60%   2         15        10         11m
1783193954
NAME            REFERENCE                     TARGETS       MINPODS   MAXPODS   REPLICAS   AGE
websocket-hpa   Deployment/websocket-server   cpu: 0%/60%   2         15        10         11m
1783193959
NAME            REFERENCE                     TARGETS       MINPODS   MAXPODS   REPLICAS   AGE
websocket-hpa   Deployment/websocket-server   cpu: 0%/60%   2         15        10         11m
1783193964
NAME            REFERENCE                     TARGETS       MINPODS   MAXPODS   REPLICAS   AGE
websocket-hpa   Deployment/websocket-server   cpu: 0%/60%   2         15        10         11m
1783193969
NAME            REFERENCE                     TARGETS       MINPODS   MAXPODS   REPLICAS   AGE
websocket-hpa   Deployment/websocket-server   cpu: 0%/60%   2         15        10         11m
1783193975
NAME            REFERENCE                     TARGETS       MINPODS   MAXPODS   REPLICAS   AGE
websocket-hpa   Deployment/websocket-server   cpu: 0%/60%   2         15        10         11m
1783193980
NAME            REFERENCE                     TARGETS       MINPODS   MAXPODS   REPLICAS   AGE
websocket-hpa   Deployment/websocket-server   cpu: 0%/60%   2         15        10         11m
1783193985
NAME            REFERENCE                     TARGETS       MINPODS   MAXPODS   REPLICAS   AGE
websocket-hpa   Deployment/websocket-server   cpu: 0%/60%   2         15        10         11m
1783193990
NAME            REFERENCE                     TARGETS       MINPODS   MAXPODS   REPLICAS   AGE
websocket-hpa   Deployment/websocket-server   cpu: 0%/60%   2         15        10         12m
1783193995
NAME            REFERENCE                     TARGETS       MINPODS   MAXPODS   REPLICAS   AGE
websocket-hpa   Deployment/websocket-server   cpu: 0%/60%   2         15        10         12m
1783194000
NAME            REFERENCE                     TARGETS       MINPODS   MAXPODS   REPLICAS   AGE
websocket-hpa   Deployment/websocket-server   cpu: 0%/60%   2         15        10         12m
1783194005
NAME            REFERENCE                     TARGETS       MINPODS   MAXPODS   REPLICAS   AGE
websocket-hpa   Deployment/websocket-server   cpu: 0%/60%   2         15        10         12m
1783194010
NAME            REFERENCE                     TARGETS       MINPODS   MAXPODS   REPLICAS   AGE
websocket-hpa   Deployment/websocket-server   cpu: 0%/60%   2         15        10         12m
1783194015
NAME            REFERENCE                     TARGETS       MINPODS   MAXPODS   REPLICAS   AGE
websocket-hpa   Deployment/websocket-server   cpu: 0%/60%   2         15        10         12m
1783194021
NAME            REFERENCE                     TARGETS       MINPODS   MAXPODS   REPLICAS   AGE
websocket-hpa   Deployment/websocket-server   cpu: 0%/60%   2         15        10         12m
1783194026
NAME            REFERENCE                     TARGETS       MINPODS   MAXPODS   REPLICAS   AGE
websocket-hpa   Deployment/websocket-server   cpu: 0%/60%   2         15        10         12m
1783194031
NAME            REFERENCE                     TARGETS       MINPODS   MAXPODS   REPLICAS   AGE
websocket-hpa   Deployment/websocket-server   cpu: 0%/60%   2         15        10         12m
1783194036
NAME            REFERENCE                     TARGETS       MINPODS   MAXPODS   REPLICAS   AGE
websocket-hpa   Deployment/websocket-server   cpu: 0%/60%   2         15        10         12m
1783194041
NAME            REFERENCE                     TARGETS       MINPODS   MAXPODS   REPLICAS   AGE
websocket-hpa   Deployment/websocket-server   cpu: 0%/60%   2         15        10         12m
1783194046
NAME            REFERENCE                     TARGETS       MINPODS   MAXPODS   REPLICAS   AGE
websocket-hpa   Deployment/websocket-server   cpu: 0%/60%   2         15        8          12m
1783194051
NAME            REFERENCE                     TARGETS       MINPODS   MAXPODS   REPLICAS   AGE
websocket-hpa   Deployment/websocket-server   cpu: 0%/60%   2         15        8          13m
1783194056
NAME            REFERENCE                     TARGETS       MINPODS   MAXPODS   REPLICAS   AGE
websocket-hpa   Deployment/websocket-server   cpu: 0%/60%   2         15        2          13m
1783194062
NAME            REFERENCE                     TARGETS       MINPODS   MAXPODS   REPLICAS   AGE
websocket-hpa   Deployment/websocket-server   cpu: 0%/60%   2         15        2          13m
1783194067
NAME            REFERENCE                     TARGETS       MINPODS   MAXPODS   REPLICAS   AGE
websocket-hpa   Deployment/websocket-server   cpu: 0%/60%   2         15        2          13m
1783194072
NAME            REFERENCE                     TARGETS       MINPODS   MAXPODS   REPLICAS   AGE
websocket-hpa   Deployment/websocket-server   cpu: 0%/60%   2         15        2          13m
