1783193273,CYCLE_1_HIGH_START
1783193333,CYCLE_1_HIGH_END
1783193333,CYCLE_1_LOW_START
1783193363,CYCLE_1_LOW_END
1783193363,CYCLE_2_HIGH_START
1783193423,CYCLE_2_HIGH_END
1783193424,CYCLE_2_LOW_START
1783193454,CYCLE_2_LOW_END
1783193454,CYCLE_3_HIGH_START
1783193514,CYCLE_3_HIGH_END
1783193514,CYCLE_3_LOW_START
1783193544,CYCLE_3_LOW_END
1783193544,CYCLE_4_HIGH_START
1783193604,CYCLE_4_HIGH_END
1783193604,CYCLE_4_LOW_START
1783193634,CYCLE_4_LOW_END
1783193634,CYCLE_5_HIGH_START
1783193695,CYCLE_5_HIGH_END
1783193695,CYCLE_5_LOW_START
1783193725,CYCLE_5_LOW_END
