1781208870
websocket-server-8585946c55-45mg9   19m   27Mi   
websocket-server-8585946c55-h55vz   19m   27Mi   
1781208875
websocket-server-8585946c55-45mg9   0m    27Mi   
websocket-server-8585946c55-h55vz   19m   27Mi   
1781208880
websocket-server-8585946c55-45mg9   0m    27Mi   
websocket-server-8585946c55-h55vz   19m   27Mi   
1781208885
websocket-server-8585946c55-45mg9   0m    27Mi   
websocket-server-8585946c55-h55vz   19m   27Mi   
1781208890
websocket-server-8585946c55-45mg9   1m    27Mi   
websocket-server-8585946c55-h55vz   1m    27Mi   
1781208895
websocket-server-8585946c55-45mg9   1m    27Mi   
websocket-server-8585946c55-h55vz   1m    27Mi   
1781208900
websocket-server-8585946c55-45mg9   1m    27Mi   
websocket-server-8585946c55-h55vz   1m    27Mi   
1781208905
websocket-server-8585946c55-45mg9   4m    28Mi   
websocket-server-8585946c55-h55vz   6m    29Mi   
1781208910
websocket-server-8585946c55-45mg9   4m    28Mi   
websocket-server-8585946c55-h55vz   6m    29Mi   
1781208915
websocket-server-8585946c55-45mg9   4m    28Mi   
websocket-server-8585946c55-h55vz   6m    29Mi   
1781208920
websocket-server-8585946c55-45mg9   40m   32Mi   
websocket-server-8585946c55-h55vz   35m   32Mi   
1781208926
websocket-server-8585946c55-45mg9   40m   32Mi   
websocket-server-8585946c55-h55vz   35m   32Mi   
1781208931
websocket-server-8585946c55-45mg9   40m   32Mi   
websocket-server-8585946c55-h55vz   35m   32Mi   
1781208936
websocket-server-8585946c55-45mg9   73m   36Mi   
websocket-server-8585946c55-h55vz   71m   36Mi   
1781208941
websocket-server-8585946c55-45mg9   73m   36Mi   
websocket-server-8585946c55-h55vz   71m   36Mi   
1781208946
websocket-server-8585946c55-45mg9   73m   36Mi   
websocket-server-8585946c55-h55vz   71m   36Mi   
1781208951
websocket-server-8585946c55-45mg9   109m   40Mi   
websocket-server-8585946c55-h55vz   110m   40Mi   
websocket-server-8585946c55-w8gkc   35m    29Mi   
1781208956
websocket-server-8585946c55-45mg9   109m   40Mi   
websocket-server-8585946c55-h55vz   110m   40Mi   
websocket-server-8585946c55-w8gkc   35m    29Mi   
1781208961
websocket-server-8585946c55-45mg9   109m   40Mi   
websocket-server-8585946c55-h55vz   110m   40Mi   
websocket-server-8585946c55-w8gkc   35m    29Mi   
1781208966
websocket-server-8585946c55-45mg9   145m   43Mi   
websocket-server-8585946c55-h55vz   139m   43Mi   
websocket-server-8585946c55-npfl8   34m    29Mi   
websocket-server-8585946c55-w8gkc   29m    30Mi   
1781208971
websocket-server-8585946c55-45mg9   145m   43Mi   
websocket-server-8585946c55-h55vz   139m   43Mi   
websocket-server-8585946c55-npfl8   34m    29Mi   
websocket-server-8585946c55-w8gkc   29m    30Mi   
1781208976
websocket-server-8585946c55-45mg9   145m   43Mi   
websocket-server-8585946c55-h55vz   139m   43Mi   
websocket-server-8585946c55-npfl8   34m    29Mi   
websocket-server-8585946c55-w8gkc   29m    30Mi   
1781208981
websocket-server-8585946c55-45mg9   165m   44Mi   
websocket-server-8585946c55-5sbd5   25m    28Mi   
websocket-server-8585946c55-h55vz   165m   46Mi   
websocket-server-8585946c55-npfl8   27m    30Mi   
websocket-server-8585946c55-ph8p7   27m    28Mi   
websocket-server-8585946c55-w8gkc   39m    31Mi   
1781208986
websocket-server-8585946c55-45mg9   165m   44Mi   
websocket-server-8585946c55-5sbd5   25m    28Mi   
websocket-server-8585946c55-h55vz   165m   46Mi   
websocket-server-8585946c55-npfl8   27m    30Mi   
websocket-server-8585946c55-ph8p7   27m    28Mi   
websocket-server-8585946c55-w8gkc   39m    31Mi   
1781208991
websocket-server-8585946c55-45mg9   165m   44Mi   
websocket-server-8585946c55-5sbd5   25m    28Mi   
websocket-server-8585946c55-h55vz   165m   46Mi   
websocket-server-8585946c55-npfl8   27m    30Mi   
websocket-server-8585946c55-ph8p7   27m    28Mi   
websocket-server-8585946c55-w8gkc   39m    31Mi   
1781208996
websocket-server-8585946c55-45mg9   174m   45Mi   
websocket-server-8585946c55-5sbd5   24m    28Mi   
websocket-server-8585946c55-h55vz   175m   46Mi   
websocket-server-8585946c55-npfl8   32m    30Mi   
websocket-server-8585946c55-ph8p7   8m     28Mi   
websocket-server-8585946c55-w8gkc   52m    32Mi   
websocket-server-8585946c55-wzdr8   20m    27Mi   
1781209001
websocket-server-8585946c55-45mg9   174m   45Mi   
websocket-server-8585946c55-5sbd5   24m    28Mi   
websocket-server-8585946c55-h55vz   175m   46Mi   
websocket-server-8585946c55-npfl8   32m    30Mi   
websocket-server-8585946c55-ph8p7   8m     28Mi   
websocket-server-8585946c55-w8gkc   52m    32Mi   
websocket-server-8585946c55-wzdr8   20m    27Mi   
1781209006
websocket-server-8585946c55-45mg9   174m   45Mi   
websocket-server-8585946c55-5sbd5   24m    28Mi   
websocket-server-8585946c55-h55vz   175m   46Mi   
websocket-server-8585946c55-npfl8   32m    30Mi   
websocket-server-8585946c55-ph8p7   8m     28Mi   
websocket-server-8585946c55-w8gkc   52m    32Mi   
websocket-server-8585946c55-wzdr8   20m    27Mi   
1781209011
websocket-server-8585946c55-45mg9   177m   45Mi   
websocket-server-8585946c55-5sbd5   5m     28Mi   
websocket-server-8585946c55-h55vz   181m   46Mi   
websocket-server-8585946c55-npfl8   32m    30Mi   
websocket-server-8585946c55-ph8p7   8m     28Mi   
websocket-server-8585946c55-w8gkc   48m    32Mi   
websocket-server-8585946c55-wzdr8   0m     27Mi   
1781209016
websocket-server-8585946c55-45mg9   177m   45Mi   
websocket-server-8585946c55-5sbd5   5m     28Mi   
websocket-server-8585946c55-h55vz   181m   46Mi   
websocket-server-8585946c55-npfl8   32m    30Mi   
websocket-server-8585946c55-ph8p7   8m     28Mi   
websocket-server-8585946c55-w8gkc   48m    32Mi   
websocket-server-8585946c55-wzdr8   0m     27Mi   
1781209021
websocket-server-8585946c55-45mg9   177m   45Mi   
websocket-server-8585946c55-5sbd5   5m     28Mi   
websocket-server-8585946c55-h55vz   181m   46Mi   
websocket-server-8585946c55-npfl8   32m    30Mi   
websocket-server-8585946c55-ph8p7   8m     28Mi   
websocket-server-8585946c55-w8gkc   48m    32Mi   
websocket-server-8585946c55-wzdr8   0m     27Mi   
1781209026
websocket-server-8585946c55-45mg9   5m    45Mi   
websocket-server-8585946c55-5sbd5   4m    28Mi   
websocket-server-8585946c55-h55vz   52m   46Mi   
websocket-server-8585946c55-npfl8   9m    30Mi   
websocket-server-8585946c55-ph8p7   2m    28Mi   
websocket-server-8585946c55-w8gkc   2m    32Mi   
websocket-server-8585946c55-wzdr8   1m    27Mi   
1781209032
websocket-server-8585946c55-45mg9   5m    45Mi   
websocket-server-8585946c55-5sbd5   4m    28Mi   
websocket-server-8585946c55-h55vz   52m   46Mi   
websocket-server-8585946c55-npfl8   9m    30Mi   
websocket-server-8585946c55-ph8p7   2m    28Mi   
websocket-server-8585946c55-w8gkc   2m    32Mi   
websocket-server-8585946c55-wzdr8   1m    27Mi   
1781209037
websocket-server-8585946c55-45mg9   5m    45Mi   
websocket-server-8585946c55-5sbd5   4m    28Mi   
websocket-server-8585946c55-h55vz   52m   46Mi   
websocket-server-8585946c55-npfl8   9m    30Mi   
websocket-server-8585946c55-ph8p7   2m    28Mi   
websocket-server-8585946c55-w8gkc   2m    32Mi   
websocket-server-8585946c55-wzdr8   1m    27Mi   
1781209042
websocket-server-8585946c55-45mg9   5m    45Mi   
websocket-server-8585946c55-5sbd5   1m    28Mi   
websocket-server-8585946c55-h55vz   5m    46Mi   
websocket-server-8585946c55-npfl8   1m    30Mi   
websocket-server-8585946c55-ph8p7   1m    28Mi   
websocket-server-8585946c55-w8gkc   2m    32Mi   
websocket-server-8585946c55-wzdr8   1m    27Mi   
1781209047
websocket-server-8585946c55-45mg9   5m    45Mi   
websocket-server-8585946c55-5sbd5   1m    28Mi   
websocket-server-8585946c55-h55vz   5m    46Mi   
websocket-server-8585946c55-npfl8   1m    30Mi   
websocket-server-8585946c55-ph8p7   1m    28Mi   
websocket-server-8585946c55-w8gkc   2m    32Mi   
websocket-server-8585946c55-wzdr8   1m    27Mi   
1781209052
websocket-server-8585946c55-45mg9   5m    45Mi   
websocket-server-8585946c55-5sbd5   1m    28Mi   
websocket-server-8585946c55-h55vz   5m    46Mi   
websocket-server-8585946c55-npfl8   1m    30Mi   
websocket-server-8585946c55-ph8p7   1m    28Mi   
websocket-server-8585946c55-w8gkc   2m    32Mi   
websocket-server-8585946c55-wzdr8   1m    27Mi   
1781209057
websocket-server-8585946c55-45mg9   4m    45Mi   
websocket-server-8585946c55-5sbd5   1m    28Mi   
websocket-server-8585946c55-h55vz   5m    46Mi   
websocket-server-8585946c55-npfl8   1m    30Mi   
websocket-server-8585946c55-ph8p7   1m    28Mi   
websocket-server-8585946c55-w8gkc   2m    32Mi   
websocket-server-8585946c55-wzdr8   1m    27Mi   
1781209062
websocket-server-8585946c55-45mg9   4m    45Mi   
websocket-server-8585946c55-5sbd5   1m    28Mi   
websocket-server-8585946c55-h55vz   5m    46Mi   
websocket-server-8585946c55-npfl8   1m    30Mi   
websocket-server-8585946c55-ph8p7   1m    28Mi   
websocket-server-8585946c55-w8gkc   2m    32Mi   
websocket-server-8585946c55-wzdr8   1m    27Mi   
1781209067
websocket-server-8585946c55-45mg9   4m    45Mi   
websocket-server-8585946c55-5sbd5   1m    28Mi   
websocket-server-8585946c55-h55vz   5m    46Mi   
websocket-server-8585946c55-npfl8   1m    30Mi   
websocket-server-8585946c55-ph8p7   1m    28Mi   
websocket-server-8585946c55-w8gkc   2m    32Mi   
websocket-server-8585946c55-wzdr8   1m    27Mi   
1781209072
websocket-server-8585946c55-45mg9   5m    45Mi   
websocket-server-8585946c55-5sbd5   1m    28Mi   
websocket-server-8585946c55-h55vz   5m    46Mi   
websocket-server-8585946c55-npfl8   1m    30Mi   
websocket-server-8585946c55-ph8p7   1m    28Mi   
websocket-server-8585946c55-w8gkc   2m    32Mi   
websocket-server-8585946c55-wzdr8   1m    27Mi   
1781209077
websocket-server-8585946c55-45mg9   5m    45Mi   
websocket-server-8585946c55-5sbd5   1m    28Mi   
websocket-server-8585946c55-h55vz   5m    46Mi   
websocket-server-8585946c55-npfl8   1m    30Mi   
websocket-server-8585946c55-ph8p7   1m    28Mi   
websocket-server-8585946c55-w8gkc   2m    32Mi   
websocket-server-8585946c55-wzdr8   1m    27Mi   
1781209082
websocket-server-8585946c55-45mg9   5m    45Mi   
websocket-server-8585946c55-5sbd5   1m    28Mi   
websocket-server-8585946c55-h55vz   5m    46Mi   
websocket-server-8585946c55-npfl8   1m    30Mi   
websocket-server-8585946c55-ph8p7   1m    28Mi   
websocket-server-8585946c55-w8gkc   2m    32Mi   
websocket-server-8585946c55-wzdr8   1m    27Mi   
1781209087
websocket-server-8585946c55-45mg9   5m    45Mi   
websocket-server-8585946c55-5sbd5   1m    28Mi   
websocket-server-8585946c55-h55vz   5m    46Mi   
websocket-server-8585946c55-npfl8   1m    30Mi   
websocket-server-8585946c55-ph8p7   1m    28Mi   
websocket-server-8585946c55-w8gkc   2m    32Mi   
websocket-server-8585946c55-wzdr8   1m    27Mi   
1781209092
websocket-server-8585946c55-45mg9   5m    45Mi   
websocket-server-8585946c55-5sbd5   1m    28Mi   
websocket-server-8585946c55-h55vz   5m    46Mi   
websocket-server-8585946c55-npfl8   1m    30Mi   
websocket-server-8585946c55-ph8p7   1m    28Mi   
websocket-server-8585946c55-w8gkc   2m    32Mi   
websocket-server-8585946c55-wzdr8   1m    27Mi   
1781209097
websocket-server-8585946c55-45mg9   5m    45Mi   
websocket-server-8585946c55-5sbd5   1m    28Mi   
websocket-server-8585946c55-h55vz   5m    46Mi   
websocket-server-8585946c55-npfl8   1m    30Mi   
websocket-server-8585946c55-ph8p7   1m    28Mi   
websocket-server-8585946c55-w8gkc   2m    32Mi   
websocket-server-8585946c55-wzdr8   1m    27Mi   
1781209102
websocket-server-8585946c55-45mg9   5m    45Mi   
websocket-server-8585946c55-5sbd5   1m    28Mi   
websocket-server-8585946c55-h55vz   5m    46Mi   
websocket-server-8585946c55-npfl8   1m    30Mi   
websocket-server-8585946c55-ph8p7   1m    28Mi   
websocket-server-8585946c55-w8gkc   2m    32Mi   
websocket-server-8585946c55-wzdr8   1m    27Mi   
1781209107
websocket-server-8585946c55-45mg9   5m    45Mi   
websocket-server-8585946c55-5sbd5   1m    28Mi   
websocket-server-8585946c55-h55vz   5m    46Mi   
websocket-server-8585946c55-npfl8   1m    30Mi   
websocket-server-8585946c55-ph8p7   1m    28Mi   
websocket-server-8585946c55-w8gkc   2m    32Mi   
websocket-server-8585946c55-wzdr8   1m    27Mi   
1781209112
websocket-server-8585946c55-45mg9   5m    45Mi   
websocket-server-8585946c55-5sbd5   1m    28Mi   
websocket-server-8585946c55-h55vz   5m    46Mi   
websocket-server-8585946c55-npfl8   1m    30Mi   
websocket-server-8585946c55-ph8p7   1m    28Mi   
websocket-server-8585946c55-w8gkc   2m    32Mi   
websocket-server-8585946c55-wzdr8   1m    27Mi   
1781209117
websocket-server-8585946c55-45mg9   4m    45Mi   
websocket-server-8585946c55-5sbd5   1m    28Mi   
websocket-server-8585946c55-h55vz   5m    47Mi   
websocket-server-8585946c55-npfl8   1m    30Mi   
websocket-server-8585946c55-ph8p7   1m    28Mi   
websocket-server-8585946c55-w8gkc   2m    32Mi   
websocket-server-8585946c55-wzdr8   1m    27Mi   
1781209122
websocket-server-8585946c55-45mg9   4m    45Mi   
websocket-server-8585946c55-5sbd5   1m    28Mi   
websocket-server-8585946c55-h55vz   5m    47Mi   
websocket-server-8585946c55-npfl8   1m    30Mi   
websocket-server-8585946c55-ph8p7   1m    28Mi   
websocket-server-8585946c55-w8gkc   2m    32Mi   
websocket-server-8585946c55-wzdr8   1m    27Mi   
1781209127
websocket-server-8585946c55-45mg9   4m    45Mi   
websocket-server-8585946c55-5sbd5   1m    28Mi   
websocket-server-8585946c55-h55vz   5m    47Mi   
websocket-server-8585946c55-npfl8   1m    30Mi   
websocket-server-8585946c55-ph8p7   1m    28Mi   
websocket-server-8585946c55-w8gkc   2m    32Mi   
websocket-server-8585946c55-wzdr8   1m    27Mi   
