1783200552
websocket-server-8585946c55-9pmjh   1m    82Mi   
websocket-server-8585946c55-ntv72   1m    82Mi   
1783200557
websocket-server-8585946c55-9pmjh   1m    82Mi   
websocket-server-8585946c55-ntv72   1m    82Mi   
1783200562
websocket-server-8585946c55-9pmjh   1m    82Mi   
websocket-server-8585946c55-ntv72   1m    82Mi   
1783200567
websocket-server-8585946c55-7c4k2   77m   28Mi   
websocket-server-8585946c55-9pmjh   0m    82Mi   
websocket-server-8585946c55-j95dj   82m   30Mi   
websocket-server-8585946c55-ntv72   1m    82Mi   
1783200572
websocket-server-8585946c55-7c4k2   77m   28Mi   
websocket-server-8585946c55-9pmjh   0m    82Mi   
websocket-server-8585946c55-j95dj   82m   30Mi   
websocket-server-8585946c55-ntv72   1m    82Mi   
1783200577
websocket-server-8585946c55-7c4k2   77m   28Mi   
websocket-server-8585946c55-j95dj   82m   30Mi   
1783200582
websocket-loadgen-stz77             38m   33Mi   
websocket-server-8585946c55-7c4k2   77m   28Mi   
websocket-server-8585946c55-j95dj   82m   30Mi   
1783200587
websocket-loadgen-stz77             38m   33Mi   
websocket-server-8585946c55-7c4k2   77m   28Mi   
websocket-server-8585946c55-j95dj   82m   30Mi   
1783200593
websocket-loadgen-stz77             38m   33Mi   
websocket-server-8585946c55-7c4k2   77m   28Mi   
websocket-server-8585946c55-j95dj   82m   30Mi   
1783200598
websocket-loadgen-stz77             52m    41Mi   
websocket-server-8585946c55-7c4k2   135m   34Mi   
websocket-server-8585946c55-j95dj   150m   34Mi   
1783200603
websocket-loadgen-stz77             52m    41Mi   
websocket-server-8585946c55-7c4k2   135m   34Mi   
websocket-server-8585946c55-j95dj   150m   34Mi   
1783200608
websocket-loadgen-stz77             52m    41Mi   
websocket-server-8585946c55-7c4k2   135m   34Mi   
websocket-server-8585946c55-j95dj   150m   34Mi   
1783200613
websocket-loadgen-stz77             67m    47Mi   
websocket-server-8585946c55-7c4k2   255m   39Mi   
websocket-server-8585946c55-j95dj   262m   39Mi   
1783200618
websocket-loadgen-stz77             67m    47Mi   
websocket-server-8585946c55-7c4k2   255m   39Mi   
websocket-server-8585946c55-j95dj   262m   39Mi   
1783200623
websocket-loadgen-stz77             67m    47Mi   
websocket-server-8585946c55-7c4k2   255m   39Mi   
websocket-server-8585946c55-j95dj   262m   39Mi   
1783200628
websocket-loadgen-stz77             77m    57Mi   
websocket-server-8585946c55-7c4k2   304m   40Mi   
websocket-server-8585946c55-7nthz   47m    29Mi   
websocket-server-8585946c55-j95dj   338m   41Mi   
websocket-server-8585946c55-tdnll   63m    28Mi   
websocket-server-8585946c55-vs7q9   31m    28Mi   
1783200633
websocket-loadgen-stz77             77m    57Mi   
websocket-server-8585946c55-7c4k2   304m   40Mi   
websocket-server-8585946c55-7nthz   47m    29Mi   
websocket-server-8585946c55-j95dj   338m   41Mi   
websocket-server-8585946c55-tdnll   63m    28Mi   
websocket-server-8585946c55-vs7q9   31m    28Mi   
1783200639
websocket-loadgen-stz77             93m    65Mi   
websocket-server-8585946c55-7c4k2   343m   41Mi   
websocket-server-8585946c55-7gz6k   65m    28Mi   
websocket-server-8585946c55-7nthz   73m    29Mi   
websocket-server-8585946c55-fk889   25m    28Mi   
websocket-server-8585946c55-j95dj   377m   42Mi   
websocket-server-8585946c55-jlgwt   21m    28Mi   
websocket-server-8585946c55-mmlnj   27m    28Mi   
websocket-server-8585946c55-tdnll   50m    29Mi   
websocket-server-8585946c55-vs7q9   55m    29Mi   
1783200644
websocket-loadgen-stz77             93m    65Mi   
websocket-server-8585946c55-7c4k2   343m   41Mi   
websocket-server-8585946c55-7gz6k   65m    28Mi   
websocket-server-8585946c55-7nthz   73m    29Mi   
websocket-server-8585946c55-fk889   25m    28Mi   
websocket-server-8585946c55-j95dj   377m   42Mi   
websocket-server-8585946c55-jlgwt   21m    28Mi   
websocket-server-8585946c55-mmlnj   27m    28Mi   
websocket-server-8585946c55-tdnll   50m    29Mi   
websocket-server-8585946c55-vs7q9   55m    29Mi   
1783200649
websocket-server-8585946c55-7c4k2   343m   41Mi   
websocket-server-8585946c55-7gz6k   65m    28Mi   
websocket-server-8585946c55-7nthz   73m    29Mi   
websocket-server-8585946c55-fk889   25m    28Mi   
websocket-server-8585946c55-j95dj   377m   42Mi   
websocket-server-8585946c55-jlgwt   21m    28Mi   
websocket-server-8585946c55-mmlnj   27m    28Mi   
websocket-server-8585946c55-tdnll   50m    29Mi   
websocket-server-8585946c55-vs7q9   55m    29Mi   
1783200654
websocket-server-8585946c55-7c4k2   274m   41Mi   
websocket-server-8585946c55-7gz6k   24m    28Mi   
websocket-server-8585946c55-7nthz   103m   30Mi   
websocket-server-8585946c55-fk889   44m    28Mi   
websocket-server-8585946c55-j95dj   283m   42Mi   
websocket-server-8585946c55-jlgwt   42m    29Mi   
websocket-server-8585946c55-lbmc9   64m    28Mi   
websocket-server-8585946c55-mmlnj   27m    28Mi   
websocket-server-8585946c55-pz86j   77m    28Mi   
websocket-server-8585946c55-tdnll   71m    29Mi   
websocket-server-8585946c55-vs7q9   57m    29Mi   
websocket-server-8585946c55-wjrxv   11m    28Mi   
1783200659
websocket-server-8585946c55-7c4k2   274m   41Mi   
websocket-server-8585946c55-7gz6k   24m    28Mi   
websocket-server-8585946c55-7nthz   103m   30Mi   
websocket-server-8585946c55-fk889   44m    28Mi   
websocket-server-8585946c55-j95dj   283m   42Mi   
websocket-server-8585946c55-jlgwt   42m    29Mi   
websocket-server-8585946c55-lbmc9   64m    28Mi   
websocket-server-8585946c55-mmlnj   27m    28Mi   
websocket-server-8585946c55-pz86j   77m    28Mi   
websocket-server-8585946c55-tdnll   71m    29Mi   
websocket-server-8585946c55-vs7q9   57m    29Mi   
websocket-server-8585946c55-wjrxv   11m    28Mi   
1783200664
websocket-server-8585946c55-7c4k2   274m   41Mi   
websocket-server-8585946c55-7gz6k   24m    28Mi   
websocket-server-8585946c55-7nthz   103m   30Mi   
websocket-server-8585946c55-fk889   44m    28Mi   
websocket-server-8585946c55-j95dj   283m   42Mi   
websocket-server-8585946c55-jlgwt   42m    29Mi   
websocket-server-8585946c55-lbmc9   64m    28Mi   
websocket-server-8585946c55-mmlnj   27m    28Mi   
websocket-server-8585946c55-pz86j   77m    28Mi   
websocket-server-8585946c55-tdnll   71m    29Mi   
websocket-server-8585946c55-vs7q9   57m    29Mi   
websocket-server-8585946c55-wjrxv   11m    28Mi   
1783200669
websocket-server-8585946c55-5pzww   0m    27Mi   
websocket-server-8585946c55-7c4k2   1m    41Mi   
websocket-server-8585946c55-7gz6k   4m    28Mi   
websocket-server-8585946c55-7nthz   24m   30Mi   
websocket-server-8585946c55-fk889   1m    28Mi   
websocket-server-8585946c55-fll22   1m    27Mi   
websocket-server-8585946c55-j95dj   1m    42Mi   
websocket-server-8585946c55-jlgwt   7m    28Mi   
websocket-server-8585946c55-lbmc9   1m    28Mi   
websocket-server-8585946c55-mmlnj   13m   28Mi   
websocket-server-8585946c55-pz86j   2m    28Mi   
websocket-server-8585946c55-tdnll   0m    29Mi   
websocket-server-8585946c55-tnlpx   51m   27Mi   
websocket-server-8585946c55-vs7q9   1m    29Mi   
websocket-server-8585946c55-wjrxv   1m    28Mi   
1783200674
websocket-server-8585946c55-5pzww   0m    27Mi   
websocket-server-8585946c55-7c4k2   1m    41Mi   
websocket-server-8585946c55-7gz6k   4m    28Mi   
websocket-server-8585946c55-7nthz   24m   30Mi   
websocket-server-8585946c55-fk889   1m    28Mi   
websocket-server-8585946c55-fll22   1m    27Mi   
websocket-server-8585946c55-j95dj   1m    42Mi   
websocket-server-8585946c55-jlgwt   7m    28Mi   
websocket-server-8585946c55-lbmc9   1m    28Mi   
websocket-server-8585946c55-mmlnj   13m   28Mi   
websocket-server-8585946c55-pz86j   2m    28Mi   
websocket-server-8585946c55-tdnll   0m    29Mi   
websocket-server-8585946c55-tnlpx   51m   27Mi   
websocket-server-8585946c55-vs7q9   1m    29Mi   
websocket-server-8585946c55-wjrxv   1m    28Mi   
1783200680
websocket-server-8585946c55-5pzww   0m    27Mi   
websocket-server-8585946c55-7c4k2   1m    41Mi   
websocket-server-8585946c55-7gz6k   4m    28Mi   
websocket-server-8585946c55-7nthz   24m   30Mi   
websocket-server-8585946c55-fk889   1m    28Mi   
websocket-server-8585946c55-fll22   1m    27Mi   
websocket-server-8585946c55-j95dj   1m    42Mi   
websocket-server-8585946c55-jlgwt   7m    28Mi   
websocket-server-8585946c55-lbmc9   1m    28Mi   
websocket-server-8585946c55-mmlnj   13m   28Mi   
websocket-server-8585946c55-pz86j   2m    28Mi   
websocket-server-8585946c55-tdnll   0m    29Mi   
websocket-server-8585946c55-tnlpx   51m   27Mi   
websocket-server-8585946c55-vs7q9   1m    29Mi   
websocket-server-8585946c55-wjrxv   1m    28Mi   
1783200685
websocket-server-8585946c55-5pzww   1m    27Mi   
websocket-server-8585946c55-7c4k2   1m    41Mi   
websocket-server-8585946c55-7gz6k   1m    28Mi   
websocket-server-8585946c55-7nthz   1m    30Mi   
websocket-server-8585946c55-fk889   1m    28Mi   
websocket-server-8585946c55-fll22   1m    27Mi   
websocket-server-8585946c55-j95dj   1m    42Mi   
websocket-server-8585946c55-jlgwt   0m    28Mi   
websocket-server-8585946c55-lbmc9   1m    28Mi   
websocket-server-8585946c55-mmlnj   1m    28Mi   
websocket-server-8585946c55-pz86j   1m    28Mi   
websocket-server-8585946c55-tdnll   1m    29Mi   
websocket-server-8585946c55-tnlpx   1m    27Mi   
websocket-server-8585946c55-vs7q9   1m    29Mi   
websocket-server-8585946c55-wjrxv   1m    28Mi   
1783200690
websocket-server-8585946c55-5pzww   1m    27Mi   
websocket-server-8585946c55-7c4k2   1m    41Mi   
websocket-server-8585946c55-7gz6k   1m    28Mi   
websocket-server-8585946c55-7nthz   1m    30Mi   
websocket-server-8585946c55-fk889   1m    28Mi   
websocket-server-8585946c55-fll22   1m    27Mi   
websocket-server-8585946c55-j95dj   1m    42Mi   
websocket-server-8585946c55-jlgwt   0m    28Mi   
websocket-server-8585946c55-lbmc9   1m    28Mi   
websocket-server-8585946c55-mmlnj   1m    28Mi   
websocket-server-8585946c55-pz86j   1m    28Mi   
websocket-server-8585946c55-tdnll   1m    29Mi   
websocket-server-8585946c55-tnlpx   1m    27Mi   
websocket-server-8585946c55-vs7q9   1m    29Mi   
websocket-server-8585946c55-wjrxv   1m    28Mi   
1783200695
websocket-server-8585946c55-5pzww   1m    27Mi   
websocket-server-8585946c55-7c4k2   1m    41Mi   
websocket-server-8585946c55-7gz6k   1m    28Mi   
websocket-server-8585946c55-7nthz   1m    30Mi   
websocket-server-8585946c55-fk889   1m    28Mi   
websocket-server-8585946c55-fll22   1m    27Mi   
websocket-server-8585946c55-j95dj   1m    42Mi   
websocket-server-8585946c55-jlgwt   0m    28Mi   
websocket-server-8585946c55-lbmc9   1m    28Mi   
websocket-server-8585946c55-mmlnj   1m    28Mi   
websocket-server-8585946c55-pz86j   1m    28Mi   
websocket-server-8585946c55-tdnll   1m    29Mi   
websocket-server-8585946c55-tnlpx   1m    27Mi   
websocket-server-8585946c55-vs7q9   1m    29Mi   
websocket-server-8585946c55-wjrxv   1m    28Mi   
1783200700
websocket-server-8585946c55-5pzww   1m    27Mi   
websocket-server-8585946c55-7c4k2   1m    41Mi   
websocket-server-8585946c55-7gz6k   1m    28Mi   
websocket-server-8585946c55-7nthz   0m    30Mi   
websocket-server-8585946c55-fk889   1m    28Mi   
websocket-server-8585946c55-fll22   1m    27Mi   
websocket-server-8585946c55-j95dj   0m    42Mi   
websocket-server-8585946c55-jlgwt   1m    28Mi   
websocket-server-8585946c55-lbmc9   1m    28Mi   
websocket-server-8585946c55-mmlnj   1m    28Mi   
websocket-server-8585946c55-pz86j   0m    28Mi   
websocket-server-8585946c55-tdnll   1m    29Mi   
websocket-server-8585946c55-tnlpx   1m    27Mi   
websocket-server-8585946c55-vs7q9   0m    29Mi   
websocket-server-8585946c55-wjrxv   1m    28Mi   
1783200705
websocket-server-8585946c55-5pzww   1m    27Mi   
websocket-server-8585946c55-7c4k2   1m    41Mi   
websocket-server-8585946c55-7gz6k   1m    28Mi   
websocket-server-8585946c55-7nthz   0m    30Mi   
websocket-server-8585946c55-fk889   1m    28Mi   
websocket-server-8585946c55-fll22   1m    27Mi   
websocket-server-8585946c55-j95dj   0m    42Mi   
websocket-server-8585946c55-jlgwt   1m    28Mi   
websocket-server-8585946c55-lbmc9   1m    28Mi   
websocket-server-8585946c55-mmlnj   1m    28Mi   
websocket-server-8585946c55-pz86j   0m    28Mi   
websocket-server-8585946c55-tdnll   1m    29Mi   
websocket-server-8585946c55-tnlpx   1m    27Mi   
websocket-server-8585946c55-vs7q9   0m    29Mi   
websocket-server-8585946c55-wjrxv   1m    28Mi   
1783200710
websocket-server-8585946c55-5pzww   1m    27Mi   
websocket-server-8585946c55-7c4k2   1m    41Mi   
websocket-server-8585946c55-7gz6k   1m    28Mi   
websocket-server-8585946c55-7nthz   0m    30Mi   
websocket-server-8585946c55-fk889   1m    28Mi   
websocket-server-8585946c55-fll22   1m    27Mi   
websocket-server-8585946c55-j95dj   0m    42Mi   
websocket-server-8585946c55-jlgwt   1m    28Mi   
websocket-server-8585946c55-lbmc9   1m    28Mi   
websocket-server-8585946c55-mmlnj   1m    28Mi   
websocket-server-8585946c55-pz86j   0m    28Mi   
websocket-server-8585946c55-tdnll   1m    29Mi   
websocket-server-8585946c55-tnlpx   1m    27Mi   
websocket-server-8585946c55-vs7q9   0m    29Mi   
websocket-server-8585946c55-wjrxv   1m    28Mi   
1783200715
websocket-server-8585946c55-5pzww   2m    27Mi   
websocket-server-8585946c55-7c4k2   2m    41Mi   
websocket-server-8585946c55-7gz6k   2m    28Mi   
websocket-server-8585946c55-7nthz   0m    30Mi   
websocket-server-8585946c55-fk889   1m    28Mi   
websocket-server-8585946c55-fll22   1m    27Mi   
websocket-server-8585946c55-j95dj   1m    42Mi   
websocket-server-8585946c55-jlgwt   1m    28Mi   
websocket-server-8585946c55-lbmc9   3m    28Mi   
websocket-server-8585946c55-mmlnj   3m    28Mi   
websocket-server-8585946c55-pz86j   1m    28Mi   
websocket-server-8585946c55-tdnll   3m    29Mi   
websocket-server-8585946c55-tnlpx   3m    28Mi   
websocket-server-8585946c55-vs7q9   1m    30Mi   
websocket-server-8585946c55-wjrxv   1m    28Mi   
1783200721
websocket-server-8585946c55-5pzww   2m    27Mi   
websocket-server-8585946c55-7c4k2   2m    41Mi   
websocket-server-8585946c55-7gz6k   2m    28Mi   
websocket-server-8585946c55-7nthz   0m    30Mi   
websocket-server-8585946c55-fk889   1m    28Mi   
websocket-server-8585946c55-fll22   1m    27Mi   
websocket-server-8585946c55-j95dj   1m    42Mi   
websocket-server-8585946c55-jlgwt   1m    28Mi   
websocket-server-8585946c55-lbmc9   3m    28Mi   
websocket-server-8585946c55-mmlnj   3m    28Mi   
websocket-server-8585946c55-pz86j   1m    28Mi   
websocket-server-8585946c55-tdnll   3m    29Mi   
websocket-server-8585946c55-tnlpx   3m    28Mi   
websocket-server-8585946c55-vs7q9   1m    30Mi   
websocket-server-8585946c55-wjrxv   1m    28Mi   
1783200726
websocket-server-8585946c55-5pzww   2m    27Mi   
websocket-server-8585946c55-7c4k2   2m    41Mi   
websocket-server-8585946c55-7gz6k   2m    28Mi   
websocket-server-8585946c55-7nthz   0m    30Mi   
websocket-server-8585946c55-fk889   1m    28Mi   
websocket-server-8585946c55-fll22   1m    27Mi   
websocket-server-8585946c55-j95dj   1m    42Mi   
websocket-server-8585946c55-jlgwt   1m    28Mi   
websocket-server-8585946c55-lbmc9   3m    28Mi   
websocket-server-8585946c55-mmlnj   3m    28Mi   
websocket-server-8585946c55-pz86j   1m    28Mi   
websocket-server-8585946c55-tdnll   3m    29Mi   
websocket-server-8585946c55-tnlpx   3m    28Mi   
websocket-server-8585946c55-vs7q9   1m    30Mi   
websocket-server-8585946c55-wjrxv   1m    28Mi   
1783200731
websocket-loadgen-v4l9t             117m   32Mi   
websocket-server-8585946c55-5pzww   10m    28Mi   
websocket-server-8585946c55-7c4k2   16m    42Mi   
websocket-server-8585946c55-7gz6k   11m    28Mi   
websocket-server-8585946c55-7nthz   6m     31Mi   
websocket-server-8585946c55-fk889   9m     28Mi   
websocket-server-8585946c55-fll22   12m    28Mi   
websocket-server-8585946c55-j95dj   2m     42Mi   
websocket-server-8585946c55-jlgwt   10m    29Mi   
websocket-server-8585946c55-lbmc9   20m    28Mi   
websocket-server-8585946c55-mmlnj   20m    29Mi   
websocket-server-8585946c55-pz86j   12m    28Mi   
websocket-server-8585946c55-tdnll   16m    30Mi   
websocket-server-8585946c55-tnlpx   9m     28Mi   
websocket-server-8585946c55-vs7q9   13m    30Mi   
websocket-server-8585946c55-wjrxv   6m     28Mi   
1783200736
websocket-loadgen-v4l9t             117m   32Mi   
websocket-server-8585946c55-5pzww   10m    28Mi   
websocket-server-8585946c55-7c4k2   16m    42Mi   
websocket-server-8585946c55-7gz6k   11m    28Mi   
websocket-server-8585946c55-7nthz   6m     31Mi   
websocket-server-8585946c55-fk889   9m     28Mi   
websocket-server-8585946c55-fll22   12m    28Mi   
websocket-server-8585946c55-j95dj   2m     42Mi   
websocket-server-8585946c55-jlgwt   10m    29Mi   
websocket-server-8585946c55-lbmc9   20m    28Mi   
websocket-server-8585946c55-mmlnj   20m    29Mi   
websocket-server-8585946c55-pz86j   12m    28Mi   
websocket-server-8585946c55-tdnll   16m    30Mi   
websocket-server-8585946c55-tnlpx   9m     28Mi   
websocket-server-8585946c55-vs7q9   13m    30Mi   
websocket-server-8585946c55-wjrxv   6m     28Mi   
1783200741
websocket-loadgen-v4l9t             117m   32Mi   
websocket-server-8585946c55-5pzww   10m    28Mi   
websocket-server-8585946c55-7c4k2   16m    42Mi   
websocket-server-8585946c55-7gz6k   11m    28Mi   
websocket-server-8585946c55-7nthz   6m     31Mi   
websocket-server-8585946c55-fk889   9m     28Mi   
websocket-server-8585946c55-fll22   12m    28Mi   
websocket-server-8585946c55-j95dj   2m     42Mi   
websocket-server-8585946c55-jlgwt   10m    29Mi   
websocket-server-8585946c55-lbmc9   20m    28Mi   
websocket-server-8585946c55-mmlnj   20m    29Mi   
websocket-server-8585946c55-pz86j   12m    28Mi   
websocket-server-8585946c55-tdnll   16m    30Mi   
websocket-server-8585946c55-tnlpx   9m     28Mi   
websocket-server-8585946c55-vs7q9   13m    30Mi   
websocket-server-8585946c55-wjrxv   6m     28Mi   
1783200746
websocket-loadgen-v4l9t             51m   41Mi   
websocket-server-8585946c55-5pzww   9m    28Mi   
websocket-server-8585946c55-7c4k2   77m   42Mi   
websocket-server-8585946c55-7gz6k   12m   28Mi   
websocket-server-8585946c55-7nthz   22m   31Mi   
websocket-server-8585946c55-fk889   9m    28Mi   
websocket-server-8585946c55-fll22   12m   28Mi   
websocket-server-8585946c55-j95dj   87m   48Mi   
websocket-server-8585946c55-jlgwt   13m   29Mi   
websocket-server-8585946c55-lbmc9   21m   28Mi   
websocket-server-8585946c55-mmlnj   23m   29Mi   
websocket-server-8585946c55-pz86j   18m   28Mi   
websocket-server-8585946c55-tdnll   19m   30Mi   
websocket-server-8585946c55-tnlpx   10m   28Mi   
websocket-server-8585946c55-vs7q9   15m   30Mi   
websocket-server-8585946c55-wjrxv   7m    28Mi   
1783200751
websocket-loadgen-v4l9t             51m   41Mi   
websocket-server-8585946c55-5pzww   9m    28Mi   
websocket-server-8585946c55-7c4k2   77m   42Mi   
websocket-server-8585946c55-7gz6k   12m   28Mi   
websocket-server-8585946c55-7nthz   22m   31Mi   
websocket-server-8585946c55-fk889   9m    28Mi   
websocket-server-8585946c55-fll22   12m   28Mi   
websocket-server-8585946c55-j95dj   87m   48Mi   
websocket-server-8585946c55-jlgwt   13m   29Mi   
websocket-server-8585946c55-lbmc9   21m   28Mi   
websocket-server-8585946c55-mmlnj   23m   29Mi   
websocket-server-8585946c55-pz86j   18m   28Mi   
websocket-server-8585946c55-tdnll   19m   30Mi   
websocket-server-8585946c55-tnlpx   10m   28Mi   
websocket-server-8585946c55-vs7q9   15m   30Mi   
websocket-server-8585946c55-wjrxv   7m    28Mi   
1783200756
websocket-loadgen-v4l9t             51m   41Mi   
websocket-server-8585946c55-7c4k2   77m   42Mi   
websocket-server-8585946c55-j95dj   87m   48Mi   
1783200762
websocket-loadgen-v4l9t             72m    50Mi   
websocket-server-8585946c55-7c4k2   221m   45Mi   
websocket-server-8585946c55-j95dj   87m    48Mi   
1783200767
websocket-loadgen-v4l9t             72m    50Mi   
websocket-server-8585946c55-7c4k2   221m   45Mi   
websocket-server-8585946c55-j95dj   87m    48Mi   
1783200772
websocket-loadgen-v4l9t             72m    50Mi   
websocket-server-8585946c55-7c4k2   221m   45Mi   
websocket-server-8585946c55-j95dj   87m    48Mi   
1783200777
websocket-loadgen-v4l9t             94m    64Mi   
websocket-server-8585946c55-7c4k2   221m   45Mi   
websocket-server-8585946c55-j95dj   286m   54Mi   
websocket-server-8585946c55-qww7z   116m   31Mi   
1783200782
websocket-loadgen-v4l9t             94m    64Mi   
websocket-server-8585946c55-7c4k2   221m   45Mi   
websocket-server-8585946c55-j95dj   286m   54Mi   
websocket-server-8585946c55-qww7z   116m   31Mi   
1783200787
websocket-loadgen-v4l9t             94m    64Mi   
websocket-server-8585946c55-7c4k2   221m   45Mi   
websocket-server-8585946c55-j95dj   286m   54Mi   
websocket-server-8585946c55-qww7z   116m   31Mi   
1783200792
websocket-loadgen-v4l9t             89m    71Mi   
websocket-server-8585946c55-7c4k2   399m   47Mi   
websocket-server-8585946c55-dsqhm   37m    28Mi   
websocket-server-8585946c55-j95dj   355m   56Mi   
websocket-server-8585946c55-qb687   30m    28Mi   
websocket-server-8585946c55-qww7z   149m   33Mi   
websocket-server-8585946c55-rnv4z   27m    28Mi   
1783200798
websocket-server-8585946c55-7c4k2   399m   47Mi   
websocket-server-8585946c55-dsqhm   37m    28Mi   
websocket-server-8585946c55-j95dj   355m   56Mi   
websocket-server-8585946c55-qb687   30m    28Mi   
websocket-server-8585946c55-qww7z   149m   33Mi   
websocket-server-8585946c55-rnv4z   27m    28Mi   
1783200803
websocket-server-8585946c55-7c4k2   399m   47Mi   
websocket-server-8585946c55-dsqhm   37m    28Mi   
websocket-server-8585946c55-j95dj   355m   56Mi   
websocket-server-8585946c55-qb687   30m    28Mi   
websocket-server-8585946c55-qww7z   149m   33Mi   
websocket-server-8585946c55-rnv4z   27m    28Mi   
1783200808
websocket-server-8585946c55-2wx7l   80m    28Mi   
websocket-server-8585946c55-7c4k2   240m   45Mi   
websocket-server-8585946c55-dsqhm   48m    29Mi   
websocket-server-8585946c55-j4qkk   73m    28Mi   
websocket-server-8585946c55-j95dj   433m   57Mi   
websocket-server-8585946c55-lw296   11m    28Mi   
websocket-server-8585946c55-ndwjl   8m     28Mi   
websocket-server-8585946c55-nqpns   61m    28Mi   
websocket-server-8585946c55-qb687   30m    28Mi   
websocket-server-8585946c55-qww7z   191m   34Mi   
websocket-server-8585946c55-rnv4z   33m    28Mi   
1783200813
websocket-server-8585946c55-2wx7l   80m    28Mi   
websocket-server-8585946c55-7c4k2   240m   45Mi   
websocket-server-8585946c55-dsqhm   48m    29Mi   
websocket-server-8585946c55-j4qkk   73m    28Mi   
websocket-server-8585946c55-j95dj   433m   57Mi   
websocket-server-8585946c55-lw296   11m    28Mi   
websocket-server-8585946c55-ndwjl   8m     28Mi   
websocket-server-8585946c55-nqpns   61m    28Mi   
websocket-server-8585946c55-qb687   30m    28Mi   
websocket-server-8585946c55-qww7z   191m   34Mi   
websocket-server-8585946c55-rnv4z   33m    28Mi   
1783200818
websocket-server-8585946c55-2wx7l   80m    28Mi   
websocket-server-8585946c55-7c4k2   240m   45Mi   
websocket-server-8585946c55-dsqhm   48m    29Mi   
websocket-server-8585946c55-j4qkk   73m    28Mi   
websocket-server-8585946c55-j95dj   433m   57Mi   
websocket-server-8585946c55-lw296   11m    28Mi   
websocket-server-8585946c55-ndwjl   8m     28Mi   
websocket-server-8585946c55-nqpns   61m    28Mi   
websocket-server-8585946c55-qb687   30m    28Mi   
websocket-server-8585946c55-qww7z   191m   34Mi   
websocket-server-8585946c55-rnv4z   33m    28Mi   
1783200823
websocket-server-8585946c55-2wx7l   1m     28Mi   
websocket-server-8585946c55-5k6hk   62m    27Mi   
websocket-server-8585946c55-6zw7h   50m    27Mi   
websocket-server-8585946c55-7c4k2   1m     45Mi   
websocket-server-8585946c55-9p5l8   52m    27Mi   
websocket-server-8585946c55-ctnzb   52m    27Mi   
websocket-server-8585946c55-dsqhm   1m     29Mi   
websocket-server-8585946c55-j4qkk   2m     28Mi   
websocket-server-8585946c55-j95dj   110m   55Mi   
websocket-server-8585946c55-lw296   1m     28Mi   
websocket-server-8585946c55-ndwjl   1m     28Mi   
websocket-server-8585946c55-nqpns   1m     28Mi   
websocket-server-8585946c55-qb687   1m     28Mi   
websocket-server-8585946c55-qww7z   9m     33Mi   
websocket-server-8585946c55-rnv4z   0m     28Mi   
1783200828
websocket-server-8585946c55-2wx7l   1m     28Mi   
websocket-server-8585946c55-5k6hk   62m    27Mi   
websocket-server-8585946c55-6zw7h   50m    27Mi   
websocket-server-8585946c55-7c4k2   1m     45Mi   
websocket-server-8585946c55-9p5l8   52m    27Mi   
websocket-server-8585946c55-ctnzb   52m    27Mi   
websocket-server-8585946c55-dsqhm   1m     29Mi   
websocket-server-8585946c55-j4qkk   2m     28Mi   
websocket-server-8585946c55-j95dj   110m   55Mi   
websocket-server-8585946c55-lw296   1m     28Mi   
websocket-server-8585946c55-ndwjl   1m     28Mi   
websocket-server-8585946c55-nqpns   1m     28Mi   
websocket-server-8585946c55-qb687   1m     28Mi   
websocket-server-8585946c55-qww7z   9m     33Mi   
websocket-server-8585946c55-rnv4z   0m     28Mi   
1783200833
websocket-server-8585946c55-2wx7l   1m     28Mi   
websocket-server-8585946c55-5k6hk   62m    27Mi   
websocket-server-8585946c55-6zw7h   50m    27Mi   
websocket-server-8585946c55-7c4k2   1m     45Mi   
websocket-server-8585946c55-9p5l8   52m    27Mi   
websocket-server-8585946c55-ctnzb   52m    27Mi   
websocket-server-8585946c55-dsqhm   1m     29Mi   
websocket-server-8585946c55-j4qkk   2m     28Mi   
websocket-server-8585946c55-j95dj   110m   55Mi   
websocket-server-8585946c55-lw296   1m     28Mi   
websocket-server-8585946c55-ndwjl   1m     28Mi   
websocket-server-8585946c55-nqpns   1m     28Mi   
websocket-server-8585946c55-qb687   1m     28Mi   
websocket-server-8585946c55-qww7z   9m     33Mi   
websocket-server-8585946c55-rnv4z   0m     28Mi   
1783200838
websocket-server-8585946c55-2wx7l   1m    28Mi   
websocket-server-8585946c55-5k6hk   1m    27Mi   
websocket-server-8585946c55-6zw7h   1m    27Mi   
websocket-server-8585946c55-7c4k2   1m    45Mi   
websocket-server-8585946c55-9p5l8   1m    27Mi   
websocket-server-8585946c55-ctnzb   0m    27Mi   
websocket-server-8585946c55-dsqhm   0m    29Mi   
websocket-server-8585946c55-j4qkk   1m    28Mi   
websocket-server-8585946c55-j95dj   1m    55Mi   
websocket-server-8585946c55-lw296   1m    28Mi   
websocket-server-8585946c55-ndwjl   1m    28Mi   
websocket-server-8585946c55-nqpns   1m    28Mi   
websocket-server-8585946c55-qb687   1m    28Mi   
websocket-server-8585946c55-qww7z   0m    33Mi   
websocket-server-8585946c55-rnv4z   0m    28Mi   
1783200844
websocket-server-8585946c55-2wx7l   1m    28Mi   
websocket-server-8585946c55-5k6hk   1m    27Mi   
websocket-server-8585946c55-6zw7h   1m    27Mi   
websocket-server-8585946c55-7c4k2   1m    45Mi   
websocket-server-8585946c55-9p5l8   1m    27Mi   
websocket-server-8585946c55-ctnzb   0m    27Mi   
websocket-server-8585946c55-dsqhm   0m    29Mi   
websocket-server-8585946c55-j4qkk   1m    28Mi   
websocket-server-8585946c55-j95dj   1m    55Mi   
websocket-server-8585946c55-lw296   1m    28Mi   
websocket-server-8585946c55-ndwjl   1m    28Mi   
websocket-server-8585946c55-nqpns   1m    28Mi   
websocket-server-8585946c55-qb687   1m    28Mi   
websocket-server-8585946c55-qww7z   0m    33Mi   
websocket-server-8585946c55-rnv4z   0m    28Mi   
1783200849
websocket-server-8585946c55-2wx7l   1m    28Mi   
websocket-server-8585946c55-5k6hk   1m    27Mi   
websocket-server-8585946c55-6zw7h   1m    27Mi   
websocket-server-8585946c55-7c4k2   1m    45Mi   
websocket-server-8585946c55-9p5l8   1m    27Mi   
websocket-server-8585946c55-ctnzb   1m    27Mi   
websocket-server-8585946c55-dsqhm   1m    29Mi   
websocket-server-8585946c55-j4qkk   1m    28Mi   
websocket-server-8585946c55-j95dj   1m    55Mi   
websocket-server-8585946c55-lw296   1m    28Mi   
websocket-server-8585946c55-ndwjl   1m    28Mi   
websocket-server-8585946c55-nqpns   1m    28Mi   
websocket-server-8585946c55-qb687   0m    28Mi   
websocket-server-8585946c55-qww7z   1m    33Mi   
websocket-server-8585946c55-rnv4z   1m    28Mi   
1783200854
websocket-server-8585946c55-2wx7l   1m    28Mi   
websocket-server-8585946c55-5k6hk   1m    27Mi   
websocket-server-8585946c55-6zw7h   1m    27Mi   
websocket-server-8585946c55-7c4k2   1m    45Mi   
websocket-server-8585946c55-9p5l8   1m    27Mi   
websocket-server-8585946c55-ctnzb   1m    27Mi   
websocket-server-8585946c55-dsqhm   1m    29Mi   
websocket-server-8585946c55-j4qkk   1m    28Mi   
websocket-server-8585946c55-j95dj   1m    55Mi   
websocket-server-8585946c55-lw296   1m    28Mi   
websocket-server-8585946c55-ndwjl   1m    28Mi   
websocket-server-8585946c55-nqpns   1m    28Mi   
websocket-server-8585946c55-qb687   0m    28Mi   
websocket-server-8585946c55-qww7z   1m    33Mi   
websocket-server-8585946c55-rnv4z   1m    28Mi   
1783200859
websocket-server-8585946c55-2wx7l   1m    28Mi   
websocket-server-8585946c55-5k6hk   1m    27Mi   
websocket-server-8585946c55-6zw7h   1m    27Mi   
websocket-server-8585946c55-7c4k2   1m    45Mi   
websocket-server-8585946c55-9p5l8   1m    27Mi   
websocket-server-8585946c55-ctnzb   1m    27Mi   
websocket-server-8585946c55-dsqhm   1m    29Mi   
websocket-server-8585946c55-j4qkk   1m    28Mi   
websocket-server-8585946c55-j95dj   1m    55Mi   
websocket-server-8585946c55-lw296   1m    28Mi   
websocket-server-8585946c55-ndwjl   1m    28Mi   
websocket-server-8585946c55-nqpns   1m    28Mi   
websocket-server-8585946c55-qb687   0m    28Mi   
websocket-server-8585946c55-qww7z   1m    33Mi   
websocket-server-8585946c55-rnv4z   1m    28Mi   
1783200864
websocket-server-8585946c55-2wx7l   1m    28Mi   
websocket-server-8585946c55-5k6hk   1m    27Mi   
websocket-server-8585946c55-6zw7h   0m    27Mi   
websocket-server-8585946c55-7c4k2   1m    45Mi   
websocket-server-8585946c55-9p5l8   1m    27Mi   
websocket-server-8585946c55-ctnzb   1m    27Mi   
websocket-server-8585946c55-dsqhm   1m    29Mi   
websocket-server-8585946c55-j4qkk   2m    28Mi   
websocket-server-8585946c55-j95dj   0m    55Mi   
websocket-server-8585946c55-lw296   2m    28Mi   
websocket-server-8585946c55-ndwjl   2m    28Mi   
websocket-server-8585946c55-nqpns   1m    28Mi   
websocket-server-8585946c55-qb687   1m    28Mi   
websocket-server-8585946c55-qww7z   1m    33Mi   
websocket-server-8585946c55-rnv4z   1m    28Mi   
1783200869
websocket-server-8585946c55-2wx7l   1m    28Mi   
websocket-server-8585946c55-5k6hk   1m    27Mi   
websocket-server-8585946c55-6zw7h   0m    27Mi   
websocket-server-8585946c55-7c4k2   1m    45Mi   
websocket-server-8585946c55-9p5l8   1m    27Mi   
websocket-server-8585946c55-ctnzb   1m    27Mi   
websocket-server-8585946c55-dsqhm   1m    29Mi   
websocket-server-8585946c55-j4qkk   2m    28Mi   
websocket-server-8585946c55-j95dj   0m    55Mi   
websocket-server-8585946c55-lw296   2m    28Mi   
websocket-server-8585946c55-ndwjl   2m    28Mi   
websocket-server-8585946c55-nqpns   1m    28Mi   
websocket-server-8585946c55-qb687   1m    28Mi   
websocket-server-8585946c55-qww7z   1m    33Mi   
websocket-server-8585946c55-rnv4z   1m    28Mi   
1783200874
websocket-server-8585946c55-2wx7l   1m    28Mi   
websocket-server-8585946c55-5k6hk   1m    27Mi   
websocket-server-8585946c55-6zw7h   0m    27Mi   
websocket-server-8585946c55-7c4k2   1m    45Mi   
websocket-server-8585946c55-9p5l8   1m    27Mi   
websocket-server-8585946c55-ctnzb   1m    27Mi   
websocket-server-8585946c55-dsqhm   1m    29Mi   
websocket-server-8585946c55-j4qkk   2m    28Mi   
websocket-server-8585946c55-j95dj   0m    55Mi   
websocket-server-8585946c55-lw296   2m    28Mi   
websocket-server-8585946c55-ndwjl   2m    28Mi   
websocket-server-8585946c55-nqpns   1m    28Mi   
websocket-server-8585946c55-qb687   1m    28Mi   
websocket-server-8585946c55-qww7z   1m    33Mi   
websocket-server-8585946c55-rnv4z   1m    28Mi   
1783200879
websocket-loadgen-whfxm             45m   33Mi   
websocket-server-8585946c55-2wx7l   1m    28Mi   
websocket-server-8585946c55-5k6hk   10m   28Mi   
websocket-server-8585946c55-6zw7h   0m    27Mi   
websocket-server-8585946c55-7c4k2   7m    45Mi   
websocket-server-8585946c55-9p5l8   11m   28Mi   
websocket-server-8585946c55-ctnzb   14m   28Mi   
websocket-server-8585946c55-dsqhm   5m    29Mi   
websocket-server-8585946c55-j4qkk   20m   28Mi   
websocket-server-8585946c55-j95dj   14m   56Mi   
websocket-server-8585946c55-lw296   14m   28Mi   
websocket-server-8585946c55-ndwjl   18m   28Mi   
websocket-server-8585946c55-nqpns   10m   28Mi   
websocket-server-8585946c55-qb687   6m    28Mi   
websocket-server-8585946c55-qww7z   9m    33Mi   
websocket-server-8585946c55-rnv4z   15m   29Mi   
1783200885
websocket-loadgen-whfxm             45m   33Mi   
websocket-server-8585946c55-2wx7l   1m    28Mi   
websocket-server-8585946c55-5k6hk   10m   28Mi   
websocket-server-8585946c55-6zw7h   0m    27Mi   
websocket-server-8585946c55-7c4k2   7m    45Mi   
websocket-server-8585946c55-9p5l8   11m   28Mi   
websocket-server-8585946c55-ctnzb   14m   28Mi   
websocket-server-8585946c55-dsqhm   5m    29Mi   
websocket-server-8585946c55-j4qkk   20m   28Mi   
websocket-server-8585946c55-j95dj   14m   56Mi   
websocket-server-8585946c55-lw296   14m   28Mi   
websocket-server-8585946c55-ndwjl   18m   28Mi   
websocket-server-8585946c55-nqpns   10m   28Mi   
websocket-server-8585946c55-qb687   6m    28Mi   
websocket-server-8585946c55-qww7z   9m    33Mi   
websocket-server-8585946c55-rnv4z   15m   29Mi   
1783200890
websocket-loadgen-whfxm             45m   33Mi   
websocket-server-8585946c55-2wx7l   1m    28Mi   
websocket-server-8585946c55-5k6hk   10m   28Mi   
websocket-server-8585946c55-6zw7h   0m    27Mi   
websocket-server-8585946c55-7c4k2   7m    45Mi   
websocket-server-8585946c55-9p5l8   11m   28Mi   
websocket-server-8585946c55-ctnzb   14m   28Mi   
websocket-server-8585946c55-dsqhm   5m    29Mi   
websocket-server-8585946c55-j4qkk   20m   28Mi   
websocket-server-8585946c55-j95dj   14m   56Mi   
websocket-server-8585946c55-lw296   14m   28Mi   
websocket-server-8585946c55-ndwjl   18m   28Mi   
websocket-server-8585946c55-nqpns   10m   28Mi   
websocket-server-8585946c55-qb687   6m    28Mi   
websocket-server-8585946c55-qww7z   9m    33Mi   
websocket-server-8585946c55-rnv4z   15m   29Mi   
1783200895
websocket-loadgen-whfxm             55m   42Mi   
websocket-server-8585946c55-2wx7l   9m    28Mi   
websocket-server-8585946c55-5k6hk   11m   28Mi   
websocket-server-8585946c55-6zw7h   11m   28Mi   
websocket-server-8585946c55-7c4k2   60m   49Mi   
websocket-server-8585946c55-9p5l8   19m   28Mi   
websocket-server-8585946c55-ctnzb   16m   28Mi   
websocket-server-8585946c55-dsqhm   55m   32Mi   
websocket-server-8585946c55-j4qkk   25m   28Mi   
websocket-server-8585946c55-j95dj   14m   56Mi   
websocket-server-8585946c55-lw296   14m   28Mi   
websocket-server-8585946c55-ndwjl   22m   28Mi   
websocket-server-8585946c55-nqpns   12m   28Mi   
websocket-server-8585946c55-qb687   11m   29Mi   
websocket-server-8585946c55-qww7z   23m   34Mi   
websocket-server-8585946c55-rnv4z   20m   29Mi   
1783200900
websocket-loadgen-whfxm             55m   42Mi   
websocket-server-8585946c55-2wx7l   9m    28Mi   
websocket-server-8585946c55-5k6hk   11m   28Mi   
websocket-server-8585946c55-6zw7h   11m   28Mi   
websocket-server-8585946c55-7c4k2   60m   49Mi   
websocket-server-8585946c55-9p5l8   19m   28Mi   
websocket-server-8585946c55-ctnzb   16m   28Mi   
websocket-server-8585946c55-dsqhm   55m   32Mi   
websocket-server-8585946c55-j4qkk   25m   28Mi   
websocket-server-8585946c55-j95dj   14m   56Mi   
websocket-server-8585946c55-lw296   14m   28Mi   
websocket-server-8585946c55-ndwjl   22m   28Mi   
websocket-server-8585946c55-nqpns   12m   28Mi   
websocket-server-8585946c55-qb687   11m   29Mi   
websocket-server-8585946c55-qww7z   23m   34Mi   
websocket-server-8585946c55-rnv4z   20m   29Mi   
1783200905
websocket-loadgen-whfxm             55m   42Mi   
websocket-server-8585946c55-7c4k2   60m   49Mi   
websocket-server-8585946c55-dsqhm   55m   32Mi   
websocket-server-8585946c55-j95dj   14m   56Mi   
1783200910
websocket-loadgen-whfxm             68m   48Mi   
websocket-server-8585946c55-7c4k2   60m   49Mi   
websocket-server-8585946c55-dsqhm   86m   32Mi   
websocket-server-8585946c55-j95dj   99m   57Mi   
1783200915
websocket-loadgen-whfxm             68m   48Mi   
websocket-server-8585946c55-7c4k2   60m   49Mi   
websocket-server-8585946c55-dsqhm   86m   32Mi   
websocket-server-8585946c55-j95dj   99m   57Mi   
1783200920
websocket-loadgen-whfxm             68m   48Mi   
websocket-server-8585946c55-7c4k2   60m   49Mi   
websocket-server-8585946c55-j95dj   99m   57Mi   
1783200925
websocket-loadgen-whfxm             98m    64Mi   
websocket-server-8585946c55-7c4k2   234m   56Mi   
websocket-server-8585946c55-j95dj   277m   65Mi   
1783200931
websocket-loadgen-whfxm             98m    64Mi   
websocket-server-8585946c55-7c4k2   234m   56Mi   
websocket-server-8585946c55-j95dj   277m   65Mi   
1783200936
websocket-loadgen-whfxm             98m    64Mi   
websocket-server-8585946c55-7c4k2   234m   56Mi   
websocket-server-8585946c55-j95dj   277m   65Mi   
1783200941
websocket-loadgen-whfxm             98m    73Mi   
websocket-server-8585946c55-42zq8   109m   30Mi   
websocket-server-8585946c55-7c4k2   374m   60Mi   
websocket-server-8585946c55-j95dj   421m   70Mi   
1783200946
websocket-server-8585946c55-42zq8   109m   30Mi   
websocket-server-8585946c55-7c4k2   374m   60Mi   
websocket-server-8585946c55-j95dj   421m   70Mi   
1783200951
websocket-server-8585946c55-42zq8   109m   30Mi   
websocket-server-8585946c55-7c4k2   374m   60Mi   
websocket-server-8585946c55-j95dj   421m   70Mi   
1783200956
websocket-server-8585946c55-2d94r   71m    28Mi   
websocket-server-8585946c55-42zq8   112m   32Mi   
websocket-server-8585946c55-7c4k2   386m   61Mi   
websocket-server-8585946c55-f9llx   15m    28Mi   
websocket-server-8585946c55-j95dj   479m   72Mi   
websocket-server-8585946c55-knpwk   67m    28Mi   
websocket-server-8585946c55-pn28v   70m    28Mi   
1783200961
websocket-server-8585946c55-2d94r   71m    28Mi   
websocket-server-8585946c55-42zq8   112m   32Mi   
websocket-server-8585946c55-7c4k2   386m   61Mi   
websocket-server-8585946c55-f9llx   15m    28Mi   
websocket-server-8585946c55-j95dj   479m   72Mi   
websocket-server-8585946c55-knpwk   67m    28Mi   
websocket-server-8585946c55-pn28v   70m    28Mi   
1783200966
websocket-server-8585946c55-2d94r   71m    28Mi   
websocket-server-8585946c55-42zq8   112m   32Mi   
websocket-server-8585946c55-7c4k2   386m   61Mi   
websocket-server-8585946c55-f9llx   15m    28Mi   
websocket-server-8585946c55-j95dj   479m   72Mi   
websocket-server-8585946c55-knpwk   67m    28Mi   
websocket-server-8585946c55-pn28v   70m    28Mi   
1783200972
websocket-server-8585946c55-2d94r   2m     28Mi   
websocket-server-8585946c55-42zq8   24m    31Mi   
websocket-server-8585946c55-7c4k2   1m     61Mi   
websocket-server-8585946c55-7ngt8   1m     27Mi   
websocket-server-8585946c55-7xzvb   1m     27Mi   
websocket-server-8585946c55-f9llx   1m     28Mi   
websocket-server-8585946c55-j95dj   155m   71Mi   
websocket-server-8585946c55-jqxzn   1m     27Mi   
websocket-server-8585946c55-knpwk   4m     28Mi   
websocket-server-8585946c55-ldkm9   1m     27Mi   
websocket-server-8585946c55-lpmnk   0m     27Mi   
websocket-server-8585946c55-pn28v   2m     28Mi   
websocket-server-8585946c55-rm5rt   0m     27Mi   
websocket-server-8585946c55-sq9vh   1m     27Mi   
1783200977
websocket-server-8585946c55-2d94r   2m     28Mi   
websocket-server-8585946c55-42zq8   24m    31Mi   
websocket-server-8585946c55-7c4k2   1m     61Mi   
websocket-server-8585946c55-7ngt8   1m     27Mi   
websocket-server-8585946c55-7xzvb   1m     27Mi   
websocket-server-8585946c55-f9llx   1m     28Mi   
websocket-server-8585946c55-j95dj   155m   71Mi   
websocket-server-8585946c55-jqxzn   1m     27Mi   
websocket-server-8585946c55-knpwk   4m     28Mi   
websocket-server-8585946c55-ldkm9   1m     27Mi   
websocket-server-8585946c55-lpmnk   0m     27Mi   
websocket-server-8585946c55-pn28v   2m     28Mi   
websocket-server-8585946c55-rm5rt   0m     27Mi   
websocket-server-8585946c55-sq9vh   1m     27Mi   
1783200982
websocket-server-8585946c55-2d94r   2m     28Mi   
websocket-server-8585946c55-42zq8   24m    31Mi   
websocket-server-8585946c55-7c4k2   1m     61Mi   
websocket-server-8585946c55-7ngt8   1m     27Mi   
websocket-server-8585946c55-7xzvb   1m     27Mi   
websocket-server-8585946c55-f9llx   1m     28Mi   
websocket-server-8585946c55-j95dj   155m   71Mi   
websocket-server-8585946c55-jqxzn   1m     27Mi   
websocket-server-8585946c55-knpwk   4m     28Mi   
websocket-server-8585946c55-ldkm9   1m     27Mi   
websocket-server-8585946c55-lpmnk   0m     27Mi   
websocket-server-8585946c55-pn28v   2m     28Mi   
websocket-server-8585946c55-rm5rt   0m     27Mi   
websocket-server-8585946c55-sq9vh   1m     27Mi   
1783200987
websocket-server-8585946c55-2d94r   0m    28Mi   
websocket-server-8585946c55-42zq8   1m    31Mi   
websocket-server-8585946c55-7c4k2   0m    61Mi   
websocket-server-8585946c55-7ngt8   1m    27Mi   
websocket-server-8585946c55-7xzvb   1m    27Mi   
websocket-server-8585946c55-b88h7   0m    27Mi   
websocket-server-8585946c55-f9llx   1m    28Mi   
websocket-server-8585946c55-j95dj   1m    71Mi   
websocket-server-8585946c55-jqxzn   0m    27Mi   
websocket-server-8585946c55-knpwk   1m    28Mi   
websocket-server-8585946c55-ldkm9   1m    27Mi   
websocket-server-8585946c55-lpmnk   1m    27Mi   
websocket-server-8585946c55-pn28v   1m    28Mi   
websocket-server-8585946c55-rm5rt   1m    27Mi   
websocket-server-8585946c55-sq9vh   1m    27Mi   
1783200992
websocket-server-8585946c55-2d94r   0m    28Mi   
websocket-server-8585946c55-42zq8   1m    31Mi   
websocket-server-8585946c55-7c4k2   0m    61Mi   
websocket-server-8585946c55-7ngt8   1m    27Mi   
websocket-server-8585946c55-7xzvb   1m    27Mi   
websocket-server-8585946c55-b88h7   0m    27Mi   
websocket-server-8585946c55-f9llx   1m    28Mi   
websocket-server-8585946c55-j95dj   1m    71Mi   
websocket-server-8585946c55-jqxzn   0m    27Mi   
websocket-server-8585946c55-knpwk   1m    28Mi   
websocket-server-8585946c55-ldkm9   1m    27Mi   
websocket-server-8585946c55-lpmnk   1m    27Mi   
websocket-server-8585946c55-pn28v   1m    28Mi   
websocket-server-8585946c55-rm5rt   1m    27Mi   
websocket-server-8585946c55-sq9vh   1m    27Mi   
1783200997
websocket-server-8585946c55-2d94r   0m    28Mi   
websocket-server-8585946c55-42zq8   1m    31Mi   
websocket-server-8585946c55-7c4k2   0m    61Mi   
websocket-server-8585946c55-7ngt8   1m    27Mi   
websocket-server-8585946c55-7xzvb   1m    27Mi   
websocket-server-8585946c55-b88h7   0m    27Mi   
websocket-server-8585946c55-f9llx   1m    28Mi   
websocket-server-8585946c55-j95dj   1m    71Mi   
websocket-server-8585946c55-jqxzn   0m    27Mi   
websocket-server-8585946c55-knpwk   1m    28Mi   
websocket-server-8585946c55-ldkm9   1m    27Mi   
websocket-server-8585946c55-lpmnk   1m    27Mi   
websocket-server-8585946c55-pn28v   1m    28Mi   
websocket-server-8585946c55-rm5rt   1m    27Mi   
websocket-server-8585946c55-sq9vh   1m    27Mi   
1783201002
websocket-server-8585946c55-2d94r   1m    28Mi   
websocket-server-8585946c55-42zq8   1m    31Mi   
websocket-server-8585946c55-7c4k2   0m    61Mi   
websocket-server-8585946c55-7ngt8   0m    27Mi   
websocket-server-8585946c55-7xzvb   1m    27Mi   
websocket-server-8585946c55-b88h7   0m    27Mi   
websocket-server-8585946c55-f9llx   0m    28Mi   
websocket-server-8585946c55-j95dj   1m    71Mi   
websocket-server-8585946c55-jqxzn   1m    27Mi   
websocket-server-8585946c55-knpwk   1m    28Mi   
websocket-server-8585946c55-ldkm9   1m    27Mi   
websocket-server-8585946c55-lpmnk   1m    27Mi   
websocket-server-8585946c55-pn28v   1m    28Mi   
websocket-server-8585946c55-rm5rt   1m    27Mi   
websocket-server-8585946c55-sq9vh   1m    27Mi   
1783201007
websocket-server-8585946c55-2d94r   1m    28Mi   
websocket-server-8585946c55-42zq8   1m    31Mi   
websocket-server-8585946c55-7c4k2   0m    61Mi   
websocket-server-8585946c55-7ngt8   0m    27Mi   
websocket-server-8585946c55-7xzvb   1m    27Mi   
websocket-server-8585946c55-b88h7   0m    27Mi   
websocket-server-8585946c55-f9llx   0m    28Mi   
websocket-server-8585946c55-j95dj   1m    71Mi   
websocket-server-8585946c55-jqxzn   1m    27Mi   
websocket-server-8585946c55-knpwk   1m    28Mi   
websocket-server-8585946c55-ldkm9   1m    27Mi   
websocket-server-8585946c55-lpmnk   1m    27Mi   
websocket-server-8585946c55-pn28v   1m    28Mi   
websocket-server-8585946c55-rm5rt   1m    27Mi   
websocket-server-8585946c55-sq9vh   1m    27Mi   
1783201013
websocket-server-8585946c55-2d94r   1m    28Mi   
websocket-server-8585946c55-42zq8   1m    31Mi   
websocket-server-8585946c55-7c4k2   0m    61Mi   
websocket-server-8585946c55-7ngt8   0m    27Mi   
websocket-server-8585946c55-7xzvb   1m    27Mi   
websocket-server-8585946c55-b88h7   0m    27Mi   
websocket-server-8585946c55-f9llx   0m    28Mi   
websocket-server-8585946c55-j95dj   1m    71Mi   
websocket-server-8585946c55-jqxzn   1m    27Mi   
websocket-server-8585946c55-knpwk   1m    28Mi   
websocket-server-8585946c55-ldkm9   1m    27Mi   
websocket-server-8585946c55-lpmnk   1m    27Mi   
websocket-server-8585946c55-pn28v   1m    28Mi   
websocket-server-8585946c55-rm5rt   1m    27Mi   
websocket-server-8585946c55-sq9vh   1m    27Mi   
1783201018
websocket-server-8585946c55-2d94r   2m    28Mi   
websocket-server-8585946c55-42zq8   2m    31Mi   
websocket-server-8585946c55-7c4k2   1m    61Mi   
websocket-server-8585946c55-7ngt8   1m    27Mi   
websocket-server-8585946c55-7xzvb   1m    27Mi   
websocket-server-8585946c55-b88h7   1m    27Mi   
websocket-server-8585946c55-f9llx   1m    28Mi   
websocket-server-8585946c55-j95dj   1m    71Mi   
websocket-server-8585946c55-jqxzn   0m    27Mi   
websocket-server-8585946c55-knpwk   1m    28Mi   
websocket-server-8585946c55-ldkm9   3m    28Mi   
websocket-server-8585946c55-lpmnk   1m    27Mi   
websocket-server-8585946c55-pn28v   1m    28Mi   
websocket-server-8585946c55-rm5rt   0m    27Mi   
websocket-server-8585946c55-sq9vh   1m    27Mi   
1783201023
websocket-server-8585946c55-2d94r   2m    28Mi   
websocket-server-8585946c55-42zq8   2m    31Mi   
websocket-server-8585946c55-7c4k2   1m    61Mi   
websocket-server-8585946c55-7ngt8   1m    27Mi   
websocket-server-8585946c55-7xzvb   1m    27Mi   
websocket-server-8585946c55-b88h7   1m    27Mi   
websocket-server-8585946c55-f9llx   1m    28Mi   
websocket-server-8585946c55-j95dj   1m    71Mi   
websocket-server-8585946c55-jqxzn   0m    27Mi   
websocket-server-8585946c55-knpwk   1m    28Mi   
websocket-server-8585946c55-ldkm9   3m    28Mi   
websocket-server-8585946c55-lpmnk   1m    27Mi   
websocket-server-8585946c55-pn28v   1m    28Mi   
websocket-server-8585946c55-rm5rt   0m    27Mi   
websocket-server-8585946c55-sq9vh   1m    27Mi   
1783201028
websocket-server-8585946c55-2d94r   2m    28Mi   
websocket-server-8585946c55-42zq8   2m    31Mi   
websocket-server-8585946c55-7c4k2   1m    61Mi   
websocket-server-8585946c55-7ngt8   1m    27Mi   
websocket-server-8585946c55-7xzvb   1m    27Mi   
websocket-server-8585946c55-b88h7   1m    27Mi   
websocket-server-8585946c55-f9llx   1m    28Mi   
websocket-server-8585946c55-j95dj   1m    71Mi   
websocket-server-8585946c55-jqxzn   0m    27Mi   
websocket-server-8585946c55-knpwk   1m    28Mi   
websocket-server-8585946c55-ldkm9   3m    28Mi   
websocket-server-8585946c55-lpmnk   1m    27Mi   
websocket-server-8585946c55-pn28v   1m    28Mi   
websocket-server-8585946c55-rm5rt   0m    27Mi   
websocket-server-8585946c55-sq9vh   1m    27Mi   
1783201033
websocket-loadgen-xflqx             43m   33Mi   
websocket-server-8585946c55-2d94r   2m    28Mi   
websocket-server-8585946c55-42zq8   18m   32Mi   
websocket-server-8585946c55-7c4k2   13m   61Mi   
websocket-server-8585946c55-7ngt8   11m   28Mi   
websocket-server-8585946c55-7xzvb   10m   28Mi   
websocket-server-8585946c55-b88h7   8m    28Mi   
websocket-server-8585946c55-f9llx   9m    28Mi   
websocket-server-8585946c55-j95dj   13m   71Mi   
websocket-server-8585946c55-jqxzn   21m   28Mi   
websocket-server-8585946c55-knpwk   8m    28Mi   
websocket-server-8585946c55-ldkm9   3m    28Mi   
websocket-server-8585946c55-lpmnk   6m    28Mi   
websocket-server-8585946c55-pn28v   12m   28Mi   
websocket-server-8585946c55-rm5rt   13m   28Mi   
websocket-server-8585946c55-sq9vh   5m    27Mi   
1783201038
websocket-loadgen-xflqx             43m   33Mi   
websocket-server-8585946c55-2d94r   2m    28Mi   
websocket-server-8585946c55-42zq8   18m   32Mi   
websocket-server-8585946c55-7c4k2   13m   61Mi   
websocket-server-8585946c55-7ngt8   11m   28Mi   
websocket-server-8585946c55-7xzvb   10m   28Mi   
websocket-server-8585946c55-b88h7   8m    28Mi   
websocket-server-8585946c55-f9llx   9m    28Mi   
websocket-server-8585946c55-j95dj   13m   71Mi   
websocket-server-8585946c55-jqxzn   21m   28Mi   
websocket-server-8585946c55-knpwk   8m    28Mi   
websocket-server-8585946c55-ldkm9   3m    28Mi   
websocket-server-8585946c55-lpmnk   6m    28Mi   
websocket-server-8585946c55-pn28v   12m   28Mi   
websocket-server-8585946c55-rm5rt   13m   28Mi   
websocket-server-8585946c55-sq9vh   5m    27Mi   
1783201043
websocket-loadgen-xflqx             43m   33Mi   
websocket-server-8585946c55-2d94r   2m    28Mi   
websocket-server-8585946c55-42zq8   18m   32Mi   
websocket-server-8585946c55-7c4k2   13m   61Mi   
websocket-server-8585946c55-7ngt8   11m   28Mi   
websocket-server-8585946c55-7xzvb   10m   28Mi   
websocket-server-8585946c55-b88h7   8m    28Mi   
websocket-server-8585946c55-f9llx   9m    28Mi   
websocket-server-8585946c55-j95dj   13m   71Mi   
websocket-server-8585946c55-jqxzn   21m   28Mi   
websocket-server-8585946c55-knpwk   8m    28Mi   
websocket-server-8585946c55-ldkm9   3m    28Mi   
websocket-server-8585946c55-lpmnk   6m    28Mi   
websocket-server-8585946c55-pn28v   12m   28Mi   
websocket-server-8585946c55-rm5rt   13m   28Mi   
websocket-server-8585946c55-sq9vh   5m    27Mi   
1783201048
websocket-loadgen-xflqx             56m   40Mi   
websocket-server-8585946c55-2d94r   10m   28Mi   
websocket-server-8585946c55-42zq8   34m   32Mi   
websocket-server-8585946c55-7c4k2   54m   63Mi   
websocket-server-8585946c55-7ngt8   41m   29Mi   
websocket-server-8585946c55-7xzvb   13m   28Mi   
websocket-server-8585946c55-b88h7   8m    28Mi   
websocket-server-8585946c55-f9llx   10m   28Mi   
websocket-server-8585946c55-j95dj   62m   72Mi   
websocket-server-8585946c55-jqxzn   27m   28Mi   
websocket-server-8585946c55-knpwk   13m   28Mi   
websocket-server-8585946c55-ldkm9   12m   28Mi   
websocket-server-8585946c55-lpmnk   48m   29Mi   
websocket-server-8585946c55-pn28v   20m   28Mi   
websocket-server-8585946c55-rm5rt   13m   28Mi   
websocket-server-8585946c55-sq9vh   6m    28Mi   
1783201054
websocket-loadgen-xflqx             56m   40Mi   
websocket-server-8585946c55-7c4k2   54m   63Mi   
websocket-server-8585946c55-7ngt8   41m   29Mi   
websocket-server-8585946c55-j95dj   62m   72Mi   
websocket-server-8585946c55-lpmnk   48m   29Mi   
websocket-server-8585946c55-rm5rt   13m   28Mi   
1783201059
websocket-loadgen-xflqx             77m    51Mi   
websocket-server-8585946c55-7c4k2   100m   63Mi   
websocket-server-8585946c55-7ngt8   50m    29Mi   
websocket-server-8585946c55-j95dj   151m   74Mi   
websocket-server-8585946c55-lpmnk   56m    29Mi   
websocket-server-8585946c55-rm5rt   57m    29Mi   
1783201064
websocket-loadgen-xflqx             77m    51Mi   
websocket-server-8585946c55-7c4k2   100m   63Mi   
websocket-server-8585946c55-7ngt8   50m    29Mi   
websocket-server-8585946c55-j95dj   151m   74Mi   
websocket-server-8585946c55-lpmnk   56m    29Mi   
websocket-server-8585946c55-rm5rt   57m    29Mi   
1783201069
websocket-loadgen-xflqx             77m    51Mi   
websocket-server-8585946c55-7c4k2   100m   63Mi   
websocket-server-8585946c55-j95dj   151m   74Mi   
1783201074
websocket-loadgen-xflqx             89m    62Mi   
websocket-server-8585946c55-7c4k2   257m   70Mi   
websocket-server-8585946c55-j95dj   318m   81Mi   
1783201079
websocket-loadgen-xflqx             89m    62Mi   
websocket-server-8585946c55-7c4k2   257m   70Mi   
websocket-server-8585946c55-j95dj   318m   81Mi   
1783201084
websocket-loadgen-xflqx             89m    62Mi   
websocket-server-8585946c55-7c4k2   257m   70Mi   
websocket-server-8585946c55-j95dj   318m   81Mi   
1783201089
websocket-loadgen-xflqx             104m   76Mi   
websocket-server-8585946c55-7c4k2   391m   75Mi   
websocket-server-8585946c55-j95dj   411m   84Mi   
websocket-server-8585946c55-psx6p   69m    30Mi   
websocket-server-8585946c55-rg74l   87m    28Mi   
websocket-server-8585946c55-xd5bd   92m    29Mi   
1783201095
websocket-loadgen-xflqx             104m   76Mi   
websocket-server-8585946c55-7c4k2   391m   75Mi   
websocket-server-8585946c55-j95dj   411m   84Mi   
websocket-server-8585946c55-psx6p   69m    30Mi   
websocket-server-8585946c55-rg74l   87m    28Mi   
websocket-server-8585946c55-xd5bd   92m    29Mi   
1783201100
websocket-server-8585946c55-7c4k2   391m   75Mi   
websocket-server-8585946c55-j95dj   411m   84Mi   
websocket-server-8585946c55-psx6p   69m    30Mi   
websocket-server-8585946c55-rg74l   87m    28Mi   
websocket-server-8585946c55-xd5bd   92m    29Mi   
1783201105
websocket-server-8585946c55-4656p   15m    28Mi   
websocket-server-8585946c55-6j94w   72m    28Mi   
websocket-server-8585946c55-7c4k2   447m   76Mi   
websocket-server-8585946c55-9qj7t   55m    28Mi   
websocket-server-8585946c55-j95dj   437m   85Mi   
websocket-server-8585946c55-mt599   8m     28Mi   
websocket-server-8585946c55-psx6p   56m    30Mi   
websocket-server-8585946c55-rg74l   70m    29Mi   
websocket-server-8585946c55-wh2cz   12m    28Mi   
websocket-server-8585946c55-xd5bd   65m    30Mi   
1783201110
websocket-server-8585946c55-4656p   15m    28Mi   
websocket-server-8585946c55-6j94w   72m    28Mi   
websocket-server-8585946c55-7c4k2   447m   76Mi   
websocket-server-8585946c55-9qj7t   55m    28Mi   
websocket-server-8585946c55-j95dj   437m   85Mi   
websocket-server-8585946c55-mt599   8m     28Mi   
websocket-server-8585946c55-psx6p   56m    30Mi   
websocket-server-8585946c55-rg74l   70m    29Mi   
websocket-server-8585946c55-wh2cz   12m    28Mi   
websocket-server-8585946c55-xd5bd   65m    30Mi   
1783201115
websocket-server-8585946c55-4656p   15m    28Mi   
websocket-server-8585946c55-6j94w   72m    28Mi   
websocket-server-8585946c55-7c4k2   447m   76Mi   
websocket-server-8585946c55-9qj7t   55m    28Mi   
websocket-server-8585946c55-j95dj   437m   85Mi   
websocket-server-8585946c55-mt599   8m     28Mi   
websocket-server-8585946c55-psx6p   56m    30Mi   
websocket-server-8585946c55-rg74l   70m    29Mi   
websocket-server-8585946c55-wh2cz   12m    28Mi   
websocket-server-8585946c55-xd5bd   65m    30Mi   
1783201120
websocket-server-8585946c55-4656p   1m    28Mi   
websocket-server-8585946c55-6j94w   3m    28Mi   
websocket-server-8585946c55-7c4k2   11m   74Mi   
websocket-server-8585946c55-9qj7t   1m    28Mi   
websocket-server-8585946c55-bvzlq   1m    27Mi   
websocket-server-8585946c55-h8s4v   1m    27Mi   
websocket-server-8585946c55-j95dj   24m   83Mi   
websocket-server-8585946c55-ks7gf   0m    27Mi   
websocket-server-8585946c55-mt599   1m    28Mi   
websocket-server-8585946c55-psx6p   1m    30Mi   
websocket-server-8585946c55-qbw2j   49m   27Mi   
websocket-server-8585946c55-rg74l   11m   30Mi   
websocket-server-8585946c55-s4cgw   53m   28Mi   
websocket-server-8585946c55-wh2cz   12m   28Mi   
websocket-server-8585946c55-xd5bd   1m    30Mi   
1783201125
websocket-server-8585946c55-4656p   1m    28Mi   
websocket-server-8585946c55-6j94w   3m    28Mi   
websocket-server-8585946c55-7c4k2   11m   74Mi   
websocket-server-8585946c55-9qj7t   1m    28Mi   
websocket-server-8585946c55-bvzlq   1m    27Mi   
websocket-server-8585946c55-h8s4v   1m    27Mi   
websocket-server-8585946c55-j95dj   24m   83Mi   
websocket-server-8585946c55-ks7gf   0m    27Mi   
websocket-server-8585946c55-mt599   1m    28Mi   
websocket-server-8585946c55-psx6p   1m    30Mi   
websocket-server-8585946c55-qbw2j   49m   27Mi   
websocket-server-8585946c55-rg74l   11m   30Mi   
websocket-server-8585946c55-s4cgw   53m   28Mi   
websocket-server-8585946c55-wh2cz   12m   28Mi   
websocket-server-8585946c55-xd5bd   1m    30Mi   
1783201130
websocket-server-8585946c55-4656p   1m    28Mi   
websocket-server-8585946c55-6j94w   3m    28Mi   
websocket-server-8585946c55-7c4k2   11m   74Mi   
websocket-server-8585946c55-9qj7t   1m    28Mi   
websocket-server-8585946c55-bvzlq   1m    27Mi   
websocket-server-8585946c55-h8s4v   1m    27Mi   
websocket-server-8585946c55-j95dj   24m   83Mi   
websocket-server-8585946c55-ks7gf   0m    27Mi   
websocket-server-8585946c55-mt599   1m    28Mi   
websocket-server-8585946c55-psx6p   1m    30Mi   
websocket-server-8585946c55-qbw2j   49m   27Mi   
websocket-server-8585946c55-rg74l   11m   30Mi   
websocket-server-8585946c55-s4cgw   53m   28Mi   
websocket-server-8585946c55-wh2cz   12m   28Mi   
websocket-server-8585946c55-xd5bd   1m    30Mi   
1783201135
websocket-server-8585946c55-4656p   1m    28Mi   
websocket-server-8585946c55-6j94w   1m    28Mi   
websocket-server-8585946c55-7c4k2   1m    74Mi   
websocket-server-8585946c55-9qj7t   1m    28Mi   
websocket-server-8585946c55-bvzlq   1m    27Mi   
websocket-server-8585946c55-h8s4v   1m    27Mi   
websocket-server-8585946c55-j95dj   1m    83Mi   
websocket-server-8585946c55-ks7gf   1m    27Mi   
websocket-server-8585946c55-mt599   1m    28Mi   
websocket-server-8585946c55-psx6p   1m    30Mi   
websocket-server-8585946c55-qbw2j   1m    27Mi   
websocket-server-8585946c55-rg74l   1m    30Mi   
websocket-server-8585946c55-s4cgw   0m    27Mi   
websocket-server-8585946c55-wh2cz   1m    28Mi   
websocket-server-8585946c55-xd5bd   0m    30Mi   
1783201141
websocket-server-8585946c55-4656p   1m    28Mi   
websocket-server-8585946c55-6j94w   1m    28Mi   
websocket-server-8585946c55-7c4k2   1m    74Mi   
websocket-server-8585946c55-9qj7t   1m    28Mi   
websocket-server-8585946c55-bvzlq   1m    27Mi   
websocket-server-8585946c55-h8s4v   1m    27Mi   
websocket-server-8585946c55-j95dj   1m    83Mi   
websocket-server-8585946c55-ks7gf   1m    27Mi   
websocket-server-8585946c55-mt599   1m    28Mi   
websocket-server-8585946c55-psx6p   1m    30Mi   
websocket-server-8585946c55-qbw2j   1m    27Mi   
websocket-server-8585946c55-rg74l   1m    30Mi   
websocket-server-8585946c55-s4cgw   0m    27Mi   
websocket-server-8585946c55-wh2cz   1m    28Mi   
websocket-server-8585946c55-xd5bd   0m    30Mi   
1783201146
websocket-server-8585946c55-4656p   1m    28Mi   
websocket-server-8585946c55-6j94w   1m    28Mi   
websocket-server-8585946c55-7c4k2   1m    74Mi   
websocket-server-8585946c55-9qj7t   1m    28Mi   
websocket-server-8585946c55-bvzlq   1m    27Mi   
websocket-server-8585946c55-h8s4v   1m    27Mi   
websocket-server-8585946c55-j95dj   1m    83Mi   
websocket-server-8585946c55-ks7gf   1m    27Mi   
websocket-server-8585946c55-mt599   1m    28Mi   
websocket-server-8585946c55-psx6p   1m    30Mi   
websocket-server-8585946c55-qbw2j   1m    27Mi   
websocket-server-8585946c55-rg74l   1m    30Mi   
websocket-server-8585946c55-s4cgw   0m    27Mi   
websocket-server-8585946c55-wh2cz   1m    28Mi   
websocket-server-8585946c55-xd5bd   0m    30Mi   
1783201151
websocket-server-8585946c55-4656p   1m    28Mi   
websocket-server-8585946c55-6j94w   1m    28Mi   
websocket-server-8585946c55-7c4k2   1m    74Mi   
websocket-server-8585946c55-9qj7t   1m    28Mi   
websocket-server-8585946c55-bvzlq   1m    27Mi   
websocket-server-8585946c55-h8s4v   1m    27Mi   
websocket-server-8585946c55-j95dj   1m    83Mi   
websocket-server-8585946c55-ks7gf   1m    27Mi   
websocket-server-8585946c55-mt599   1m    28Mi   
websocket-server-8585946c55-psx6p   1m    30Mi   
websocket-server-8585946c55-qbw2j   0m    27Mi   
websocket-server-8585946c55-rg74l   1m    30Mi   
websocket-server-8585946c55-s4cgw   1m    27Mi   
websocket-server-8585946c55-wh2cz   1m    28Mi   
websocket-server-8585946c55-xd5bd   0m    30Mi   
1783201156
websocket-server-8585946c55-4656p   1m    28Mi   
websocket-server-8585946c55-6j94w   1m    28Mi   
websocket-server-8585946c55-7c4k2   1m    74Mi   
websocket-server-8585946c55-9qj7t   1m    28Mi   
websocket-server-8585946c55-bvzlq   1m    27Mi   
websocket-server-8585946c55-h8s4v   1m    27Mi   
websocket-server-8585946c55-j95dj   1m    83Mi   
websocket-server-8585946c55-ks7gf   1m    27Mi   
websocket-server-8585946c55-mt599   1m    28Mi   
websocket-server-8585946c55-psx6p   1m    30Mi   
websocket-server-8585946c55-qbw2j   0m    27Mi   
websocket-server-8585946c55-rg74l   1m    30Mi   
websocket-server-8585946c55-s4cgw   1m    27Mi   
websocket-server-8585946c55-wh2cz   1m    28Mi   
websocket-server-8585946c55-xd5bd   0m    30Mi   
1783201161
websocket-server-8585946c55-4656p   1m    28Mi   
websocket-server-8585946c55-6j94w   1m    28Mi   
websocket-server-8585946c55-7c4k2   1m    74Mi   
websocket-server-8585946c55-9qj7t   1m    28Mi   
websocket-server-8585946c55-bvzlq   1m    27Mi   
websocket-server-8585946c55-h8s4v   1m    27Mi   
websocket-server-8585946c55-j95dj   1m    83Mi   
websocket-server-8585946c55-ks7gf   1m    27Mi   
websocket-server-8585946c55-mt599   1m    28Mi   
websocket-server-8585946c55-psx6p   1m    30Mi   
websocket-server-8585946c55-qbw2j   0m    27Mi   
websocket-server-8585946c55-rg74l   1m    30Mi   
websocket-server-8585946c55-s4cgw   1m    27Mi   
websocket-server-8585946c55-wh2cz   1m    28Mi   
websocket-server-8585946c55-xd5bd   0m    30Mi   
1783201166
websocket-server-8585946c55-4656p   0m    28Mi   
websocket-server-8585946c55-6j94w   1m    28Mi   
websocket-server-8585946c55-7c4k2   1m    74Mi   
websocket-server-8585946c55-9qj7t   1m    28Mi   
websocket-server-8585946c55-bvzlq   1m    27Mi   
websocket-server-8585946c55-h8s4v   2m    28Mi   
websocket-server-8585946c55-j95dj   1m    83Mi   
websocket-server-8585946c55-ks7gf   1m    27Mi   
websocket-server-8585946c55-mt599   1m    28Mi   
websocket-server-8585946c55-psx6p   1m    30Mi   
websocket-server-8585946c55-qbw2j   1m    27Mi   
websocket-server-8585946c55-rg74l   2m    30Mi   
websocket-server-8585946c55-s4cgw   1m    27Mi   
websocket-server-8585946c55-wh2cz   2m    28Mi   
websocket-server-8585946c55-xd5bd   1m    30Mi   
1783201171
websocket-server-8585946c55-4656p   0m    28Mi   
websocket-server-8585946c55-6j94w   1m    28Mi   
websocket-server-8585946c55-7c4k2   1m    74Mi   
websocket-server-8585946c55-9qj7t   1m    28Mi   
websocket-server-8585946c55-bvzlq   1m    27Mi   
websocket-server-8585946c55-h8s4v   2m    28Mi   
websocket-server-8585946c55-j95dj   1m    83Mi   
websocket-server-8585946c55-ks7gf   1m    27Mi   
websocket-server-8585946c55-mt599   1m    28Mi   
websocket-server-8585946c55-psx6p   1m    30Mi   
websocket-server-8585946c55-qbw2j   1m    27Mi   
websocket-server-8585946c55-rg74l   2m    30Mi   
websocket-server-8585946c55-s4cgw   1m    27Mi   
websocket-server-8585946c55-wh2cz   2m    28Mi   
websocket-server-8585946c55-xd5bd   1m    30Mi   
1783201176
websocket-server-8585946c55-4656p   0m    28Mi   
websocket-server-8585946c55-6j94w   1m    28Mi   
websocket-server-8585946c55-7c4k2   1m    74Mi   
websocket-server-8585946c55-9qj7t   1m    28Mi   
websocket-server-8585946c55-bvzlq   1m    27Mi   
websocket-server-8585946c55-h8s4v   2m    28Mi   
websocket-server-8585946c55-j95dj   1m    83Mi   
websocket-server-8585946c55-ks7gf   1m    27Mi   
websocket-server-8585946c55-mt599   1m    28Mi   
websocket-server-8585946c55-psx6p   1m    30Mi   
websocket-server-8585946c55-qbw2j   1m    27Mi   
websocket-server-8585946c55-rg74l   2m    30Mi   
websocket-server-8585946c55-s4cgw   1m    27Mi   
websocket-server-8585946c55-wh2cz   2m    28Mi   
websocket-server-8585946c55-xd5bd   1m    30Mi   
1783201181
websocket-loadgen-cc5jx             110m   31Mi   
websocket-server-8585946c55-4656p   11m    28Mi   
websocket-server-8585946c55-6j94w   7m     28Mi   
websocket-server-8585946c55-7c4k2   23m    76Mi   
websocket-server-8585946c55-9qj7t   7m     28Mi   
websocket-server-8585946c55-bvzlq   16m    28Mi   
websocket-server-8585946c55-h8s4v   13m    28Mi   
websocket-server-8585946c55-j95dj   7m     84Mi   
websocket-server-8585946c55-ks7gf   5m     28Mi   
websocket-server-8585946c55-mt599   1m     28Mi   
websocket-server-8585946c55-psx6p   9m     30Mi   
websocket-server-8585946c55-qbw2j   8m     28Mi   
websocket-server-8585946c55-rg74l   2m     30Mi   
websocket-server-8585946c55-s4cgw   15m    28Mi   
websocket-server-8585946c55-wh2cz   2m     28Mi   
websocket-server-8585946c55-xd5bd   8m     30Mi   
1783201187
websocket-loadgen-cc5jx             110m   31Mi   
websocket-server-8585946c55-4656p   11m    28Mi   
websocket-server-8585946c55-6j94w   7m     28Mi   
websocket-server-8585946c55-7c4k2   23m    76Mi   
websocket-server-8585946c55-9qj7t   7m     28Mi   
websocket-server-8585946c55-bvzlq   16m    28Mi   
websocket-server-8585946c55-h8s4v   13m    28Mi   
websocket-server-8585946c55-j95dj   7m     84Mi   
websocket-server-8585946c55-ks7gf   5m     28Mi   
websocket-server-8585946c55-mt599   1m     28Mi   
websocket-server-8585946c55-psx6p   9m     30Mi   
websocket-server-8585946c55-qbw2j   8m     28Mi   
websocket-server-8585946c55-rg74l   2m     30Mi   
websocket-server-8585946c55-s4cgw   15m    28Mi   
websocket-server-8585946c55-wh2cz   2m     28Mi   
websocket-server-8585946c55-xd5bd   8m     30Mi   
1783201192
websocket-loadgen-cc5jx             110m   31Mi   
websocket-server-8585946c55-4656p   11m    28Mi   
websocket-server-8585946c55-6j94w   7m     28Mi   
websocket-server-8585946c55-7c4k2   23m    76Mi   
websocket-server-8585946c55-9qj7t   7m     28Mi   
websocket-server-8585946c55-bvzlq   16m    28Mi   
websocket-server-8585946c55-h8s4v   13m    28Mi   
websocket-server-8585946c55-j95dj   7m     84Mi   
websocket-server-8585946c55-ks7gf   5m     28Mi   
websocket-server-8585946c55-mt599   1m     28Mi   
websocket-server-8585946c55-psx6p   9m     30Mi   
websocket-server-8585946c55-qbw2j   8m     28Mi   
websocket-server-8585946c55-rg74l   2m     30Mi   
websocket-server-8585946c55-s4cgw   15m    28Mi   
websocket-server-8585946c55-wh2cz   2m     28Mi   
websocket-server-8585946c55-xd5bd   8m     30Mi   
1783201197
websocket-loadgen-cc5jx             52m    42Mi   
websocket-server-8585946c55-4656p   22m    28Mi   
websocket-server-8585946c55-6j94w   12m    28Mi   
websocket-server-8585946c55-7c4k2   102m   76Mi   
websocket-server-8585946c55-9qj7t   8m     28Mi   
websocket-server-8585946c55-bvzlq   18m    28Mi   
websocket-server-8585946c55-h8s4v   16m    28Mi   
websocket-server-8585946c55-j95dj   54m    85Mi   
websocket-server-8585946c55-ks7gf   9m     28Mi   
websocket-server-8585946c55-mt599   13m    28Mi   
websocket-server-8585946c55-psx6p   19m    30Mi   
websocket-server-8585946c55-qbw2j   16m    28Mi   
websocket-server-8585946c55-rg74l   13m    30Mi   
websocket-server-8585946c55-s4cgw   21m    28Mi   
websocket-server-8585946c55-wh2cz   11m    28Mi   
websocket-server-8585946c55-xd5bd   8m     30Mi   
1783201202
websocket-loadgen-cc5jx             52m    42Mi   
websocket-server-8585946c55-4656p   22m    28Mi   
websocket-server-8585946c55-6j94w   12m    28Mi   
websocket-server-8585946c55-7c4k2   102m   76Mi   
websocket-server-8585946c55-9qj7t   8m     28Mi   
websocket-server-8585946c55-bvzlq   18m    28Mi   
websocket-server-8585946c55-h8s4v   16m    28Mi   
websocket-server-8585946c55-j95dj   54m    85Mi   
websocket-server-8585946c55-ks7gf   9m     28Mi   
websocket-server-8585946c55-mt599   13m    28Mi   
websocket-server-8585946c55-psx6p   19m    30Mi   
websocket-server-8585946c55-qbw2j   16m    28Mi   
websocket-server-8585946c55-rg74l   13m    30Mi   
websocket-server-8585946c55-s4cgw   21m    28Mi   
websocket-server-8585946c55-wh2cz   11m    28Mi   
websocket-server-8585946c55-xd5bd   8m     30Mi   
1783201207
websocket-loadgen-cc5jx             52m    42Mi   
websocket-server-8585946c55-7c4k2   102m   76Mi   
websocket-server-8585946c55-j95dj   54m    85Mi   
1783201212
websocket-loadgen-cc5jx             73m    48Mi   
websocket-server-8585946c55-7c4k2   223m   80Mi   
websocket-server-8585946c55-j95dj   218m   88Mi   
1783201218
websocket-loadgen-cc5jx             73m    48Mi   
websocket-server-8585946c55-7c4k2   223m   80Mi   
websocket-server-8585946c55-j95dj   218m   88Mi   
1783201223
websocket-loadgen-cc5jx             73m    48Mi   
websocket-server-8585946c55-7c4k2   223m   80Mi   
websocket-server-8585946c55-j95dj   218m   88Mi   
1783201228
websocket-loadgen-cc5jx             101m   64Mi   
websocket-server-8585946c55-7c4k2   223m   80Mi   
websocket-server-8585946c55-j95dj   383m   89Mi   
websocket-server-8585946c55-rhrwp   122m   31Mi   
1783201233
websocket-loadgen-cc5jx             101m   64Mi   
websocket-server-8585946c55-7c4k2   223m   80Mi   
websocket-server-8585946c55-j95dj   383m   89Mi   
websocket-server-8585946c55-rhrwp   122m   31Mi   
1783201238
websocket-loadgen-cc5jx             101m   64Mi   
websocket-server-8585946c55-7c4k2   223m   80Mi   
websocket-server-8585946c55-j95dj   383m   89Mi   
websocket-server-8585946c55-rhrwp   122m   31Mi   
1783201243
websocket-loadgen-cc5jx             94m    74Mi   
websocket-server-8585946c55-7c4k2   361m   79Mi   
websocket-server-8585946c55-j95dj   424m   89Mi   
websocket-server-8585946c55-jk7nz   30m    28Mi   
websocket-server-8585946c55-l89qj   67m    28Mi   
websocket-server-8585946c55-mqtll   70m    28Mi   
websocket-server-8585946c55-rhrwp   155m   33Mi   
websocket-server-8585946c55-vlsmh   73m    28Mi   
1783201248
websocket-server-8585946c55-7c4k2   361m   79Mi   
websocket-server-8585946c55-j95dj   424m   89Mi   
websocket-server-8585946c55-jk7nz   30m    28Mi   
websocket-server-8585946c55-l89qj   67m    28Mi   
websocket-server-8585946c55-mqtll   70m    28Mi   
websocket-server-8585946c55-rhrwp   155m   33Mi   
websocket-server-8585946c55-vlsmh   73m    28Mi   
1783201254
websocket-server-8585946c55-7c4k2   361m   79Mi   
websocket-server-8585946c55-j95dj   424m   89Mi   
websocket-server-8585946c55-jk7nz   30m    28Mi   
websocket-server-8585946c55-l89qj   67m    28Mi   
websocket-server-8585946c55-mqtll   70m    28Mi   
websocket-server-8585946c55-rhrwp   155m   33Mi   
websocket-server-8585946c55-vlsmh   73m    28Mi   
1783201259
websocket-server-8585946c55-7c4k2   196m   78Mi   
websocket-server-8585946c55-crhm5   5m     28Mi   
websocket-server-8585946c55-g2zft   19m    28Mi   
websocket-server-8585946c55-j257b   58m    28Mi   
websocket-server-8585946c55-j95dj   424m   89Mi   
websocket-server-8585946c55-jk7nz   30m    28Mi   
websocket-server-8585946c55-l89qj   18m    28Mi   
websocket-server-8585946c55-lnbtb   6m     28Mi   
websocket-server-8585946c55-mqtll   37m    28Mi   
websocket-server-8585946c55-rhrwp   128m   33Mi   
websocket-server-8585946c55-vlsmh   40m    28Mi   
websocket-server-8585946c55-w2478   70m    28Mi   
websocket-server-8585946c55-xjrvf   73m    28Mi   
1783201264
websocket-server-8585946c55-7c4k2   196m   78Mi   
websocket-server-8585946c55-crhm5   5m     28Mi   
websocket-server-8585946c55-g2zft   19m    28Mi   
websocket-server-8585946c55-j257b   58m    28Mi   
websocket-server-8585946c55-j95dj   424m   89Mi   
websocket-server-8585946c55-jk7nz   30m    28Mi   
websocket-server-8585946c55-l89qj   18m    28Mi   
websocket-server-8585946c55-lnbtb   6m     28Mi   
websocket-server-8585946c55-mqtll   37m    28Mi   
websocket-server-8585946c55-rhrwp   128m   33Mi   
websocket-server-8585946c55-vlsmh   40m    28Mi   
websocket-server-8585946c55-w2478   70m    28Mi   
websocket-server-8585946c55-xjrvf   73m    28Mi   
1783201269
websocket-server-8585946c55-2l86b   1m     27Mi   
websocket-server-8585946c55-7c4k2   196m   78Mi   
websocket-server-8585946c55-crhm5   1m     28Mi   
websocket-server-8585946c55-dbztj   0m     27Mi   
websocket-server-8585946c55-g2zft   1m     28Mi   
websocket-server-8585946c55-j257b   1m     28Mi   
websocket-server-8585946c55-j95dj   112m   88Mi   
websocket-server-8585946c55-jk7nz   1m     28Mi   
websocket-server-8585946c55-l89qj   18m    28Mi   
websocket-server-8585946c55-lnbtb   1m     28Mi   
websocket-server-8585946c55-mqtll   1m     28Mi   
websocket-server-8585946c55-rhrwp   1m     33Mi   
websocket-server-8585946c55-vlsmh   1m     28Mi   
websocket-server-8585946c55-w2478   2m     28Mi   
websocket-server-8585946c55-xjrvf   4m     28Mi   
1783201274
websocket-server-8585946c55-2l86b   1m     27Mi   
websocket-server-8585946c55-7c4k2   196m   78Mi   
websocket-server-8585946c55-crhm5   1m     28Mi   
websocket-server-8585946c55-dbztj   0m     27Mi   
websocket-server-8585946c55-g2zft   1m     28Mi   
websocket-server-8585946c55-j257b   1m     28Mi   
websocket-server-8585946c55-j95dj   112m   88Mi   
websocket-server-8585946c55-jk7nz   1m     28Mi   
websocket-server-8585946c55-l89qj   18m    28Mi   
websocket-server-8585946c55-lnbtb   1m     28Mi   
websocket-server-8585946c55-mqtll   1m     28Mi   
websocket-server-8585946c55-rhrwp   1m     33Mi   
websocket-server-8585946c55-vlsmh   1m     28Mi   
websocket-server-8585946c55-w2478   2m     28Mi   
websocket-server-8585946c55-xjrvf   4m     28Mi   
1783201279
websocket-server-8585946c55-2l86b   1m     27Mi   
websocket-server-8585946c55-7c4k2   196m   78Mi   
websocket-server-8585946c55-crhm5   1m     28Mi   
websocket-server-8585946c55-dbztj   0m     27Mi   
websocket-server-8585946c55-g2zft   1m     28Mi   
websocket-server-8585946c55-j257b   1m     28Mi   
websocket-server-8585946c55-j95dj   112m   88Mi   
websocket-server-8585946c55-jk7nz   1m     28Mi   
websocket-server-8585946c55-l89qj   18m    28Mi   
websocket-server-8585946c55-lnbtb   1m     28Mi   
websocket-server-8585946c55-mqtll   1m     28Mi   
websocket-server-8585946c55-rhrwp   1m     33Mi   
websocket-server-8585946c55-vlsmh   1m     28Mi   
websocket-server-8585946c55-w2478   2m     28Mi   
websocket-server-8585946c55-xjrvf   4m     28Mi   
1783201284
websocket-server-8585946c55-2l86b   0m    27Mi   
websocket-server-8585946c55-7c4k2   1m    78Mi   
websocket-server-8585946c55-crhm5   1m    28Mi   
websocket-server-8585946c55-dbztj   1m    27Mi   
websocket-server-8585946c55-g2zft   1m    28Mi   
websocket-server-8585946c55-j257b   1m    28Mi   
websocket-server-8585946c55-j95dj   1m    88Mi   
websocket-server-8585946c55-jk7nz   1m    28Mi   
websocket-server-8585946c55-l89qj   1m    28Mi   
websocket-server-8585946c55-lnbtb   1m    28Mi   
websocket-server-8585946c55-mqtll   1m    28Mi   
websocket-server-8585946c55-rhrwp   1m    33Mi   
websocket-server-8585946c55-vlsmh   1m    28Mi   
websocket-server-8585946c55-w2478   0m    28Mi   
websocket-server-8585946c55-xjrvf   1m    28Mi   
1783201289
websocket-server-8585946c55-2l86b   0m    27Mi   
websocket-server-8585946c55-7c4k2   1m    78Mi   
websocket-server-8585946c55-crhm5   1m    28Mi   
websocket-server-8585946c55-dbztj   1m    27Mi   
websocket-server-8585946c55-g2zft   1m    28Mi   
websocket-server-8585946c55-j257b   1m    28Mi   
websocket-server-8585946c55-j95dj   1m    88Mi   
websocket-server-8585946c55-jk7nz   1m    28Mi   
websocket-server-8585946c55-l89qj   1m    28Mi   
websocket-server-8585946c55-lnbtb   1m    28Mi   
websocket-server-8585946c55-mqtll   1m    28Mi   
websocket-server-8585946c55-rhrwp   1m    33Mi   
websocket-server-8585946c55-vlsmh   1m    28Mi   
websocket-server-8585946c55-w2478   0m    28Mi   
websocket-server-8585946c55-xjrvf   1m    28Mi   
1783201294
websocket-server-8585946c55-2l86b   0m    27Mi   
websocket-server-8585946c55-7c4k2   1m    78Mi   
websocket-server-8585946c55-crhm5   1m    28Mi   
websocket-server-8585946c55-dbztj   1m    27Mi   
websocket-server-8585946c55-g2zft   1m    28Mi   
websocket-server-8585946c55-j257b   1m    28Mi   
websocket-server-8585946c55-j95dj   1m    88Mi   
websocket-server-8585946c55-jk7nz   1m    28Mi   
websocket-server-8585946c55-l89qj   1m    28Mi   
websocket-server-8585946c55-lnbtb   1m    28Mi   
websocket-server-8585946c55-mqtll   1m    28Mi   
websocket-server-8585946c55-rhrwp   1m    33Mi   
websocket-server-8585946c55-vlsmh   1m    28Mi   
websocket-server-8585946c55-w2478   0m    28Mi   
websocket-server-8585946c55-xjrvf   1m    28Mi   
1783201300
websocket-server-8585946c55-2l86b   1m    27Mi   
websocket-server-8585946c55-7c4k2   1m    78Mi   
websocket-server-8585946c55-crhm5   1m    28Mi   
websocket-server-8585946c55-dbztj   1m    27Mi   
websocket-server-8585946c55-g2zft   1m    28Mi   
websocket-server-8585946c55-j257b   1m    28Mi   
websocket-server-8585946c55-j95dj   1m    88Mi   
websocket-server-8585946c55-jk7nz   1m    28Mi   
websocket-server-8585946c55-l89qj   1m    28Mi   
websocket-server-8585946c55-lnbtb   1m    28Mi   
websocket-server-8585946c55-mqtll   1m    28Mi   
websocket-server-8585946c55-rhrwp   1m    33Mi   
websocket-server-8585946c55-vlsmh   1m    28Mi   
websocket-server-8585946c55-w2478   1m    28Mi   
websocket-server-8585946c55-xjrvf   1m    28Mi   
1783201305
websocket-server-8585946c55-2l86b   1m    27Mi   
websocket-server-8585946c55-7c4k2   1m    78Mi   
websocket-server-8585946c55-crhm5   1m    28Mi   
websocket-server-8585946c55-dbztj   1m    27Mi   
websocket-server-8585946c55-g2zft   1m    28Mi   
websocket-server-8585946c55-j257b   1m    28Mi   
websocket-server-8585946c55-j95dj   1m    88Mi   
websocket-server-8585946c55-jk7nz   1m    28Mi   
websocket-server-8585946c55-l89qj   1m    28Mi   
websocket-server-8585946c55-lnbtb   1m    28Mi   
websocket-server-8585946c55-mqtll   1m    28Mi   
websocket-server-8585946c55-rhrwp   1m    33Mi   
websocket-server-8585946c55-vlsmh   1m    28Mi   
websocket-server-8585946c55-w2478   1m    28Mi   
websocket-server-8585946c55-xjrvf   1m    28Mi   
1783201310
websocket-server-8585946c55-2l86b   1m    27Mi   
websocket-server-8585946c55-7c4k2   1m    78Mi   
websocket-server-8585946c55-crhm5   1m    28Mi   
websocket-server-8585946c55-dbztj   1m    27Mi   
websocket-server-8585946c55-g2zft   1m    28Mi   
websocket-server-8585946c55-j257b   1m    28Mi   
websocket-server-8585946c55-j95dj   1m    88Mi   
websocket-server-8585946c55-jk7nz   1m    28Mi   
websocket-server-8585946c55-l89qj   1m    28Mi   
websocket-server-8585946c55-lnbtb   1m    28Mi   
websocket-server-8585946c55-mqtll   1m    28Mi   
websocket-server-8585946c55-rhrwp   1m    33Mi   
websocket-server-8585946c55-vlsmh   1m    28Mi   
websocket-server-8585946c55-w2478   1m    28Mi   
websocket-server-8585946c55-xjrvf   1m    28Mi   
1783201315
websocket-server-8585946c55-2l86b   1m    27Mi   
websocket-server-8585946c55-7c4k2   1m    78Mi   
websocket-server-8585946c55-crhm5   1m    28Mi   
websocket-server-8585946c55-dbztj   1m    27Mi   
websocket-server-8585946c55-g2zft   1m    28Mi   
websocket-server-8585946c55-j257b   1m    28Mi   
websocket-server-8585946c55-j95dj   1m    88Mi   
websocket-server-8585946c55-jk7nz   1m    28Mi   
websocket-server-8585946c55-l89qj   0m    28Mi   
websocket-server-8585946c55-lnbtb   1m    28Mi   
websocket-server-8585946c55-mqtll   1m    28Mi   
websocket-server-8585946c55-rhrwp   0m    33Mi   
websocket-server-8585946c55-vlsmh   1m    28Mi   
websocket-server-8585946c55-w2478   1m    28Mi   
websocket-server-8585946c55-xjrvf   1m    28Mi   
1783201320
websocket-server-8585946c55-2l86b   1m    27Mi   
websocket-server-8585946c55-7c4k2   1m    78Mi   
websocket-server-8585946c55-crhm5   1m    28Mi   
websocket-server-8585946c55-dbztj   1m    27Mi   
websocket-server-8585946c55-g2zft   1m    28Mi   
websocket-server-8585946c55-j257b   1m    28Mi   
websocket-server-8585946c55-j95dj   1m    88Mi   
websocket-server-8585946c55-jk7nz   1m    28Mi   
websocket-server-8585946c55-l89qj   0m    28Mi   
websocket-server-8585946c55-lnbtb   1m    28Mi   
websocket-server-8585946c55-mqtll   1m    28Mi   
websocket-server-8585946c55-rhrwp   0m    33Mi   
websocket-server-8585946c55-vlsmh   1m    28Mi   
websocket-server-8585946c55-w2478   1m    28Mi   
websocket-server-8585946c55-xjrvf   1m    28Mi   
1783201325
websocket-server-8585946c55-2l86b   1m    27Mi   
websocket-server-8585946c55-7c4k2   1m    78Mi   
websocket-server-8585946c55-crhm5   1m    28Mi   
websocket-server-8585946c55-dbztj   1m    27Mi   
websocket-server-8585946c55-g2zft   1m    28Mi   
websocket-server-8585946c55-j257b   1m    28Mi   
websocket-server-8585946c55-j95dj   1m    88Mi   
websocket-server-8585946c55-jk7nz   1m    28Mi   
websocket-server-8585946c55-l89qj   0m    28Mi   
websocket-server-8585946c55-lnbtb   1m    28Mi   
websocket-server-8585946c55-mqtll   1m    28Mi   
websocket-server-8585946c55-rhrwp   0m    33Mi   
websocket-server-8585946c55-vlsmh   1m    28Mi   
websocket-server-8585946c55-w2478   1m    28Mi   
websocket-server-8585946c55-xjrvf   1m    28Mi   
1783201330
websocket-server-8585946c55-2l86b   1m    27Mi   
websocket-server-8585946c55-7c4k2   1m    78Mi   
websocket-server-8585946c55-crhm5   1m    28Mi   
websocket-server-8585946c55-dbztj   1m    27Mi   
websocket-server-8585946c55-g2zft   1m    28Mi   
websocket-server-8585946c55-j257b   1m    28Mi   
websocket-server-8585946c55-j95dj   1m    88Mi   
websocket-server-8585946c55-jk7nz   0m    28Mi   
websocket-server-8585946c55-l89qj   1m    28Mi   
websocket-server-8585946c55-lnbtb   1m    28Mi   
websocket-server-8585946c55-mqtll   1m    28Mi   
websocket-server-8585946c55-rhrwp   0m    33Mi   
websocket-server-8585946c55-vlsmh   1m    28Mi   
websocket-server-8585946c55-w2478   1m    28Mi   
websocket-server-8585946c55-xjrvf   1m    28Mi   
1783201335
websocket-server-8585946c55-2l86b   1m    27Mi   
websocket-server-8585946c55-7c4k2   1m    78Mi   
websocket-server-8585946c55-crhm5   1m    28Mi   
websocket-server-8585946c55-dbztj   1m    27Mi   
websocket-server-8585946c55-g2zft   1m    28Mi   
websocket-server-8585946c55-j257b   1m    28Mi   
websocket-server-8585946c55-j95dj   1m    88Mi   
websocket-server-8585946c55-jk7nz   0m    28Mi   
websocket-server-8585946c55-l89qj   1m    28Mi   
websocket-server-8585946c55-lnbtb   1m    28Mi   
websocket-server-8585946c55-mqtll   1m    28Mi   
websocket-server-8585946c55-rhrwp   0m    33Mi   
websocket-server-8585946c55-vlsmh   1m    28Mi   
websocket-server-8585946c55-w2478   1m    28Mi   
websocket-server-8585946c55-xjrvf   1m    28Mi   
1783201341
websocket-server-8585946c55-2l86b   1m    27Mi   
websocket-server-8585946c55-7c4k2   1m    78Mi   
websocket-server-8585946c55-crhm5   1m    28Mi   
websocket-server-8585946c55-dbztj   1m    27Mi   
websocket-server-8585946c55-g2zft   1m    28Mi   
websocket-server-8585946c55-j257b   1m    28Mi   
websocket-server-8585946c55-j95dj   1m    88Mi   
websocket-server-8585946c55-jk7nz   0m    28Mi   
websocket-server-8585946c55-l89qj   1m    28Mi   
websocket-server-8585946c55-lnbtb   1m    28Mi   
websocket-server-8585946c55-mqtll   1m    28Mi   
websocket-server-8585946c55-rhrwp   0m    33Mi   
websocket-server-8585946c55-vlsmh   1m    28Mi   
websocket-server-8585946c55-w2478   1m    28Mi   
websocket-server-8585946c55-xjrvf   1m    28Mi   
1783201346
websocket-server-8585946c55-2l86b   0m    27Mi   
websocket-server-8585946c55-7c4k2   1m    78Mi   
websocket-server-8585946c55-crhm5   1m    28Mi   
websocket-server-8585946c55-dbztj   1m    27Mi   
websocket-server-8585946c55-g2zft   1m    28Mi   
websocket-server-8585946c55-j257b   1m    28Mi   
websocket-server-8585946c55-j95dj   1m    88Mi   
websocket-server-8585946c55-jk7nz   1m    28Mi   
websocket-server-8585946c55-l89qj   1m    28Mi   
websocket-server-8585946c55-lnbtb   1m    28Mi   
websocket-server-8585946c55-mqtll   1m    28Mi   
websocket-server-8585946c55-rhrwp   1m    33Mi   
websocket-server-8585946c55-vlsmh   1m    28Mi   
websocket-server-8585946c55-w2478   1m    28Mi   
websocket-server-8585946c55-xjrvf   1m    28Mi   
1783201351
websocket-server-8585946c55-2l86b   0m    27Mi   
websocket-server-8585946c55-7c4k2   1m    78Mi   
websocket-server-8585946c55-crhm5   1m    28Mi   
websocket-server-8585946c55-dbztj   1m    27Mi   
websocket-server-8585946c55-g2zft   1m    28Mi   
websocket-server-8585946c55-j257b   1m    28Mi   
websocket-server-8585946c55-j95dj   1m    88Mi   
websocket-server-8585946c55-jk7nz   1m    28Mi   
websocket-server-8585946c55-l89qj   1m    28Mi   
websocket-server-8585946c55-lnbtb   1m    28Mi   
websocket-server-8585946c55-mqtll   1m    28Mi   
websocket-server-8585946c55-rhrwp   1m    33Mi   
websocket-server-8585946c55-vlsmh   1m    28Mi   
websocket-server-8585946c55-w2478   1m    28Mi   
websocket-server-8585946c55-xjrvf   1m    28Mi   
1783201356
websocket-server-8585946c55-7c4k2   1m    78Mi   
websocket-server-8585946c55-dbztj   1m    27Mi   
websocket-server-8585946c55-g2zft   1m    28Mi   
websocket-server-8585946c55-j95dj   1m    88Mi   
websocket-server-8585946c55-lnbtb   1m    28Mi   
websocket-server-8585946c55-xjrvf   1m    28Mi   
1783201361
websocket-server-8585946c55-7c4k2   1m    78Mi   
websocket-server-8585946c55-dbztj   1m    27Mi   
websocket-server-8585946c55-g2zft   1m    28Mi   
websocket-server-8585946c55-j95dj   1m    88Mi   
websocket-server-8585946c55-lnbtb   1m    28Mi   
websocket-server-8585946c55-xjrvf   1m    28Mi   
1783201366
websocket-server-8585946c55-7c4k2   1m    78Mi   
websocket-server-8585946c55-dbztj   1m    27Mi   
websocket-server-8585946c55-g2zft   1m    28Mi   
websocket-server-8585946c55-j95dj   1m    88Mi   
websocket-server-8585946c55-lnbtb   1m    28Mi   
websocket-server-8585946c55-xjrvf   1m    28Mi   
