1783191657
active_connections 0
1783191662
active_connections 16
1783191667
active_connections 33
1783191672
active_connections 55
1783191677
active_connections 83
1783191682
active_connections 102
1783191687
active_connections 127
1783191692
active_connections 153
1783191697
active_connections 178
1783191702
active_connections 202
1783191707
active_connections 226
1783191712
active_connections 247
1783191717
active_connections 261
1783191722
active_connections 278
1783191727
active_connections 291
1783191732
active_connections 301
1783191737
active_connections 308
1783191742
active_connections 319
1783191747
active_connections 0
1783191753
active_connections 2
1783191758
active_connections 10
1783191763
active_connections 16
1783191768
active_connections 19
1783191773
active_connections 28
1783191778
active_connections 35
1783191783
active_connections 37
1783191788
active_connections 43
1783191793
active_connections 51
1783191798
active_connections 57
1783191803
active_connections 64
1783191808
active_connections 71
1783191813
active_connections 79
1783191818
active_connections 82
1783191823
active_connections 89
1783191828
active_connections 96
1783191833
active_connections 103
1783191838
active_connections 0
1783191843
active_connections 8
1783191848
active_connections 14
1783191853
active_connections 18
1783191858
active_connections 22
1783191863
active_connections 24
1783191868
active_connections 28
1783191873
active_connections 31
1783191878
active_connections 36
1783191883
active_connections 40
1783191888
active_connections 42
1783191893
active_connections 49
1783191898
active_connections 53
1783191903
active_connections 57
1783191908
active_connections 62
1783191914
active_connections 68
1783191919
active_connections 71
1783191924
active_connections 73
1783191929
active_connections 0
1783191934
active_connections 7
1783191939
active_connections 16
1783191944
active_connections 19
1783191949
active_connections 22
1783191954
active_connections 28
1783191959
active_connections 32
1783191964
active_connections 38
1783191969
active_connections 42
1783191974
active_connections 46
1783191979
active_connections 52
1783191984
active_connections 57
1783191989
active_connections 60
1783191994
active_connections 66
1783191999
active_connections 71
1783192004
active_connections 73
1783192009
active_connections 79
1783192014
active_connections 85
1783192019
active_connections 0
1783192024
active_connections 4
1783192029
active_connections 10
1783192034
active_connections 14
1783192039
active_connections 19
1783192044
active_connections 24
1783192049
active_connections 29
1783192054
active_connections 39
1783192059
active_connections 51
1783192064
active_connections 55
1783192069
active_connections 57
1783192074
active_connections 67
1783192079
active_connections 72
1783192084
active_connections 76
1783192089
active_connections 82
1783192094
active_connections 86
1783192099
active_connections 87
1783192104
active_connections 93
1783192109
active_connections 0
1783192114
active_connections 0
1783192119
active_connections 0
1783192124
active_connections 0
1783192129
active_connections 0
1783192134
active_connections 0
1783192139
active_connections 0
1783192144
active_connections 0
1783192149
active_connections 0
1783192154
active_connections 0
1783192159
active_connections 0
1783192164
active_connections 0
1783192169
active_connections 0
1783192174
active_connections 0
1783192179
active_connections 0
1783192184
active_connections 0
1783192189
active_connections 0
1783192195
active_connections 0
1783192200
active_connections 0
1783192205
active_connections 0
1783192210
active_connections 0
1783192215
active_connections 0
1783192220
active_connections 0
1783192225
active_connections 0
1783192230
active_connections 0
1783192235
active_connections 0
1783192240
active_connections 0
1783192245
active_connections 0
1783192250
active_connections 0
1783192255
active_connections 0
1783192260
active_connections 0
1783192265
active_connections 0
1783192270
active_connections 0
1783192275
active_connections 0
1783192280
active_connections 0
1783192285
active_connections 0
1783192290
active_connections 0
1783192295
active_connections 0
1783192300
active_connections 0
1783192305
active_connections 0
1783192310
active_connections 0
1783192315
active_connections 0
1783192320
active_connections 0
1783192325
active_connections 0
1783192330
active_connections 0
1783192335
active_connections 0
1783192340
active_connections 0
1783192345
active_connections 0
1783192350
active_connections 0
1783192355
active_connections 0
1783192360
active_connections 0
1783192365
active_connections 0
1783192370
active_connections 0
1783192375
active_connections 0
1783192380
active_connections 0
1783192385
active_connections 0
1783192390
active_connections 0
1783192395
active_connections 0
1783192400
active_connections 0
1783192405
active_connections 0
1783192410
active_connections 0
1783192415
active_connections 0
1783192420
active_connections 0
1783192425
active_connections 0
1783192430
active_connections 0
1783192435
active_connections 0
1783192440
active_connections 0
1783192445
active_connections 0
