1783191657,CYCLE_1_HIGH_START
1783191717,CYCLE_1_HIGH_END
1783191717,CYCLE_1_LOW_START
1783191747,CYCLE_1_LOW_END
1783191747,CYCLE_2_HIGH_START
1783191808,CYCLE_2_HIGH_END
1783191808,CYCLE_2_LOW_START
1783191838,CYCLE_2_LOW_END
1783191838,CYCLE_3_HIGH_START
1783191898,CYCLE_3_HIGH_END
1783191898,CYCLE_3_LOW_START
1783191928,CYCLE_3_LOW_END
1783191928,CYCLE_4_HIGH_START
1783191988,CYCLE_4_HIGH_END
1783191988,CYCLE_4_LOW_START
1783192018,CYCLE_4_LOW_END
1783192018,CYCLE_5_HIGH_START
1783192079,CYCLE_5_HIGH_END
1783192079,CYCLE_5_LOW_START
1783192109,CYCLE_5_LOW_END
