1781202437
websocket-server-8585946c55-6v84t   19m   27Mi   
websocket-server-8585946c55-hn4n9   19m   27Mi   
1781202442
websocket-server-8585946c55-6v84t   1m    28Mi   
websocket-server-8585946c55-hn4n9   1m    27Mi   
1781202447
websocket-server-8585946c55-6v84t   1m    28Mi   
websocket-server-8585946c55-hn4n9   1m    27Mi   
1781202452
websocket-server-8585946c55-6v84t   1m    28Mi   
websocket-server-8585946c55-hn4n9   1m    27Mi   
1781202457
websocket-server-8585946c55-6v84t   1m    27Mi   
websocket-server-8585946c55-hn4n9   1m    27Mi   
1781202463
websocket-server-8585946c55-6v84t   1m    27Mi   
websocket-server-8585946c55-hn4n9   1m    27Mi   
1781202468
websocket-server-8585946c55-6v84t   1m    27Mi   
websocket-server-8585946c55-hn4n9   1m    27Mi   
1781202473
websocket-server-8585946c55-6v84t   8m    28Mi   
websocket-server-8585946c55-hn4n9   14m   29Mi   
1781202478
websocket-server-8585946c55-6v84t   8m    28Mi   
websocket-server-8585946c55-hn4n9   14m   29Mi   
1781202483
websocket-server-8585946c55-6v84t   8m    28Mi   
websocket-server-8585946c55-hn4n9   14m   29Mi   
1781202488
websocket-server-8585946c55-6v84t   32m   31Mi   
websocket-server-8585946c55-hn4n9   49m   34Mi   
1781202493
websocket-server-8585946c55-6v84t   32m   31Mi   
websocket-server-8585946c55-hn4n9   49m   34Mi   
1781202498
websocket-server-8585946c55-6v84t   32m   31Mi   
websocket-server-8585946c55-hn4n9   49m   34Mi   
1781202503
websocket-server-8585946c55-6v84t   69m   36Mi   
websocket-server-8585946c55-hn4n9   87m   38Mi   
1781202508
websocket-server-8585946c55-6v84t   69m   36Mi   
websocket-server-8585946c55-hn4n9   87m   38Mi   
1781202513
websocket-server-8585946c55-6v84t   69m   36Mi   
websocket-server-8585946c55-hn4n9   87m   38Mi   
1781202518
websocket-server-8585946c55-6v84t   114m   41Mi   
websocket-server-8585946c55-hn4n9   121m   42Mi   
1781202523
websocket-server-8585946c55-6v84t   114m   41Mi   
websocket-server-8585946c55-hn4n9   121m   42Mi   
1781202528
websocket-server-8585946c55-6v84t   114m   41Mi   
websocket-server-8585946c55-hn4n9   121m   42Mi   
1781202533
websocket-server-8585946c55-6v84t   150m   45Mi   
websocket-server-8585946c55-hn4n9   158m   45Mi   
websocket-server-8585946c55-vps7p   33m    30Mi   
1781202538
websocket-server-8585946c55-6v84t   150m   45Mi   
websocket-server-8585946c55-hn4n9   158m   45Mi   
websocket-server-8585946c55-vps7p   33m    30Mi   
1781202543
websocket-server-8585946c55-6v84t   150m   45Mi   
websocket-server-8585946c55-hn4n9   158m   45Mi   
websocket-server-8585946c55-vps7p   33m    30Mi   
1781202548
websocket-server-8585946c55-6v84t   172m   47Mi   
websocket-server-8585946c55-hn4n9   171m   47Mi   
websocket-server-8585946c55-vbtsc   20m    29Mi   
websocket-server-8585946c55-vps7p   44m    32Mi   
1781202553
websocket-server-8585946c55-6v84t   172m   47Mi   
websocket-server-8585946c55-hn4n9   171m   47Mi   
websocket-server-8585946c55-vbtsc   20m    29Mi   
websocket-server-8585946c55-vps7p   44m    32Mi   
1781202559
websocket-server-8585946c55-6v84t   172m   47Mi   
websocket-server-8585946c55-hn4n9   171m   47Mi   
websocket-server-8585946c55-vbtsc   20m    29Mi   
websocket-server-8585946c55-vps7p   44m    32Mi   
1781202564
websocket-server-8585946c55-2zt79   22m    28Mi   
websocket-server-8585946c55-6v84t   172m   47Mi   
websocket-server-8585946c55-hn4n9   181m   47Mi   
websocket-server-8585946c55-vbtsc   21m    29Mi   
websocket-server-8585946c55-vps7p   51m    33Mi   
websocket-server-8585946c55-zcf65   23m    27Mi   
1781202569
websocket-server-8585946c55-2zt79   22m    28Mi   
websocket-server-8585946c55-6v84t   172m   47Mi   
websocket-server-8585946c55-hn4n9   181m   47Mi   
websocket-server-8585946c55-vbtsc   21m    29Mi   
websocket-server-8585946c55-vps7p   51m    33Mi   
websocket-server-8585946c55-zcf65   23m    27Mi   
1781202574
websocket-server-8585946c55-2zt79   22m    28Mi   
websocket-server-8585946c55-6v84t   172m   47Mi   
websocket-server-8585946c55-hn4n9   181m   47Mi   
websocket-server-8585946c55-vbtsc   21m    29Mi   
websocket-server-8585946c55-vps7p   51m    33Mi   
websocket-server-8585946c55-zcf65   23m    27Mi   
1781202579
websocket-server-8585946c55-2zt79   3m     28Mi   
websocket-server-8585946c55-6v84t   166m   46Mi   
websocket-server-8585946c55-hn4n9   175m   47Mi   
websocket-server-8585946c55-jzfdf   20m    27Mi   
websocket-server-8585946c55-vbtsc   22m    29Mi   
websocket-server-8585946c55-vps7p   51m    33Mi   
websocket-server-8585946c55-zcf65   2m     27Mi   
1781202584
websocket-server-8585946c55-2zt79   3m     28Mi   
websocket-server-8585946c55-6v84t   166m   46Mi   
websocket-server-8585946c55-hn4n9   175m   47Mi   
websocket-server-8585946c55-jzfdf   20m    27Mi   
websocket-server-8585946c55-vbtsc   22m    29Mi   
websocket-server-8585946c55-vps7p   51m    33Mi   
websocket-server-8585946c55-zcf65   2m     27Mi   
1781202589
websocket-server-8585946c55-2zt79   3m     28Mi   
websocket-server-8585946c55-6v84t   166m   46Mi   
websocket-server-8585946c55-hn4n9   175m   47Mi   
websocket-server-8585946c55-jzfdf   20m    27Mi   
websocket-server-8585946c55-vbtsc   22m    29Mi   
websocket-server-8585946c55-vps7p   51m    33Mi   
websocket-server-8585946c55-zcf65   2m     27Mi   
1781202594
websocket-server-8585946c55-2zt79   2m     28Mi   
websocket-server-8585946c55-6v84t   166m   46Mi   
websocket-server-8585946c55-hn4n9   52m    47Mi   
websocket-server-8585946c55-jzfdf   1m     27Mi   
websocket-server-8585946c55-vbtsc   5m     29Mi   
websocket-server-8585946c55-vps7p   42m    33Mi   
websocket-server-8585946c55-zcf65   3m     27Mi   
1781202599
websocket-server-8585946c55-2zt79   2m     28Mi   
websocket-server-8585946c55-6v84t   166m   46Mi   
websocket-server-8585946c55-hn4n9   52m    47Mi   
websocket-server-8585946c55-jzfdf   1m     27Mi   
websocket-server-8585946c55-vbtsc   5m     29Mi   
websocket-server-8585946c55-vps7p   42m    33Mi   
websocket-server-8585946c55-zcf65   3m     27Mi   
1781202604
websocket-server-8585946c55-2zt79   2m     28Mi   
websocket-server-8585946c55-6v84t   166m   46Mi   
websocket-server-8585946c55-hn4n9   52m    47Mi   
websocket-server-8585946c55-jzfdf   1m     27Mi   
websocket-server-8585946c55-vbtsc   5m     29Mi   
websocket-server-8585946c55-vps7p   42m    33Mi   
websocket-server-8585946c55-zcf65   3m     27Mi   
1781202609
websocket-server-8585946c55-2zt79   1m    28Mi   
websocket-server-8585946c55-6v84t   5m    46Mi   
websocket-server-8585946c55-hn4n9   5m    47Mi   
websocket-server-8585946c55-jzfdf   1m    27Mi   
websocket-server-8585946c55-vbtsc   1m    29Mi   
websocket-server-8585946c55-vps7p   2m    32Mi   
websocket-server-8585946c55-zcf65   1m    27Mi   
1781202614
websocket-server-8585946c55-2zt79   1m    28Mi   
websocket-server-8585946c55-6v84t   5m    46Mi   
websocket-server-8585946c55-hn4n9   5m    47Mi   
websocket-server-8585946c55-jzfdf   1m    27Mi   
websocket-server-8585946c55-vbtsc   1m    29Mi   
websocket-server-8585946c55-vps7p   2m    32Mi   
websocket-server-8585946c55-zcf65   1m    27Mi   
1781202619
websocket-server-8585946c55-2zt79   1m    28Mi   
websocket-server-8585946c55-6v84t   5m    46Mi   
websocket-server-8585946c55-hn4n9   5m    47Mi   
websocket-server-8585946c55-jzfdf   1m    27Mi   
websocket-server-8585946c55-vbtsc   1m    29Mi   
websocket-server-8585946c55-vps7p   2m    32Mi   
websocket-server-8585946c55-zcf65   1m    27Mi   
1781202624
websocket-server-8585946c55-2zt79   1m    28Mi   
websocket-server-8585946c55-6v84t   5m    46Mi   
websocket-server-8585946c55-hn4n9   5m    47Mi   
websocket-server-8585946c55-jzfdf   1m    27Mi   
websocket-server-8585946c55-vbtsc   1m    29Mi   
websocket-server-8585946c55-vps7p   2m    32Mi   
websocket-server-8585946c55-zcf65   1m    27Mi   
1781202629
websocket-server-8585946c55-2zt79   1m    28Mi   
websocket-server-8585946c55-6v84t   5m    46Mi   
websocket-server-8585946c55-hn4n9   5m    47Mi   
websocket-server-8585946c55-jzfdf   1m    27Mi   
websocket-server-8585946c55-vbtsc   1m    29Mi   
websocket-server-8585946c55-vps7p   2m    32Mi   
websocket-server-8585946c55-zcf65   1m    27Mi   
1781202634
websocket-server-8585946c55-2zt79   1m    28Mi   
websocket-server-8585946c55-6v84t   5m    46Mi   
websocket-server-8585946c55-hn4n9   5m    47Mi   
websocket-server-8585946c55-jzfdf   1m    27Mi   
websocket-server-8585946c55-vbtsc   1m    29Mi   
websocket-server-8585946c55-vps7p   2m    32Mi   
websocket-server-8585946c55-zcf65   1m    27Mi   
1781202639
websocket-server-8585946c55-2zt79   1m    28Mi   
websocket-server-8585946c55-6v84t   5m    46Mi   
websocket-server-8585946c55-hn4n9   5m    46Mi   
websocket-server-8585946c55-jzfdf   1m    27Mi   
websocket-server-8585946c55-vbtsc   1m    29Mi   
websocket-server-8585946c55-vps7p   2m    32Mi   
websocket-server-8585946c55-zcf65   1m    27Mi   
1781202644
websocket-server-8585946c55-2zt79   1m    28Mi   
websocket-server-8585946c55-6v84t   5m    46Mi   
websocket-server-8585946c55-hn4n9   5m    46Mi   
websocket-server-8585946c55-jzfdf   1m    27Mi   
websocket-server-8585946c55-vbtsc   1m    29Mi   
websocket-server-8585946c55-vps7p   2m    32Mi   
websocket-server-8585946c55-zcf65   1m    27Mi   
1781202649
websocket-server-8585946c55-2zt79   1m    28Mi   
websocket-server-8585946c55-6v84t   5m    46Mi   
websocket-server-8585946c55-hn4n9   5m    46Mi   
websocket-server-8585946c55-jzfdf   1m    27Mi   
websocket-server-8585946c55-vbtsc   1m    29Mi   
websocket-server-8585946c55-vps7p   2m    32Mi   
websocket-server-8585946c55-zcf65   1m    27Mi   
1781202654
websocket-server-8585946c55-2zt79   1m    28Mi   
websocket-server-8585946c55-6v84t   5m    46Mi   
websocket-server-8585946c55-hn4n9   5m    47Mi   
websocket-server-8585946c55-jzfdf   1m    27Mi   
websocket-server-8585946c55-vbtsc   1m    29Mi   
websocket-server-8585946c55-vps7p   2m    32Mi   
websocket-server-8585946c55-zcf65   1m    27Mi   
1781202659
websocket-server-8585946c55-2zt79   1m    28Mi   
websocket-server-8585946c55-6v84t   5m    46Mi   
websocket-server-8585946c55-hn4n9   5m    47Mi   
websocket-server-8585946c55-jzfdf   1m    27Mi   
websocket-server-8585946c55-vbtsc   1m    29Mi   
websocket-server-8585946c55-vps7p   2m    32Mi   
websocket-server-8585946c55-zcf65   1m    27Mi   
1781202665
websocket-server-8585946c55-2zt79   1m    28Mi   
websocket-server-8585946c55-6v84t   5m    46Mi   
websocket-server-8585946c55-hn4n9   5m    47Mi   
websocket-server-8585946c55-jzfdf   1m    27Mi   
websocket-server-8585946c55-vbtsc   1m    29Mi   
websocket-server-8585946c55-vps7p   2m    32Mi   
websocket-server-8585946c55-zcf65   1m    27Mi   
1781202670
websocket-server-8585946c55-2zt79   1m    28Mi   
websocket-server-8585946c55-6v84t   5m    46Mi   
websocket-server-8585946c55-hn4n9   5m    47Mi   
websocket-server-8585946c55-jzfdf   1m    27Mi   
websocket-server-8585946c55-vbtsc   1m    29Mi   
websocket-server-8585946c55-vps7p   2m    32Mi   
websocket-server-8585946c55-zcf65   1m    27Mi   
1781202675
websocket-server-8585946c55-2zt79   1m    28Mi   
websocket-server-8585946c55-6v84t   5m    46Mi   
websocket-server-8585946c55-hn4n9   5m    47Mi   
websocket-server-8585946c55-jzfdf   1m    27Mi   
websocket-server-8585946c55-vbtsc   1m    29Mi   
websocket-server-8585946c55-vps7p   2m    32Mi   
websocket-server-8585946c55-zcf65   1m    27Mi   
1781202680
websocket-server-8585946c55-2zt79   1m    28Mi   
websocket-server-8585946c55-6v84t   5m    46Mi   
websocket-server-8585946c55-hn4n9   5m    47Mi   
websocket-server-8585946c55-jzfdf   1m    27Mi   
websocket-server-8585946c55-zcf65   1m    27Mi   
1781202685
websocket-server-8585946c55-2zt79   1m    28Mi   
websocket-server-8585946c55-6v84t   5m    46Mi   
websocket-server-8585946c55-hn4n9   5m    47Mi   
websocket-server-8585946c55-jzfdf   1m    27Mi   
websocket-server-8585946c55-zcf65   1m    27Mi   
1781202690
websocket-server-8585946c55-2zt79   1m    28Mi   
websocket-server-8585946c55-6v84t   5m    46Mi   
websocket-server-8585946c55-hn4n9   5m    47Mi   
websocket-server-8585946c55-jzfdf   1m    27Mi   
websocket-server-8585946c55-zcf65   1m    27Mi   
1781202695
websocket-server-8585946c55-6v84t   5m    46Mi   
websocket-server-8585946c55-hn4n9   5m    47Mi   
websocket-server-8585946c55-jzfdf   1m    27Mi   
1781202700
websocket-server-8585946c55-6v84t   5m    46Mi   
websocket-server-8585946c55-hn4n9   5m    47Mi   
websocket-server-8585946c55-jzfdf   1m    28Mi   
1781202705
websocket-server-8585946c55-6v84t   5m    46Mi   
websocket-server-8585946c55-hn4n9   5m    47Mi   
websocket-server-8585946c55-jzfdf   1m    28Mi   
1781202710
websocket-server-8585946c55-6v84t   5m    46Mi   
websocket-server-8585946c55-hn4n9   5m    47Mi   
websocket-server-8585946c55-jzfdf   1m    28Mi   
1781202715
websocket-server-8585946c55-6v84t   5m    46Mi   
websocket-server-8585946c55-hn4n9   5m    47Mi   
websocket-server-8585946c55-jzfdf   0m    27Mi   
1781202720
websocket-server-8585946c55-6v84t   5m    46Mi   
websocket-server-8585946c55-hn4n9   5m    47Mi   
websocket-server-8585946c55-jzfdf   0m    27Mi   
1781202725
websocket-server-8585946c55-6v84t   5m    46Mi   
websocket-server-8585946c55-hn4n9   5m    47Mi   
websocket-server-8585946c55-jzfdf   0m    27Mi   
1781202730
websocket-server-8585946c55-6v84t   5m    47Mi   
websocket-server-8585946c55-hn4n9   5m    47Mi   
websocket-server-8585946c55-jzfdf   1m    27Mi   
1781202735
websocket-server-8585946c55-6v84t   5m    47Mi   
websocket-server-8585946c55-hn4n9   5m    47Mi   
websocket-server-8585946c55-jzfdf   1m    27Mi   
1781202740
websocket-server-8585946c55-6v84t   5m    47Mi   
websocket-server-8585946c55-hn4n9   5m    47Mi   
1781202745
websocket-server-8585946c55-6v84t   4m    46Mi   
websocket-server-8585946c55-hn4n9   5m    47Mi   
1781202750
websocket-server-8585946c55-6v84t   4m    46Mi   
websocket-server-8585946c55-hn4n9   5m    47Mi   
1781202755
websocket-server-8585946c55-6v84t   4m    46Mi   
websocket-server-8585946c55-hn4n9   5m    47Mi   
1781202760
websocket-server-8585946c55-6v84t   5m    46Mi   
websocket-server-8585946c55-hn4n9   5m    46Mi   
1781202765
websocket-server-8585946c55-6v84t   5m    46Mi   
websocket-server-8585946c55-hn4n9   5m    46Mi   
