1781205029
websocket-server-8585946c55-jnnl4   1m    27Mi   
websocket-server-8585946c55-lflhq   16m   27Mi   
1781205034
websocket-server-8585946c55-jnnl4   1m    27Mi   
websocket-server-8585946c55-lflhq   1m    27Mi   
1781205039
websocket-server-8585946c55-jnnl4   1m    27Mi   
websocket-server-8585946c55-lflhq   1m    27Mi   
1781205044
websocket-server-8585946c55-jnnl4   1m    27Mi   
websocket-server-8585946c55-lflhq   1m    27Mi   
1781205049
websocket-server-8585946c55-jnnl4   1m    27Mi   
websocket-server-8585946c55-lflhq   1m    27Mi   
1781205054
websocket-server-8585946c55-jnnl4   1m    27Mi   
websocket-server-8585946c55-lflhq   1m    27Mi   
1781205059
websocket-server-8585946c55-jnnl4   1m    27Mi   
websocket-server-8585946c55-lflhq   1m    27Mi   
1781205064
websocket-server-8585946c55-jnnl4   3m    28Mi   
websocket-server-8585946c55-lflhq   20m   31Mi   
1781205069
websocket-server-8585946c55-jnnl4   3m    28Mi   
websocket-server-8585946c55-lflhq   20m   31Mi   
1781205074
websocket-server-8585946c55-jnnl4   3m    28Mi   
websocket-server-8585946c55-lflhq   20m   31Mi   
1781205079
websocket-server-8585946c55-jnnl4   41m   34Mi   
websocket-server-8585946c55-lflhq   20m   31Mi   
1781205084
websocket-server-8585946c55-jnnl4   41m   34Mi   
websocket-server-8585946c55-lflhq   20m   31Mi   
1781205089
websocket-server-8585946c55-jnnl4   41m   34Mi   
websocket-server-8585946c55-lflhq   20m   31Mi   
1781205094
websocket-server-8585946c55-jnnl4   99m   40Mi   
websocket-server-8585946c55-lflhq   63m   36Mi   
1781205099
websocket-server-8585946c55-jnnl4   99m   40Mi   
websocket-server-8585946c55-lflhq   63m   36Mi   
1781205105
websocket-server-8585946c55-jnnl4   99m   40Mi   
websocket-server-8585946c55-lflhq   63m   36Mi   
1781205110
websocket-server-8585946c55-jnnl4   99m    40Mi   
websocket-server-8585946c55-lflhq   107m   41Mi   
1781205115
websocket-server-8585946c55-jnnl4   99m    40Mi   
websocket-server-8585946c55-lflhq   107m   41Mi   
1781205120
websocket-server-8585946c55-jnnl4   99m    40Mi   
websocket-server-8585946c55-lflhq   107m   41Mi   
1781205125
websocket-server-8585946c55-5246v   35m    29Mi   
websocket-server-8585946c55-jnnl4   139m   44Mi   
websocket-server-8585946c55-lflhq   145m   44Mi   
1781205130
websocket-server-8585946c55-5246v   35m    29Mi   
websocket-server-8585946c55-jnnl4   139m   44Mi   
websocket-server-8585946c55-lflhq   145m   44Mi   
1781205135
websocket-server-8585946c55-5246v   35m    29Mi   
websocket-server-8585946c55-jnnl4   139m   44Mi   
websocket-server-8585946c55-lflhq   145m   44Mi   
1781205140
websocket-server-8585946c55-5246v   33m    31Mi   
websocket-server-8585946c55-jnnl4   161m   46Mi   
websocket-server-8585946c55-lflhq   145m   44Mi   
websocket-server-8585946c55-shkhn   21m    29Mi   
1781205145
websocket-server-8585946c55-5246v   33m    31Mi   
websocket-server-8585946c55-jnnl4   161m   46Mi   
websocket-server-8585946c55-lflhq   145m   44Mi   
websocket-server-8585946c55-shkhn   21m    29Mi   
1781205150
websocket-server-8585946c55-5246v   33m    31Mi   
websocket-server-8585946c55-jnnl4   161m   46Mi   
websocket-server-8585946c55-lflhq   145m   44Mi   
websocket-server-8585946c55-shkhn   21m    29Mi   
1781205155
websocket-server-8585946c55-5246v   47m    32Mi   
websocket-server-8585946c55-65twm   1m     27Mi   
websocket-server-8585946c55-jnnl4   180m   47Mi   
websocket-server-8585946c55-lflhq   162m   46Mi   
websocket-server-8585946c55-shkhn   27m    29Mi   
websocket-server-8585946c55-tmvnl   19m    28Mi   
1781205160
websocket-server-8585946c55-5246v   47m    32Mi   
websocket-server-8585946c55-65twm   1m     27Mi   
websocket-server-8585946c55-jnnl4   180m   47Mi   
websocket-server-8585946c55-lflhq   162m   46Mi   
websocket-server-8585946c55-shkhn   27m    29Mi   
websocket-server-8585946c55-tmvnl   19m    28Mi   
1781205165
websocket-server-8585946c55-5246v   47m    32Mi   
websocket-server-8585946c55-65twm   1m     27Mi   
websocket-server-8585946c55-jnnl4   180m   47Mi   
websocket-server-8585946c55-lflhq   162m   46Mi   
websocket-server-8585946c55-shkhn   27m    29Mi   
websocket-server-8585946c55-tmvnl   19m    28Mi   
1781205170
websocket-server-8585946c55-5246v   48m    32Mi   
websocket-server-8585946c55-65twm   2m     28Mi   
websocket-server-8585946c55-jnnl4   177m   48Mi   
websocket-server-8585946c55-lflhq   165m   46Mi   
websocket-server-8585946c55-shkhn   26m    29Mi   
websocket-server-8585946c55-tmvnl   3m     28Mi   
1781205175
websocket-server-8585946c55-5246v   48m    32Mi   
websocket-server-8585946c55-65twm   2m     28Mi   
websocket-server-8585946c55-jnnl4   177m   48Mi   
websocket-server-8585946c55-lflhq   165m   46Mi   
websocket-server-8585946c55-shkhn   26m    29Mi   
websocket-server-8585946c55-tmvnl   3m     28Mi   
1781205180
websocket-server-8585946c55-5246v   48m    32Mi   
websocket-server-8585946c55-65twm   2m     28Mi   
websocket-server-8585946c55-jnnl4   177m   48Mi   
websocket-server-8585946c55-lflhq   165m   46Mi   
websocket-server-8585946c55-shkhn   26m    29Mi   
websocket-server-8585946c55-tmvnl   3m     28Mi   
1781205185
websocket-server-8585946c55-5246v   27m   32Mi   
websocket-server-8585946c55-65twm   1m    27Mi   
websocket-server-8585946c55-jnnl4   21m   47Mi   
websocket-server-8585946c55-lflhq   90m   46Mi   
websocket-server-8585946c55-shkhn   2m    30Mi   
websocket-server-8585946c55-tmvnl   2m    28Mi   
websocket-server-8585946c55-z4s6m   16m   27Mi   
1781205190
websocket-server-8585946c55-5246v   27m   32Mi   
websocket-server-8585946c55-65twm   1m    27Mi   
websocket-server-8585946c55-jnnl4   21m   47Mi   
websocket-server-8585946c55-lflhq   90m   46Mi   
websocket-server-8585946c55-shkhn   2m    30Mi   
websocket-server-8585946c55-tmvnl   2m    28Mi   
websocket-server-8585946c55-z4s6m   16m   27Mi   
1781205195
websocket-server-8585946c55-5246v   27m   32Mi   
websocket-server-8585946c55-65twm   1m    27Mi   
websocket-server-8585946c55-jnnl4   21m   47Mi   
websocket-server-8585946c55-lflhq   90m   46Mi   
websocket-server-8585946c55-shkhn   2m    30Mi   
websocket-server-8585946c55-tmvnl   2m    28Mi   
websocket-server-8585946c55-z4s6m   16m   27Mi   
1781205200
websocket-server-8585946c55-5246v   2m    32Mi   
websocket-server-8585946c55-65twm   1m    27Mi   
websocket-server-8585946c55-jnnl4   5m    47Mi   
websocket-server-8585946c55-lflhq   5m    45Mi   
websocket-server-8585946c55-shkhn   1m    29Mi   
websocket-server-8585946c55-tmvnl   1m    28Mi   
websocket-server-8585946c55-z4s6m   1m    27Mi   
1781205205
websocket-server-8585946c55-5246v   2m    32Mi   
websocket-server-8585946c55-65twm   1m    27Mi   
websocket-server-8585946c55-jnnl4   5m    47Mi   
websocket-server-8585946c55-lflhq   5m    45Mi   
websocket-server-8585946c55-shkhn   1m    29Mi   
websocket-server-8585946c55-tmvnl   1m    28Mi   
websocket-server-8585946c55-z4s6m   1m    27Mi   
1781205211
websocket-server-8585946c55-5246v   2m    32Mi   
websocket-server-8585946c55-65twm   1m    27Mi   
websocket-server-8585946c55-jnnl4   5m    47Mi   
websocket-server-8585946c55-lflhq   5m    45Mi   
websocket-server-8585946c55-shkhn   1m    29Mi   
websocket-server-8585946c55-tmvnl   1m    28Mi   
websocket-server-8585946c55-z4s6m   1m    27Mi   
1781205216
websocket-server-8585946c55-5246v   2m    32Mi   
websocket-server-8585946c55-65twm   1m    27Mi   
websocket-server-8585946c55-jnnl4   5m    47Mi   
websocket-server-8585946c55-lflhq   5m    45Mi   
websocket-server-8585946c55-shkhn   1m    29Mi   
websocket-server-8585946c55-tmvnl   1m    28Mi   
websocket-server-8585946c55-z4s6m   1m    27Mi   
1781205221
websocket-server-8585946c55-5246v   2m    32Mi   
websocket-server-8585946c55-65twm   1m    27Mi   
websocket-server-8585946c55-jnnl4   5m    47Mi   
websocket-server-8585946c55-lflhq   5m    45Mi   
websocket-server-8585946c55-shkhn   1m    29Mi   
websocket-server-8585946c55-tmvnl   1m    28Mi   
websocket-server-8585946c55-z4s6m   1m    27Mi   
1781205226
websocket-server-8585946c55-5246v   2m    32Mi   
websocket-server-8585946c55-65twm   1m    27Mi   
websocket-server-8585946c55-jnnl4   5m    47Mi   
websocket-server-8585946c55-lflhq   5m    45Mi   
websocket-server-8585946c55-shkhn   1m    29Mi   
websocket-server-8585946c55-tmvnl   1m    28Mi   
websocket-server-8585946c55-z4s6m   1m    27Mi   
1781205231
websocket-server-8585946c55-5246v   2m    32Mi   
websocket-server-8585946c55-65twm   1m    27Mi   
websocket-server-8585946c55-jnnl4   5m    47Mi   
websocket-server-8585946c55-lflhq   5m    45Mi   
websocket-server-8585946c55-shkhn   1m    29Mi   
websocket-server-8585946c55-tmvnl   1m    28Mi   
websocket-server-8585946c55-z4s6m   1m    27Mi   
1781205236
websocket-server-8585946c55-5246v   2m    32Mi   
websocket-server-8585946c55-65twm   1m    27Mi   
websocket-server-8585946c55-jnnl4   5m    47Mi   
websocket-server-8585946c55-lflhq   5m    45Mi   
websocket-server-8585946c55-shkhn   1m    29Mi   
websocket-server-8585946c55-tmvnl   1m    28Mi   
websocket-server-8585946c55-z4s6m   1m    27Mi   
1781205241
websocket-server-8585946c55-jnnl4   5m    47Mi   
websocket-server-8585946c55-lflhq   5m    45Mi   
websocket-server-8585946c55-shkhn   1m    29Mi   
1781205246
websocket-server-8585946c55-jnnl4   5m    47Mi   
websocket-server-8585946c55-lflhq   5m    45Mi   
websocket-server-8585946c55-shkhn   1m    29Mi   
1781205251
websocket-server-8585946c55-jnnl4   5m    47Mi   
websocket-server-8585946c55-lflhq   5m    45Mi   
websocket-server-8585946c55-shkhn   1m    29Mi   
1781205256
websocket-server-8585946c55-jnnl4   5m    47Mi   
websocket-server-8585946c55-lflhq   5m    45Mi   
websocket-server-8585946c55-shkhn   1m    29Mi   
1781205261
websocket-server-8585946c55-jnnl4   5m    47Mi   
websocket-server-8585946c55-lflhq   5m    45Mi   
websocket-server-8585946c55-shkhn   1m    30Mi   
1781205266
websocket-server-8585946c55-jnnl4   5m    47Mi   
websocket-server-8585946c55-lflhq   5m    45Mi   
websocket-server-8585946c55-shkhn   1m    30Mi   
1781205271
websocket-server-8585946c55-jnnl4   5m    47Mi   
websocket-server-8585946c55-lflhq   5m    45Mi   
websocket-server-8585946c55-shkhn   1m    30Mi   
