1783195501
active_connections 0
1783195506
active_connections 20
1783195511
active_connections 43
1783195516
active_connections 68
1783195521
active_connections 90
1783195526
active_connections 112
1783195531
active_connections 133
1783195536
active_connections 157
1783195541
active_connections 180
1783195546
active_connections 194
1783195551
active_connections 219
1783195556
active_connections 241
1783195561
active_connections 254
1783195566
active_connections 268
1783195571
active_connections 277
1783195577
active_connections 287
1783195582
active_connections 293
1783195587
active_connections 301
1783195593
active_connections 0
1783195598
active_connections 0
1783195603
active_connections 0
1783195608
active_connections 0
1783195613
active_connections 0
1783195618
active_connections 0
1783195623
active_connections 0
1783195628
active_connections 0
1783195633
active_connections 0
1783195638
active_connections 0
1783195643
active_connections 0
1783195648
active_connections 0
1783195653
active_connections 0
1783195658
active_connections 3
1783195663
active_connections 10
1783195668
active_connections 15
1783195673
active_connections 20
1783195678
active_connections 32
1783195683
active_connections 50
1783195688
active_connections 71
1783195693
active_connections 97
1783195698
active_connections 119
1783195703
active_connections 144
1783195708
active_connections 211
1783195713
active_connections 277
1783195718
active_connections 300
1783195724
active_connections 314
1783195730
active_connections 340
1783195737
active_connections 359
1783195744
active_connections 0
1783195749
active_connections 0
1783195754
active_connections 0
1783195759
active_connections 0
1783195764
active_connections 0
1783195769
active_connections 0
1783195774
active_connections 0
1783195780
active_connections 0
1783195785
active_connections 0
1783195790
active_connections 0
1783195795
active_connections 0
1783195800
active_connections 0
1783195805
active_connections 1
1783195810
active_connections 8
1783195815
active_connections 14
1783195820
active_connections 21
1783195825
active_connections 26
1783195830
active_connections 47
1783195835
active_connections 68
1783195840
active_connections 90
1783195845
active_connections 111
1783195850
active_connections 131
1783195855
active_connections 149
1783195860
active_connections 234
1783195865
active_connections 274
1783195870
active_connections 292
1783195875
active_connections 311
1783195880
active_connections 325
1783195885
active_connections 335
1783195891
active_connections 340
1783195896
active_connections 0
1783195901
active_connections 0
1783195906
active_connections 0
1783195911
active_connections 0
1783195916
active_connections 0
1783195921
active_connections 0
1783195926
active_connections 0
1783195931
active_connections 0
1783195936
active_connections 0
1783195941
active_connections 0
1783195946
active_connections 0
1783195951
active_connections 0
1783195956
active_connections 1
1783195961
active_connections 7
1783195966
active_connections 13
1783195971
active_connections 21
1783195976
active_connections 33
1783195981
active_connections 55
1783195986
active_connections 75
1783195991
active_connections 98
1783195996
active_connections 125
1783196001
active_connections 151
1783196006
active_connections 172
1783196011
active_connections 259
1783196016
active_connections 281
1783196021
active_connections 304
1783196027
active_connections 321
1783196032
active_connections 331
1783196037
active_connections 340
1783196044
active_connections 0
1783196049
active_connections 0
1783196054
active_connections 0
1783196059
active_connections 0
1783196064
active_connections 0
1783196069
active_connections 0
1783196074
active_connections 0
1783196079
active_connections 0
1783196084
active_connections 0
1783196089
active_connections 0
1783196094
active_connections 0
1783196099
active_connections 0
1783196104
active_connections 2
1783196109
active_connections 6
1783196114
active_connections 17
1783196119
active_connections 19
1783196124
active_connections 21
1783196129
active_connections 38
1783196134
active_connections 58
1783196139
active_connections 81
1783196144
active_connections 102
1783196149
active_connections 120
1783196154
active_connections 142
1783196159
active_connections 207
1783196164
active_connections 267
1783196169
active_connections 288
1783196174
active_connections 309
1783196179
active_connections 330
1783196185
active_connections 352
1783196190
active_connections 372
1783196195
active_connections 0
1783196200
active_connections 0
1783196205
active_connections 0
1783196210
active_connections 0
1783196215
active_connections 0
1783196220
active_connections 0
1783196225
active_connections 0
1783196230
active_connections 0
1783196235
active_connections 0
1783196240
active_connections 0
1783196245
active_connections 0
1783196250
active_connections 0
1783196255
active_connections 0
1783196260
active_connections 0
1783196265
active_connections 0
1783196270
active_connections 0
1783196275
active_connections 0
1783196280
active_connections 0
1783196285
active_connections 0
1783196290
active_connections 0
1783196295
active_connections 0
1783196300
active_connections 0
1783196305
active_connections 0
1783196310
active_connections 0
1783196315
active_connections 0
1783196320
active_connections 0
