1783195516
websocket-loadgen-lrpmh            126m   30Mi   
websocket-server-5d44fc8b6-rrgd6   46m    29Mi   
websocket-server-5d44fc8b6-vmnsd   45m    28Mi   
1783195522
websocket-loadgen-lrpmh            126m   30Mi   
websocket-server-5d44fc8b6-rrgd6   46m    29Mi   
websocket-server-5d44fc8b6-vmnsd   45m    28Mi   
1783195527
websocket-loadgen-lrpmh            126m   30Mi   
websocket-server-5d44fc8b6-rrgd6   46m    29Mi   
websocket-server-5d44fc8b6-vmnsd   45m    28Mi   
1783195532
websocket-loadgen-lrpmh            109m   32Mi   
websocket-server-5d44fc8b6-rrgd6   46m    29Mi   
websocket-server-5d44fc8b6-vmnsd   135m   30Mi   
1783195537
websocket-loadgen-lrpmh            109m   32Mi   
websocket-server-5d44fc8b6-rrgd6   46m    29Mi   
websocket-server-5d44fc8b6-vmnsd   135m   30Mi   
1783195542
websocket-loadgen-lrpmh            109m   32Mi   
websocket-server-5d44fc8b6-rrgd6   46m    29Mi   
websocket-server-5d44fc8b6-vmnsd   135m   30Mi   
1783195547
websocket-loadgen-lrpmh            57m    40Mi   
websocket-server-5d44fc8b6-rrgd6   183m   33Mi   
websocket-server-5d44fc8b6-vmnsd   245m   35Mi   
1783195552
websocket-loadgen-lrpmh            57m    40Mi   
websocket-server-5d44fc8b6-rrgd6   183m   33Mi   
websocket-server-5d44fc8b6-vmnsd   245m   35Mi   
1783195558
websocket-loadgen-lrpmh            57m    40Mi   
websocket-server-5d44fc8b6-rrgd6   183m   33Mi   
websocket-server-5d44fc8b6-vmnsd   245m   35Mi   
1783195563
websocket-loadgen-lrpmh            81m    49Mi   
websocket-server-5d44fc8b6-rrgd6   310m   37Mi   
websocket-server-5d44fc8b6-vmnsd   363m   40Mi   
1783195568
websocket-loadgen-lrpmh            81m    49Mi   
websocket-server-5d44fc8b6-rrgd6   310m   37Mi   
websocket-server-5d44fc8b6-vmnsd   363m   40Mi   
1783195573
websocket-loadgen-lrpmh            81m    49Mi   
websocket-server-5d44fc8b6-rrgd6   310m   37Mi   
websocket-server-5d44fc8b6-vmnsd   363m   40Mi   
1783195578
websocket-loadgen-lrpmh            97m    58Mi   
websocket-server-5d44fc8b6-6t668   37m    27Mi   
websocket-server-5d44fc8b6-fs2wz   89m    27Mi   
websocket-server-5d44fc8b6-rrgd6   402m   41Mi   
websocket-server-5d44fc8b6-vmnsd   445m   42Mi   
1783195583
websocket-loadgen-lrpmh            97m    58Mi   
websocket-server-5d44fc8b6-6t668   37m    27Mi   
websocket-server-5d44fc8b6-fs2wz   89m    27Mi   
websocket-server-5d44fc8b6-rrgd6   402m   41Mi   
websocket-server-5d44fc8b6-vmnsd   445m   42Mi   
1783195588
websocket-loadgen-lrpmh            110m   66Mi   
websocket-server-5d44fc8b6-2x4wp   69m    26Mi   
websocket-server-5d44fc8b6-5wdc8   58m    26Mi   
websocket-server-5d44fc8b6-6t668   60m    27Mi   
websocket-server-5d44fc8b6-fs2wz   84m    28Mi   
websocket-server-5d44fc8b6-rrgd6   480m   44Mi   
websocket-server-5d44fc8b6-vmnsd   445m   42Mi   
1783195594
websocket-server-5d44fc8b6-2x4wp   69m    26Mi   
websocket-server-5d44fc8b6-5wdc8   58m    26Mi   
websocket-server-5d44fc8b6-6t668   60m    27Mi   
websocket-server-5d44fc8b6-fs2wz   84m    28Mi   
websocket-server-5d44fc8b6-rrgd6   480m   44Mi   
websocket-server-5d44fc8b6-vmnsd   445m   42Mi   
1783195599
websocket-server-5d44fc8b6-2x4wp   69m    26Mi   
websocket-server-5d44fc8b6-5wdc8   58m    26Mi   
websocket-server-5d44fc8b6-6t668   60m    27Mi   
websocket-server-5d44fc8b6-fs2wz   84m    28Mi   
websocket-server-5d44fc8b6-rrgd6   480m   44Mi   
websocket-server-5d44fc8b6-vmnsd   445m   42Mi   
1783195604
websocket-server-5d44fc8b6-2x4wp   34m    27Mi   
websocket-server-5d44fc8b6-5wdc8   21m    27Mi   
websocket-server-5d44fc8b6-6t668   61m    28Mi   
websocket-server-5d44fc8b6-9csrt   60m    25Mi   
websocket-server-5d44fc8b6-fs2wz   63m    29Mi   
websocket-server-5d44fc8b6-l955v   6m     26Mi   
websocket-server-5d44fc8b6-rrgd6   131m   43Mi   
websocket-server-5d44fc8b6-vmnsd   482m   43Mi   
1783195609
websocket-server-5d44fc8b6-2x4wp   34m    27Mi   
websocket-server-5d44fc8b6-5wdc8   21m    27Mi   
websocket-server-5d44fc8b6-6t668   61m    28Mi   
websocket-server-5d44fc8b6-9csrt   60m    25Mi   
websocket-server-5d44fc8b6-fs2wz   63m    29Mi   
websocket-server-5d44fc8b6-l955v   6m     26Mi   
websocket-server-5d44fc8b6-rrgd6   131m   43Mi   
websocket-server-5d44fc8b6-vmnsd   482m   43Mi   
1783195614
websocket-server-5d44fc8b6-2x4wp   34m    27Mi   
websocket-server-5d44fc8b6-5wdc8   21m    27Mi   
websocket-server-5d44fc8b6-6t668   61m    28Mi   
websocket-server-5d44fc8b6-9csrt   60m    25Mi   
websocket-server-5d44fc8b6-fs2wz   63m    29Mi   
websocket-server-5d44fc8b6-l955v   6m     26Mi   
websocket-server-5d44fc8b6-rrgd6   131m   43Mi   
websocket-server-5d44fc8b6-vmnsd   482m   43Mi   
1783195619
websocket-server-5d44fc8b6-2x4wp   0m    27Mi   
websocket-server-5d44fc8b6-5wdc8   0m    27Mi   
websocket-server-5d44fc8b6-6t668   0m    28Mi   
websocket-server-5d44fc8b6-9csrt   0m    25Mi   
websocket-server-5d44fc8b6-fs2wz   0m    29Mi   
websocket-server-5d44fc8b6-l955v   0m    26Mi   
websocket-server-5d44fc8b6-mvf26   0m    25Mi   
websocket-server-5d44fc8b6-rrgd6   1m    43Mi   
websocket-server-5d44fc8b6-vmnsd   42m   42Mi   
1783195624
websocket-server-5d44fc8b6-2x4wp   0m    27Mi   
websocket-server-5d44fc8b6-5wdc8   0m    27Mi   
websocket-server-5d44fc8b6-6t668   0m    28Mi   
websocket-server-5d44fc8b6-9csrt   0m    25Mi   
websocket-server-5d44fc8b6-fs2wz   0m    29Mi   
websocket-server-5d44fc8b6-l955v   0m    26Mi   
websocket-server-5d44fc8b6-mvf26   0m    25Mi   
websocket-server-5d44fc8b6-rrgd6   1m    43Mi   
websocket-server-5d44fc8b6-vmnsd   42m   42Mi   
1783195630
websocket-server-5d44fc8b6-2x4wp   0m    27Mi   
websocket-server-5d44fc8b6-5wdc8   0m    27Mi   
websocket-server-5d44fc8b6-6t668   0m    28Mi   
websocket-server-5d44fc8b6-9csrt   0m    25Mi   
websocket-server-5d44fc8b6-fs2wz   0m    29Mi   
websocket-server-5d44fc8b6-l955v   0m    26Mi   
websocket-server-5d44fc8b6-mvf26   0m    25Mi   
websocket-server-5d44fc8b6-rrgd6   1m    43Mi   
websocket-server-5d44fc8b6-vmnsd   42m   42Mi   
1783195635
websocket-server-5d44fc8b6-2x4wp   0m    27Mi   
websocket-server-5d44fc8b6-5wdc8   0m    27Mi   
websocket-server-5d44fc8b6-6t668   0m    28Mi   
websocket-server-5d44fc8b6-9csrt   0m    25Mi   
websocket-server-5d44fc8b6-fs2wz   0m    29Mi   
websocket-server-5d44fc8b6-l955v   0m    26Mi   
websocket-server-5d44fc8b6-mvf26   0m    25Mi   
websocket-server-5d44fc8b6-rrgd6   1m    43Mi   
websocket-server-5d44fc8b6-vmnsd   42m   42Mi   
1783195640
websocket-server-5d44fc8b6-2x4wp   0m    27Mi   
websocket-server-5d44fc8b6-5wdc8   0m    27Mi   
websocket-server-5d44fc8b6-6t668   0m    28Mi   
websocket-server-5d44fc8b6-9csrt   0m    25Mi   
websocket-server-5d44fc8b6-fs2wz   0m    29Mi   
websocket-server-5d44fc8b6-l955v   0m    26Mi   
websocket-server-5d44fc8b6-mvf26   0m    25Mi   
websocket-server-5d44fc8b6-rrgd6   1m    43Mi   
websocket-server-5d44fc8b6-vmnsd   42m   42Mi   
1783195645
websocket-server-5d44fc8b6-2x4wp   0m    27Mi   
websocket-server-5d44fc8b6-5wdc8   0m    27Mi   
websocket-server-5d44fc8b6-6t668   0m    28Mi   
websocket-server-5d44fc8b6-9csrt   0m    25Mi   
websocket-server-5d44fc8b6-fs2wz   0m    29Mi   
websocket-server-5d44fc8b6-l955v   0m    26Mi   
websocket-server-5d44fc8b6-mvf26   0m    25Mi   
websocket-server-5d44fc8b6-rrgd6   1m    43Mi   
websocket-server-5d44fc8b6-vmnsd   42m   42Mi   
1783195650
websocket-server-5d44fc8b6-2x4wp   0m    27Mi   
websocket-server-5d44fc8b6-5wdc8   0m    27Mi   
websocket-server-5d44fc8b6-6t668   0m    28Mi   
websocket-server-5d44fc8b6-9csrt   0m    25Mi   
websocket-server-5d44fc8b6-fs2wz   0m    29Mi   
websocket-server-5d44fc8b6-l955v   0m    26Mi   
websocket-server-5d44fc8b6-mvf26   0m    25Mi   
websocket-server-5d44fc8b6-rrgd6   1m    43Mi   
websocket-server-5d44fc8b6-vmnsd   0m    42Mi   
1783195655
websocket-server-5d44fc8b6-2x4wp   0m    27Mi   
websocket-server-5d44fc8b6-5wdc8   0m    27Mi   
websocket-server-5d44fc8b6-6t668   0m    28Mi   
websocket-server-5d44fc8b6-9csrt   0m    25Mi   
websocket-server-5d44fc8b6-fs2wz   0m    29Mi   
websocket-server-5d44fc8b6-l955v   0m    26Mi   
websocket-server-5d44fc8b6-mvf26   0m    25Mi   
websocket-server-5d44fc8b6-rrgd6   1m    43Mi   
websocket-server-5d44fc8b6-vmnsd   0m    42Mi   
1783195660
websocket-server-5d44fc8b6-2x4wp   0m    27Mi   
websocket-server-5d44fc8b6-5wdc8   0m    27Mi   
websocket-server-5d44fc8b6-6t668   0m    28Mi   
websocket-server-5d44fc8b6-9csrt   0m    25Mi   
websocket-server-5d44fc8b6-fs2wz   0m    29Mi   
websocket-server-5d44fc8b6-l955v   0m    26Mi   
websocket-server-5d44fc8b6-mvf26   0m    25Mi   
websocket-server-5d44fc8b6-rrgd6   1m    43Mi   
websocket-server-5d44fc8b6-vmnsd   0m    42Mi   
1783195665
websocket-loadgen-567vb            126m   30Mi   
websocket-server-5d44fc8b6-2x4wp   0m     27Mi   
websocket-server-5d44fc8b6-5wdc8   0m     27Mi   
websocket-server-5d44fc8b6-6t668   5m     29Mi   
websocket-server-5d44fc8b6-9csrt   5m     27Mi   
websocket-server-5d44fc8b6-fs2wz   2m     29Mi   
websocket-server-5d44fc8b6-l955v   0m     26Mi   
websocket-server-5d44fc8b6-mvf26   7m     26Mi   
websocket-server-5d44fc8b6-rrgd6   5m     43Mi   
websocket-server-5d44fc8b6-vmnsd   1m     42Mi   
1783195671
websocket-loadgen-567vb            126m   30Mi   
websocket-server-5d44fc8b6-2x4wp   0m     27Mi   
websocket-server-5d44fc8b6-5wdc8   0m     27Mi   
websocket-server-5d44fc8b6-6t668   5m     29Mi   
websocket-server-5d44fc8b6-9csrt   5m     27Mi   
websocket-server-5d44fc8b6-fs2wz   2m     29Mi   
websocket-server-5d44fc8b6-l955v   0m     26Mi   
websocket-server-5d44fc8b6-mvf26   7m     26Mi   
websocket-server-5d44fc8b6-rrgd6   5m     43Mi   
websocket-server-5d44fc8b6-vmnsd   1m     42Mi   
1783195676
websocket-loadgen-567vb            126m   30Mi   
websocket-server-5d44fc8b6-2x4wp   0m     27Mi   
websocket-server-5d44fc8b6-5wdc8   0m     27Mi   
websocket-server-5d44fc8b6-6t668   5m     29Mi   
websocket-server-5d44fc8b6-9csrt   5m     27Mi   
websocket-server-5d44fc8b6-fs2wz   2m     29Mi   
websocket-server-5d44fc8b6-l955v   0m     26Mi   
websocket-server-5d44fc8b6-mvf26   7m     26Mi   
websocket-server-5d44fc8b6-rrgd6   5m     43Mi   
websocket-server-5d44fc8b6-vmnsd   1m     42Mi   
1783195681
websocket-loadgen-567vb            48m   33Mi   
websocket-server-5d44fc8b6-2x4wp   13m   28Mi   
websocket-server-5d44fc8b6-5wdc8   31m   28Mi   
websocket-server-5d44fc8b6-6t668   31m   30Mi   
websocket-server-5d44fc8b6-9csrt   34m   27Mi   
websocket-server-5d44fc8b6-fs2wz   25m   30Mi   
websocket-server-5d44fc8b6-l955v   18m   28Mi   
websocket-server-5d44fc8b6-mvf26   7m    26Mi   
websocket-server-5d44fc8b6-rrgd6   29m   44Mi   
websocket-server-5d44fc8b6-vmnsd   15m   42Mi   
1783195686
websocket-loadgen-567vb            48m   33Mi   
websocket-server-5d44fc8b6-2x4wp   13m   28Mi   
websocket-server-5d44fc8b6-5wdc8   31m   28Mi   
websocket-server-5d44fc8b6-6t668   31m   30Mi   
websocket-server-5d44fc8b6-9csrt   34m   27Mi   
websocket-server-5d44fc8b6-fs2wz   25m   30Mi   
websocket-server-5d44fc8b6-l955v   18m   28Mi   
websocket-server-5d44fc8b6-mvf26   7m    26Mi   
websocket-server-5d44fc8b6-rrgd6   29m   44Mi   
websocket-server-5d44fc8b6-vmnsd   15m   42Mi   
1783195691
websocket-loadgen-567vb            48m   33Mi   
websocket-server-5d44fc8b6-2x4wp   13m   28Mi   
websocket-server-5d44fc8b6-5wdc8   31m   28Mi   
websocket-server-5d44fc8b6-6t668   31m   30Mi   
websocket-server-5d44fc8b6-9csrt   34m   27Mi   
websocket-server-5d44fc8b6-fs2wz   25m   30Mi   
websocket-server-5d44fc8b6-l955v   18m   28Mi   
websocket-server-5d44fc8b6-mvf26   7m    26Mi   
websocket-server-5d44fc8b6-rrgd6   29m   44Mi   
websocket-server-5d44fc8b6-vmnsd   15m   42Mi   
1783195696
websocket-loadgen-567vb            67m   44Mi   
websocket-server-5d44fc8b6-2x4wp   27m   28Mi   
websocket-server-5d44fc8b6-5wdc8   31m   28Mi   
websocket-server-5d44fc8b6-6t668   46m   30Mi   
websocket-server-5d44fc8b6-9csrt   45m   27Mi   
websocket-server-5d44fc8b6-fs2wz   42m   30Mi   
websocket-server-5d44fc8b6-l955v   37m   27Mi   
websocket-server-5d44fc8b6-mvf26   30m   26Mi   
websocket-server-5d44fc8b6-rrgd6   73m   45Mi   
websocket-server-5d44fc8b6-vmnsd   57m   44Mi   
1783195701
websocket-loadgen-567vb            67m   44Mi   
websocket-server-5d44fc8b6-2x4wp   27m   28Mi   
websocket-server-5d44fc8b6-5wdc8   31m   28Mi   
websocket-server-5d44fc8b6-6t668   46m   30Mi   
websocket-server-5d44fc8b6-9csrt   45m   27Mi   
websocket-server-5d44fc8b6-fs2wz   42m   30Mi   
websocket-server-5d44fc8b6-l955v   37m   27Mi   
websocket-server-5d44fc8b6-mvf26   30m   26Mi   
websocket-server-5d44fc8b6-rrgd6   73m   45Mi   
websocket-server-5d44fc8b6-vmnsd   57m   44Mi   
1783195707
websocket-loadgen-567vb            67m   44Mi   
websocket-server-5d44fc8b6-rrgd6   73m   45Mi   
websocket-server-5d44fc8b6-vmnsd   57m   44Mi   
1783195712
websocket-loadgen-567vb            89m    52Mi   
websocket-server-5d44fc8b6-rrgd6   180m   49Mi   
websocket-server-5d44fc8b6-vmnsd   171m   48Mi   
1783195717
websocket-loadgen-567vb            89m    52Mi   
websocket-server-5d44fc8b6-rrgd6   180m   49Mi   
websocket-server-5d44fc8b6-vmnsd   171m   48Mi   
1783195722
websocket-loadgen-567vb            89m    52Mi   
websocket-server-5d44fc8b6-rrgd6   180m   49Mi   
websocket-server-5d44fc8b6-vmnsd   171m   48Mi   
1783195727
websocket-loadgen-567vb            118m   69Mi   
websocket-server-5d44fc8b6-rrgd6   347m   58Mi   
websocket-server-5d44fc8b6-vmnsd   322m   56Mi   
1783195732
websocket-loadgen-567vb            118m   69Mi   
websocket-server-5d44fc8b6-rrgd6   347m   58Mi   
websocket-server-5d44fc8b6-vmnsd   322m   56Mi   
1783195737
websocket-loadgen-567vb            118m   69Mi   
websocket-server-5d44fc8b6-rrgd6   347m   58Mi   
websocket-server-5d44fc8b6-vmnsd   322m   56Mi   
1783195743
websocket-server-5d44fc8b6-mn46v   67m    29Mi   
websocket-server-5d44fc8b6-rrgd6   491m   62Mi   
websocket-server-5d44fc8b6-vmnsd   471m   59Mi   
1783195748
websocket-server-5d44fc8b6-mn46v   67m    29Mi   
websocket-server-5d44fc8b6-rrgd6   491m   62Mi   
websocket-server-5d44fc8b6-vmnsd   471m   59Mi   
1783195753
websocket-server-5d44fc8b6-mn46v   67m    29Mi   
websocket-server-5d44fc8b6-rrgd6   491m   62Mi   
websocket-server-5d44fc8b6-vmnsd   471m   59Mi   
1783195758
websocket-server-5d44fc8b6-5p8ks   6m     26Mi   
websocket-server-5d44fc8b6-5z946   3m     25Mi   
websocket-server-5d44fc8b6-mn46v   113m   30Mi   
websocket-server-5d44fc8b6-rrgd6   449m   63Mi   
websocket-server-5d44fc8b6-s8zfj   2m     25Mi   
websocket-server-5d44fc8b6-vmnsd   501m   62Mi   
1783195763
websocket-server-5d44fc8b6-5p8ks   6m     26Mi   
websocket-server-5d44fc8b6-5z946   3m     25Mi   
websocket-server-5d44fc8b6-mn46v   113m   30Mi   
websocket-server-5d44fc8b6-rrgd6   449m   63Mi   
websocket-server-5d44fc8b6-s8zfj   2m     25Mi   
websocket-server-5d44fc8b6-vmnsd   501m   62Mi   
1783195768
websocket-server-5d44fc8b6-5p8ks   0m    26Mi   
websocket-server-5d44fc8b6-5z946   0m    25Mi   
websocket-server-5d44fc8b6-dxgvz   0m    25Mi   
websocket-server-5d44fc8b6-hphgh   0m    25Mi   
websocket-server-5d44fc8b6-lk8w6   0m    25Mi   
websocket-server-5d44fc8b6-mn46v   17m   30Mi   
websocket-server-5d44fc8b6-rrgd6   1m    63Mi   
websocket-server-5d44fc8b6-s8zfj   0m    25Mi   
websocket-server-5d44fc8b6-vmnsd   59m   62Mi   
1783195773
websocket-server-5d44fc8b6-5p8ks   0m    26Mi   
websocket-server-5d44fc8b6-5z946   0m    25Mi   
websocket-server-5d44fc8b6-dxgvz   0m    25Mi   
websocket-server-5d44fc8b6-hphgh   0m    25Mi   
websocket-server-5d44fc8b6-lk8w6   0m    25Mi   
websocket-server-5d44fc8b6-mn46v   17m   30Mi   
websocket-server-5d44fc8b6-rrgd6   1m    63Mi   
websocket-server-5d44fc8b6-s8zfj   0m    25Mi   
websocket-server-5d44fc8b6-vmnsd   59m   62Mi   
1783195779
websocket-server-5d44fc8b6-5p8ks   0m    26Mi   
websocket-server-5d44fc8b6-5z946   0m    25Mi   
websocket-server-5d44fc8b6-dxgvz   0m    25Mi   
websocket-server-5d44fc8b6-hphgh   0m    25Mi   
websocket-server-5d44fc8b6-lk8w6   0m    25Mi   
websocket-server-5d44fc8b6-mn46v   17m   30Mi   
websocket-server-5d44fc8b6-rrgd6   1m    63Mi   
websocket-server-5d44fc8b6-s8zfj   0m    25Mi   
websocket-server-5d44fc8b6-vmnsd   59m   62Mi   
1783195784
websocket-server-5d44fc8b6-5p8ks   0m    26Mi   
websocket-server-5d44fc8b6-5z946   0m    25Mi   
websocket-server-5d44fc8b6-dxgvz   0m    25Mi   
websocket-server-5d44fc8b6-hphgh   0m    25Mi   
websocket-server-5d44fc8b6-lk8w6   0m    25Mi   
websocket-server-5d44fc8b6-mn46v   0m    30Mi   
websocket-server-5d44fc8b6-rrgd6   1m    63Mi   
websocket-server-5d44fc8b6-s8zfj   0m    25Mi   
websocket-server-5d44fc8b6-vmnsd   0m    62Mi   
1783195789
websocket-server-5d44fc8b6-5p8ks   0m    26Mi   
websocket-server-5d44fc8b6-5z946   0m    25Mi   
websocket-server-5d44fc8b6-dxgvz   0m    25Mi   
websocket-server-5d44fc8b6-hphgh   0m    25Mi   
websocket-server-5d44fc8b6-lk8w6   0m    25Mi   
websocket-server-5d44fc8b6-mn46v   0m    30Mi   
websocket-server-5d44fc8b6-rrgd6   1m    63Mi   
websocket-server-5d44fc8b6-s8zfj   0m    25Mi   
websocket-server-5d44fc8b6-vmnsd   0m    62Mi   
1783195794
websocket-server-5d44fc8b6-5p8ks   0m    26Mi   
websocket-server-5d44fc8b6-5z946   0m    25Mi   
websocket-server-5d44fc8b6-dxgvz   0m    25Mi   
websocket-server-5d44fc8b6-hphgh   0m    25Mi   
websocket-server-5d44fc8b6-lk8w6   0m    25Mi   
websocket-server-5d44fc8b6-mn46v   0m    30Mi   
websocket-server-5d44fc8b6-rrgd6   1m    63Mi   
websocket-server-5d44fc8b6-s8zfj   0m    25Mi   
websocket-server-5d44fc8b6-vmnsd   0m    62Mi   
1783195799
websocket-server-5d44fc8b6-5p8ks   0m    26Mi   
websocket-server-5d44fc8b6-5z946   0m    25Mi   
websocket-server-5d44fc8b6-dxgvz   0m    25Mi   
websocket-server-5d44fc8b6-hphgh   0m    25Mi   
websocket-server-5d44fc8b6-lk8w6   0m    25Mi   
websocket-server-5d44fc8b6-mn46v   0m    30Mi   
websocket-server-5d44fc8b6-rrgd6   1m    63Mi   
websocket-server-5d44fc8b6-s8zfj   0m    25Mi   
websocket-server-5d44fc8b6-vmnsd   0m    62Mi   
1783195804
websocket-server-5d44fc8b6-5p8ks   0m    26Mi   
websocket-server-5d44fc8b6-5z946   0m    25Mi   
websocket-server-5d44fc8b6-dxgvz   0m    25Mi   
websocket-server-5d44fc8b6-hphgh   0m    25Mi   
websocket-server-5d44fc8b6-lk8w6   0m    25Mi   
websocket-server-5d44fc8b6-mn46v   0m    30Mi   
websocket-server-5d44fc8b6-rrgd6   1m    63Mi   
websocket-server-5d44fc8b6-s8zfj   0m    25Mi   
websocket-server-5d44fc8b6-vmnsd   0m    62Mi   
1783195809
websocket-server-5d44fc8b6-5p8ks   0m    26Mi   
websocket-server-5d44fc8b6-5z946   0m    25Mi   
websocket-server-5d44fc8b6-dxgvz   0m    25Mi   
websocket-server-5d44fc8b6-hphgh   0m    25Mi   
websocket-server-5d44fc8b6-lk8w6   0m    25Mi   
websocket-server-5d44fc8b6-mn46v   0m    30Mi   
websocket-server-5d44fc8b6-rrgd6   1m    63Mi   
websocket-server-5d44fc8b6-s8zfj   0m    25Mi   
websocket-server-5d44fc8b6-vmnsd   0m    62Mi   
1783195815
websocket-loadgen-c5zcc            130m   31Mi   
websocket-server-5d44fc8b6-5p8ks   0m     26Mi   
websocket-server-5d44fc8b6-5z946   3m     26Mi   
websocket-server-5d44fc8b6-dxgvz   0m     25Mi   
websocket-server-5d44fc8b6-hphgh   0m     25Mi   
websocket-server-5d44fc8b6-lk8w6   2m     26Mi   
websocket-server-5d44fc8b6-mn46v   0m     30Mi   
websocket-server-5d44fc8b6-rrgd6   11m    64Mi   
websocket-server-5d44fc8b6-s8zfj   10m    26Mi   
websocket-server-5d44fc8b6-vmnsd   8m     63Mi   
1783195820
websocket-loadgen-c5zcc            130m   31Mi   
websocket-server-5d44fc8b6-5p8ks   0m     26Mi   
websocket-server-5d44fc8b6-5z946   3m     26Mi   
websocket-server-5d44fc8b6-dxgvz   0m     25Mi   
websocket-server-5d44fc8b6-hphgh   0m     25Mi   
websocket-server-5d44fc8b6-lk8w6   2m     26Mi   
websocket-server-5d44fc8b6-mn46v   0m     30Mi   
websocket-server-5d44fc8b6-rrgd6   11m    64Mi   
websocket-server-5d44fc8b6-s8zfj   10m    26Mi   
websocket-server-5d44fc8b6-vmnsd   8m     63Mi   
1783195825
websocket-loadgen-c5zcc            130m   31Mi   
websocket-server-5d44fc8b6-5p8ks   0m     26Mi   
websocket-server-5d44fc8b6-5z946   3m     26Mi   
websocket-server-5d44fc8b6-dxgvz   0m     25Mi   
websocket-server-5d44fc8b6-hphgh   0m     25Mi   
websocket-server-5d44fc8b6-lk8w6   2m     26Mi   
websocket-server-5d44fc8b6-mn46v   0m     30Mi   
websocket-server-5d44fc8b6-rrgd6   11m    64Mi   
websocket-server-5d44fc8b6-s8zfj   10m    26Mi   
websocket-server-5d44fc8b6-vmnsd   8m     63Mi   
1783195830
websocket-loadgen-c5zcc            126m   31Mi   
websocket-server-5d44fc8b6-5p8ks   23m    27Mi   
websocket-server-5d44fc8b6-5z946   25m    27Mi   
websocket-server-5d44fc8b6-dxgvz   26m    26Mi   
websocket-server-5d44fc8b6-hphgh   27m    27Mi   
websocket-server-5d44fc8b6-lk8w6   21m    26Mi   
websocket-server-5d44fc8b6-mn46v   4m     28Mi   
websocket-server-5d44fc8b6-rrgd6   11m    64Mi   
websocket-server-5d44fc8b6-s8zfj   10m    26Mi   
websocket-server-5d44fc8b6-vmnsd   28m    64Mi   
1783195835
websocket-loadgen-c5zcc            126m   31Mi   
websocket-server-5d44fc8b6-5p8ks   23m    27Mi   
websocket-server-5d44fc8b6-5z946   25m    27Mi   
websocket-server-5d44fc8b6-dxgvz   26m    26Mi   
websocket-server-5d44fc8b6-hphgh   27m    27Mi   
websocket-server-5d44fc8b6-lk8w6   21m    26Mi   
websocket-server-5d44fc8b6-mn46v   4m     28Mi   
websocket-server-5d44fc8b6-rrgd6   11m    64Mi   
websocket-server-5d44fc8b6-s8zfj   10m    26Mi   
websocket-server-5d44fc8b6-vmnsd   28m    64Mi   
1783195840
websocket-loadgen-c5zcc            126m   31Mi   
websocket-server-5d44fc8b6-5p8ks   23m    27Mi   
websocket-server-5d44fc8b6-5z946   25m    27Mi   
websocket-server-5d44fc8b6-dxgvz   26m    26Mi   
websocket-server-5d44fc8b6-hphgh   27m    27Mi   
websocket-server-5d44fc8b6-lk8w6   21m    26Mi   
websocket-server-5d44fc8b6-mn46v   4m     28Mi   
websocket-server-5d44fc8b6-rrgd6   11m    64Mi   
websocket-server-5d44fc8b6-s8zfj   10m    26Mi   
websocket-server-5d44fc8b6-vmnsd   28m    64Mi   
1783195846
websocket-loadgen-c5zcc            59m    40Mi   
websocket-server-5d44fc8b6-5p8ks   23m    27Mi   
websocket-server-5d44fc8b6-5z946   25m    27Mi   
websocket-server-5d44fc8b6-dxgvz   33m    26Mi   
websocket-server-5d44fc8b6-hphgh   45m    27Mi   
websocket-server-5d44fc8b6-lk8w6   21m    26Mi   
websocket-server-5d44fc8b6-mn46v   23m    29Mi   
websocket-server-5d44fc8b6-rrgd6   81m    67Mi   
websocket-server-5d44fc8b6-s8zfj   39m    27Mi   
websocket-server-5d44fc8b6-vmnsd   129m   68Mi   
1783195851
websocket-loadgen-c5zcc            59m    40Mi   
websocket-server-5d44fc8b6-5p8ks   23m    27Mi   
websocket-server-5d44fc8b6-5z946   25m    27Mi   
websocket-server-5d44fc8b6-dxgvz   33m    26Mi   
websocket-server-5d44fc8b6-hphgh   45m    27Mi   
websocket-server-5d44fc8b6-lk8w6   21m    26Mi   
websocket-server-5d44fc8b6-mn46v   23m    29Mi   
websocket-server-5d44fc8b6-rrgd6   81m    67Mi   
websocket-server-5d44fc8b6-s8zfj   39m    27Mi   
websocket-server-5d44fc8b6-vmnsd   129m   68Mi   
1783195856
websocket-loadgen-c5zcc            59m    40Mi   
websocket-server-5d44fc8b6-rrgd6   81m    67Mi   
websocket-server-5d44fc8b6-vmnsd   129m   68Mi   
1783195861
websocket-loadgen-c5zcc            76m    50Mi   
websocket-server-5d44fc8b6-rrgd6   217m   69Mi   
websocket-server-5d44fc8b6-vmnsd   252m   70Mi   
1783195866
websocket-loadgen-c5zcc            76m    50Mi   
websocket-server-5d44fc8b6-rrgd6   217m   69Mi   
websocket-server-5d44fc8b6-vmnsd   252m   70Mi   
1783195871
websocket-loadgen-c5zcc            76m    50Mi   
websocket-server-5d44fc8b6-rrgd6   217m   69Mi   
websocket-server-5d44fc8b6-vmnsd   252m   70Mi   
1783195876
websocket-loadgen-c5zcc            111m   66Mi   
websocket-server-5d44fc8b6-rrgd6   448m   78Mi   
websocket-server-5d44fc8b6-vmnsd   450m   77Mi   
1783195882
websocket-loadgen-c5zcc            111m   66Mi   
websocket-server-5d44fc8b6-rrgd6   448m   78Mi   
websocket-server-5d44fc8b6-vmnsd   450m   77Mi   
1783195887
websocket-loadgen-c5zcc            111m   66Mi   
websocket-server-5d44fc8b6-rrgd6   448m   78Mi   
websocket-server-5d44fc8b6-vmnsd   450m   77Mi   
1783195892
websocket-loadgen-c5zcc            98m    73Mi   
websocket-server-5d44fc8b6-hv6r4   65m    27Mi   
websocket-server-5d44fc8b6-rrgd6   465m   79Mi   
websocket-server-5d44fc8b6-rts8f   38m    27Mi   
websocket-server-5d44fc8b6-vmnsd   474m   80Mi   
1783195897
websocket-server-5d44fc8b6-hv6r4   65m    27Mi   
websocket-server-5d44fc8b6-rrgd6   465m   79Mi   
websocket-server-5d44fc8b6-rts8f   38m    27Mi   
websocket-server-5d44fc8b6-vmnsd   474m   80Mi   
1783195902
websocket-server-5d44fc8b6-hv6r4   65m    27Mi   
websocket-server-5d44fc8b6-rrgd6   465m   79Mi   
websocket-server-5d44fc8b6-rts8f   38m    27Mi   
websocket-server-5d44fc8b6-vmnsd   474m   80Mi   
1783195907
websocket-server-5d44fc8b6-hv6r4   35m    28Mi   
websocket-server-5d44fc8b6-kr7gx   4m     25Mi   
websocket-server-5d44fc8b6-pk2nv   4m     25Mi   
websocket-server-5d44fc8b6-qrcjf   3m     25Mi   
websocket-server-5d44fc8b6-rrgd6   313m   78Mi   
websocket-server-5d44fc8b6-rts8f   38m    27Mi   
websocket-server-5d44fc8b6-tf2qd   3m     25Mi   
websocket-server-5d44fc8b6-vmnsd   365m   78Mi   
1783195912
websocket-server-5d44fc8b6-hv6r4   35m    28Mi   
websocket-server-5d44fc8b6-kr7gx   4m     25Mi   
websocket-server-5d44fc8b6-pk2nv   4m     25Mi   
websocket-server-5d44fc8b6-qrcjf   3m     25Mi   
websocket-server-5d44fc8b6-rrgd6   313m   78Mi   
websocket-server-5d44fc8b6-rts8f   38m    27Mi   
websocket-server-5d44fc8b6-tf2qd   3m     25Mi   
websocket-server-5d44fc8b6-vmnsd   365m   78Mi   
1783195917
websocket-server-5d44fc8b6-hv6r4   35m    28Mi   
websocket-server-5d44fc8b6-kr7gx   4m     25Mi   
websocket-server-5d44fc8b6-pk2nv   4m     25Mi   
websocket-server-5d44fc8b6-qrcjf   3m     25Mi   
websocket-server-5d44fc8b6-rrgd6   313m   78Mi   
websocket-server-5d44fc8b6-rts8f   38m    27Mi   
websocket-server-5d44fc8b6-tf2qd   3m     25Mi   
websocket-server-5d44fc8b6-vmnsd   365m   78Mi   
1783195923
websocket-server-5d44fc8b6-hv6r4   0m    28Mi   
websocket-server-5d44fc8b6-kr7gx   0m    25Mi   
websocket-server-5d44fc8b6-pk2nv   0m    25Mi   
websocket-server-5d44fc8b6-qrcjf   3m    25Mi   
websocket-server-5d44fc8b6-rrgd6   1m    78Mi   
websocket-server-5d44fc8b6-rts8f   19m   27Mi   
websocket-server-5d44fc8b6-tf2qd   0m    25Mi   
websocket-server-5d44fc8b6-vmnsd   0m    78Mi   
1783195928
websocket-server-5d44fc8b6-hv6r4   0m    28Mi   
websocket-server-5d44fc8b6-kr7gx   0m    25Mi   
websocket-server-5d44fc8b6-pk2nv   0m    25Mi   
websocket-server-5d44fc8b6-qrcjf   3m    25Mi   
websocket-server-5d44fc8b6-rrgd6   1m    78Mi   
websocket-server-5d44fc8b6-rts8f   19m   27Mi   
websocket-server-5d44fc8b6-tf2qd   0m    25Mi   
websocket-server-5d44fc8b6-vmnsd   0m    78Mi   
1783195933
websocket-server-5d44fc8b6-hv6r4   0m    28Mi   
websocket-server-5d44fc8b6-kr7gx   0m    25Mi   
websocket-server-5d44fc8b6-pk2nv   0m    25Mi   
websocket-server-5d44fc8b6-qrcjf   3m    25Mi   
websocket-server-5d44fc8b6-rrgd6   1m    78Mi   
websocket-server-5d44fc8b6-rts8f   19m   27Mi   
websocket-server-5d44fc8b6-tf2qd   0m    25Mi   
websocket-server-5d44fc8b6-vmnsd   0m    78Mi   
1783195938
websocket-server-5d44fc8b6-hv6r4   0m    28Mi   
websocket-server-5d44fc8b6-kr7gx   0m    25Mi   
websocket-server-5d44fc8b6-pk2nv   0m    25Mi   
websocket-server-5d44fc8b6-qrcjf   0m    25Mi   
websocket-server-5d44fc8b6-rrgd6   1m    78Mi   
websocket-server-5d44fc8b6-rts8f   0m    27Mi   
websocket-server-5d44fc8b6-tf2qd   0m    25Mi   
websocket-server-5d44fc8b6-vmnsd   0m    78Mi   
1783195943
websocket-server-5d44fc8b6-hv6r4   0m    28Mi   
websocket-server-5d44fc8b6-kr7gx   0m    25Mi   
websocket-server-5d44fc8b6-pk2nv   0m    25Mi   
websocket-server-5d44fc8b6-qrcjf   0m    25Mi   
websocket-server-5d44fc8b6-rrgd6   1m    78Mi   
websocket-server-5d44fc8b6-rts8f   0m    27Mi   
websocket-server-5d44fc8b6-tf2qd   0m    25Mi   
websocket-server-5d44fc8b6-vmnsd   0m    78Mi   
1783195948
websocket-server-5d44fc8b6-hv6r4   0m    28Mi   
websocket-server-5d44fc8b6-kr7gx   0m    25Mi   
websocket-server-5d44fc8b6-pk2nv   0m    25Mi   
websocket-server-5d44fc8b6-qrcjf   0m    25Mi   
websocket-server-5d44fc8b6-rrgd6   1m    78Mi   
websocket-server-5d44fc8b6-rts8f   0m    27Mi   
websocket-server-5d44fc8b6-tf2qd   0m    25Mi   
websocket-server-5d44fc8b6-vmnsd   0m    78Mi   
1783195953
websocket-server-5d44fc8b6-hv6r4   0m    28Mi   
websocket-server-5d44fc8b6-kr7gx   0m    25Mi   
websocket-server-5d44fc8b6-pk2nv   0m    25Mi   
websocket-server-5d44fc8b6-qrcjf   0m    25Mi   
websocket-server-5d44fc8b6-rrgd6   1m    78Mi   
websocket-server-5d44fc8b6-rts8f   0m    27Mi   
websocket-server-5d44fc8b6-tf2qd   0m    25Mi   
websocket-server-5d44fc8b6-vmnsd   0m    78Mi   
1783195958
websocket-server-5d44fc8b6-hv6r4   0m    28Mi   
websocket-server-5d44fc8b6-kr7gx   0m    25Mi   
websocket-server-5d44fc8b6-pk2nv   0m    25Mi   
websocket-server-5d44fc8b6-qrcjf   0m    25Mi   
websocket-server-5d44fc8b6-rrgd6   1m    78Mi   
websocket-server-5d44fc8b6-rts8f   0m    27Mi   
websocket-server-5d44fc8b6-tf2qd   0m    25Mi   
websocket-server-5d44fc8b6-vmnsd   0m    78Mi   
1783195964
websocket-loadgen-d954s            141m   38Mi   
websocket-server-5d44fc8b6-hv6r4   0m     27Mi   
websocket-server-5d44fc8b6-kr7gx   0m     25Mi   
websocket-server-5d44fc8b6-pk2nv   4m     26Mi   
websocket-server-5d44fc8b6-qrcjf   0m     25Mi   
websocket-server-5d44fc8b6-rrgd6   2m     78Mi   
websocket-server-5d44fc8b6-rts8f   1m     28Mi   
websocket-server-5d44fc8b6-tf2qd   0m     25Mi   
websocket-server-5d44fc8b6-vmnsd   0m     78Mi   
1783195969
websocket-loadgen-d954s            141m   38Mi   
websocket-server-5d44fc8b6-hv6r4   0m     27Mi   
websocket-server-5d44fc8b6-kr7gx   0m     25Mi   
websocket-server-5d44fc8b6-pk2nv   4m     26Mi   
websocket-server-5d44fc8b6-qrcjf   0m     25Mi   
websocket-server-5d44fc8b6-rrgd6   2m     78Mi   
websocket-server-5d44fc8b6-rts8f   1m     28Mi   
websocket-server-5d44fc8b6-tf2qd   0m     25Mi   
websocket-server-5d44fc8b6-vmnsd   0m     78Mi   
1783195974
websocket-loadgen-d954s            141m   38Mi   
websocket-server-5d44fc8b6-hv6r4   0m     27Mi   
websocket-server-5d44fc8b6-kr7gx   0m     25Mi   
websocket-server-5d44fc8b6-pk2nv   4m     26Mi   
websocket-server-5d44fc8b6-qrcjf   0m     25Mi   
websocket-server-5d44fc8b6-rrgd6   2m     78Mi   
websocket-server-5d44fc8b6-rts8f   1m     28Mi   
websocket-server-5d44fc8b6-tf2qd   0m     25Mi   
websocket-server-5d44fc8b6-vmnsd   0m     78Mi   
1783195979
websocket-loadgen-d954s            40m   40Mi   
websocket-server-5d44fc8b6-hv6r4   9m    28Mi   
websocket-server-5d44fc8b6-kr7gx   20m   27Mi   
websocket-server-5d44fc8b6-pk2nv   25m   27Mi   
websocket-server-5d44fc8b6-qrcjf   10m   26Mi   
websocket-server-5d44fc8b6-rrgd6   32m   80Mi   
websocket-server-5d44fc8b6-rts8f   13m   28Mi   
websocket-server-5d44fc8b6-tf2qd   9m    27Mi   
websocket-server-5d44fc8b6-vmnsd   24m   80Mi   
1783195984
websocket-loadgen-d954s            40m   40Mi   
websocket-server-5d44fc8b6-hv6r4   9m    28Mi   
websocket-server-5d44fc8b6-kr7gx   20m   27Mi   
websocket-server-5d44fc8b6-pk2nv   25m   27Mi   
websocket-server-5d44fc8b6-qrcjf   10m   26Mi   
websocket-server-5d44fc8b6-rrgd6   32m   80Mi   
websocket-server-5d44fc8b6-rts8f   13m   28Mi   
websocket-server-5d44fc8b6-tf2qd   9m    27Mi   
websocket-server-5d44fc8b6-vmnsd   24m   80Mi   
1783195989
websocket-loadgen-d954s            40m   40Mi   
websocket-server-5d44fc8b6-hv6r4   9m    28Mi   
websocket-server-5d44fc8b6-kr7gx   20m   27Mi   
websocket-server-5d44fc8b6-pk2nv   25m   27Mi   
websocket-server-5d44fc8b6-qrcjf   10m   26Mi   
websocket-server-5d44fc8b6-rrgd6   32m   80Mi   
websocket-server-5d44fc8b6-rts8f   13m   28Mi   
websocket-server-5d44fc8b6-tf2qd   9m    27Mi   
websocket-server-5d44fc8b6-vmnsd   24m   80Mi   
1783195994
websocket-loadgen-d954s            51m    50Mi   
websocket-server-5d44fc8b6-kr7gx   42m    27Mi   
websocket-server-5d44fc8b6-pk2nv   25m    27Mi   
websocket-server-5d44fc8b6-qrcjf   36m    27Mi   
websocket-server-5d44fc8b6-rrgd6   112m   83Mi   
websocket-server-5d44fc8b6-rts8f   37m    29Mi   
websocket-server-5d44fc8b6-tf2qd   44m    27Mi   
websocket-server-5d44fc8b6-vmnsd   102m   83Mi   
1783195999
websocket-loadgen-d954s            51m    50Mi   
websocket-server-5d44fc8b6-kr7gx   42m    27Mi   
websocket-server-5d44fc8b6-pk2nv   25m    27Mi   
websocket-server-5d44fc8b6-qrcjf   36m    27Mi   
websocket-server-5d44fc8b6-rrgd6   112m   83Mi   
websocket-server-5d44fc8b6-rts8f   37m    29Mi   
websocket-server-5d44fc8b6-tf2qd   44m    27Mi   
websocket-server-5d44fc8b6-vmnsd   102m   83Mi   
1783196004
websocket-loadgen-d954s            51m    50Mi   
websocket-server-5d44fc8b6-kr7gx   42m    27Mi   
websocket-server-5d44fc8b6-pk2nv   25m    27Mi   
websocket-server-5d44fc8b6-qrcjf   36m    27Mi   
websocket-server-5d44fc8b6-rrgd6   112m   83Mi   
websocket-server-5d44fc8b6-rts8f   37m    29Mi   
websocket-server-5d44fc8b6-tf2qd   44m    27Mi   
websocket-server-5d44fc8b6-vmnsd   102m   83Mi   
1783196009
websocket-loadgen-d954s            63m    58Mi   
websocket-server-5d44fc8b6-rrgd6   211m   87Mi   
websocket-server-5d44fc8b6-vmnsd   194m   87Mi   
1783196015
websocket-loadgen-d954s            63m    58Mi   
websocket-server-5d44fc8b6-rrgd6   211m   87Mi   
websocket-server-5d44fc8b6-vmnsd   194m   87Mi   
1783196020
websocket-loadgen-d954s            63m    58Mi   
websocket-server-5d44fc8b6-rrgd6   211m   87Mi   
websocket-server-5d44fc8b6-vmnsd   194m   87Mi   
1783196025
websocket-loadgen-d954s            95m    73Mi   
websocket-server-5d44fc8b6-rrgd6   432m   94Mi   
websocket-server-5d44fc8b6-vmnsd   380m   95Mi   
1783196030
websocket-loadgen-d954s            95m    73Mi   
websocket-server-5d44fc8b6-rrgd6   432m   94Mi   
websocket-server-5d44fc8b6-vmnsd   380m   95Mi   
1783196035
websocket-loadgen-d954s            95m    73Mi   
websocket-server-5d44fc8b6-rrgd6   432m   94Mi   
websocket-server-5d44fc8b6-vmnsd   380m   95Mi   
1783196040
websocket-loadgen-d954s            94m    79Mi   
websocket-server-5d44fc8b6-ksjht   85m    27Mi   
websocket-server-5d44fc8b6-rrgd6   489m   95Mi   
websocket-server-5d44fc8b6-trln4   43m    27Mi   
websocket-server-5d44fc8b6-vmnsd   480m   95Mi   
1783196045
websocket-server-5d44fc8b6-ksjht   85m    27Mi   
websocket-server-5d44fc8b6-rrgd6   489m   95Mi   
websocket-server-5d44fc8b6-trln4   43m    27Mi   
websocket-server-5d44fc8b6-vmnsd   480m   95Mi   
1783196051
websocket-server-5d44fc8b6-ksjht   85m    27Mi   
websocket-server-5d44fc8b6-rrgd6   489m   95Mi   
websocket-server-5d44fc8b6-trln4   43m    27Mi   
websocket-server-5d44fc8b6-vmnsd   480m   95Mi   
1783196056
websocket-server-5d44fc8b6-djpfq   6m     26Mi   
websocket-server-5d44fc8b6-grkqb   56m    26Mi   
websocket-server-5d44fc8b6-ksjht   50m    27Mi   
websocket-server-5d44fc8b6-ph2tr   5m     26Mi   
websocket-server-5d44fc8b6-rrgd6   276m   93Mi   
websocket-server-5d44fc8b6-trln4   59m    28Mi   
websocket-server-5d44fc8b6-vmnsd   334m   93Mi   
1783196061
websocket-server-5d44fc8b6-djpfq   6m     26Mi   
websocket-server-5d44fc8b6-grkqb   56m    26Mi   
websocket-server-5d44fc8b6-ksjht   50m    27Mi   
websocket-server-5d44fc8b6-ph2tr   5m     26Mi   
websocket-server-5d44fc8b6-rrgd6   276m   93Mi   
websocket-server-5d44fc8b6-trln4   59m    28Mi   
websocket-server-5d44fc8b6-vmnsd   334m   93Mi   
1783196066
websocket-server-5d44fc8b6-djpfq   6m     26Mi   
websocket-server-5d44fc8b6-grkqb   56m    26Mi   
websocket-server-5d44fc8b6-ksjht   50m    27Mi   
websocket-server-5d44fc8b6-ph2tr   5m     26Mi   
websocket-server-5d44fc8b6-rrgd6   276m   93Mi   
websocket-server-5d44fc8b6-trln4   59m    28Mi   
websocket-server-5d44fc8b6-vmnsd   334m   93Mi   
1783196071
websocket-server-5d44fc8b6-djpfq   6m    26Mi   
websocket-server-5d44fc8b6-grkqb   0m    26Mi   
websocket-server-5d44fc8b6-ksjht   0m    27Mi   
websocket-server-5d44fc8b6-ph2tr   0m    26Mi   
websocket-server-5d44fc8b6-rrgd6   1m    93Mi   
websocket-server-5d44fc8b6-s4f6k   39m   25Mi   
websocket-server-5d44fc8b6-tkfw5   0m    25Mi   
websocket-server-5d44fc8b6-trln4   6m    27Mi   
websocket-server-5d44fc8b6-vmnsd   0m    93Mi   
1783196076
websocket-server-5d44fc8b6-djpfq   6m    26Mi   
websocket-server-5d44fc8b6-grkqb   0m    26Mi   
websocket-server-5d44fc8b6-ksjht   0m    27Mi   
websocket-server-5d44fc8b6-ph2tr   0m    26Mi   
websocket-server-5d44fc8b6-rrgd6   1m    93Mi   
websocket-server-5d44fc8b6-s4f6k   39m   25Mi   
websocket-server-5d44fc8b6-tkfw5   0m    25Mi   
websocket-server-5d44fc8b6-trln4   6m    27Mi   
websocket-server-5d44fc8b6-vmnsd   0m    93Mi   
1783196081
websocket-server-5d44fc8b6-djpfq   6m    26Mi   
websocket-server-5d44fc8b6-grkqb   0m    26Mi   
websocket-server-5d44fc8b6-ksjht   0m    27Mi   
websocket-server-5d44fc8b6-ph2tr   0m    26Mi   
websocket-server-5d44fc8b6-rrgd6   1m    93Mi   
websocket-server-5d44fc8b6-s4f6k   39m   25Mi   
websocket-server-5d44fc8b6-tkfw5   0m    25Mi   
websocket-server-5d44fc8b6-trln4   6m    27Mi   
websocket-server-5d44fc8b6-vmnsd   0m    93Mi   
1783196086
websocket-server-5d44fc8b6-djpfq   0m    26Mi   
websocket-server-5d44fc8b6-grkqb   0m    26Mi   
websocket-server-5d44fc8b6-ksjht   0m    27Mi   
websocket-server-5d44fc8b6-ph2tr   0m    26Mi   
websocket-server-5d44fc8b6-rrgd6   1m    93Mi   
websocket-server-5d44fc8b6-s4f6k   0m    25Mi   
websocket-server-5d44fc8b6-tkfw5   0m    25Mi   
websocket-server-5d44fc8b6-trln4   0m    27Mi   
websocket-server-5d44fc8b6-vmnsd   0m    93Mi   
1783196092
websocket-server-5d44fc8b6-djpfq   0m    26Mi   
websocket-server-5d44fc8b6-grkqb   0m    26Mi   
websocket-server-5d44fc8b6-ksjht   0m    27Mi   
websocket-server-5d44fc8b6-ph2tr   0m    26Mi   
websocket-server-5d44fc8b6-rrgd6   1m    93Mi   
websocket-server-5d44fc8b6-s4f6k   0m    25Mi   
websocket-server-5d44fc8b6-tkfw5   0m    25Mi   
websocket-server-5d44fc8b6-trln4   0m    27Mi   
websocket-server-5d44fc8b6-vmnsd   0m    93Mi   
1783196097
websocket-server-5d44fc8b6-djpfq   0m    26Mi   
websocket-server-5d44fc8b6-grkqb   0m    26Mi   
websocket-server-5d44fc8b6-ksjht   0m    27Mi   
websocket-server-5d44fc8b6-ph2tr   0m    26Mi   
websocket-server-5d44fc8b6-rrgd6   1m    93Mi   
websocket-server-5d44fc8b6-s4f6k   0m    25Mi   
websocket-server-5d44fc8b6-tkfw5   0m    25Mi   
websocket-server-5d44fc8b6-trln4   0m    27Mi   
websocket-server-5d44fc8b6-vmnsd   0m    93Mi   
1783196102
websocket-server-5d44fc8b6-djpfq   0m    26Mi   
websocket-server-5d44fc8b6-grkqb   0m    26Mi   
websocket-server-5d44fc8b6-ksjht   0m    27Mi   
websocket-server-5d44fc8b6-ph2tr   0m    26Mi   
websocket-server-5d44fc8b6-rrgd6   1m    93Mi   
websocket-server-5d44fc8b6-s4f6k   0m    25Mi   
websocket-server-5d44fc8b6-tkfw5   0m    25Mi   
websocket-server-5d44fc8b6-trln4   0m    27Mi   
websocket-server-5d44fc8b6-vmnsd   0m    93Mi   
1783196107
websocket-server-5d44fc8b6-djpfq   0m    26Mi   
websocket-server-5d44fc8b6-grkqb   0m    26Mi   
websocket-server-5d44fc8b6-ksjht   0m    27Mi   
websocket-server-5d44fc8b6-ph2tr   0m    26Mi   
websocket-server-5d44fc8b6-rrgd6   1m    93Mi   
websocket-server-5d44fc8b6-s4f6k   0m    25Mi   
websocket-server-5d44fc8b6-tkfw5   0m    25Mi   
websocket-server-5d44fc8b6-trln4   0m    27Mi   
websocket-server-5d44fc8b6-vmnsd   0m    93Mi   
1783196112
websocket-server-5d44fc8b6-djpfq   0m    26Mi   
websocket-server-5d44fc8b6-grkqb   0m    26Mi   
websocket-server-5d44fc8b6-ksjht   0m    27Mi   
websocket-server-5d44fc8b6-ph2tr   0m    26Mi   
websocket-server-5d44fc8b6-rrgd6   1m    93Mi   
websocket-server-5d44fc8b6-s4f6k   0m    25Mi   
websocket-server-5d44fc8b6-tkfw5   0m    25Mi   
websocket-server-5d44fc8b6-trln4   0m    27Mi   
websocket-server-5d44fc8b6-vmnsd   0m    93Mi   
1783196117
websocket-loadgen-mk4hk            130m   30Mi   
websocket-server-5d44fc8b6-djpfq   4m     26Mi   
websocket-server-5d44fc8b6-grkqb   0m     26Mi   
websocket-server-5d44fc8b6-ksjht   0m     27Mi   
websocket-server-5d44fc8b6-ph2tr   0m     26Mi   
websocket-server-5d44fc8b6-rrgd6   3m     93Mi   
websocket-server-5d44fc8b6-s4f6k   3m     26Mi   
websocket-server-5d44fc8b6-tkfw5   2m     26Mi   
websocket-server-5d44fc8b6-trln4   3m     28Mi   
websocket-server-5d44fc8b6-vmnsd   0m     93Mi   
1783196122
websocket-loadgen-mk4hk            130m   30Mi   
websocket-server-5d44fc8b6-djpfq   4m     26Mi   
websocket-server-5d44fc8b6-grkqb   0m     26Mi   
websocket-server-5d44fc8b6-ksjht   0m     27Mi   
websocket-server-5d44fc8b6-ph2tr   0m     26Mi   
websocket-server-5d44fc8b6-rrgd6   3m     93Mi   
websocket-server-5d44fc8b6-s4f6k   3m     26Mi   
websocket-server-5d44fc8b6-tkfw5   2m     26Mi   
websocket-server-5d44fc8b6-trln4   3m     28Mi   
websocket-server-5d44fc8b6-vmnsd   0m     93Mi   
1783196127
websocket-loadgen-mk4hk            130m   30Mi   
websocket-server-5d44fc8b6-djpfq   4m     26Mi   
websocket-server-5d44fc8b6-grkqb   0m     26Mi   
websocket-server-5d44fc8b6-ksjht   0m     27Mi   
websocket-server-5d44fc8b6-ph2tr   0m     26Mi   
websocket-server-5d44fc8b6-rrgd6   3m     93Mi   
websocket-server-5d44fc8b6-s4f6k   3m     26Mi   
websocket-server-5d44fc8b6-tkfw5   2m     26Mi   
websocket-server-5d44fc8b6-trln4   3m     28Mi   
websocket-server-5d44fc8b6-vmnsd   0m     93Mi   
1783196132
websocket-loadgen-mk4hk            43m   34Mi   
websocket-server-5d44fc8b6-djpfq   32m   27Mi   
websocket-server-5d44fc8b6-grkqb   20m   27Mi   
websocket-server-5d44fc8b6-ksjht   17m   29Mi   
websocket-server-5d44fc8b6-ph2tr   20m   27Mi   
websocket-server-5d44fc8b6-rrgd6   27m   93Mi   
websocket-server-5d44fc8b6-s4f6k   3m    26Mi   
websocket-server-5d44fc8b6-tkfw5   23m   27Mi   
websocket-server-5d44fc8b6-trln4   14m   28Mi   
websocket-server-5d44fc8b6-vmnsd   7m    94Mi   
1783196137
websocket-loadgen-mk4hk            43m   34Mi   
websocket-server-5d44fc8b6-djpfq   32m   27Mi   
websocket-server-5d44fc8b6-grkqb   20m   27Mi   
websocket-server-5d44fc8b6-ksjht   17m   29Mi   
websocket-server-5d44fc8b6-ph2tr   20m   27Mi   
websocket-server-5d44fc8b6-rrgd6   27m   93Mi   
websocket-server-5d44fc8b6-s4f6k   3m    26Mi   
websocket-server-5d44fc8b6-tkfw5   23m   27Mi   
websocket-server-5d44fc8b6-trln4   14m   28Mi   
websocket-server-5d44fc8b6-vmnsd   7m    94Mi   
1783196143
websocket-loadgen-mk4hk            43m   34Mi   
websocket-server-5d44fc8b6-djpfq   32m   27Mi   
websocket-server-5d44fc8b6-grkqb   20m   27Mi   
websocket-server-5d44fc8b6-ksjht   17m   29Mi   
websocket-server-5d44fc8b6-ph2tr   20m   27Mi   
websocket-server-5d44fc8b6-rrgd6   27m   93Mi   
websocket-server-5d44fc8b6-s4f6k   3m    26Mi   
websocket-server-5d44fc8b6-tkfw5   23m   27Mi   
websocket-server-5d44fc8b6-trln4   14m   28Mi   
websocket-server-5d44fc8b6-vmnsd   7m    94Mi   
1783196148
websocket-loadgen-mk4hk            53m   40Mi   
websocket-server-5d44fc8b6-djpfq   47m   27Mi   
websocket-server-5d44fc8b6-grkqb   37m   27Mi   
websocket-server-5d44fc8b6-ksjht   17m   29Mi   
websocket-server-5d44fc8b6-ph2tr   28m   27Mi   
websocket-server-5d44fc8b6-rrgd6   96m   94Mi   
websocket-server-5d44fc8b6-s4f6k   33m   26Mi   
websocket-server-5d44fc8b6-tkfw5   39m   27Mi   
websocket-server-5d44fc8b6-trln4   19m   28Mi   
websocket-server-5d44fc8b6-vmnsd   57m   94Mi   
1783196153
websocket-loadgen-mk4hk            53m   40Mi   
websocket-server-5d44fc8b6-djpfq   47m   27Mi   
websocket-server-5d44fc8b6-grkqb   37m   27Mi   
websocket-server-5d44fc8b6-ksjht   17m   29Mi   
websocket-server-5d44fc8b6-ph2tr   28m   27Mi   
websocket-server-5d44fc8b6-rrgd6   96m   94Mi   
websocket-server-5d44fc8b6-s4f6k   33m   26Mi   
websocket-server-5d44fc8b6-tkfw5   39m   27Mi   
websocket-server-5d44fc8b6-trln4   19m   28Mi   
websocket-server-5d44fc8b6-vmnsd   57m   94Mi   
1783196158
websocket-loadgen-mk4hk            53m   40Mi   
websocket-server-5d44fc8b6-rrgd6   96m   94Mi   
websocket-server-5d44fc8b6-vmnsd   57m   94Mi   
1783196163
websocket-loadgen-mk4hk            67m    48Mi   
websocket-server-5d44fc8b6-rrgd6   96m    94Mi   
websocket-server-5d44fc8b6-vmnsd   162m   95Mi   
1783196168
websocket-loadgen-mk4hk            67m    48Mi   
websocket-server-5d44fc8b6-rrgd6   96m    94Mi   
websocket-server-5d44fc8b6-vmnsd   162m   95Mi   
1783196173
websocket-loadgen-mk4hk            98m    60Mi   
websocket-server-5d44fc8b6-rrgd6   219m   96Mi   
websocket-server-5d44fc8b6-vmnsd   301m   97Mi   
1783196178
websocket-loadgen-mk4hk            98m    60Mi   
websocket-server-5d44fc8b6-rrgd6   219m   96Mi   
websocket-server-5d44fc8b6-vmnsd   301m   97Mi   
1783196184
websocket-loadgen-mk4hk            98m    60Mi   
websocket-server-5d44fc8b6-rrgd6   219m   96Mi   
websocket-server-5d44fc8b6-vmnsd   301m   97Mi   
1783196189
websocket-loadgen-mk4hk            84m    72Mi   
websocket-server-5d44fc8b6-rrgd6   388m   97Mi   
websocket-server-5d44fc8b6-vmnsd   426m   98Mi   
1783196194
websocket-server-5d44fc8b6-rrgd6   388m   97Mi   
websocket-server-5d44fc8b6-vmnsd   426m   98Mi   
1783196199
websocket-server-5d44fc8b6-rrgd6   388m   97Mi   
websocket-server-5d44fc8b6-vmnsd   426m   98Mi   
1783196204
websocket-server-5d44fc8b6-4hm4t   67m    26Mi   
websocket-server-5d44fc8b6-ndz8k   7m     26Mi   
websocket-server-5d44fc8b6-rrgd6   479m   98Mi   
websocket-server-5d44fc8b6-s5jkl   7m     26Mi   
websocket-server-5d44fc8b6-vmnsd   443m   97Mi   
1783196209
websocket-server-5d44fc8b6-4hm4t   67m    26Mi   
websocket-server-5d44fc8b6-ndz8k   7m     26Mi   
websocket-server-5d44fc8b6-rrgd6   479m   98Mi   
websocket-server-5d44fc8b6-s5jkl   7m     26Mi   
websocket-server-5d44fc8b6-vmnsd   443m   97Mi   
1783196214
websocket-server-5d44fc8b6-4hm4t   67m    26Mi   
websocket-server-5d44fc8b6-ndz8k   7m     26Mi   
websocket-server-5d44fc8b6-rrgd6   479m   98Mi   
websocket-server-5d44fc8b6-s5jkl   7m     26Mi   
websocket-server-5d44fc8b6-vmnsd   443m   97Mi   
1783196219
websocket-server-5d44fc8b6-4hm4t   0m    26Mi   
websocket-server-5d44fc8b6-88zs6   46m   25Mi   
websocket-server-5d44fc8b6-ndz8k   0m    26Mi   
websocket-server-5d44fc8b6-rrgd6   49m   98Mi   
websocket-server-5d44fc8b6-s5jkl   0m    26Mi   
websocket-server-5d44fc8b6-vmnsd   0m    97Mi   
1783196224
websocket-server-5d44fc8b6-4hm4t   0m    26Mi   
websocket-server-5d44fc8b6-88zs6   46m   25Mi   
websocket-server-5d44fc8b6-ndz8k   0m    26Mi   
websocket-server-5d44fc8b6-rrgd6   49m   98Mi   
websocket-server-5d44fc8b6-s5jkl   0m    26Mi   
websocket-server-5d44fc8b6-vmnsd   0m    97Mi   
1783196229
websocket-server-5d44fc8b6-4hm4t   0m    26Mi   
websocket-server-5d44fc8b6-88zs6   46m   25Mi   
websocket-server-5d44fc8b6-ndz8k   0m    26Mi   
websocket-server-5d44fc8b6-rrgd6   49m   98Mi   
websocket-server-5d44fc8b6-s5jkl   0m    26Mi   
websocket-server-5d44fc8b6-vmnsd   0m    97Mi   
1783196235
websocket-server-5d44fc8b6-4hm4t   0m    26Mi   
websocket-server-5d44fc8b6-88zs6   0m    25Mi   
websocket-server-5d44fc8b6-bvddb   0m    25Mi   
websocket-server-5d44fc8b6-ndz8k   0m    26Mi   
websocket-server-5d44fc8b6-rrgd6   1m    98Mi   
websocket-server-5d44fc8b6-s5jkl   0m    26Mi   
websocket-server-5d44fc8b6-vmnsd   0m    97Mi   
websocket-server-5d44fc8b6-vxc98   53m   25Mi   
1783196240
websocket-server-5d44fc8b6-4hm4t   0m    26Mi   
websocket-server-5d44fc8b6-88zs6   0m    25Mi   
websocket-server-5d44fc8b6-bvddb   0m    25Mi   
websocket-server-5d44fc8b6-ndz8k   0m    26Mi   
websocket-server-5d44fc8b6-rrgd6   1m    98Mi   
websocket-server-5d44fc8b6-s5jkl   0m    26Mi   
websocket-server-5d44fc8b6-vmnsd   0m    97Mi   
websocket-server-5d44fc8b6-vxc98   53m   25Mi   
1783196245
websocket-server-5d44fc8b6-4hm4t   0m    26Mi   
websocket-server-5d44fc8b6-88zs6   0m    25Mi   
websocket-server-5d44fc8b6-bvddb   0m    25Mi   
websocket-server-5d44fc8b6-ndz8k   0m    26Mi   
websocket-server-5d44fc8b6-rrgd6   1m    98Mi   
websocket-server-5d44fc8b6-s5jkl   0m    26Mi   
websocket-server-5d44fc8b6-vmnsd   0m    97Mi   
websocket-server-5d44fc8b6-vxc98   53m   25Mi   
1783196250
websocket-server-5d44fc8b6-4hm4t   0m    26Mi   
websocket-server-5d44fc8b6-88zs6   0m    25Mi   
websocket-server-5d44fc8b6-bvddb   0m    25Mi   
websocket-server-5d44fc8b6-ndz8k   0m    26Mi   
websocket-server-5d44fc8b6-rrgd6   1m    98Mi   
websocket-server-5d44fc8b6-s5jkl   0m    26Mi   
websocket-server-5d44fc8b6-vmnsd   0m    97Mi   
websocket-server-5d44fc8b6-vxc98   0m    25Mi   
1783196255
websocket-server-5d44fc8b6-4hm4t   0m    26Mi   
websocket-server-5d44fc8b6-88zs6   0m    25Mi   
websocket-server-5d44fc8b6-bvddb   0m    25Mi   
websocket-server-5d44fc8b6-ndz8k   0m    26Mi   
websocket-server-5d44fc8b6-rrgd6   1m    98Mi   
websocket-server-5d44fc8b6-s5jkl   0m    26Mi   
websocket-server-5d44fc8b6-vmnsd   0m    97Mi   
websocket-server-5d44fc8b6-vxc98   0m    25Mi   
1783196260
websocket-server-5d44fc8b6-4hm4t   0m    26Mi   
websocket-server-5d44fc8b6-88zs6   0m    25Mi   
websocket-server-5d44fc8b6-bvddb   0m    25Mi   
websocket-server-5d44fc8b6-ndz8k   0m    26Mi   
websocket-server-5d44fc8b6-rrgd6   1m    98Mi   
websocket-server-5d44fc8b6-s5jkl   0m    26Mi   
websocket-server-5d44fc8b6-vmnsd   0m    97Mi   
websocket-server-5d44fc8b6-vxc98   0m    25Mi   
1783196265
websocket-server-5d44fc8b6-4hm4t   0m    26Mi   
websocket-server-5d44fc8b6-88zs6   0m    25Mi   
websocket-server-5d44fc8b6-bvddb   0m    25Mi   
websocket-server-5d44fc8b6-ndz8k   0m    26Mi   
websocket-server-5d44fc8b6-rrgd6   1m    98Mi   
websocket-server-5d44fc8b6-s5jkl   0m    26Mi   
websocket-server-5d44fc8b6-vmnsd   0m    97Mi   
websocket-server-5d44fc8b6-vxc98   0m    25Mi   
1783196270
websocket-server-5d44fc8b6-4hm4t   0m    26Mi   
websocket-server-5d44fc8b6-88zs6   0m    25Mi   
websocket-server-5d44fc8b6-bvddb   0m    25Mi   
websocket-server-5d44fc8b6-ndz8k   0m    26Mi   
websocket-server-5d44fc8b6-rrgd6   1m    98Mi   
websocket-server-5d44fc8b6-s5jkl   0m    26Mi   
websocket-server-5d44fc8b6-vmnsd   0m    97Mi   
websocket-server-5d44fc8b6-vxc98   0m    25Mi   
1783196276
websocket-server-5d44fc8b6-4hm4t   0m    26Mi   
websocket-server-5d44fc8b6-88zs6   0m    25Mi   
websocket-server-5d44fc8b6-bvddb   0m    25Mi   
websocket-server-5d44fc8b6-ndz8k   0m    26Mi   
websocket-server-5d44fc8b6-rrgd6   1m    98Mi   
websocket-server-5d44fc8b6-s5jkl   0m    26Mi   
websocket-server-5d44fc8b6-vmnsd   0m    97Mi   
websocket-server-5d44fc8b6-vxc98   0m    25Mi   
1783196281
websocket-server-5d44fc8b6-4hm4t   0m    26Mi   
websocket-server-5d44fc8b6-88zs6   0m    25Mi   
websocket-server-5d44fc8b6-bvddb   0m    25Mi   
websocket-server-5d44fc8b6-ndz8k   0m    26Mi   
websocket-server-5d44fc8b6-rrgd6   1m    98Mi   
websocket-server-5d44fc8b6-s5jkl   0m    26Mi   
websocket-server-5d44fc8b6-vmnsd   0m    97Mi   
websocket-server-5d44fc8b6-vxc98   0m    25Mi   
1783196286
websocket-server-5d44fc8b6-4hm4t   0m    26Mi   
websocket-server-5d44fc8b6-88zs6   0m    25Mi   
websocket-server-5d44fc8b6-bvddb   0m    25Mi   
websocket-server-5d44fc8b6-ndz8k   0m    26Mi   
websocket-server-5d44fc8b6-rrgd6   1m    98Mi   
websocket-server-5d44fc8b6-s5jkl   0m    26Mi   
websocket-server-5d44fc8b6-vmnsd   0m    97Mi   
websocket-server-5d44fc8b6-vxc98   0m    25Mi   
1783196291
websocket-server-5d44fc8b6-4hm4t   0m    26Mi   
websocket-server-5d44fc8b6-88zs6   0m    25Mi   
websocket-server-5d44fc8b6-bvddb   0m    25Mi   
websocket-server-5d44fc8b6-ndz8k   0m    26Mi   
websocket-server-5d44fc8b6-rrgd6   1m    98Mi   
websocket-server-5d44fc8b6-s5jkl   0m    26Mi   
websocket-server-5d44fc8b6-vmnsd   0m    97Mi   
websocket-server-5d44fc8b6-vxc98   0m    25Mi   
1783196296
websocket-server-5d44fc8b6-4hm4t   0m    26Mi   
websocket-server-5d44fc8b6-88zs6   0m    25Mi   
websocket-server-5d44fc8b6-bvddb   0m    25Mi   
websocket-server-5d44fc8b6-ndz8k   0m    26Mi   
websocket-server-5d44fc8b6-rrgd6   1m    98Mi   
websocket-server-5d44fc8b6-s5jkl   0m    26Mi   
websocket-server-5d44fc8b6-vmnsd   0m    97Mi   
websocket-server-5d44fc8b6-vxc98   0m    25Mi   
1783196301
websocket-server-5d44fc8b6-4hm4t   0m    26Mi   
websocket-server-5d44fc8b6-88zs6   0m    25Mi   
websocket-server-5d44fc8b6-bvddb   0m    25Mi   
websocket-server-5d44fc8b6-ndz8k   0m    26Mi   
websocket-server-5d44fc8b6-rrgd6   1m    98Mi   
websocket-server-5d44fc8b6-s5jkl   0m    26Mi   
websocket-server-5d44fc8b6-vmnsd   0m    97Mi   
websocket-server-5d44fc8b6-vxc98   0m    25Mi   
1783196306
websocket-server-5d44fc8b6-ndz8k   0m    26Mi   
websocket-server-5d44fc8b6-rrgd6   1m    98Mi   
websocket-server-5d44fc8b6-s5jkl   0m    26Mi   
websocket-server-5d44fc8b6-vmnsd   0m    97Mi   
1783196311
websocket-server-5d44fc8b6-ndz8k   0m    26Mi   
websocket-server-5d44fc8b6-rrgd6   1m    97Mi   
websocket-server-5d44fc8b6-s5jkl   0m    26Mi   
websocket-server-5d44fc8b6-vmnsd   0m    97Mi   
1783196316
websocket-server-5d44fc8b6-ndz8k   0m    26Mi   
websocket-server-5d44fc8b6-rrgd6   1m    97Mi   
websocket-server-5d44fc8b6-s5jkl   0m    26Mi   
websocket-server-5d44fc8b6-vmnsd   0m    97Mi   
1783196322
websocket-server-5d44fc8b6-rrgd6   1m    97Mi   
websocket-server-5d44fc8b6-vmnsd   0m    97Mi   
