1781211710
websocket-server-8585946c55-9dtwm   1m    27Mi   
websocket-server-8585946c55-zv5h4   1m    28Mi   
1781211715
websocket-server-8585946c55-9dtwm   1m    27Mi   
websocket-server-8585946c55-zv5h4   1m    28Mi   
1781211720
websocket-server-8585946c55-9dtwm   1m    27Mi   
websocket-server-8585946c55-zv5h4   1m    28Mi   
1781211725
websocket-server-8585946c55-9dtwm   1m    27Mi   
websocket-server-8585946c55-zv5h4   1m    28Mi   
1781211730
websocket-server-8585946c55-9dtwm   1m    28Mi   
websocket-server-8585946c55-zv5h4   1m    28Mi   
1781211735
websocket-server-8585946c55-9dtwm   1m    28Mi   
websocket-server-8585946c55-zv5h4   1m    28Mi   
1781211740
websocket-server-8585946c55-9dtwm   1m    28Mi   
websocket-server-8585946c55-zv5h4   1m    28Mi   
1781211745
websocket-server-8585946c55-9dtwm   12m   30Mi   
websocket-server-8585946c55-zv5h4   4m    28Mi   
1781211750
websocket-server-8585946c55-9dtwm   12m   30Mi   
websocket-server-8585946c55-zv5h4   4m    28Mi   
1781211755
websocket-server-8585946c55-9dtwm   12m   30Mi   
websocket-server-8585946c55-zv5h4   4m    28Mi   
1781211760
websocket-server-8585946c55-9dtwm   47m   33Mi   
websocket-server-8585946c55-zv5h4   52m   36Mi   
1781211765
websocket-server-8585946c55-9dtwm   47m   33Mi   
websocket-server-8585946c55-zv5h4   52m   36Mi   
1781211770
websocket-server-8585946c55-9dtwm   47m   33Mi   
websocket-server-8585946c55-zv5h4   52m   36Mi   
1781211776
websocket-server-8585946c55-9dtwm   84m   38Mi   
websocket-server-8585946c55-zv5h4   52m   36Mi   
1781211781
websocket-server-8585946c55-9dtwm   84m   38Mi   
websocket-server-8585946c55-zv5h4   52m   36Mi   
1781211786
websocket-server-8585946c55-9dtwm   84m   38Mi   
websocket-server-8585946c55-zv5h4   52m   36Mi   
1781211791
websocket-server-8585946c55-9dtwm   122m   41Mi   
websocket-server-8585946c55-zv5h4   117m   40Mi   
1781211796
websocket-server-8585946c55-9dtwm   122m   41Mi   
websocket-server-8585946c55-zv5h4   117m   40Mi   
1781211801
websocket-server-8585946c55-9dtwm   122m   41Mi   
websocket-server-8585946c55-zv5h4   117m   40Mi   
1781211806
websocket-server-8585946c55-5zhdr   18m    30Mi   
websocket-server-8585946c55-9dtwm   162m   45Mi   
websocket-server-8585946c55-zv5h4   152m   43Mi   
1781211811
websocket-server-8585946c55-5zhdr   18m    30Mi   
websocket-server-8585946c55-9dtwm   162m   45Mi   
websocket-server-8585946c55-zv5h4   152m   43Mi   
1781211816
websocket-server-8585946c55-5zhdr   18m    30Mi   
websocket-server-8585946c55-9dtwm   162m   45Mi   
websocket-server-8585946c55-zv5h4   152m   43Mi   
1781211821
websocket-server-8585946c55-5zhdr   33m    31Mi   
websocket-server-8585946c55-9dtwm   162m   45Mi   
websocket-server-8585946c55-fhqvp   31m    28Mi   
websocket-server-8585946c55-zv5h4   176m   46Mi   
1781211826
websocket-server-8585946c55-5zhdr   33m    31Mi   
websocket-server-8585946c55-9dtwm   162m   45Mi   
websocket-server-8585946c55-fhqvp   31m    28Mi   
websocket-server-8585946c55-zv5h4   176m   46Mi   
1781211831
websocket-server-8585946c55-5zhdr   33m    31Mi   
websocket-server-8585946c55-9dtwm   162m   45Mi   
websocket-server-8585946c55-fhqvp   31m    28Mi   
websocket-server-8585946c55-zv5h4   176m   46Mi   
1781211836
websocket-server-8585946c55-5zhdr   46m    32Mi   
websocket-server-8585946c55-9dmrg   2m     27Mi   
websocket-server-8585946c55-9dtwm   182m   47Mi   
websocket-server-8585946c55-fhqvp   27m    30Mi   
websocket-server-8585946c55-w7ssr   26m    27Mi   
websocket-server-8585946c55-zv5h4   191m   46Mi   
1781211841
websocket-server-8585946c55-5zhdr   46m    32Mi   
websocket-server-8585946c55-9dmrg   2m     27Mi   
websocket-server-8585946c55-9dtwm   182m   47Mi   
websocket-server-8585946c55-fhqvp   27m    30Mi   
websocket-server-8585946c55-w7ssr   26m    27Mi   
websocket-server-8585946c55-zv5h4   191m   46Mi   
1781211846
websocket-server-8585946c55-5zhdr   46m    32Mi   
websocket-server-8585946c55-9dmrg   2m     27Mi   
websocket-server-8585946c55-9dtwm   182m   47Mi   
websocket-server-8585946c55-fhqvp   27m    30Mi   
websocket-server-8585946c55-w7ssr   26m    27Mi   
websocket-server-8585946c55-zv5h4   191m   46Mi   
1781211851
websocket-server-8585946c55-5zhdr   47m    32Mi   
websocket-server-8585946c55-9dmrg   2m     27Mi   
websocket-server-8585946c55-9dtwm   191m   48Mi   
websocket-server-8585946c55-fhqvp   28m    29Mi   
websocket-server-8585946c55-w7ssr   3m     28Mi   
websocket-server-8585946c55-zv5h4   191m   46Mi   
1781211856
websocket-server-8585946c55-5zhdr   47m    32Mi   
websocket-server-8585946c55-9dmrg   2m     27Mi   
websocket-server-8585946c55-9dtwm   191m   48Mi   
websocket-server-8585946c55-fhqvp   28m    29Mi   
websocket-server-8585946c55-w7ssr   3m     28Mi   
websocket-server-8585946c55-zv5h4   191m   46Mi   
1781211861
websocket-server-8585946c55-5zhdr   47m    32Mi   
websocket-server-8585946c55-9dmrg   2m     27Mi   
websocket-server-8585946c55-9dtwm   191m   48Mi   
websocket-server-8585946c55-fhqvp   28m    29Mi   
websocket-server-8585946c55-w7ssr   3m     28Mi   
websocket-server-8585946c55-zv5h4   191m   46Mi   
1781211866
websocket-server-8585946c55-5zhdr   4m     32Mi   
websocket-server-8585946c55-9dmrg   2m     27Mi   
websocket-server-8585946c55-9dtwm   104m   47Mi   
websocket-server-8585946c55-fhqvp   14m    29Mi   
websocket-server-8585946c55-q9mr2   18m    27Mi   
websocket-server-8585946c55-v2kxc   17m    27Mi   
websocket-server-8585946c55-w7ssr   2m     28Mi   
websocket-server-8585946c55-zv5h4   128m   46Mi   
1781211871
websocket-server-8585946c55-5zhdr   4m     32Mi   
websocket-server-8585946c55-9dmrg   2m     27Mi   
websocket-server-8585946c55-9dtwm   104m   47Mi   
websocket-server-8585946c55-fhqvp   14m    29Mi   
websocket-server-8585946c55-q9mr2   18m    27Mi   
websocket-server-8585946c55-v2kxc   17m    27Mi   
websocket-server-8585946c55-w7ssr   2m     28Mi   
websocket-server-8585946c55-zv5h4   128m   46Mi   
1781211877
websocket-server-8585946c55-5zhdr   4m     32Mi   
websocket-server-8585946c55-9dmrg   2m     27Mi   
websocket-server-8585946c55-9dtwm   104m   47Mi   
websocket-server-8585946c55-fhqvp   14m    29Mi   
websocket-server-8585946c55-q9mr2   18m    27Mi   
websocket-server-8585946c55-v2kxc   17m    27Mi   
websocket-server-8585946c55-w7ssr   2m     28Mi   
websocket-server-8585946c55-zv5h4   128m   46Mi   
1781211882
websocket-server-8585946c55-5zhdr   2m    31Mi   
websocket-server-8585946c55-9dmrg   1m    27Mi   
websocket-server-8585946c55-9dtwm   5m    47Mi   
websocket-server-8585946c55-fhqvp   1m    29Mi   
websocket-server-8585946c55-q9mr2   1m    27Mi   
websocket-server-8585946c55-v2kxc   1m    27Mi   
websocket-server-8585946c55-w7ssr   1m    28Mi   
websocket-server-8585946c55-zv5h4   5m    46Mi   
1781211887
websocket-server-8585946c55-5zhdr   2m    31Mi   
websocket-server-8585946c55-9dmrg   1m    27Mi   
websocket-server-8585946c55-9dtwm   5m    47Mi   
websocket-server-8585946c55-fhqvp   1m    29Mi   
websocket-server-8585946c55-q9mr2   1m    27Mi   
websocket-server-8585946c55-v2kxc   1m    27Mi   
websocket-server-8585946c55-w7ssr   1m    28Mi   
websocket-server-8585946c55-zv5h4   5m    46Mi   
1781211892
websocket-server-8585946c55-5zhdr   2m    31Mi   
websocket-server-8585946c55-9dmrg   1m    27Mi   
websocket-server-8585946c55-9dtwm   5m    47Mi   
websocket-server-8585946c55-fhqvp   1m    29Mi   
websocket-server-8585946c55-q9mr2   1m    27Mi   
websocket-server-8585946c55-v2kxc   1m    27Mi   
websocket-server-8585946c55-w7ssr   1m    28Mi   
websocket-server-8585946c55-zv5h4   5m    46Mi   
1781211897
websocket-server-8585946c55-5zhdr   2m    31Mi   
websocket-server-8585946c55-9dmrg   1m    27Mi   
websocket-server-8585946c55-9dtwm   5m    47Mi   
websocket-server-8585946c55-fhqvp   1m    30Mi   
websocket-server-8585946c55-q9mr2   1m    27Mi   
websocket-server-8585946c55-v2kxc   1m    27Mi   
websocket-server-8585946c55-w7ssr   1m    28Mi   
websocket-server-8585946c55-zv5h4   5m    47Mi   
1781211902
websocket-server-8585946c55-5zhdr   2m    31Mi   
websocket-server-8585946c55-9dmrg   1m    27Mi   
websocket-server-8585946c55-9dtwm   5m    47Mi   
websocket-server-8585946c55-fhqvp   1m    30Mi   
websocket-server-8585946c55-q9mr2   1m    27Mi   
websocket-server-8585946c55-v2kxc   1m    27Mi   
websocket-server-8585946c55-w7ssr   1m    28Mi   
websocket-server-8585946c55-zv5h4   5m    47Mi   
1781211907
websocket-server-8585946c55-5zhdr   2m    31Mi   
websocket-server-8585946c55-9dmrg   1m    27Mi   
websocket-server-8585946c55-9dtwm   5m    47Mi   
websocket-server-8585946c55-fhqvp   1m    30Mi   
websocket-server-8585946c55-q9mr2   1m    27Mi   
websocket-server-8585946c55-v2kxc   1m    27Mi   
websocket-server-8585946c55-w7ssr   1m    28Mi   
websocket-server-8585946c55-zv5h4   5m    47Mi   
1781211912
websocket-server-8585946c55-5zhdr   2m    31Mi   
websocket-server-8585946c55-9dmrg   1m    27Mi   
websocket-server-8585946c55-9dtwm   5m    47Mi   
websocket-server-8585946c55-fhqvp   1m    29Mi   
websocket-server-8585946c55-q9mr2   1m    27Mi   
websocket-server-8585946c55-v2kxc   1m    27Mi   
websocket-server-8585946c55-w7ssr   1m    28Mi   
websocket-server-8585946c55-zv5h4   5m    46Mi   
1781211917
websocket-server-8585946c55-5zhdr   2m    31Mi   
websocket-server-8585946c55-9dmrg   1m    27Mi   
websocket-server-8585946c55-9dtwm   5m    47Mi   
websocket-server-8585946c55-fhqvp   1m    29Mi   
websocket-server-8585946c55-q9mr2   1m    27Mi   
websocket-server-8585946c55-v2kxc   1m    27Mi   
websocket-server-8585946c55-w7ssr   1m    28Mi   
websocket-server-8585946c55-zv5h4   5m    46Mi   
1781211922
websocket-server-8585946c55-5zhdr   2m    31Mi   
websocket-server-8585946c55-9dmrg   1m    27Mi   
websocket-server-8585946c55-9dtwm   5m    47Mi   
websocket-server-8585946c55-fhqvp   1m    29Mi   
websocket-server-8585946c55-q9mr2   1m    27Mi   
websocket-server-8585946c55-v2kxc   1m    27Mi   
websocket-server-8585946c55-w7ssr   1m    28Mi   
websocket-server-8585946c55-zv5h4   5m    46Mi   
1781211927
websocket-server-8585946c55-5zhdr   2m    32Mi   
websocket-server-8585946c55-9dmrg   1m    27Mi   
websocket-server-8585946c55-9dtwm   5m    47Mi   
websocket-server-8585946c55-fhqvp   1m    30Mi   
websocket-server-8585946c55-q9mr2   1m    27Mi   
websocket-server-8585946c55-v2kxc   1m    27Mi   
websocket-server-8585946c55-w7ssr   1m    28Mi   
websocket-server-8585946c55-zv5h4   5m    46Mi   
1781211932
websocket-server-8585946c55-5zhdr   2m    32Mi   
websocket-server-8585946c55-9dmrg   1m    27Mi   
websocket-server-8585946c55-9dtwm   5m    47Mi   
websocket-server-8585946c55-fhqvp   1m    30Mi   
websocket-server-8585946c55-q9mr2   1m    27Mi   
websocket-server-8585946c55-v2kxc   1m    27Mi   
websocket-server-8585946c55-w7ssr   1m    28Mi   
websocket-server-8585946c55-zv5h4   5m    46Mi   
1781211937
websocket-server-8585946c55-5zhdr   2m    32Mi   
websocket-server-8585946c55-9dmrg   1m    27Mi   
websocket-server-8585946c55-9dtwm   5m    47Mi   
websocket-server-8585946c55-fhqvp   1m    30Mi   
websocket-server-8585946c55-q9mr2   1m    27Mi   
websocket-server-8585946c55-v2kxc   1m    27Mi   
websocket-server-8585946c55-w7ssr   1m    28Mi   
websocket-server-8585946c55-zv5h4   5m    46Mi   
1781211942
websocket-server-8585946c55-5zhdr   2m    31Mi   
websocket-server-8585946c55-9dmrg   1m    27Mi   
websocket-server-8585946c55-9dtwm   5m    47Mi   
websocket-server-8585946c55-fhqvp   1m    29Mi   
websocket-server-8585946c55-q9mr2   1m    27Mi   
websocket-server-8585946c55-v2kxc   1m    27Mi   
websocket-server-8585946c55-w7ssr   1m    28Mi   
websocket-server-8585946c55-zv5h4   5m    46Mi   
1781211947
websocket-server-8585946c55-5zhdr   2m    31Mi   
websocket-server-8585946c55-9dmrg   1m    27Mi   
websocket-server-8585946c55-9dtwm   5m    47Mi   
websocket-server-8585946c55-fhqvp   1m    29Mi   
websocket-server-8585946c55-q9mr2   1m    27Mi   
websocket-server-8585946c55-v2kxc   1m    27Mi   
websocket-server-8585946c55-w7ssr   1m    28Mi   
websocket-server-8585946c55-zv5h4   5m    46Mi   
1781211952
websocket-server-8585946c55-5zhdr   2m    31Mi   
websocket-server-8585946c55-9dmrg   1m    27Mi   
websocket-server-8585946c55-9dtwm   5m    47Mi   
websocket-server-8585946c55-fhqvp   1m    29Mi   
websocket-server-8585946c55-q9mr2   1m    27Mi   
websocket-server-8585946c55-v2kxc   1m    27Mi   
websocket-server-8585946c55-w7ssr   1m    28Mi   
websocket-server-8585946c55-zv5h4   5m    46Mi   
1781211957
websocket-server-8585946c55-5zhdr   2m    32Mi   
websocket-server-8585946c55-9dmrg   1m    27Mi   
websocket-server-8585946c55-9dtwm   5m    47Mi   
websocket-server-8585946c55-fhqvp   1m    29Mi   
websocket-server-8585946c55-q9mr2   0m    27Mi   
websocket-server-8585946c55-v2kxc   1m    27Mi   
websocket-server-8585946c55-w7ssr   1m    28Mi   
websocket-server-8585946c55-zv5h4   5m    46Mi   
1781211962
websocket-server-8585946c55-5zhdr   2m    32Mi   
websocket-server-8585946c55-9dmrg   1m    27Mi   
websocket-server-8585946c55-9dtwm   5m    47Mi   
websocket-server-8585946c55-fhqvp   1m    29Mi   
websocket-server-8585946c55-q9mr2   0m    27Mi   
websocket-server-8585946c55-v2kxc   1m    27Mi   
websocket-server-8585946c55-w7ssr   1m    28Mi   
websocket-server-8585946c55-zv5h4   5m    46Mi   
1781211967
websocket-server-8585946c55-5zhdr   2m    32Mi   
websocket-server-8585946c55-9dmrg   1m    27Mi   
websocket-server-8585946c55-9dtwm   5m    47Mi   
websocket-server-8585946c55-fhqvp   1m    29Mi   
websocket-server-8585946c55-q9mr2   0m    27Mi   
websocket-server-8585946c55-v2kxc   1m    27Mi   
websocket-server-8585946c55-w7ssr   1m    28Mi   
websocket-server-8585946c55-zv5h4   5m    46Mi   
1781211972
websocket-server-8585946c55-5zhdr   2m    32Mi   
websocket-server-8585946c55-9dmrg   1m    27Mi   
websocket-server-8585946c55-9dtwm   5m    47Mi   
websocket-server-8585946c55-fhqvp   1m    29Mi   
websocket-server-8585946c55-q9mr2   0m    27Mi   
websocket-server-8585946c55-v2kxc   1m    27Mi   
websocket-server-8585946c55-w7ssr   1m    28Mi   
websocket-server-8585946c55-zv5h4   5m    46Mi   
1781211977
websocket-server-8585946c55-5zhdr   2m    32Mi   
websocket-server-8585946c55-9dmrg   1m    27Mi   
websocket-server-8585946c55-9dtwm   5m    47Mi   
websocket-server-8585946c55-fhqvp   1m    29Mi   
websocket-server-8585946c55-q9mr2   0m    27Mi   
websocket-server-8585946c55-v2kxc   1m    27Mi   
websocket-server-8585946c55-w7ssr   1m    28Mi   
websocket-server-8585946c55-zv5h4   5m    46Mi   
1781211983
websocket-server-8585946c55-5zhdr   2m    32Mi   
websocket-server-8585946c55-9dmrg   1m    27Mi   
websocket-server-8585946c55-9dtwm   5m    47Mi   
websocket-server-8585946c55-fhqvp   1m    29Mi   
websocket-server-8585946c55-q9mr2   0m    27Mi   
websocket-server-8585946c55-v2kxc   1m    27Mi   
websocket-server-8585946c55-w7ssr   1m    28Mi   
websocket-server-8585946c55-zv5h4   5m    46Mi   
1781211988
websocket-server-8585946c55-5zhdr   2m    32Mi   
websocket-server-8585946c55-9dmrg   1m    27Mi   
websocket-server-8585946c55-9dtwm   5m    47Mi   
websocket-server-8585946c55-fhqvp   1m    29Mi   
websocket-server-8585946c55-q9mr2   1m    27Mi   
websocket-server-8585946c55-v2kxc   1m    27Mi   
websocket-server-8585946c55-w7ssr   1m    28Mi   
websocket-server-8585946c55-zv5h4   5m    46Mi   
1781211993
websocket-server-8585946c55-5zhdr   2m    32Mi   
websocket-server-8585946c55-9dmrg   1m    27Mi   
websocket-server-8585946c55-9dtwm   5m    47Mi   
websocket-server-8585946c55-fhqvp   1m    29Mi   
websocket-server-8585946c55-q9mr2   1m    27Mi   
websocket-server-8585946c55-v2kxc   1m    27Mi   
websocket-server-8585946c55-w7ssr   1m    28Mi   
websocket-server-8585946c55-zv5h4   5m    46Mi   
1781211998
websocket-server-8585946c55-5zhdr   2m    32Mi   
websocket-server-8585946c55-9dmrg   1m    27Mi   
websocket-server-8585946c55-9dtwm   5m    47Mi   
websocket-server-8585946c55-fhqvp   1m    29Mi   
websocket-server-8585946c55-q9mr2   1m    27Mi   
websocket-server-8585946c55-v2kxc   1m    27Mi   
websocket-server-8585946c55-w7ssr   1m    28Mi   
websocket-server-8585946c55-zv5h4   5m    46Mi   
1781212003
websocket-server-8585946c55-5zhdr   2m    31Mi   
websocket-server-8585946c55-9dmrg   1m    27Mi   
websocket-server-8585946c55-9dtwm   5m    47Mi   
websocket-server-8585946c55-fhqvp   1m    30Mi   
websocket-server-8585946c55-q9mr2   1m    27Mi   
websocket-server-8585946c55-v2kxc   1m    27Mi   
websocket-server-8585946c55-w7ssr   1m    28Mi   
websocket-server-8585946c55-zv5h4   5m    46Mi   
1781212008
websocket-server-8585946c55-5zhdr   2m    31Mi   
websocket-server-8585946c55-9dmrg   1m    27Mi   
websocket-server-8585946c55-9dtwm   5m    47Mi   
websocket-server-8585946c55-fhqvp   1m    30Mi   
websocket-server-8585946c55-q9mr2   1m    27Mi   
websocket-server-8585946c55-v2kxc   1m    27Mi   
websocket-server-8585946c55-w7ssr   1m    28Mi   
websocket-server-8585946c55-zv5h4   5m    46Mi   
1781212013
websocket-server-8585946c55-5zhdr   2m    31Mi   
websocket-server-8585946c55-9dmrg   1m    27Mi   
websocket-server-8585946c55-9dtwm   5m    47Mi   
websocket-server-8585946c55-fhqvp   1m    30Mi   
websocket-server-8585946c55-q9mr2   1m    27Mi   
websocket-server-8585946c55-v2kxc   1m    27Mi   
websocket-server-8585946c55-w7ssr   1m    28Mi   
websocket-server-8585946c55-zv5h4   5m    46Mi   
1781212018
websocket-server-8585946c55-5zhdr   2m    32Mi   
websocket-server-8585946c55-9dmrg   1m    27Mi   
websocket-server-8585946c55-9dtwm   5m    47Mi   
websocket-server-8585946c55-fhqvp   1m    30Mi   
websocket-server-8585946c55-q9mr2   1m    27Mi   
websocket-server-8585946c55-v2kxc   0m    27Mi   
websocket-server-8585946c55-w7ssr   1m    28Mi   
websocket-server-8585946c55-zv5h4   5m    46Mi   
1781212023
websocket-server-8585946c55-5zhdr   2m    32Mi   
websocket-server-8585946c55-9dmrg   1m    27Mi   
websocket-server-8585946c55-9dtwm   5m    47Mi   
websocket-server-8585946c55-fhqvp   1m    30Mi   
websocket-server-8585946c55-q9mr2   1m    27Mi   
websocket-server-8585946c55-v2kxc   0m    27Mi   
websocket-server-8585946c55-w7ssr   1m    28Mi   
websocket-server-8585946c55-zv5h4   5m    46Mi   
1781212028
websocket-server-8585946c55-5zhdr   2m    31Mi   
websocket-server-8585946c55-9dmrg   1m    27Mi   
websocket-server-8585946c55-9dtwm   5m    47Mi   
websocket-server-8585946c55-fhqvp   1m    29Mi   
websocket-server-8585946c55-q9mr2   1m    27Mi   
websocket-server-8585946c55-v2kxc   1m    27Mi   
websocket-server-8585946c55-w7ssr   1m    28Mi   
websocket-server-8585946c55-zv5h4   5m    46Mi   
1781212033
websocket-server-8585946c55-5zhdr   2m    31Mi   
websocket-server-8585946c55-9dmrg   1m    27Mi   
websocket-server-8585946c55-9dtwm   5m    47Mi   
websocket-server-8585946c55-fhqvp   1m    29Mi   
websocket-server-8585946c55-q9mr2   1m    27Mi   
websocket-server-8585946c55-v2kxc   1m    27Mi   
websocket-server-8585946c55-w7ssr   1m    28Mi   
websocket-server-8585946c55-zv5h4   5m    46Mi   
1781212038
websocket-server-8585946c55-5zhdr   2m    31Mi   
websocket-server-8585946c55-9dmrg   1m    27Mi   
websocket-server-8585946c55-9dtwm   5m    47Mi   
websocket-server-8585946c55-fhqvp   1m    29Mi   
websocket-server-8585946c55-q9mr2   1m    27Mi   
websocket-server-8585946c55-v2kxc   1m    27Mi   
websocket-server-8585946c55-w7ssr   1m    28Mi   
websocket-server-8585946c55-zv5h4   5m    46Mi   
1781212043
websocket-server-8585946c55-5zhdr   2m    31Mi   
websocket-server-8585946c55-9dmrg   1m    27Mi   
websocket-server-8585946c55-9dtwm   5m    47Mi   
websocket-server-8585946c55-fhqvp   1m    30Mi   
websocket-server-8585946c55-q9mr2   1m    27Mi   
websocket-server-8585946c55-v2kxc   1m    27Mi   
websocket-server-8585946c55-w7ssr   1m    28Mi   
websocket-server-8585946c55-zv5h4   5m    47Mi   
1781212048
websocket-server-8585946c55-5zhdr   2m    31Mi   
websocket-server-8585946c55-9dmrg   1m    27Mi   
websocket-server-8585946c55-9dtwm   5m    47Mi   
websocket-server-8585946c55-fhqvp   1m    30Mi   
websocket-server-8585946c55-q9mr2   1m    27Mi   
websocket-server-8585946c55-v2kxc   1m    27Mi   
websocket-server-8585946c55-w7ssr   1m    28Mi   
websocket-server-8585946c55-zv5h4   5m    47Mi   
1781212053
websocket-server-8585946c55-5zhdr   2m    31Mi   
websocket-server-8585946c55-9dmrg   1m    27Mi   
websocket-server-8585946c55-9dtwm   5m    47Mi   
websocket-server-8585946c55-fhqvp   1m    30Mi   
websocket-server-8585946c55-q9mr2   1m    27Mi   
websocket-server-8585946c55-v2kxc   1m    27Mi   
websocket-server-8585946c55-w7ssr   1m    28Mi   
websocket-server-8585946c55-zv5h4   5m    47Mi   
1781212058
websocket-server-8585946c55-5zhdr   2m    32Mi   
websocket-server-8585946c55-9dmrg   1m    27Mi   
websocket-server-8585946c55-9dtwm   5m    47Mi   
websocket-server-8585946c55-fhqvp   1m    29Mi   
websocket-server-8585946c55-q9mr2   1m    27Mi   
websocket-server-8585946c55-v2kxc   1m    27Mi   
websocket-server-8585946c55-w7ssr   0m    28Mi   
websocket-server-8585946c55-zv5h4   5m    46Mi   
1781212063
websocket-server-8585946c55-5zhdr   2m    32Mi   
websocket-server-8585946c55-9dmrg   1m    27Mi   
websocket-server-8585946c55-9dtwm   5m    47Mi   
websocket-server-8585946c55-fhqvp   1m    29Mi   
websocket-server-8585946c55-q9mr2   1m    27Mi   
websocket-server-8585946c55-v2kxc   1m    27Mi   
websocket-server-8585946c55-w7ssr   0m    28Mi   
websocket-server-8585946c55-zv5h4   5m    46Mi   
1781212068
websocket-server-8585946c55-5zhdr   2m    32Mi   
websocket-server-8585946c55-9dmrg   1m    27Mi   
websocket-server-8585946c55-9dtwm   5m    47Mi   
websocket-server-8585946c55-fhqvp   1m    29Mi   
websocket-server-8585946c55-q9mr2   1m    27Mi   
websocket-server-8585946c55-v2kxc   1m    27Mi   
websocket-server-8585946c55-w7ssr   0m    28Mi   
websocket-server-8585946c55-zv5h4   5m    46Mi   
1781212073
websocket-server-8585946c55-5zhdr   2m    32Mi   
websocket-server-8585946c55-9dmrg   1m    27Mi   
websocket-server-8585946c55-9dtwm   5m    47Mi   
websocket-server-8585946c55-fhqvp   1m    30Mi   
websocket-server-8585946c55-q9mr2   1m    27Mi   
websocket-server-8585946c55-v2kxc   1m    27Mi   
websocket-server-8585946c55-w7ssr   0m    28Mi   
websocket-server-8585946c55-zv5h4   5m    47Mi   
1781212078
websocket-server-8585946c55-5zhdr   2m    32Mi   
websocket-server-8585946c55-9dmrg   1m    27Mi   
websocket-server-8585946c55-9dtwm   5m    47Mi   
websocket-server-8585946c55-fhqvp   1m    30Mi   
websocket-server-8585946c55-q9mr2   1m    27Mi   
websocket-server-8585946c55-v2kxc   1m    27Mi   
websocket-server-8585946c55-w7ssr   0m    28Mi   
websocket-server-8585946c55-zv5h4   5m    47Mi   
1781212083
websocket-server-8585946c55-5zhdr   2m    32Mi   
websocket-server-8585946c55-9dmrg   1m    27Mi   
websocket-server-8585946c55-9dtwm   5m    47Mi   
websocket-server-8585946c55-fhqvp   1m    30Mi   
websocket-server-8585946c55-q9mr2   1m    27Mi   
websocket-server-8585946c55-v2kxc   1m    27Mi   
websocket-server-8585946c55-w7ssr   0m    28Mi   
websocket-server-8585946c55-zv5h4   5m    47Mi   
1781212088
websocket-server-8585946c55-5zhdr   2m    32Mi   
websocket-server-8585946c55-9dmrg   1m    27Mi   
websocket-server-8585946c55-9dtwm   5m    47Mi   
websocket-server-8585946c55-fhqvp   1m    29Mi   
websocket-server-8585946c55-q9mr2   1m    27Mi   
websocket-server-8585946c55-v2kxc   0m    27Mi   
websocket-server-8585946c55-w7ssr   1m    28Mi   
websocket-server-8585946c55-zv5h4   5m    46Mi   
1781212094
websocket-server-8585946c55-5zhdr   2m    32Mi   
websocket-server-8585946c55-9dmrg   1m    27Mi   
websocket-server-8585946c55-9dtwm   5m    47Mi   
websocket-server-8585946c55-fhqvp   1m    29Mi   
websocket-server-8585946c55-q9mr2   1m    27Mi   
websocket-server-8585946c55-v2kxc   0m    27Mi   
websocket-server-8585946c55-w7ssr   1m    28Mi   
websocket-server-8585946c55-zv5h4   5m    46Mi   
1781212099
websocket-server-8585946c55-5zhdr   2m    32Mi   
websocket-server-8585946c55-9dmrg   1m    27Mi   
websocket-server-8585946c55-9dtwm   5m    47Mi   
websocket-server-8585946c55-fhqvp   1m    29Mi   
websocket-server-8585946c55-q9mr2   1m    27Mi   
websocket-server-8585946c55-v2kxc   0m    27Mi   
websocket-server-8585946c55-w7ssr   1m    28Mi   
websocket-server-8585946c55-zv5h4   5m    46Mi   
1781212104
websocket-server-8585946c55-5zhdr   2m    32Mi   
websocket-server-8585946c55-9dmrg   1m    27Mi   
websocket-server-8585946c55-9dtwm   5m    47Mi   
websocket-server-8585946c55-fhqvp   1m    30Mi   
websocket-server-8585946c55-q9mr2   1m    27Mi   
websocket-server-8585946c55-v2kxc   1m    27Mi   
websocket-server-8585946c55-w7ssr   1m    28Mi   
websocket-server-8585946c55-zv5h4   5m    46Mi   
1781212109
websocket-server-8585946c55-5zhdr   2m    32Mi   
websocket-server-8585946c55-9dmrg   1m    27Mi   
websocket-server-8585946c55-9dtwm   5m    47Mi   
websocket-server-8585946c55-fhqvp   1m    30Mi   
websocket-server-8585946c55-q9mr2   1m    27Mi   
websocket-server-8585946c55-v2kxc   1m    27Mi   
websocket-server-8585946c55-w7ssr   1m    28Mi   
websocket-server-8585946c55-zv5h4   5m    46Mi   
1781212114
websocket-server-8585946c55-5zhdr   2m    32Mi   
websocket-server-8585946c55-9dmrg   1m    27Mi   
websocket-server-8585946c55-9dtwm   5m    47Mi   
websocket-server-8585946c55-fhqvp   1m    30Mi   
websocket-server-8585946c55-q9mr2   1m    27Mi   
websocket-server-8585946c55-v2kxc   1m    27Mi   
websocket-server-8585946c55-w7ssr   1m    28Mi   
websocket-server-8585946c55-zv5h4   5m    46Mi   
1781212119
websocket-server-8585946c55-5zhdr   2m    32Mi   
websocket-server-8585946c55-9dmrg   1m    27Mi   
websocket-server-8585946c55-9dtwm   5m    47Mi   
websocket-server-8585946c55-fhqvp   1m    29Mi   
websocket-server-8585946c55-q9mr2   1m    27Mi   
websocket-server-8585946c55-v2kxc   1m    27Mi   
websocket-server-8585946c55-w7ssr   1m    28Mi   
websocket-server-8585946c55-zv5h4   5m    46Mi   
1781212124
websocket-server-8585946c55-5zhdr   2m    32Mi   
websocket-server-8585946c55-9dmrg   1m    27Mi   
websocket-server-8585946c55-9dtwm   5m    47Mi   
websocket-server-8585946c55-fhqvp   1m    29Mi   
websocket-server-8585946c55-q9mr2   1m    27Mi   
websocket-server-8585946c55-v2kxc   1m    27Mi   
websocket-server-8585946c55-w7ssr   1m    28Mi   
websocket-server-8585946c55-zv5h4   5m    46Mi   
1781212129
websocket-server-8585946c55-5zhdr   2m    32Mi   
websocket-server-8585946c55-9dmrg   1m    27Mi   
websocket-server-8585946c55-9dtwm   5m    47Mi   
websocket-server-8585946c55-fhqvp   1m    29Mi   
websocket-server-8585946c55-q9mr2   1m    27Mi   
websocket-server-8585946c55-v2kxc   1m    27Mi   
websocket-server-8585946c55-w7ssr   1m    28Mi   
websocket-server-8585946c55-zv5h4   5m    46Mi   
1781212134
websocket-server-8585946c55-5zhdr   2m    32Mi   
websocket-server-8585946c55-9dmrg   1m    27Mi   
websocket-server-8585946c55-9dtwm   5m    47Mi   
websocket-server-8585946c55-fhqvp   1m    29Mi   
websocket-server-8585946c55-q9mr2   1m    27Mi   
websocket-server-8585946c55-v2kxc   1m    27Mi   
websocket-server-8585946c55-w7ssr   1m    28Mi   
websocket-server-8585946c55-zv5h4   5m    46Mi   
1781212139
websocket-server-8585946c55-5zhdr   2m    32Mi   
websocket-server-8585946c55-9dmrg   1m    27Mi   
websocket-server-8585946c55-9dtwm   5m    47Mi   
websocket-server-8585946c55-fhqvp   1m    29Mi   
websocket-server-8585946c55-q9mr2   1m    27Mi   
websocket-server-8585946c55-v2kxc   1m    27Mi   
websocket-server-8585946c55-w7ssr   1m    28Mi   
websocket-server-8585946c55-zv5h4   5m    46Mi   
1781212144
websocket-server-8585946c55-5zhdr   2m    32Mi   
websocket-server-8585946c55-9dmrg   1m    27Mi   
websocket-server-8585946c55-9dtwm   5m    47Mi   
websocket-server-8585946c55-fhqvp   1m    29Mi   
websocket-server-8585946c55-q9mr2   1m    27Mi   
websocket-server-8585946c55-v2kxc   1m    27Mi   
websocket-server-8585946c55-w7ssr   1m    28Mi   
websocket-server-8585946c55-zv5h4   5m    46Mi   
