1781212880
websocket-server-8585946c55-f8ccg   19m   27Mi   
websocket-server-8585946c55-hthlh   1m    27Mi   
1781212885
websocket-server-8585946c55-f8ccg   0m    27Mi   
websocket-server-8585946c55-hthlh   1m    27Mi   
1781212890
websocket-server-8585946c55-f8ccg   0m    27Mi   
websocket-server-8585946c55-hthlh   1m    27Mi   
1781212895
websocket-server-8585946c55-f8ccg   0m    27Mi   
websocket-server-8585946c55-hthlh   1m    27Mi   
1781212900
websocket-server-8585946c55-f8ccg   1m    27Mi   
websocket-server-8585946c55-hthlh   1m    27Mi   
1781212905
websocket-server-8585946c55-f8ccg   1m    27Mi   
websocket-server-8585946c55-hthlh   1m    27Mi   
1781212910
websocket-server-8585946c55-f8ccg   1m    27Mi   
websocket-server-8585946c55-hthlh   1m    27Mi   
1781212915
websocket-server-8585946c55-f8ccg   14m   29Mi   
websocket-server-8585946c55-hthlh   17m   31Mi   
1781212920
websocket-server-8585946c55-f8ccg   14m   29Mi   
websocket-server-8585946c55-hthlh   17m   31Mi   
1781212925
websocket-server-8585946c55-f8ccg   14m   29Mi   
websocket-server-8585946c55-hthlh   17m   31Mi   
1781212930
websocket-server-8585946c55-f8ccg   47m   33Mi   
websocket-server-8585946c55-hthlh   60m   34Mi   
1781212935
websocket-server-8585946c55-f8ccg   47m   33Mi   
websocket-server-8585946c55-hthlh   60m   34Mi   
1781212940
websocket-server-8585946c55-f8ccg   47m   33Mi   
websocket-server-8585946c55-hthlh   60m   34Mi   
1781212945
websocket-server-8585946c55-f8ccg   83m   37Mi   
websocket-server-8585946c55-hthlh   96m   39Mi   
1781212950
websocket-server-8585946c55-f8ccg   83m   37Mi   
websocket-server-8585946c55-hthlh   96m   39Mi   
1781212955
websocket-server-8585946c55-f8ccg   83m   37Mi   
websocket-server-8585946c55-hthlh   96m   39Mi   
1781212960
websocket-server-8585946c55-f8ccg   118m   42Mi   
websocket-server-8585946c55-hthlh   143m   43Mi   
1781212965
websocket-server-8585946c55-f8ccg   118m   42Mi   
websocket-server-8585946c55-hthlh   143m   43Mi   
1781212970
websocket-server-8585946c55-f8ccg   118m   42Mi   
websocket-server-8585946c55-hthlh   143m   43Mi   
1781212975
websocket-server-8585946c55-f8ccg   153m   45Mi   
websocket-server-8585946c55-g6fqn   26m    28Mi   
websocket-server-8585946c55-hthlh   167m   45Mi   
1781212980
websocket-server-8585946c55-f8ccg   153m   45Mi   
websocket-server-8585946c55-g6fqn   26m    28Mi   
websocket-server-8585946c55-hthlh   167m   45Mi   
1781212985
websocket-server-8585946c55-f8ccg   153m   45Mi   
websocket-server-8585946c55-g6fqn   26m    28Mi   
websocket-server-8585946c55-hthlh   167m   45Mi   
1781212990
websocket-server-8585946c55-97bqx   17m    29Mi   
websocket-server-8585946c55-f8ccg   169m   46Mi   
websocket-server-8585946c55-g6fqn   29m    30Mi   
websocket-server-8585946c55-hthlh   184m   47Mi   
websocket-server-8585946c55-wn58t   11m    28Mi   
1781212996
websocket-server-8585946c55-97bqx   17m    29Mi   
websocket-server-8585946c55-f8ccg   169m   46Mi   
websocket-server-8585946c55-g6fqn   29m    30Mi   
websocket-server-8585946c55-hthlh   184m   47Mi   
websocket-server-8585946c55-wn58t   11m    28Mi   
1781213001
websocket-server-8585946c55-97bqx   17m    29Mi   
websocket-server-8585946c55-f8ccg   169m   46Mi   
websocket-server-8585946c55-g6fqn   29m    30Mi   
websocket-server-8585946c55-hthlh   184m   47Mi   
websocket-server-8585946c55-wn58t   11m    28Mi   
1781213006
websocket-server-8585946c55-97bqx   17m    29Mi   
websocket-server-8585946c55-f8ccg   173m   46Mi   
websocket-server-8585946c55-g6fqn   40m    31Mi   
websocket-server-8585946c55-hthlh   183m   47Mi   
websocket-server-8585946c55-wn58t   11m    28Mi   
1781213011
websocket-server-8585946c55-97bqx   17m    29Mi   
websocket-server-8585946c55-f8ccg   173m   46Mi   
websocket-server-8585946c55-g6fqn   40m    31Mi   
websocket-server-8585946c55-hthlh   183m   47Mi   
websocket-server-8585946c55-wn58t   11m    28Mi   
1781213016
websocket-server-8585946c55-97bqx   17m    29Mi   
websocket-server-8585946c55-f8ccg   173m   46Mi   
websocket-server-8585946c55-g6fqn   40m    31Mi   
websocket-server-8585946c55-hthlh   183m   47Mi   
websocket-server-8585946c55-wn58t   11m    28Mi   
1781213021
websocket-server-8585946c55-6546g   1m     27Mi   
websocket-server-8585946c55-97bqx   24m    29Mi   
websocket-server-8585946c55-f8ccg   172m   46Mi   
websocket-server-8585946c55-g6fqn   40m    31Mi   
websocket-server-8585946c55-gh6pb   16m    27Mi   
websocket-server-8585946c55-hthlh   185m   47Mi   
websocket-server-8585946c55-wn58t   17m    29Mi   
1781213026
websocket-server-8585946c55-6546g   1m     27Mi   
websocket-server-8585946c55-97bqx   24m    29Mi   
websocket-server-8585946c55-f8ccg   172m   46Mi   
websocket-server-8585946c55-g6fqn   40m    31Mi   
websocket-server-8585946c55-gh6pb   16m    27Mi   
websocket-server-8585946c55-hthlh   185m   47Mi   
websocket-server-8585946c55-wn58t   17m    29Mi   
1781213031
websocket-server-8585946c55-6546g   1m     27Mi   
websocket-server-8585946c55-97bqx   24m    29Mi   
websocket-server-8585946c55-f8ccg   172m   46Mi   
websocket-server-8585946c55-g6fqn   40m    31Mi   
websocket-server-8585946c55-gh6pb   16m    27Mi   
websocket-server-8585946c55-hthlh   185m   47Mi   
websocket-server-8585946c55-wn58t   17m    29Mi   
1781213036
websocket-server-8585946c55-6546g   1m     27Mi   
websocket-server-8585946c55-97bqx   24m    29Mi   
websocket-server-8585946c55-f8ccg   75m    46Mi   
websocket-server-8585946c55-g6fqn   11m    31Mi   
websocket-server-8585946c55-gh6pb   1m     27Mi   
websocket-server-8585946c55-hthlh   124m   47Mi   
websocket-server-8585946c55-wn58t   12m    28Mi   
1781213041
websocket-server-8585946c55-6546g   1m     27Mi   
websocket-server-8585946c55-97bqx   24m    29Mi   
websocket-server-8585946c55-f8ccg   75m    46Mi   
websocket-server-8585946c55-g6fqn   11m    31Mi   
websocket-server-8585946c55-gh6pb   1m     27Mi   
websocket-server-8585946c55-hthlh   124m   47Mi   
websocket-server-8585946c55-wn58t   12m    28Mi   
1781213046
websocket-server-8585946c55-6546g   1m     27Mi   
websocket-server-8585946c55-97bqx   24m    29Mi   
websocket-server-8585946c55-f8ccg   75m    46Mi   
websocket-server-8585946c55-g6fqn   11m    31Mi   
websocket-server-8585946c55-gh6pb   1m     27Mi   
websocket-server-8585946c55-hthlh   124m   47Mi   
websocket-server-8585946c55-wn58t   12m    28Mi   
1781213051
websocket-server-8585946c55-6546g   1m    27Mi   
websocket-server-8585946c55-97bqx   1m    29Mi   
websocket-server-8585946c55-f8ccg   5m    46Mi   
websocket-server-8585946c55-g6fqn   2m    31Mi   
websocket-server-8585946c55-gh6pb   1m    27Mi   
websocket-server-8585946c55-hthlh   5m    47Mi   
websocket-server-8585946c55-wn58t   1m    29Mi   
1781213056
websocket-server-8585946c55-6546g   1m    27Mi   
websocket-server-8585946c55-97bqx   1m    29Mi   
websocket-server-8585946c55-f8ccg   5m    46Mi   
websocket-server-8585946c55-g6fqn   2m    31Mi   
websocket-server-8585946c55-gh6pb   1m    27Mi   
websocket-server-8585946c55-hthlh   5m    47Mi   
websocket-server-8585946c55-wn58t   1m    29Mi   
1781213061
websocket-server-8585946c55-6546g   1m    27Mi   
websocket-server-8585946c55-97bqx   1m    29Mi   
websocket-server-8585946c55-f8ccg   5m    46Mi   
websocket-server-8585946c55-g6fqn   2m    31Mi   
websocket-server-8585946c55-gh6pb   1m    27Mi   
websocket-server-8585946c55-hthlh   5m    47Mi   
websocket-server-8585946c55-wn58t   1m    29Mi   
1781213066
websocket-server-8585946c55-6546g   1m    27Mi   
websocket-server-8585946c55-97bqx   1m    29Mi   
websocket-server-8585946c55-f8ccg   5m    46Mi   
websocket-server-8585946c55-g6fqn   2m    31Mi   
websocket-server-8585946c55-gh6pb   1m    27Mi   
websocket-server-8585946c55-hthlh   5m    47Mi   
websocket-server-8585946c55-wn58t   1m    29Mi   
1781213071
websocket-server-8585946c55-6546g   1m    27Mi   
websocket-server-8585946c55-97bqx   1m    29Mi   
websocket-server-8585946c55-f8ccg   5m    46Mi   
websocket-server-8585946c55-g6fqn   2m    31Mi   
websocket-server-8585946c55-gh6pb   1m    27Mi   
websocket-server-8585946c55-hthlh   5m    47Mi   
websocket-server-8585946c55-wn58t   1m    29Mi   
1781213076
websocket-server-8585946c55-6546g   1m    27Mi   
websocket-server-8585946c55-97bqx   1m    29Mi   
websocket-server-8585946c55-f8ccg   5m    46Mi   
websocket-server-8585946c55-g6fqn   2m    31Mi   
websocket-server-8585946c55-gh6pb   1m    27Mi   
websocket-server-8585946c55-hthlh   5m    47Mi   
websocket-server-8585946c55-wn58t   1m    29Mi   
1781213081
websocket-server-8585946c55-6546g   1m    27Mi   
websocket-server-8585946c55-97bqx   1m    29Mi   
websocket-server-8585946c55-f8ccg   5m    46Mi   
websocket-server-8585946c55-g6fqn   2m    31Mi   
websocket-server-8585946c55-gh6pb   1m    27Mi   
websocket-server-8585946c55-hthlh   5m    47Mi   
websocket-server-8585946c55-wn58t   1m    29Mi   
1781213086
websocket-server-8585946c55-6546g   1m    27Mi   
websocket-server-8585946c55-97bqx   1m    29Mi   
websocket-server-8585946c55-f8ccg   5m    46Mi   
websocket-server-8585946c55-g6fqn   2m    31Mi   
websocket-server-8585946c55-gh6pb   1m    27Mi   
websocket-server-8585946c55-hthlh   5m    47Mi   
websocket-server-8585946c55-wn58t   1m    29Mi   
1781213091
websocket-server-8585946c55-6546g   1m    27Mi   
websocket-server-8585946c55-97bqx   1m    29Mi   
websocket-server-8585946c55-f8ccg   5m    46Mi   
websocket-server-8585946c55-g6fqn   2m    31Mi   
websocket-server-8585946c55-gh6pb   1m    27Mi   
websocket-server-8585946c55-hthlh   5m    47Mi   
websocket-server-8585946c55-wn58t   1m    29Mi   
1781213096
websocket-server-8585946c55-6546g   1m    27Mi   
websocket-server-8585946c55-97bqx   1m    29Mi   
websocket-server-8585946c55-f8ccg   5m    46Mi   
websocket-server-8585946c55-g6fqn   2m    31Mi   
websocket-server-8585946c55-gh6pb   1m    27Mi   
websocket-server-8585946c55-hthlh   5m    47Mi   
websocket-server-8585946c55-wn58t   1m    28Mi   
1781213101
websocket-server-8585946c55-6546g   1m    27Mi   
websocket-server-8585946c55-97bqx   1m    29Mi   
websocket-server-8585946c55-f8ccg   5m    46Mi   
websocket-server-8585946c55-g6fqn   2m    31Mi   
websocket-server-8585946c55-gh6pb   1m    27Mi   
websocket-server-8585946c55-hthlh   5m    47Mi   
websocket-server-8585946c55-wn58t   1m    28Mi   
1781213106
websocket-server-8585946c55-6546g   1m    27Mi   
websocket-server-8585946c55-97bqx   1m    29Mi   
websocket-server-8585946c55-f8ccg   5m    46Mi   
websocket-server-8585946c55-g6fqn   2m    31Mi   
websocket-server-8585946c55-gh6pb   1m    27Mi   
websocket-server-8585946c55-hthlh   5m    47Mi   
websocket-server-8585946c55-wn58t   1m    28Mi   
1781213111
websocket-server-8585946c55-6546g   1m    27Mi   
websocket-server-8585946c55-97bqx   1m    29Mi   
websocket-server-8585946c55-f8ccg   5m    46Mi   
websocket-server-8585946c55-g6fqn   2m    31Mi   
websocket-server-8585946c55-gh6pb   1m    27Mi   
websocket-server-8585946c55-hthlh   5m    46Mi   
websocket-server-8585946c55-wn58t   1m    28Mi   
1781213117
websocket-server-8585946c55-6546g   1m    27Mi   
websocket-server-8585946c55-97bqx   1m    29Mi   
websocket-server-8585946c55-f8ccg   5m    46Mi   
websocket-server-8585946c55-g6fqn   2m    31Mi   
websocket-server-8585946c55-gh6pb   1m    27Mi   
websocket-server-8585946c55-hthlh   5m    46Mi   
websocket-server-8585946c55-wn58t   1m    28Mi   
1781213122
websocket-server-8585946c55-6546g   1m    27Mi   
websocket-server-8585946c55-97bqx   1m    29Mi   
websocket-server-8585946c55-f8ccg   5m    46Mi   
websocket-server-8585946c55-g6fqn   2m    31Mi   
websocket-server-8585946c55-gh6pb   1m    27Mi   
websocket-server-8585946c55-hthlh   5m    46Mi   
websocket-server-8585946c55-wn58t   1m    28Mi   
1781213127
websocket-server-8585946c55-6546g   1m    27Mi   
websocket-server-8585946c55-97bqx   1m    29Mi   
websocket-server-8585946c55-f8ccg   5m    46Mi   
websocket-server-8585946c55-g6fqn   1m    31Mi   
websocket-server-8585946c55-gh6pb   1m    27Mi   
websocket-server-8585946c55-hthlh   5m    46Mi   
websocket-server-8585946c55-wn58t   1m    28Mi   
1781213132
websocket-server-8585946c55-6546g   1m    27Mi   
websocket-server-8585946c55-97bqx   1m    29Mi   
websocket-server-8585946c55-f8ccg   5m    46Mi   
websocket-server-8585946c55-g6fqn   1m    31Mi   
websocket-server-8585946c55-gh6pb   1m    27Mi   
websocket-server-8585946c55-hthlh   5m    46Mi   
websocket-server-8585946c55-wn58t   1m    28Mi   
1781213137
websocket-server-8585946c55-6546g   1m    27Mi   
websocket-server-8585946c55-97bqx   1m    29Mi   
websocket-server-8585946c55-f8ccg   5m    46Mi   
websocket-server-8585946c55-g6fqn   1m    31Mi   
websocket-server-8585946c55-gh6pb   1m    27Mi   
websocket-server-8585946c55-hthlh   5m    46Mi   
websocket-server-8585946c55-wn58t   1m    28Mi   
1781213142
websocket-server-8585946c55-6546g   1m    27Mi   
websocket-server-8585946c55-97bqx   1m    29Mi   
websocket-server-8585946c55-f8ccg   5m    46Mi   
websocket-server-8585946c55-g6fqn   2m    31Mi   
websocket-server-8585946c55-gh6pb   1m    27Mi   
websocket-server-8585946c55-hthlh   5m    47Mi   
websocket-server-8585946c55-wn58t   1m    29Mi   
1781213147
websocket-server-8585946c55-6546g   1m    27Mi   
websocket-server-8585946c55-97bqx   1m    29Mi   
websocket-server-8585946c55-f8ccg   5m    46Mi   
websocket-server-8585946c55-g6fqn   2m    31Mi   
websocket-server-8585946c55-gh6pb   1m    27Mi   
websocket-server-8585946c55-hthlh   5m    47Mi   
websocket-server-8585946c55-wn58t   1m    29Mi   
1781213152
websocket-server-8585946c55-6546g   1m    27Mi   
websocket-server-8585946c55-97bqx   1m    29Mi   
websocket-server-8585946c55-f8ccg   5m    46Mi   
websocket-server-8585946c55-g6fqn   2m    31Mi   
websocket-server-8585946c55-gh6pb   1m    27Mi   
websocket-server-8585946c55-hthlh   5m    47Mi   
websocket-server-8585946c55-wn58t   1m    29Mi   
1781213157
websocket-server-8585946c55-6546g   1m    27Mi   
websocket-server-8585946c55-97bqx   1m    29Mi   
websocket-server-8585946c55-f8ccg   5m    46Mi   
websocket-server-8585946c55-g6fqn   2m    31Mi   
websocket-server-8585946c55-gh6pb   1m    27Mi   
websocket-server-8585946c55-hthlh   5m    47Mi   
websocket-server-8585946c55-wn58t   1m    28Mi   
1781213162
websocket-server-8585946c55-6546g   1m    27Mi   
websocket-server-8585946c55-97bqx   1m    29Mi   
websocket-server-8585946c55-f8ccg   5m    46Mi   
websocket-server-8585946c55-g6fqn   2m    31Mi   
websocket-server-8585946c55-gh6pb   1m    27Mi   
websocket-server-8585946c55-hthlh   5m    47Mi   
websocket-server-8585946c55-wn58t   1m    28Mi   
1781213167
websocket-server-8585946c55-6546g   1m    27Mi   
websocket-server-8585946c55-97bqx   1m    29Mi   
websocket-server-8585946c55-f8ccg   5m    46Mi   
websocket-server-8585946c55-g6fqn   2m    31Mi   
websocket-server-8585946c55-gh6pb   1m    27Mi   
websocket-server-8585946c55-hthlh   5m    47Mi   
websocket-server-8585946c55-wn58t   1m    28Mi   
1781213172
websocket-server-8585946c55-6546g   1m    27Mi   
websocket-server-8585946c55-97bqx   1m    29Mi   
websocket-server-8585946c55-f8ccg   5m    46Mi   
websocket-server-8585946c55-g6fqn   1m    31Mi   
websocket-server-8585946c55-gh6pb   1m    27Mi   
websocket-server-8585946c55-hthlh   5m    46Mi   
websocket-server-8585946c55-wn58t   1m    28Mi   
1781213177
websocket-server-8585946c55-6546g   1m    27Mi   
websocket-server-8585946c55-97bqx   1m    29Mi   
websocket-server-8585946c55-f8ccg   5m    46Mi   
websocket-server-8585946c55-g6fqn   1m    31Mi   
websocket-server-8585946c55-gh6pb   1m    27Mi   
websocket-server-8585946c55-hthlh   5m    46Mi   
websocket-server-8585946c55-wn58t   1m    28Mi   
1781213182
websocket-server-8585946c55-6546g   1m    27Mi   
websocket-server-8585946c55-97bqx   1m    29Mi   
websocket-server-8585946c55-f8ccg   5m    46Mi   
websocket-server-8585946c55-g6fqn   1m    31Mi   
websocket-server-8585946c55-gh6pb   1m    27Mi   
websocket-server-8585946c55-hthlh   5m    46Mi   
websocket-server-8585946c55-wn58t   1m    28Mi   
1781213187
websocket-server-8585946c55-6546g   1m    27Mi   
websocket-server-8585946c55-97bqx   1m    29Mi   
websocket-server-8585946c55-f8ccg   5m    46Mi   
websocket-server-8585946c55-g6fqn   2m    31Mi   
websocket-server-8585946c55-gh6pb   1m    27Mi   
websocket-server-8585946c55-hthlh   5m    47Mi   
websocket-server-8585946c55-wn58t   1m    28Mi   
1781213192
websocket-server-8585946c55-6546g   1m    27Mi   
websocket-server-8585946c55-97bqx   1m    29Mi   
websocket-server-8585946c55-f8ccg   5m    46Mi   
websocket-server-8585946c55-g6fqn   2m    31Mi   
websocket-server-8585946c55-gh6pb   1m    27Mi   
websocket-server-8585946c55-hthlh   5m    47Mi   
websocket-server-8585946c55-wn58t   1m    28Mi   
1781213197
websocket-server-8585946c55-6546g   1m    27Mi   
websocket-server-8585946c55-97bqx   1m    29Mi   
websocket-server-8585946c55-f8ccg   5m    46Mi   
websocket-server-8585946c55-g6fqn   2m    31Mi   
websocket-server-8585946c55-gh6pb   1m    27Mi   
websocket-server-8585946c55-hthlh   5m    47Mi   
websocket-server-8585946c55-wn58t   1m    28Mi   
1781213202
websocket-server-8585946c55-6546g   1m    27Mi   
websocket-server-8585946c55-97bqx   1m    29Mi   
websocket-server-8585946c55-f8ccg   5m    46Mi   
websocket-server-8585946c55-g6fqn   2m    31Mi   
websocket-server-8585946c55-gh6pb   1m    27Mi   
websocket-server-8585946c55-hthlh   5m    47Mi   
websocket-server-8585946c55-wn58t   1m    28Mi   
1781213207
websocket-server-8585946c55-6546g   1m    27Mi   
websocket-server-8585946c55-97bqx   1m    29Mi   
websocket-server-8585946c55-f8ccg   5m    46Mi   
websocket-server-8585946c55-g6fqn   2m    31Mi   
websocket-server-8585946c55-gh6pb   1m    27Mi   
websocket-server-8585946c55-hthlh   5m    47Mi   
websocket-server-8585946c55-wn58t   1m    28Mi   
1781213212
websocket-server-8585946c55-6546g   1m    27Mi   
websocket-server-8585946c55-97bqx   1m    29Mi   
websocket-server-8585946c55-f8ccg   5m    46Mi   
websocket-server-8585946c55-g6fqn   2m    31Mi   
websocket-server-8585946c55-gh6pb   1m    27Mi   
websocket-server-8585946c55-hthlh   5m    47Mi   
websocket-server-8585946c55-wn58t   1m    28Mi   
1781213217
websocket-server-8585946c55-6546g   1m    27Mi   
websocket-server-8585946c55-97bqx   1m    29Mi   
websocket-server-8585946c55-f8ccg   5m    46Mi   
websocket-server-8585946c55-g6fqn   2m    31Mi   
websocket-server-8585946c55-gh6pb   1m    27Mi   
websocket-server-8585946c55-hthlh   5m    46Mi   
websocket-server-8585946c55-wn58t   1m    28Mi   
1781213222
websocket-server-8585946c55-6546g   1m    27Mi   
websocket-server-8585946c55-97bqx   1m    29Mi   
websocket-server-8585946c55-f8ccg   5m    46Mi   
websocket-server-8585946c55-g6fqn   2m    31Mi   
websocket-server-8585946c55-gh6pb   1m    27Mi   
websocket-server-8585946c55-hthlh   5m    46Mi   
websocket-server-8585946c55-wn58t   1m    28Mi   
1781213227
websocket-server-8585946c55-6546g   1m    27Mi   
websocket-server-8585946c55-97bqx   1m    29Mi   
websocket-server-8585946c55-f8ccg   5m    46Mi   
websocket-server-8585946c55-g6fqn   2m    31Mi   
websocket-server-8585946c55-gh6pb   1m    27Mi   
websocket-server-8585946c55-hthlh   5m    46Mi   
websocket-server-8585946c55-wn58t   1m    28Mi   
1781213232
websocket-server-8585946c55-6546g   1m    27Mi   
websocket-server-8585946c55-97bqx   1m    29Mi   
websocket-server-8585946c55-f8ccg   5m    46Mi   
websocket-server-8585946c55-g6fqn   2m    31Mi   
websocket-server-8585946c55-gh6pb   1m    27Mi   
websocket-server-8585946c55-hthlh   5m    47Mi   
websocket-server-8585946c55-wn58t   1m    29Mi   
1781213238
websocket-server-8585946c55-6546g   1m    27Mi   
websocket-server-8585946c55-97bqx   1m    29Mi   
websocket-server-8585946c55-f8ccg   5m    46Mi   
websocket-server-8585946c55-g6fqn   2m    31Mi   
websocket-server-8585946c55-gh6pb   1m    27Mi   
websocket-server-8585946c55-hthlh   5m    47Mi   
websocket-server-8585946c55-wn58t   1m    29Mi   
1781213243
websocket-server-8585946c55-6546g   1m    27Mi   
websocket-server-8585946c55-97bqx   1m    29Mi   
websocket-server-8585946c55-f8ccg   5m    46Mi   
websocket-server-8585946c55-g6fqn   2m    31Mi   
websocket-server-8585946c55-gh6pb   1m    27Mi   
websocket-server-8585946c55-hthlh   5m    47Mi   
websocket-server-8585946c55-wn58t   1m    29Mi   
1781213248
websocket-server-8585946c55-6546g   1m    27Mi   
websocket-server-8585946c55-97bqx   1m    29Mi   
websocket-server-8585946c55-f8ccg   5m    46Mi   
websocket-server-8585946c55-g6fqn   1m    31Mi   
websocket-server-8585946c55-gh6pb   1m    27Mi   
websocket-server-8585946c55-hthlh   5m    47Mi   
websocket-server-8585946c55-wn58t   1m    28Mi   
1781213253
websocket-server-8585946c55-6546g   1m    27Mi   
websocket-server-8585946c55-97bqx   1m    29Mi   
websocket-server-8585946c55-f8ccg   5m    46Mi   
websocket-server-8585946c55-g6fqn   1m    31Mi   
websocket-server-8585946c55-gh6pb   1m    27Mi   
websocket-server-8585946c55-hthlh   5m    47Mi   
websocket-server-8585946c55-wn58t   1m    28Mi   
1781213258
websocket-server-8585946c55-6546g   1m    27Mi   
websocket-server-8585946c55-97bqx   1m    29Mi   
websocket-server-8585946c55-f8ccg   5m    46Mi   
websocket-server-8585946c55-g6fqn   1m    31Mi   
websocket-server-8585946c55-gh6pb   1m    27Mi   
websocket-server-8585946c55-hthlh   5m    47Mi   
websocket-server-8585946c55-wn58t   1m    28Mi   
1781213263
websocket-server-8585946c55-6546g   1m    27Mi   
websocket-server-8585946c55-97bqx   1m    29Mi   
websocket-server-8585946c55-f8ccg   5m    46Mi   
websocket-server-8585946c55-g6fqn   2m    31Mi   
websocket-server-8585946c55-gh6pb   1m    27Mi   
websocket-server-8585946c55-hthlh   5m    47Mi   
websocket-server-8585946c55-wn58t   1m    28Mi   
1781213268
websocket-server-8585946c55-6546g   1m    27Mi   
websocket-server-8585946c55-97bqx   1m    29Mi   
websocket-server-8585946c55-f8ccg   5m    46Mi   
websocket-server-8585946c55-g6fqn   2m    31Mi   
websocket-server-8585946c55-gh6pb   1m    27Mi   
websocket-server-8585946c55-hthlh   5m    47Mi   
websocket-server-8585946c55-wn58t   1m    28Mi   
1781213273
websocket-server-8585946c55-6546g   1m    27Mi   
websocket-server-8585946c55-97bqx   1m    29Mi   
websocket-server-8585946c55-f8ccg   5m    46Mi   
websocket-server-8585946c55-g6fqn   2m    31Mi   
websocket-server-8585946c55-gh6pb   1m    27Mi   
websocket-server-8585946c55-hthlh   5m    47Mi   
websocket-server-8585946c55-wn58t   1m    28Mi   
1781213278
websocket-server-8585946c55-6546g   1m    27Mi   
websocket-server-8585946c55-97bqx   1m    30Mi   
websocket-server-8585946c55-f8ccg   5m    46Mi   
websocket-server-8585946c55-g6fqn   2m    31Mi   
websocket-server-8585946c55-gh6pb   1m    27Mi   
websocket-server-8585946c55-hthlh   5m    47Mi   
websocket-server-8585946c55-wn58t   1m    28Mi   
1781213283
websocket-server-8585946c55-6546g   1m    27Mi   
websocket-server-8585946c55-97bqx   1m    30Mi   
websocket-server-8585946c55-f8ccg   5m    46Mi   
websocket-server-8585946c55-g6fqn   2m    31Mi   
websocket-server-8585946c55-gh6pb   1m    27Mi   
websocket-server-8585946c55-hthlh   5m    47Mi   
websocket-server-8585946c55-wn58t   1m    28Mi   
1781213288
websocket-server-8585946c55-6546g   1m    27Mi   
websocket-server-8585946c55-97bqx   1m    30Mi   
websocket-server-8585946c55-f8ccg   5m    46Mi   
websocket-server-8585946c55-g6fqn   2m    31Mi   
websocket-server-8585946c55-gh6pb   1m    27Mi   
websocket-server-8585946c55-hthlh   5m    47Mi   
websocket-server-8585946c55-wn58t   1m    28Mi   
1781213293
websocket-server-8585946c55-6546g   1m    27Mi   
websocket-server-8585946c55-97bqx   1m    29Mi   
websocket-server-8585946c55-f8ccg   5m    46Mi   
websocket-server-8585946c55-g6fqn   1m    31Mi   
websocket-server-8585946c55-gh6pb   1m    27Mi   
websocket-server-8585946c55-hthlh   5m    47Mi   
websocket-server-8585946c55-wn58t   1m    29Mi   
1781213298
websocket-server-8585946c55-6546g   1m    27Mi   
websocket-server-8585946c55-97bqx   1m    29Mi   
websocket-server-8585946c55-f8ccg   5m    46Mi   
websocket-server-8585946c55-g6fqn   1m    31Mi   
websocket-server-8585946c55-gh6pb   1m    27Mi   
websocket-server-8585946c55-hthlh   5m    47Mi   
websocket-server-8585946c55-wn58t   1m    29Mi   
1781213303
websocket-server-8585946c55-6546g   1m    27Mi   
websocket-server-8585946c55-97bqx   1m    29Mi   
websocket-server-8585946c55-f8ccg   5m    46Mi   
websocket-server-8585946c55-g6fqn   1m    31Mi   
websocket-server-8585946c55-gh6pb   1m    27Mi   
websocket-server-8585946c55-hthlh   5m    47Mi   
websocket-server-8585946c55-wn58t   1m    29Mi   
1781213308
websocket-server-8585946c55-6546g   1m    27Mi   
websocket-server-8585946c55-97bqx   1m    29Mi   
websocket-server-8585946c55-f8ccg   5m    46Mi   
websocket-server-8585946c55-g6fqn   1m    31Mi   
websocket-server-8585946c55-gh6pb   1m    27Mi   
websocket-server-8585946c55-hthlh   5m    47Mi   
websocket-server-8585946c55-wn58t   1m    28Mi   
1781213313
websocket-server-8585946c55-6546g   1m    27Mi   
websocket-server-8585946c55-97bqx   1m    29Mi   
websocket-server-8585946c55-f8ccg   5m    46Mi   
websocket-server-8585946c55-g6fqn   1m    31Mi   
websocket-server-8585946c55-gh6pb   1m    27Mi   
websocket-server-8585946c55-hthlh   5m    47Mi   
websocket-server-8585946c55-wn58t   1m    28Mi   
1781213318
websocket-server-8585946c55-6546g   1m    27Mi   
websocket-server-8585946c55-97bqx   1m    29Mi   
websocket-server-8585946c55-f8ccg   5m    46Mi   
websocket-server-8585946c55-g6fqn   1m    31Mi   
websocket-server-8585946c55-gh6pb   1m    27Mi   
websocket-server-8585946c55-hthlh   5m    47Mi   
websocket-server-8585946c55-wn58t   1m    28Mi   
1781213323
websocket-server-8585946c55-6546g   1m    27Mi   
websocket-server-8585946c55-97bqx   1m    29Mi   
websocket-server-8585946c55-f8ccg   5m    46Mi   
websocket-server-8585946c55-g6fqn   2m    31Mi   
websocket-server-8585946c55-gh6pb   1m    27Mi   
websocket-server-8585946c55-hthlh   5m    46Mi   
websocket-server-8585946c55-wn58t   1m    28Mi   
1781213328
websocket-server-8585946c55-6546g   1m    27Mi   
websocket-server-8585946c55-97bqx   1m    29Mi   
websocket-server-8585946c55-f8ccg   5m    46Mi   
websocket-server-8585946c55-g6fqn   2m    31Mi   
websocket-server-8585946c55-gh6pb   1m    27Mi   
websocket-server-8585946c55-hthlh   5m    46Mi   
websocket-server-8585946c55-wn58t   1m    28Mi   
1781213333
websocket-server-8585946c55-6546g   1m    27Mi   
websocket-server-8585946c55-97bqx   1m    29Mi   
websocket-server-8585946c55-f8ccg   5m    46Mi   
websocket-server-8585946c55-g6fqn   2m    31Mi   
websocket-server-8585946c55-gh6pb   1m    27Mi   
websocket-server-8585946c55-hthlh   5m    46Mi   
websocket-server-8585946c55-wn58t   1m    28Mi   
1781213338
websocket-server-8585946c55-6546g   1m    27Mi   
websocket-server-8585946c55-97bqx   1m    29Mi   
websocket-server-8585946c55-f8ccg   5m    46Mi   
websocket-server-8585946c55-g6fqn   2m    31Mi   
websocket-server-8585946c55-gh6pb   1m    27Mi   
websocket-server-8585946c55-hthlh   5m    46Mi   
websocket-server-8585946c55-wn58t   1m    28Mi   
1781213343
websocket-server-8585946c55-6546g   1m    27Mi   
websocket-server-8585946c55-97bqx   1m    29Mi   
websocket-server-8585946c55-f8ccg   5m    46Mi   
websocket-server-8585946c55-g6fqn   2m    31Mi   
websocket-server-8585946c55-gh6pb   1m    27Mi   
websocket-server-8585946c55-hthlh   5m    46Mi   
websocket-server-8585946c55-wn58t   1m    28Mi   
1781213348
websocket-server-8585946c55-6546g   1m    27Mi   
websocket-server-8585946c55-97bqx   1m    29Mi   
websocket-server-8585946c55-f8ccg   5m    46Mi   
websocket-server-8585946c55-g6fqn   2m    31Mi   
websocket-server-8585946c55-gh6pb   1m    27Mi   
websocket-server-8585946c55-hthlh   5m    46Mi   
websocket-server-8585946c55-wn58t   1m    28Mi   
1781213354
websocket-server-8585946c55-6546g   1m    27Mi   
websocket-server-8585946c55-97bqx   1m    29Mi   
websocket-server-8585946c55-f8ccg   5m    46Mi   
websocket-server-8585946c55-g6fqn   1m    31Mi   
websocket-server-8585946c55-gh6pb   1m    27Mi   
websocket-server-8585946c55-hthlh   5m    47Mi   
websocket-server-8585946c55-wn58t   1m    28Mi   
1781213359
websocket-server-8585946c55-6546g   1m    27Mi   
websocket-server-8585946c55-97bqx   1m    29Mi   
websocket-server-8585946c55-gh6pb   1m    27Mi   
websocket-server-8585946c55-hthlh   5m    47Mi   
websocket-server-8585946c55-wn58t   1m    28Mi   
1781213364
websocket-server-8585946c55-6546g   1m    27Mi   
websocket-server-8585946c55-97bqx   1m    29Mi   
websocket-server-8585946c55-gh6pb   1m    27Mi   
websocket-server-8585946c55-hthlh   5m    47Mi   
websocket-server-8585946c55-wn58t   1m    28Mi   
1781213369
websocket-server-8585946c55-6546g   1m    27Mi   
websocket-server-8585946c55-97bqx   1m    29Mi   
websocket-server-8585946c55-gh6pb   1m    27Mi   
websocket-server-8585946c55-hthlh   5m    47Mi   
websocket-server-8585946c55-wn58t   1m    28Mi   
1781213374
websocket-server-8585946c55-6546g   1m    27Mi   
websocket-server-8585946c55-gh6pb   1m    27Mi   
websocket-server-8585946c55-wn58t   1m    28Mi   
1781213379
websocket-server-8585946c55-6546g   1m    27Mi   
websocket-server-8585946c55-gh6pb   1m    27Mi   
websocket-server-8585946c55-wn58t   1m    28Mi   
1781213384
websocket-server-8585946c55-6546g   1m    27Mi   
websocket-server-8585946c55-gh6pb   1m    27Mi   
websocket-server-8585946c55-wn58t   1m    29Mi   
1781213389
websocket-server-8585946c55-6546g   1m    27Mi   
websocket-server-8585946c55-gh6pb   1m    27Mi   
websocket-server-8585946c55-wn58t   1m    29Mi   
