1781208066
websocket-server-8585946c55-kmldg   19m   27Mi   
websocket-server-8585946c55-mk2fl   1m    27Mi   
1781208071
websocket-server-8585946c55-kmldg   19m   27Mi   
websocket-server-8585946c55-mk2fl   1m    27Mi   
1781208076
websocket-server-8585946c55-kmldg   19m   27Mi   
websocket-server-8585946c55-mk2fl   1m    27Mi   
1781208081
websocket-server-8585946c55-kmldg   1m    27Mi   
websocket-server-8585946c55-mk2fl   1m    27Mi   
1781208086
websocket-server-8585946c55-kmldg   1m    27Mi   
websocket-server-8585946c55-mk2fl   1m    27Mi   
1781208091
websocket-server-8585946c55-kmldg   1m    27Mi   
websocket-server-8585946c55-mk2fl   1m    27Mi   
1781208096
websocket-server-8585946c55-kmldg   1m    27Mi   
websocket-server-8585946c55-mk2fl   1m    27Mi   
1781208101
websocket-server-8585946c55-kmldg   1m    27Mi   
websocket-server-8585946c55-mk2fl   1m    27Mi   
1781208106
websocket-server-8585946c55-kmldg   1m    27Mi   
websocket-server-8585946c55-mk2fl   1m    27Mi   
1781208111
websocket-server-8585946c55-kmldg   20m   30Mi   
websocket-server-8585946c55-mk2fl   15m   30Mi   
1781208117
websocket-server-8585946c55-kmldg   20m   30Mi   
websocket-server-8585946c55-mk2fl   15m   30Mi   
1781208122
websocket-server-8585946c55-kmldg   20m   30Mi   
websocket-server-8585946c55-mk2fl   15m   30Mi   
1781208127
websocket-server-8585946c55-kmldg   66m   37Mi   
websocket-server-8585946c55-mk2fl   53m   34Mi   
1781208132
websocket-server-8585946c55-kmldg   66m   37Mi   
websocket-server-8585946c55-mk2fl   53m   34Mi   
1781208137
websocket-server-8585946c55-kmldg   66m   37Mi   
websocket-server-8585946c55-mk2fl   53m   34Mi   
1781208142
websocket-server-8585946c55-kmldg   104m   40Mi   
websocket-server-8585946c55-mk2fl   95m    40Mi   
1781208147
websocket-server-8585946c55-kmldg   104m   40Mi   
websocket-server-8585946c55-mk2fl   95m    40Mi   
1781208152
websocket-server-8585946c55-kmldg   104m   40Mi   
websocket-server-8585946c55-mk2fl   95m    40Mi   
1781208157
websocket-server-8585946c55-kmldg   139m   43Mi   
websocket-server-8585946c55-mk2fl   145m   44Mi   
1781208162
websocket-server-8585946c55-kmldg   139m   43Mi   
websocket-server-8585946c55-mk2fl   145m   44Mi   
1781208167
websocket-server-8585946c55-kmldg   139m   43Mi   
websocket-server-8585946c55-mk2fl   145m   44Mi   
1781208172
websocket-server-8585946c55-5zx7d   31m    28Mi   
websocket-server-8585946c55-h2h7c   28m    29Mi   
websocket-server-8585946c55-kmldg   165m   46Mi   
websocket-server-8585946c55-mk2fl   145m   44Mi   
1781208177
websocket-server-8585946c55-5zx7d   31m    28Mi   
websocket-server-8585946c55-h2h7c   28m    29Mi   
websocket-server-8585946c55-kmldg   165m   46Mi   
websocket-server-8585946c55-mk2fl   145m   44Mi   
1781208182
websocket-server-8585946c55-5zx7d   31m    28Mi   
websocket-server-8585946c55-h2h7c   28m    29Mi   
websocket-server-8585946c55-kmldg   165m   46Mi   
websocket-server-8585946c55-mk2fl   145m   44Mi   
1781208187
websocket-server-8585946c55-5zx7d   21m    29Mi   
websocket-server-8585946c55-h2h7c   25m    29Mi   
websocket-server-8585946c55-kmldg   192m   48Mi   
websocket-server-8585946c55-mk2fl   174m   47Mi   
websocket-server-8585946c55-zwvmd   7m     28Mi   
1781208192
websocket-server-8585946c55-5zx7d   21m    29Mi   
websocket-server-8585946c55-h2h7c   25m    29Mi   
websocket-server-8585946c55-kmldg   192m   48Mi   
websocket-server-8585946c55-mk2fl   174m   47Mi   
websocket-server-8585946c55-zwvmd   7m     28Mi   
1781208197
websocket-server-8585946c55-5zx7d   21m    29Mi   
websocket-server-8585946c55-h2h7c   25m    29Mi   
websocket-server-8585946c55-kmldg   192m   48Mi   
websocket-server-8585946c55-mk2fl   174m   47Mi   
websocket-server-8585946c55-zwvmd   7m     28Mi   
1781208202
websocket-server-8585946c55-5zx7d   25m    30Mi   
websocket-server-8585946c55-h2h7c   29m    29Mi   
websocket-server-8585946c55-kmldg   194m   48Mi   
websocket-server-8585946c55-mk2fl   183m   47Mi   
websocket-server-8585946c55-zwvmd   7m     28Mi   
1781208207
websocket-server-8585946c55-5zx7d   25m    30Mi   
websocket-server-8585946c55-h2h7c   29m    29Mi   
websocket-server-8585946c55-kmldg   194m   48Mi   
websocket-server-8585946c55-mk2fl   183m   47Mi   
websocket-server-8585946c55-zwvmd   7m     28Mi   
1781208212
websocket-server-8585946c55-5zx7d   25m    30Mi   
websocket-server-8585946c55-h2h7c   29m    29Mi   
websocket-server-8585946c55-kmldg   194m   48Mi   
websocket-server-8585946c55-mk2fl   183m   47Mi   
websocket-server-8585946c55-zwvmd   7m     28Mi   
1781208217
websocket-server-8585946c55-5zx7d   25m    29Mi   
websocket-server-8585946c55-bwrzr   21m    27Mi   
websocket-server-8585946c55-h2h7c   27m    29Mi   
websocket-server-8585946c55-kmldg   194m   48Mi   
websocket-server-8585946c55-mk2fl   95m    47Mi   
websocket-server-8585946c55-s7gpp   18m    27Mi   
websocket-server-8585946c55-zwvmd   4m     28Mi   
1781208223
websocket-server-8585946c55-5zx7d   25m    29Mi   
websocket-server-8585946c55-bwrzr   21m    27Mi   
websocket-server-8585946c55-h2h7c   27m    29Mi   
websocket-server-8585946c55-kmldg   194m   48Mi   
websocket-server-8585946c55-mk2fl   95m    47Mi   
websocket-server-8585946c55-s7gpp   18m    27Mi   
websocket-server-8585946c55-zwvmd   4m     28Mi   
1781208228
websocket-server-8585946c55-5zx7d   25m    29Mi   
websocket-server-8585946c55-bwrzr   21m    27Mi   
websocket-server-8585946c55-h2h7c   27m    29Mi   
websocket-server-8585946c55-kmldg   194m   48Mi   
websocket-server-8585946c55-mk2fl   95m    47Mi   
websocket-server-8585946c55-s7gpp   18m    27Mi   
websocket-server-8585946c55-zwvmd   4m     28Mi   
1781208233
websocket-server-8585946c55-5zx7d   6m    29Mi   
websocket-server-8585946c55-bwrzr   1m    27Mi   
websocket-server-8585946c55-h2h7c   1m    30Mi   
websocket-server-8585946c55-kmldg   70m   48Mi   
websocket-server-8585946c55-mk2fl   5m    47Mi   
websocket-server-8585946c55-s7gpp   1m    27Mi   
websocket-server-8585946c55-zwvmd   4m    28Mi   
1781208238
websocket-server-8585946c55-5zx7d   6m    29Mi   
websocket-server-8585946c55-bwrzr   1m    27Mi   
websocket-server-8585946c55-h2h7c   1m    30Mi   
websocket-server-8585946c55-kmldg   70m   48Mi   
websocket-server-8585946c55-mk2fl   5m    47Mi   
websocket-server-8585946c55-s7gpp   1m    27Mi   
websocket-server-8585946c55-zwvmd   4m    28Mi   
1781208243
websocket-server-8585946c55-5zx7d   1m    29Mi   
websocket-server-8585946c55-bwrzr   1m    27Mi   
websocket-server-8585946c55-h2h7c   1m    30Mi   
websocket-server-8585946c55-kmldg   5m    49Mi   
websocket-server-8585946c55-mk2fl   5m    47Mi   
websocket-server-8585946c55-s7gpp   0m    27Mi   
websocket-server-8585946c55-zwvmd   1m    28Mi   
1781208248
websocket-server-8585946c55-5zx7d   1m    29Mi   
websocket-server-8585946c55-bwrzr   1m    27Mi   
websocket-server-8585946c55-h2h7c   1m    30Mi   
websocket-server-8585946c55-kmldg   5m    49Mi   
websocket-server-8585946c55-mk2fl   5m    47Mi   
websocket-server-8585946c55-s7gpp   0m    27Mi   
websocket-server-8585946c55-zwvmd   1m    28Mi   
1781208253
websocket-server-8585946c55-5zx7d   1m    29Mi   
websocket-server-8585946c55-bwrzr   1m    27Mi   
websocket-server-8585946c55-h2h7c   1m    30Mi   
websocket-server-8585946c55-kmldg   5m    49Mi   
websocket-server-8585946c55-mk2fl   5m    47Mi   
websocket-server-8585946c55-s7gpp   0m    27Mi   
websocket-server-8585946c55-zwvmd   1m    28Mi   
1781208258
websocket-server-8585946c55-5zx7d   1m    29Mi   
websocket-server-8585946c55-bwrzr   1m    27Mi   
websocket-server-8585946c55-h2h7c   1m    29Mi   
websocket-server-8585946c55-kmldg   5m    49Mi   
websocket-server-8585946c55-mk2fl   5m    47Mi   
websocket-server-8585946c55-s7gpp   1m    27Mi   
websocket-server-8585946c55-zwvmd   1m    28Mi   
1781208263
websocket-server-8585946c55-5zx7d   1m    29Mi   
websocket-server-8585946c55-bwrzr   1m    27Mi   
websocket-server-8585946c55-h2h7c   1m    29Mi   
websocket-server-8585946c55-kmldg   5m    49Mi   
websocket-server-8585946c55-mk2fl   5m    47Mi   
websocket-server-8585946c55-s7gpp   1m    27Mi   
websocket-server-8585946c55-zwvmd   1m    28Mi   
1781208268
websocket-server-8585946c55-5zx7d   1m    29Mi   
websocket-server-8585946c55-bwrzr   1m    27Mi   
websocket-server-8585946c55-h2h7c   1m    29Mi   
websocket-server-8585946c55-kmldg   5m    49Mi   
websocket-server-8585946c55-mk2fl   5m    47Mi   
websocket-server-8585946c55-s7gpp   1m    27Mi   
websocket-server-8585946c55-zwvmd   1m    28Mi   
1781208273
websocket-server-8585946c55-5zx7d   1m    29Mi   
websocket-server-8585946c55-bwrzr   1m    27Mi   
websocket-server-8585946c55-h2h7c   1m    30Mi   
websocket-server-8585946c55-kmldg   5m    48Mi   
websocket-server-8585946c55-mk2fl   5m    47Mi   
websocket-server-8585946c55-s7gpp   1m    27Mi   
websocket-server-8585946c55-zwvmd   1m    28Mi   
1781208278
websocket-server-8585946c55-5zx7d   1m    29Mi   
websocket-server-8585946c55-bwrzr   1m    27Mi   
websocket-server-8585946c55-h2h7c   1m    30Mi   
websocket-server-8585946c55-kmldg   5m    48Mi   
websocket-server-8585946c55-mk2fl   5m    47Mi   
websocket-server-8585946c55-s7gpp   1m    27Mi   
websocket-server-8585946c55-zwvmd   1m    28Mi   
1781208283
websocket-server-8585946c55-5zx7d   1m    29Mi   
websocket-server-8585946c55-bwrzr   1m    27Mi   
websocket-server-8585946c55-h2h7c   1m    30Mi   
websocket-server-8585946c55-kmldg   5m    48Mi   
websocket-server-8585946c55-mk2fl   5m    47Mi   
websocket-server-8585946c55-s7gpp   1m    27Mi   
websocket-server-8585946c55-zwvmd   1m    28Mi   
1781208288
websocket-server-8585946c55-5zx7d   1m    29Mi   
websocket-server-8585946c55-bwrzr   1m    27Mi   
websocket-server-8585946c55-h2h7c   1m    30Mi   
websocket-server-8585946c55-kmldg   5m    49Mi   
websocket-server-8585946c55-mk2fl   5m    47Mi   
websocket-server-8585946c55-s7gpp   0m    27Mi   
websocket-server-8585946c55-zwvmd   1m    28Mi   
1781208293
websocket-server-8585946c55-5zx7d   1m    29Mi   
websocket-server-8585946c55-bwrzr   1m    27Mi   
websocket-server-8585946c55-h2h7c   1m    30Mi   
websocket-server-8585946c55-kmldg   5m    49Mi   
websocket-server-8585946c55-mk2fl   5m    47Mi   
websocket-server-8585946c55-s7gpp   0m    27Mi   
websocket-server-8585946c55-zwvmd   1m    28Mi   
1781208298
websocket-server-8585946c55-5zx7d   1m    29Mi   
websocket-server-8585946c55-bwrzr   1m    27Mi   
websocket-server-8585946c55-h2h7c   1m    30Mi   
websocket-server-8585946c55-kmldg   5m    49Mi   
websocket-server-8585946c55-mk2fl   5m    47Mi   
websocket-server-8585946c55-s7gpp   0m    27Mi   
websocket-server-8585946c55-zwvmd   1m    28Mi   
1781208303
websocket-server-8585946c55-5zx7d   1m    29Mi   
websocket-server-8585946c55-bwrzr   1m    27Mi   
websocket-server-8585946c55-h2h7c   1m    29Mi   
websocket-server-8585946c55-kmldg   5m    48Mi   
websocket-server-8585946c55-mk2fl   5m    47Mi   
websocket-server-8585946c55-s7gpp   1m    27Mi   
websocket-server-8585946c55-zwvmd   1m    28Mi   
1781208308
websocket-server-8585946c55-5zx7d   1m    29Mi   
websocket-server-8585946c55-bwrzr   1m    27Mi   
websocket-server-8585946c55-h2h7c   1m    29Mi   
websocket-server-8585946c55-kmldg   5m    48Mi   
websocket-server-8585946c55-mk2fl   5m    47Mi   
websocket-server-8585946c55-s7gpp   1m    27Mi   
websocket-server-8585946c55-zwvmd   1m    28Mi   
1781208313
websocket-server-8585946c55-5zx7d   1m    29Mi   
websocket-server-8585946c55-bwrzr   1m    27Mi   
websocket-server-8585946c55-h2h7c   1m    29Mi   
websocket-server-8585946c55-kmldg   5m    48Mi   
websocket-server-8585946c55-mk2fl   5m    47Mi   
websocket-server-8585946c55-s7gpp   1m    27Mi   
websocket-server-8585946c55-zwvmd   1m    28Mi   
1781208318
websocket-server-8585946c55-kmldg   5m    48Mi   
websocket-server-8585946c55-mk2fl   5m    47Mi   
websocket-server-8585946c55-s7gpp   1m    27Mi   
1781208323
websocket-server-8585946c55-kmldg   5m    48Mi   
websocket-server-8585946c55-mk2fl   5m    47Mi   
websocket-server-8585946c55-s7gpp   1m    27Mi   
1781208328
websocket-server-8585946c55-kmldg   5m    48Mi   
websocket-server-8585946c55-mk2fl   5m    47Mi   
websocket-server-8585946c55-s7gpp   1m    27Mi   
1781208334
websocket-server-8585946c55-kmldg   5m    48Mi   
websocket-server-8585946c55-mk2fl   5m    47Mi   
websocket-server-8585946c55-s7gpp   1m    28Mi   
1781208339
websocket-server-8585946c55-kmldg   5m    48Mi   
websocket-server-8585946c55-mk2fl   5m    47Mi   
websocket-server-8585946c55-s7gpp   1m    28Mi   
