1783199725
websocket-server-8585946c55-ckvfg   1m    79Mi   
websocket-server-8585946c55-z6s5n   1m    79Mi   
1783199730
websocket-server-8585946c55-ckvfg   1m    79Mi   
websocket-server-8585946c55-z6s5n   1m    79Mi   
1783199735
websocket-server-8585946c55-ckvfg   1m    79Mi   
websocket-server-8585946c55-z6s5n   1m    79Mi   
1783199740
websocket-loadgen-8dmpp             124m   30Mi   
websocket-server-8585946c55-9pmjh   58m    29Mi   
websocket-server-8585946c55-ckvfg   1m     79Mi   
websocket-server-8585946c55-ntv72   71m    31Mi   
websocket-server-8585946c55-z6s5n   1m     79Mi   
1783199745
websocket-loadgen-8dmpp             124m   30Mi   
websocket-server-8585946c55-9pmjh   58m    29Mi   
websocket-server-8585946c55-ckvfg   1m     79Mi   
websocket-server-8585946c55-ntv72   71m    31Mi   
websocket-server-8585946c55-z6s5n   1m     79Mi   
1783199750
websocket-loadgen-8dmpp             124m   30Mi   
websocket-server-8585946c55-9pmjh   58m    29Mi   
websocket-server-8585946c55-ntv72   71m    31Mi   
1783199756
websocket-loadgen-8dmpp             105m   32Mi   
websocket-server-8585946c55-9pmjh   99m    31Mi   
websocket-server-8585946c55-ntv72   104m   31Mi   
1783199761
websocket-loadgen-8dmpp             105m   32Mi   
websocket-server-8585946c55-9pmjh   99m    31Mi   
websocket-server-8585946c55-ntv72   104m   31Mi   
1783199766
websocket-loadgen-8dmpp             105m   32Mi   
websocket-server-8585946c55-9pmjh   99m    31Mi   
websocket-server-8585946c55-ntv72   104m   31Mi   
1783199771
websocket-loadgen-8dmpp             50m    40Mi   
websocket-server-8585946c55-9pmjh   166m   35Mi   
websocket-server-8585946c55-ntv72   177m   35Mi   
1783199776
websocket-loadgen-8dmpp             50m    40Mi   
websocket-server-8585946c55-9pmjh   166m   35Mi   
websocket-server-8585946c55-ntv72   177m   35Mi   
1783199781
websocket-loadgen-8dmpp             50m    40Mi   
websocket-server-8585946c55-9pmjh   166m   35Mi   
websocket-server-8585946c55-ntv72   177m   35Mi   
1783199786
websocket-loadgen-8dmpp             68m    49Mi   
websocket-server-8585946c55-9pmjh   245m   37Mi   
websocket-server-8585946c55-gbvjv   49m    29Mi   
websocket-server-8585946c55-gv9mg   74m    28Mi   
websocket-server-8585946c55-ntv72   261m   39Mi   
1783199791
websocket-loadgen-8dmpp             68m    49Mi   
websocket-server-8585946c55-9pmjh   245m   37Mi   
websocket-server-8585946c55-gbvjv   49m    29Mi   
websocket-server-8585946c55-gv9mg   74m    28Mi   
websocket-server-8585946c55-ntv72   261m   39Mi   
1783199797
websocket-loadgen-8dmpp             68m    49Mi   
websocket-server-8585946c55-9pmjh   245m   37Mi   
websocket-server-8585946c55-gbvjv   49m    29Mi   
websocket-server-8585946c55-gv9mg   74m    28Mi   
websocket-server-8585946c55-ntv72   261m   39Mi   
1783199802
websocket-loadgen-8dmpp             81m    56Mi   
websocket-server-8585946c55-7rv6f   63m    28Mi   
websocket-server-8585946c55-9pmjh   295m   38Mi   
websocket-server-8585946c55-gbvjv   92m    31Mi   
websocket-server-8585946c55-gv9mg   72m    30Mi   
websocket-server-8585946c55-ntv72   261m   39Mi   
websocket-server-8585946c55-qcblc   29m    28Mi   
1783199807
websocket-loadgen-8dmpp             81m    56Mi   
websocket-server-8585946c55-7rv6f   63m    28Mi   
websocket-server-8585946c55-9pmjh   295m   38Mi   
websocket-server-8585946c55-gbvjv   92m    31Mi   
websocket-server-8585946c55-gv9mg   72m    30Mi   
websocket-server-8585946c55-ntv72   261m   39Mi   
websocket-server-8585946c55-qcblc   29m    28Mi   
1783199812
websocket-loadgen-8dmpp             81m    56Mi   
websocket-server-8585946c55-7rv6f   63m    28Mi   
websocket-server-8585946c55-9pmjh   295m   38Mi   
websocket-server-8585946c55-gbvjv   92m    31Mi   
websocket-server-8585946c55-gv9mg   72m    30Mi   
websocket-server-8585946c55-ntv72   261m   39Mi   
websocket-server-8585946c55-qcblc   29m    28Mi   
1783199817
websocket-loadgen-8dmpp             95m    63Mi   
websocket-server-8585946c55-2xf5k   21m    28Mi   
websocket-server-8585946c55-7rv6f   29m    28Mi   
websocket-server-8585946c55-8h4mh   22m    28Mi   
websocket-server-8585946c55-9pfwm   16m    28Mi   
websocket-server-8585946c55-9pmjh   325m   40Mi   
websocket-server-8585946c55-gbvjv   109m   31Mi   
websocket-server-8585946c55-gv9mg   102m   30Mi   
websocket-server-8585946c55-ntv72   307m   39Mi   
websocket-server-8585946c55-ntwpr   30m    28Mi   
websocket-server-8585946c55-qcblc   53m    29Mi   
websocket-server-8585946c55-qlnv6   15m    28Mi   
1783199822
websocket-server-8585946c55-2xf5k   21m    28Mi   
websocket-server-8585946c55-7rv6f   29m    28Mi   
websocket-server-8585946c55-8h4mh   22m    28Mi   
websocket-server-8585946c55-9pfwm   16m    28Mi   
websocket-server-8585946c55-9pmjh   325m   40Mi   
websocket-server-8585946c55-gbvjv   109m   31Mi   
websocket-server-8585946c55-gv9mg   102m   30Mi   
websocket-server-8585946c55-ntv72   307m   39Mi   
websocket-server-8585946c55-ntwpr   30m    28Mi   
websocket-server-8585946c55-qcblc   53m    29Mi   
websocket-server-8585946c55-qlnv6   15m    28Mi   
1783199827
websocket-server-8585946c55-2xf5k   21m    28Mi   
websocket-server-8585946c55-7rv6f   29m    28Mi   
websocket-server-8585946c55-8h4mh   22m    28Mi   
websocket-server-8585946c55-9pfwm   16m    28Mi   
websocket-server-8585946c55-9pmjh   325m   40Mi   
websocket-server-8585946c55-gbvjv   109m   31Mi   
websocket-server-8585946c55-gv9mg   102m   30Mi   
websocket-server-8585946c55-ntv72   307m   39Mi   
websocket-server-8585946c55-ntwpr   30m    28Mi   
websocket-server-8585946c55-qcblc   53m    29Mi   
websocket-server-8585946c55-qlnv6   15m    28Mi   
1783199832
websocket-server-8585946c55-2xf5k   21m    28Mi   
websocket-server-8585946c55-7rv6f   45m    28Mi   
websocket-server-8585946c55-8h4mh   22m    28Mi   
websocket-server-8585946c55-9pfwm   8m     28Mi   
websocket-server-8585946c55-9pmjh   292m   40Mi   
websocket-server-8585946c55-gbvjv   81m    31Mi   
websocket-server-8585946c55-gv9mg   70m    31Mi   
websocket-server-8585946c55-jvtpb   67m    28Mi   
websocket-server-8585946c55-kgz56   11m    28Mi   
websocket-server-8585946c55-ntv72   321m   39Mi   
websocket-server-8585946c55-ntwpr   23m    28Mi   
websocket-server-8585946c55-qcblc   47m    29Mi   
websocket-server-8585946c55-qlnv6   21m    28Mi   
1783199838
websocket-server-8585946c55-2xf5k   21m    28Mi   
websocket-server-8585946c55-7rv6f   45m    28Mi   
websocket-server-8585946c55-8h4mh   22m    28Mi   
websocket-server-8585946c55-9pfwm   8m     28Mi   
websocket-server-8585946c55-9pmjh   292m   40Mi   
websocket-server-8585946c55-gbvjv   81m    31Mi   
websocket-server-8585946c55-gv9mg   70m    31Mi   
websocket-server-8585946c55-jvtpb   67m    28Mi   
websocket-server-8585946c55-kgz56   11m    28Mi   
websocket-server-8585946c55-ntv72   321m   39Mi   
websocket-server-8585946c55-ntwpr   23m    28Mi   
websocket-server-8585946c55-qcblc   47m    29Mi   
websocket-server-8585946c55-qlnv6   21m    28Mi   
1783199843
websocket-server-8585946c55-2xf5k   21m    28Mi   
websocket-server-8585946c55-7rv6f   45m    28Mi   
websocket-server-8585946c55-8h4mh   22m    28Mi   
websocket-server-8585946c55-9pfwm   8m     28Mi   
websocket-server-8585946c55-9pmjh   292m   40Mi   
websocket-server-8585946c55-gbvjv   81m    31Mi   
websocket-server-8585946c55-gv9mg   70m    31Mi   
websocket-server-8585946c55-jvtpb   67m    28Mi   
websocket-server-8585946c55-kgz56   11m    28Mi   
websocket-server-8585946c55-ntv72   321m   39Mi   
websocket-server-8585946c55-ntwpr   23m    28Mi   
websocket-server-8585946c55-qcblc   47m    29Mi   
websocket-server-8585946c55-qlnv6   21m    28Mi   
1783199848
websocket-server-8585946c55-2xf5k   8m    28Mi   
websocket-server-8585946c55-7rv6f   12m   29Mi   
websocket-server-8585946c55-8h4mh   10m   28Mi   
websocket-server-8585946c55-8ppxg   1m    27Mi   
websocket-server-8585946c55-9pfwm   1m    28Mi   
websocket-server-8585946c55-9pmjh   1m    40Mi   
websocket-server-8585946c55-gbvjv   1m    31Mi   
websocket-server-8585946c55-gv9mg   1m    31Mi   
websocket-server-8585946c55-jvtpb   3m    28Mi   
websocket-server-8585946c55-kgz56   1m    28Mi   
websocket-server-8585946c55-ntv72   39m   39Mi   
websocket-server-8585946c55-ntwpr   1m    28Mi   
websocket-server-8585946c55-qcblc   1m    29Mi   
websocket-server-8585946c55-qlnv6   1m    28Mi   
websocket-server-8585946c55-x5s5g   0m    27Mi   
1783199853
websocket-server-8585946c55-2xf5k   8m    28Mi   
websocket-server-8585946c55-7rv6f   12m   29Mi   
websocket-server-8585946c55-8h4mh   10m   28Mi   
websocket-server-8585946c55-8ppxg   1m    27Mi   
websocket-server-8585946c55-9pfwm   1m    28Mi   
websocket-server-8585946c55-9pmjh   1m    40Mi   
websocket-server-8585946c55-gbvjv   1m    31Mi   
websocket-server-8585946c55-gv9mg   1m    31Mi   
websocket-server-8585946c55-jvtpb   3m    28Mi   
websocket-server-8585946c55-kgz56   1m    28Mi   
websocket-server-8585946c55-ntv72   39m   39Mi   
websocket-server-8585946c55-ntwpr   1m    28Mi   
websocket-server-8585946c55-qcblc   1m    29Mi   
websocket-server-8585946c55-qlnv6   1m    28Mi   
websocket-server-8585946c55-x5s5g   0m    27Mi   
1783199858
websocket-server-8585946c55-2xf5k   8m    28Mi   
websocket-server-8585946c55-7rv6f   12m   29Mi   
websocket-server-8585946c55-8h4mh   10m   28Mi   
websocket-server-8585946c55-8ppxg   1m    27Mi   
websocket-server-8585946c55-9pfwm   1m    28Mi   
websocket-server-8585946c55-9pmjh   1m    40Mi   
websocket-server-8585946c55-gbvjv   1m    31Mi   
websocket-server-8585946c55-gv9mg   1m    31Mi   
websocket-server-8585946c55-jvtpb   3m    28Mi   
websocket-server-8585946c55-kgz56   1m    28Mi   
websocket-server-8585946c55-ntv72   39m   39Mi   
websocket-server-8585946c55-ntwpr   1m    28Mi   
websocket-server-8585946c55-qcblc   1m    29Mi   
websocket-server-8585946c55-qlnv6   1m    28Mi   
websocket-server-8585946c55-x5s5g   0m    27Mi   
1783199863
websocket-server-8585946c55-2xf5k   1m    28Mi   
websocket-server-8585946c55-7rv6f   1m    29Mi   
websocket-server-8585946c55-8h4mh   1m    28Mi   
websocket-server-8585946c55-8ppxg   1m    27Mi   
websocket-server-8585946c55-9pfwm   1m    28Mi   
websocket-server-8585946c55-9pmjh   1m    40Mi   
websocket-server-8585946c55-gbvjv   0m    31Mi   
websocket-server-8585946c55-gv9mg   1m    31Mi   
websocket-server-8585946c55-jvtpb   1m    28Mi   
websocket-server-8585946c55-kgz56   1m    28Mi   
websocket-server-8585946c55-ntv72   1m    39Mi   
websocket-server-8585946c55-ntwpr   1m    28Mi   
websocket-server-8585946c55-qcblc   1m    29Mi   
websocket-server-8585946c55-qlnv6   1m    28Mi   
websocket-server-8585946c55-x5s5g   1m    27Mi   
1783199868
websocket-server-8585946c55-2xf5k   1m    28Mi   
websocket-server-8585946c55-7rv6f   1m    29Mi   
websocket-server-8585946c55-8h4mh   1m    28Mi   
websocket-server-8585946c55-8ppxg   1m    27Mi   
websocket-server-8585946c55-9pfwm   1m    28Mi   
websocket-server-8585946c55-9pmjh   1m    40Mi   
websocket-server-8585946c55-gbvjv   0m    31Mi   
websocket-server-8585946c55-gv9mg   1m    31Mi   
websocket-server-8585946c55-jvtpb   1m    28Mi   
websocket-server-8585946c55-kgz56   1m    28Mi   
websocket-server-8585946c55-ntv72   1m    39Mi   
websocket-server-8585946c55-ntwpr   1m    28Mi   
websocket-server-8585946c55-qcblc   1m    29Mi   
websocket-server-8585946c55-qlnv6   1m    28Mi   
websocket-server-8585946c55-x5s5g   1m    27Mi   
1783199873
websocket-server-8585946c55-2xf5k   1m    28Mi   
websocket-server-8585946c55-7rv6f   1m    29Mi   
websocket-server-8585946c55-8h4mh   1m    28Mi   
websocket-server-8585946c55-8ppxg   1m    27Mi   
websocket-server-8585946c55-9pfwm   1m    28Mi   
websocket-server-8585946c55-9pmjh   1m    40Mi   
websocket-server-8585946c55-gbvjv   0m    31Mi   
websocket-server-8585946c55-gv9mg   1m    31Mi   
websocket-server-8585946c55-jvtpb   1m    28Mi   
websocket-server-8585946c55-kgz56   1m    28Mi   
websocket-server-8585946c55-ntv72   1m    39Mi   
websocket-server-8585946c55-ntwpr   1m    28Mi   
websocket-server-8585946c55-qcblc   1m    29Mi   
websocket-server-8585946c55-qlnv6   1m    28Mi   
websocket-server-8585946c55-x5s5g   1m    27Mi   
1783199878
websocket-server-8585946c55-2xf5k   1m    28Mi   
websocket-server-8585946c55-7rv6f   1m    29Mi   
websocket-server-8585946c55-8h4mh   1m    28Mi   
websocket-server-8585946c55-8ppxg   1m    27Mi   
websocket-server-8585946c55-9pfwm   1m    28Mi   
websocket-server-8585946c55-9pmjh   1m    40Mi   
websocket-server-8585946c55-gbvjv   1m    31Mi   
websocket-server-8585946c55-gv9mg   1m    31Mi   
websocket-server-8585946c55-jvtpb   1m    28Mi   
websocket-server-8585946c55-kgz56   0m    28Mi   
websocket-server-8585946c55-ntv72   1m    39Mi   
websocket-server-8585946c55-ntwpr   1m    28Mi   
websocket-server-8585946c55-qcblc   1m    29Mi   
websocket-server-8585946c55-qlnv6   1m    28Mi   
websocket-server-8585946c55-x5s5g   1m    27Mi   
1783199884
websocket-server-8585946c55-2xf5k   1m    28Mi   
websocket-server-8585946c55-7rv6f   1m    29Mi   
websocket-server-8585946c55-8h4mh   1m    28Mi   
websocket-server-8585946c55-8ppxg   1m    27Mi   
websocket-server-8585946c55-9pfwm   1m    28Mi   
websocket-server-8585946c55-9pmjh   1m    40Mi   
websocket-server-8585946c55-gbvjv   1m    31Mi   
websocket-server-8585946c55-gv9mg   1m    31Mi   
websocket-server-8585946c55-jvtpb   1m    28Mi   
websocket-server-8585946c55-kgz56   0m    28Mi   
websocket-server-8585946c55-ntv72   1m    39Mi   
websocket-server-8585946c55-ntwpr   1m    28Mi   
websocket-server-8585946c55-qcblc   1m    29Mi   
websocket-server-8585946c55-qlnv6   1m    28Mi   
websocket-server-8585946c55-x5s5g   1m    27Mi   
1783199889
websocket-loadgen-7fh4s             121m   30Mi   
websocket-server-8585946c55-2xf5k   1m     28Mi   
websocket-server-8585946c55-7rv6f   2m     29Mi   
websocket-server-8585946c55-8h4mh   3m     28Mi   
websocket-server-8585946c55-8ppxg   1m     27Mi   
websocket-server-8585946c55-9pfwm   0m     28Mi   
websocket-server-8585946c55-9pmjh   4m     40Mi   
websocket-server-8585946c55-gbvjv   1m     31Mi   
websocket-server-8585946c55-gv9mg   1m     31Mi   
websocket-server-8585946c55-jvtpb   1m     28Mi   
websocket-server-8585946c55-kgz56   0m     28Mi   
websocket-server-8585946c55-ntv72   1m     39Mi   
websocket-server-8585946c55-ntwpr   4m     29Mi   
websocket-server-8585946c55-qcblc   2m     30Mi   
websocket-server-8585946c55-qlnv6   1m     28Mi   
websocket-server-8585946c55-x5s5g   4m     28Mi   
1783199894
websocket-loadgen-7fh4s             121m   30Mi   
websocket-server-8585946c55-2xf5k   1m     28Mi   
websocket-server-8585946c55-7rv6f   2m     29Mi   
websocket-server-8585946c55-8h4mh   3m     28Mi   
websocket-server-8585946c55-8ppxg   1m     27Mi   
websocket-server-8585946c55-9pfwm   0m     28Mi   
websocket-server-8585946c55-9pmjh   4m     40Mi   
websocket-server-8585946c55-gbvjv   1m     31Mi   
websocket-server-8585946c55-gv9mg   1m     31Mi   
websocket-server-8585946c55-jvtpb   1m     28Mi   
websocket-server-8585946c55-kgz56   0m     28Mi   
websocket-server-8585946c55-ntv72   1m     39Mi   
websocket-server-8585946c55-ntwpr   4m     29Mi   
websocket-server-8585946c55-qcblc   2m     30Mi   
websocket-server-8585946c55-qlnv6   1m     28Mi   
websocket-server-8585946c55-x5s5g   4m     28Mi   
1783199899
websocket-loadgen-7fh4s             121m   30Mi   
websocket-server-8585946c55-2xf5k   1m     28Mi   
websocket-server-8585946c55-7rv6f   2m     29Mi   
websocket-server-8585946c55-8h4mh   3m     28Mi   
websocket-server-8585946c55-8ppxg   1m     27Mi   
websocket-server-8585946c55-9pfwm   0m     28Mi   
websocket-server-8585946c55-9pmjh   4m     40Mi   
websocket-server-8585946c55-gbvjv   1m     31Mi   
websocket-server-8585946c55-gv9mg   1m     31Mi   
websocket-server-8585946c55-jvtpb   1m     28Mi   
websocket-server-8585946c55-kgz56   0m     28Mi   
websocket-server-8585946c55-ntv72   1m     39Mi   
websocket-server-8585946c55-ntwpr   4m     29Mi   
websocket-server-8585946c55-qcblc   2m     30Mi   
websocket-server-8585946c55-qlnv6   1m     28Mi   
websocket-server-8585946c55-x5s5g   4m     28Mi   
1783199904
websocket-loadgen-7fh4s             42m   33Mi   
websocket-server-8585946c55-2xf5k   9m    28Mi   
websocket-server-8585946c55-7rv6f   9m    29Mi   
websocket-server-8585946c55-8h4mh   18m   28Mi   
websocket-server-8585946c55-8ppxg   19m   28Mi   
websocket-server-8585946c55-9pfwm   12m   28Mi   
websocket-server-8585946c55-9pmjh   33m   42Mi   
websocket-server-8585946c55-gbvjv   6m    32Mi   
websocket-server-8585946c55-gv9mg   8m    31Mi   
websocket-server-8585946c55-jvtpb   5m    28Mi   
websocket-server-8585946c55-kgz56   5m    28Mi   
websocket-server-8585946c55-ntv72   16m   40Mi   
websocket-server-8585946c55-ntwpr   4m    29Mi   
websocket-server-8585946c55-qcblc   13m   30Mi   
websocket-server-8585946c55-qlnv6   4m    28Mi   
websocket-server-8585946c55-x5s5g   13m   28Mi   
1783199909
websocket-loadgen-7fh4s             42m   33Mi   
websocket-server-8585946c55-2xf5k   9m    28Mi   
websocket-server-8585946c55-7rv6f   9m    29Mi   
websocket-server-8585946c55-8h4mh   18m   28Mi   
websocket-server-8585946c55-8ppxg   19m   28Mi   
websocket-server-8585946c55-9pfwm   12m   28Mi   
websocket-server-8585946c55-9pmjh   33m   42Mi   
websocket-server-8585946c55-gbvjv   6m    32Mi   
websocket-server-8585946c55-gv9mg   8m    31Mi   
websocket-server-8585946c55-jvtpb   5m    28Mi   
websocket-server-8585946c55-kgz56   5m    28Mi   
websocket-server-8585946c55-ntv72   16m   40Mi   
websocket-server-8585946c55-ntwpr   4m    29Mi   
websocket-server-8585946c55-qcblc   13m   30Mi   
websocket-server-8585946c55-qlnv6   4m    28Mi   
websocket-server-8585946c55-x5s5g   13m   28Mi   
1783199914
websocket-loadgen-7fh4s             42m   33Mi   
websocket-server-8585946c55-2xf5k   9m    28Mi   
websocket-server-8585946c55-7rv6f   9m    29Mi   
websocket-server-8585946c55-8h4mh   18m   28Mi   
websocket-server-8585946c55-8ppxg   19m   28Mi   
websocket-server-8585946c55-9pfwm   12m   28Mi   
websocket-server-8585946c55-9pmjh   33m   42Mi   
websocket-server-8585946c55-gbvjv   6m    32Mi   
websocket-server-8585946c55-gv9mg   8m    31Mi   
websocket-server-8585946c55-jvtpb   5m    28Mi   
websocket-server-8585946c55-kgz56   5m    28Mi   
websocket-server-8585946c55-ntv72   16m   40Mi   
websocket-server-8585946c55-ntwpr   4m    29Mi   
websocket-server-8585946c55-qcblc   13m   30Mi   
websocket-server-8585946c55-qlnv6   4m    28Mi   
websocket-server-8585946c55-x5s5g   13m   28Mi   
1783199919
websocket-loadgen-7fh4s             53m    40Mi   
websocket-server-8585946c55-2xf5k   20m    28Mi   
websocket-server-8585946c55-7rv6f   11m    29Mi   
websocket-server-8585946c55-8h4mh   20m    28Mi   
websocket-server-8585946c55-8ppxg   26m    28Mi   
websocket-server-8585946c55-9pfwm   18m    28Mi   
websocket-server-8585946c55-9pmjh   139m   42Mi   
websocket-server-8585946c55-gbvjv   13m    32Mi   
websocket-server-8585946c55-gv9mg   8m     31Mi   
websocket-server-8585946c55-jvtpb   11m    28Mi   
websocket-server-8585946c55-kgz56   24m    28Mi   
websocket-server-8585946c55-ntv72   96m    43Mi   
websocket-server-8585946c55-ntwpr   12m    29Mi   
websocket-server-8585946c55-qcblc   13m    30Mi   
websocket-server-8585946c55-qlnv6   6m     28Mi   
websocket-server-8585946c55-x5s5g   16m    28Mi   
1783199925
websocket-loadgen-7fh4s             53m    40Mi   
websocket-server-8585946c55-2xf5k   20m    28Mi   
websocket-server-8585946c55-7rv6f   11m    29Mi   
websocket-server-8585946c55-8h4mh   20m    28Mi   
websocket-server-8585946c55-8ppxg   26m    28Mi   
websocket-server-8585946c55-9pfwm   18m    28Mi   
websocket-server-8585946c55-9pmjh   139m   42Mi   
websocket-server-8585946c55-gbvjv   13m    32Mi   
websocket-server-8585946c55-gv9mg   8m     31Mi   
websocket-server-8585946c55-jvtpb   11m    28Mi   
websocket-server-8585946c55-kgz56   24m    28Mi   
websocket-server-8585946c55-ntv72   96m    43Mi   
websocket-server-8585946c55-ntwpr   12m    29Mi   
websocket-server-8585946c55-qcblc   13m    30Mi   
websocket-server-8585946c55-qlnv6   6m     28Mi   
websocket-server-8585946c55-x5s5g   16m    28Mi   
1783199930
websocket-loadgen-7fh4s             53m    40Mi   
websocket-server-8585946c55-9pmjh   139m   42Mi   
websocket-server-8585946c55-ntv72   96m    43Mi   
1783199935
websocket-loadgen-7fh4s             65m    48Mi   
websocket-server-8585946c55-9pmjh   270m   44Mi   
websocket-server-8585946c55-ntv72   187m   43Mi   
1783199940
websocket-loadgen-7fh4s             65m    48Mi   
websocket-server-8585946c55-9pmjh   270m   44Mi   
websocket-server-8585946c55-ntv72   187m   43Mi   
1783199945
websocket-loadgen-7fh4s             65m    48Mi   
websocket-server-8585946c55-9pmjh   270m   44Mi   
websocket-server-8585946c55-ntv72   187m   43Mi   
1783199950
websocket-loadgen-7fh4s             97m    61Mi   
websocket-server-8585946c55-6stgc   121m   29Mi   
websocket-server-8585946c55-9pmjh   355m   44Mi   
websocket-server-8585946c55-hrfzc   107m   30Mi   
websocket-server-8585946c55-ntv72   329m   44Mi   
1783199955
websocket-loadgen-7fh4s             97m    61Mi   
websocket-server-8585946c55-6stgc   121m   29Mi   
websocket-server-8585946c55-9pmjh   355m   44Mi   
websocket-server-8585946c55-hrfzc   107m   30Mi   
websocket-server-8585946c55-ntv72   329m   44Mi   
1783199961
websocket-loadgen-7fh4s             97m    61Mi   
websocket-server-8585946c55-6stgc   121m   29Mi   
websocket-server-8585946c55-9pmjh   355m   44Mi   
websocket-server-8585946c55-hrfzc   107m   30Mi   
websocket-server-8585946c55-ntv72   329m   44Mi   
1783199966
websocket-loadgen-7fh4s             85m    71Mi   
websocket-server-8585946c55-686mf   54m    28Mi   
websocket-server-8585946c55-6stgc   90m    31Mi   
websocket-server-8585946c55-9pmjh   370m   44Mi   
websocket-server-8585946c55-dpqjx   20m    28Mi   
websocket-server-8585946c55-hrfzc   107m   31Mi   
websocket-server-8585946c55-ntv72   362m   44Mi   
websocket-server-8585946c55-pvbck   68m    28Mi   
websocket-server-8585946c55-tcnj6   64m    28Mi   
1783199971
websocket-server-8585946c55-686mf   54m    28Mi   
websocket-server-8585946c55-6stgc   90m    31Mi   
websocket-server-8585946c55-9pmjh   370m   44Mi   
websocket-server-8585946c55-dpqjx   20m    28Mi   
websocket-server-8585946c55-hrfzc   107m   31Mi   
websocket-server-8585946c55-ntv72   362m   44Mi   
websocket-server-8585946c55-pvbck   68m    28Mi   
websocket-server-8585946c55-tcnj6   64m    28Mi   
1783199976
websocket-server-8585946c55-686mf   54m    28Mi   
websocket-server-8585946c55-6stgc   90m    31Mi   
websocket-server-8585946c55-9pmjh   370m   44Mi   
websocket-server-8585946c55-dpqjx   20m    28Mi   
websocket-server-8585946c55-hrfzc   107m   31Mi   
websocket-server-8585946c55-ntv72   362m   44Mi   
websocket-server-8585946c55-pvbck   68m    28Mi   
websocket-server-8585946c55-tcnj6   64m    28Mi   
1783199981
websocket-server-8585946c55-4jftq   7m     28Mi   
websocket-server-8585946c55-686mf   22m    28Mi   
websocket-server-8585946c55-6stgc   108m   31Mi   
websocket-server-8585946c55-9pmjh   338m   43Mi   
websocket-server-8585946c55-9tw56   10m    28Mi   
websocket-server-8585946c55-dpqjx   26m    28Mi   
websocket-server-8585946c55-hrfzc   98m    31Mi   
websocket-server-8585946c55-jmn7v   62m    28Mi   
websocket-server-8585946c55-ntv72   279m   43Mi   
websocket-server-8585946c55-pvbck   26m    28Mi   
websocket-server-8585946c55-qg4wc   63m    27Mi   
websocket-server-8585946c55-tcnj6   17m    28Mi   
1783199986
websocket-server-8585946c55-4jftq   7m     28Mi   
websocket-server-8585946c55-686mf   22m    28Mi   
websocket-server-8585946c55-6stgc   108m   31Mi   
websocket-server-8585946c55-9pmjh   338m   43Mi   
websocket-server-8585946c55-9tw56   10m    28Mi   
websocket-server-8585946c55-dpqjx   26m    28Mi   
websocket-server-8585946c55-hrfzc   98m    31Mi   
websocket-server-8585946c55-jmn7v   62m    28Mi   
websocket-server-8585946c55-ntv72   279m   43Mi   
websocket-server-8585946c55-pvbck   26m    28Mi   
websocket-server-8585946c55-qg4wc   63m    27Mi   
websocket-server-8585946c55-tcnj6   17m    28Mi   
1783199991
websocket-server-8585946c55-4jftq   7m     28Mi   
websocket-server-8585946c55-686mf   22m    28Mi   
websocket-server-8585946c55-6stgc   108m   31Mi   
websocket-server-8585946c55-9pmjh   338m   43Mi   
websocket-server-8585946c55-9tw56   10m    28Mi   
websocket-server-8585946c55-dpqjx   26m    28Mi   
websocket-server-8585946c55-hrfzc   98m    31Mi   
websocket-server-8585946c55-jmn7v   62m    28Mi   
websocket-server-8585946c55-ntv72   279m   43Mi   
websocket-server-8585946c55-pvbck   26m    28Mi   
websocket-server-8585946c55-qg4wc   63m    27Mi   
websocket-server-8585946c55-tcnj6   17m    28Mi   
1783199996
websocket-server-8585946c55-4jftq   1m    28Mi   
websocket-server-8585946c55-59cb4   47m   27Mi   
websocket-server-8585946c55-686mf   0m    28Mi   
websocket-server-8585946c55-6stgc   1m    31Mi   
websocket-server-8585946c55-7lhjw   1m    27Mi   
websocket-server-8585946c55-9pmjh   1m    43Mi   
websocket-server-8585946c55-9tw56   1m    28Mi   
websocket-server-8585946c55-dpqjx   1m    28Mi   
websocket-server-8585946c55-hrfzc   1m    31Mi   
websocket-server-8585946c55-jmn7v   1m    28Mi   
websocket-server-8585946c55-ntv72   1m    43Mi   
websocket-server-8585946c55-pvbck   0m    28Mi   
websocket-server-8585946c55-qg4wc   1m    28Mi   
websocket-server-8585946c55-s72jz   1m    27Mi   
websocket-server-8585946c55-tcnj6   1m    28Mi   
1783200001
websocket-server-8585946c55-4jftq   1m    28Mi   
websocket-server-8585946c55-59cb4   47m   27Mi   
websocket-server-8585946c55-686mf   0m    28Mi   
websocket-server-8585946c55-6stgc   1m    31Mi   
websocket-server-8585946c55-7lhjw   1m    27Mi   
websocket-server-8585946c55-9pmjh   1m    43Mi   
websocket-server-8585946c55-9tw56   1m    28Mi   
websocket-server-8585946c55-dpqjx   1m    28Mi   
websocket-server-8585946c55-hrfzc   1m    31Mi   
websocket-server-8585946c55-jmn7v   1m    28Mi   
websocket-server-8585946c55-ntv72   1m    43Mi   
websocket-server-8585946c55-pvbck   0m    28Mi   
websocket-server-8585946c55-qg4wc   1m    28Mi   
websocket-server-8585946c55-s72jz   1m    27Mi   
websocket-server-8585946c55-tcnj6   1m    28Mi   
1783200007
websocket-server-8585946c55-4jftq   1m    28Mi   
websocket-server-8585946c55-59cb4   47m   27Mi   
websocket-server-8585946c55-686mf   0m    28Mi   
websocket-server-8585946c55-6stgc   1m    31Mi   
websocket-server-8585946c55-7lhjw   1m    27Mi   
websocket-server-8585946c55-9pmjh   1m    43Mi   
websocket-server-8585946c55-9tw56   1m    28Mi   
websocket-server-8585946c55-dpqjx   1m    28Mi   
websocket-server-8585946c55-hrfzc   1m    31Mi   
websocket-server-8585946c55-jmn7v   1m    28Mi   
websocket-server-8585946c55-ntv72   1m    43Mi   
websocket-server-8585946c55-pvbck   0m    28Mi   
websocket-server-8585946c55-qg4wc   1m    28Mi   
websocket-server-8585946c55-s72jz   1m    27Mi   
websocket-server-8585946c55-tcnj6   1m    28Mi   
1783200012
websocket-server-8585946c55-4jftq   1m    28Mi   
websocket-server-8585946c55-59cb4   1m    27Mi   
websocket-server-8585946c55-686mf   1m    28Mi   
websocket-server-8585946c55-6stgc   1m    31Mi   
websocket-server-8585946c55-7lhjw   1m    27Mi   
websocket-server-8585946c55-9pmjh   1m    43Mi   
websocket-server-8585946c55-9tw56   1m    28Mi   
websocket-server-8585946c55-dpqjx   1m    28Mi   
websocket-server-8585946c55-hrfzc   1m    31Mi   
websocket-server-8585946c55-jmn7v   1m    28Mi   
websocket-server-8585946c55-ntv72   1m    43Mi   
websocket-server-8585946c55-pvbck   0m    28Mi   
websocket-server-8585946c55-qg4wc   1m    28Mi   
websocket-server-8585946c55-s72jz   1m    27Mi   
websocket-server-8585946c55-tcnj6   1m    28Mi   
1783200017
websocket-server-8585946c55-4jftq   1m    28Mi   
websocket-server-8585946c55-59cb4   1m    27Mi   
websocket-server-8585946c55-686mf   1m    28Mi   
websocket-server-8585946c55-6stgc   1m    31Mi   
websocket-server-8585946c55-7lhjw   1m    27Mi   
websocket-server-8585946c55-9pmjh   1m    43Mi   
websocket-server-8585946c55-9tw56   1m    28Mi   
websocket-server-8585946c55-dpqjx   1m    28Mi   
websocket-server-8585946c55-hrfzc   1m    31Mi   
websocket-server-8585946c55-jmn7v   1m    28Mi   
websocket-server-8585946c55-ntv72   1m    43Mi   
websocket-server-8585946c55-pvbck   0m    28Mi   
websocket-server-8585946c55-qg4wc   1m    28Mi   
websocket-server-8585946c55-s72jz   1m    27Mi   
websocket-server-8585946c55-tcnj6   1m    28Mi   
1783200022
websocket-server-8585946c55-4jftq   1m    28Mi   
websocket-server-8585946c55-59cb4   1m    27Mi   
websocket-server-8585946c55-686mf   1m    28Mi   
websocket-server-8585946c55-6stgc   1m    31Mi   
websocket-server-8585946c55-7lhjw   1m    27Mi   
websocket-server-8585946c55-9pmjh   1m    43Mi   
websocket-server-8585946c55-9tw56   1m    28Mi   
websocket-server-8585946c55-dpqjx   1m    28Mi   
websocket-server-8585946c55-hrfzc   1m    31Mi   
websocket-server-8585946c55-jmn7v   1m    28Mi   
websocket-server-8585946c55-ntv72   1m    43Mi   
websocket-server-8585946c55-pvbck   0m    28Mi   
websocket-server-8585946c55-qg4wc   1m    28Mi   
websocket-server-8585946c55-s72jz   1m    27Mi   
websocket-server-8585946c55-tcnj6   1m    28Mi   
1783200027
websocket-server-8585946c55-4jftq   1m    28Mi   
websocket-server-8585946c55-59cb4   1m    27Mi   
websocket-server-8585946c55-686mf   0m    28Mi   
websocket-server-8585946c55-6stgc   1m    31Mi   
websocket-server-8585946c55-7lhjw   1m    27Mi   
websocket-server-8585946c55-9pmjh   1m    43Mi   
websocket-server-8585946c55-9tw56   1m    28Mi   
websocket-server-8585946c55-dpqjx   1m    28Mi   
websocket-server-8585946c55-hrfzc   1m    31Mi   
websocket-server-8585946c55-jmn7v   1m    28Mi   
websocket-server-8585946c55-ntv72   1m    43Mi   
websocket-server-8585946c55-pvbck   1m    28Mi   
websocket-server-8585946c55-qg4wc   1m    28Mi   
websocket-server-8585946c55-s72jz   1m    27Mi   
websocket-server-8585946c55-tcnj6   0m    28Mi   
1783200032
websocket-server-8585946c55-4jftq   1m    28Mi   
websocket-server-8585946c55-59cb4   1m    27Mi   
websocket-server-8585946c55-686mf   0m    28Mi   
websocket-server-8585946c55-6stgc   1m    31Mi   
websocket-server-8585946c55-7lhjw   1m    27Mi   
websocket-server-8585946c55-9pmjh   1m    43Mi   
websocket-server-8585946c55-9tw56   1m    28Mi   
websocket-server-8585946c55-dpqjx   1m    28Mi   
websocket-server-8585946c55-hrfzc   1m    31Mi   
websocket-server-8585946c55-jmn7v   1m    28Mi   
websocket-server-8585946c55-ntv72   1m    43Mi   
websocket-server-8585946c55-pvbck   1m    28Mi   
websocket-server-8585946c55-qg4wc   1m    28Mi   
websocket-server-8585946c55-s72jz   1m    27Mi   
websocket-server-8585946c55-tcnj6   0m    28Mi   
1783200037
websocket-server-8585946c55-4jftq   1m    28Mi   
websocket-server-8585946c55-59cb4   1m    27Mi   
websocket-server-8585946c55-686mf   0m    28Mi   
websocket-server-8585946c55-6stgc   1m    31Mi   
websocket-server-8585946c55-7lhjw   1m    27Mi   
websocket-server-8585946c55-9pmjh   1m    43Mi   
websocket-server-8585946c55-9tw56   1m    28Mi   
websocket-server-8585946c55-dpqjx   1m    28Mi   
websocket-server-8585946c55-hrfzc   1m    31Mi   
websocket-server-8585946c55-jmn7v   1m    28Mi   
websocket-server-8585946c55-ntv72   1m    43Mi   
websocket-server-8585946c55-pvbck   1m    28Mi   
websocket-server-8585946c55-qg4wc   1m    28Mi   
websocket-server-8585946c55-s72jz   1m    27Mi   
websocket-server-8585946c55-tcnj6   0m    28Mi   
1783200042
websocket-loadgen-98687             130m   30Mi   
websocket-server-8585946c55-4jftq   1m     28Mi   
websocket-server-8585946c55-59cb4   1m     27Mi   
websocket-server-8585946c55-686mf   0m     28Mi   
websocket-server-8585946c55-6stgc   1m     31Mi   
websocket-server-8585946c55-7lhjw   4m     28Mi   
websocket-server-8585946c55-9pmjh   1m     43Mi   
websocket-server-8585946c55-9tw56   4m     28Mi   
websocket-server-8585946c55-dpqjx   1m     28Mi   
websocket-server-8585946c55-hrfzc   0m     31Mi   
websocket-server-8585946c55-jmn7v   1m     28Mi   
websocket-server-8585946c55-ntv72   2m     43Mi   
websocket-server-8585946c55-pvbck   3m     29Mi   
websocket-server-8585946c55-qg4wc   4m     28Mi   
websocket-server-8585946c55-s72jz   0m     27Mi   
websocket-server-8585946c55-tcnj6   0m     28Mi   
1783200047
websocket-loadgen-98687             130m   30Mi   
websocket-server-8585946c55-4jftq   1m     28Mi   
websocket-server-8585946c55-59cb4   1m     27Mi   
websocket-server-8585946c55-686mf   0m     28Mi   
websocket-server-8585946c55-6stgc   1m     31Mi   
websocket-server-8585946c55-7lhjw   4m     28Mi   
websocket-server-8585946c55-9pmjh   1m     43Mi   
websocket-server-8585946c55-9tw56   4m     28Mi   
websocket-server-8585946c55-dpqjx   1m     28Mi   
websocket-server-8585946c55-hrfzc   0m     31Mi   
websocket-server-8585946c55-jmn7v   1m     28Mi   
websocket-server-8585946c55-ntv72   2m     43Mi   
websocket-server-8585946c55-pvbck   3m     29Mi   
websocket-server-8585946c55-qg4wc   4m     28Mi   
websocket-server-8585946c55-s72jz   0m     27Mi   
websocket-server-8585946c55-tcnj6   0m     28Mi   
1783200053
websocket-loadgen-98687             130m   30Mi   
websocket-server-8585946c55-4jftq   1m     28Mi   
websocket-server-8585946c55-59cb4   1m     27Mi   
websocket-server-8585946c55-686mf   0m     28Mi   
websocket-server-8585946c55-6stgc   1m     31Mi   
websocket-server-8585946c55-7lhjw   4m     28Mi   
websocket-server-8585946c55-9pmjh   1m     43Mi   
websocket-server-8585946c55-9tw56   4m     28Mi   
websocket-server-8585946c55-dpqjx   1m     28Mi   
websocket-server-8585946c55-hrfzc   0m     31Mi   
websocket-server-8585946c55-jmn7v   1m     28Mi   
websocket-server-8585946c55-ntv72   2m     43Mi   
websocket-server-8585946c55-pvbck   3m     29Mi   
websocket-server-8585946c55-qg4wc   4m     28Mi   
websocket-server-8585946c55-s72jz   0m     27Mi   
websocket-server-8585946c55-tcnj6   0m     28Mi   
1783200058
websocket-loadgen-98687             130m   30Mi   
websocket-server-8585946c55-4jftq   11m    28Mi   
websocket-server-8585946c55-59cb4   11m    28Mi   
websocket-server-8585946c55-686mf   5m     28Mi   
websocket-server-8585946c55-6stgc   5m     32Mi   
websocket-server-8585946c55-7lhjw   11m    28Mi   
websocket-server-8585946c55-9pmjh   20m    45Mi   
websocket-server-8585946c55-9tw56   21m    29Mi   
websocket-server-8585946c55-dpqjx   5m     28Mi   
websocket-server-8585946c55-hrfzc   13m    32Mi   
websocket-server-8585946c55-jmn7v   5m     28Mi   
websocket-server-8585946c55-ntv72   8m     43Mi   
websocket-server-8585946c55-pvbck   3m     29Mi   
websocket-server-8585946c55-qg4wc   4m     28Mi   
websocket-server-8585946c55-s72jz   9m     28Mi   
websocket-server-8585946c55-tcnj6   4m     28Mi   
1783200063
websocket-loadgen-98687             130m   30Mi   
websocket-server-8585946c55-4jftq   11m    28Mi   
websocket-server-8585946c55-59cb4   11m    28Mi   
websocket-server-8585946c55-686mf   5m     28Mi   
websocket-server-8585946c55-6stgc   5m     32Mi   
websocket-server-8585946c55-7lhjw   11m    28Mi   
websocket-server-8585946c55-9pmjh   20m    45Mi   
websocket-server-8585946c55-9tw56   21m    29Mi   
websocket-server-8585946c55-dpqjx   5m     28Mi   
websocket-server-8585946c55-hrfzc   13m    32Mi   
websocket-server-8585946c55-jmn7v   5m     28Mi   
websocket-server-8585946c55-ntv72   8m     43Mi   
websocket-server-8585946c55-pvbck   3m     29Mi   
websocket-server-8585946c55-qg4wc   4m     28Mi   
websocket-server-8585946c55-s72jz   9m     28Mi   
websocket-server-8585946c55-tcnj6   4m     28Mi   
1783200068
websocket-loadgen-98687             130m   30Mi   
websocket-server-8585946c55-4jftq   11m    28Mi   
websocket-server-8585946c55-59cb4   11m    28Mi   
websocket-server-8585946c55-686mf   5m     28Mi   
websocket-server-8585946c55-6stgc   5m     32Mi   
websocket-server-8585946c55-7lhjw   11m    28Mi   
websocket-server-8585946c55-9pmjh   20m    45Mi   
websocket-server-8585946c55-9tw56   21m    29Mi   
websocket-server-8585946c55-dpqjx   5m     28Mi   
websocket-server-8585946c55-hrfzc   13m    32Mi   
websocket-server-8585946c55-jmn7v   5m     28Mi   
websocket-server-8585946c55-ntv72   8m     43Mi   
websocket-server-8585946c55-pvbck   3m     29Mi   
websocket-server-8585946c55-qg4wc   4m     28Mi   
websocket-server-8585946c55-s72jz   9m     28Mi   
websocket-server-8585946c55-tcnj6   4m     28Mi   
1783200073
websocket-loadgen-98687             53m    46Mi   
websocket-server-8585946c55-4jftq   16m    28Mi   
websocket-server-8585946c55-59cb4   15m    28Mi   
websocket-server-8585946c55-686mf   12m    28Mi   
websocket-server-8585946c55-6stgc   8m     32Mi   
websocket-server-8585946c55-7lhjw   11m    28Mi   
websocket-server-8585946c55-9pmjh   108m   46Mi   
websocket-server-8585946c55-9tw56   27m    28Mi   
websocket-server-8585946c55-dpqjx   17m    29Mi   
websocket-server-8585946c55-hrfzc   20m    32Mi   
websocket-server-8585946c55-jmn7v   15m    28Mi   
websocket-server-8585946c55-ntv72   87m    48Mi   
websocket-server-8585946c55-pvbck   9m     29Mi   
websocket-server-8585946c55-qg4wc   14m    28Mi   
websocket-server-8585946c55-s72jz   17m    28Mi   
websocket-server-8585946c55-tcnj6   17m    29Mi   
1783200078
websocket-loadgen-98687             53m    46Mi   
websocket-server-8585946c55-9pmjh   108m   46Mi   
websocket-server-8585946c55-ntv72   87m    48Mi   
1783200083
websocket-loadgen-98687             53m    46Mi   
websocket-server-8585946c55-9pmjh   108m   46Mi   
websocket-server-8585946c55-ntv72   87m    48Mi   
1783200088
websocket-loadgen-98687             97m    60Mi   
websocket-server-8585946c55-9pmjh   250m   54Mi   
websocket-server-8585946c55-ntv72   238m   52Mi   
1783200093
websocket-loadgen-98687             97m    60Mi   
websocket-server-8585946c55-9pmjh   250m   54Mi   
websocket-server-8585946c55-ntv72   238m   52Mi   
1783200099
websocket-loadgen-98687             97m    60Mi   
websocket-server-8585946c55-9pmjh   349m   55Mi   
websocket-server-8585946c55-ghhzr   103m   29Mi   
websocket-server-8585946c55-mbfqq   72m    30Mi   
websocket-server-8585946c55-ntv72   337m   55Mi   
1783200104
websocket-loadgen-98687             97m    60Mi   
websocket-server-8585946c55-9pmjh   349m   55Mi   
websocket-server-8585946c55-ghhzr   103m   29Mi   
websocket-server-8585946c55-mbfqq   72m    30Mi   
websocket-server-8585946c55-ntv72   337m   55Mi   
1783200109
websocket-loadgen-98687             97m    60Mi   
websocket-server-8585946c55-9pmjh   349m   55Mi   
websocket-server-8585946c55-ghhzr   103m   29Mi   
websocket-server-8585946c55-mbfqq   72m    30Mi   
websocket-server-8585946c55-ntv72   337m   55Mi   
1783200114
websocket-loadgen-98687             96m    76Mi   
websocket-server-8585946c55-2ndrf   67m    28Mi   
websocket-server-8585946c55-5fgc2   75m    28Mi   
websocket-server-8585946c55-9pmjh   349m   55Mi   
websocket-server-8585946c55-ghhzr   101m   31Mi   
websocket-server-8585946c55-lgcvs   76m    28Mi   
websocket-server-8585946c55-mbfqq   106m   30Mi   
websocket-server-8585946c55-ntv72   404m   57Mi   
websocket-server-8585946c55-rvfds   35m    28Mi   
1783200119
websocket-server-8585946c55-2ndrf   67m    28Mi   
websocket-server-8585946c55-5fgc2   75m    28Mi   
websocket-server-8585946c55-9pmjh   349m   55Mi   
websocket-server-8585946c55-ghhzr   101m   31Mi   
websocket-server-8585946c55-lgcvs   76m    28Mi   
websocket-server-8585946c55-mbfqq   106m   30Mi   
websocket-server-8585946c55-ntv72   404m   57Mi   
websocket-server-8585946c55-rvfds   35m    28Mi   
1783200124
websocket-server-8585946c55-2ndrf   67m    28Mi   
websocket-server-8585946c55-5fgc2   75m    28Mi   
websocket-server-8585946c55-9pmjh   349m   55Mi   
websocket-server-8585946c55-ghhzr   101m   31Mi   
websocket-server-8585946c55-lgcvs   76m    28Mi   
websocket-server-8585946c55-mbfqq   106m   30Mi   
websocket-server-8585946c55-ntv72   404m   57Mi   
websocket-server-8585946c55-rvfds   35m    28Mi   
1783200129
websocket-server-8585946c55-2ndrf   45m    29Mi   
websocket-server-8585946c55-5fgc2   44m    28Mi   
websocket-server-8585946c55-9pmjh   299m   55Mi   
websocket-server-8585946c55-g4s8p   69m    28Mi   
websocket-server-8585946c55-ghhzr   90m    31Mi   
websocket-server-8585946c55-lgcvs   34m    28Mi   
websocket-server-8585946c55-mbfqq   65m    30Mi   
websocket-server-8585946c55-ntv72   421m   57Mi   
websocket-server-8585946c55-r89rk   63m    28Mi   
websocket-server-8585946c55-rvbnr   5m     28Mi   
websocket-server-8585946c55-rvfds   45m    28Mi   
websocket-server-8585946c55-trmh5   64m    28Mi   
websocket-server-8585946c55-x6vtk   75m    27Mi   
1783200135
websocket-server-8585946c55-2ndrf   45m    29Mi   
websocket-server-8585946c55-5fgc2   44m    28Mi   
websocket-server-8585946c55-9pmjh   299m   55Mi   
websocket-server-8585946c55-g4s8p   69m    28Mi   
websocket-server-8585946c55-ghhzr   90m    31Mi   
websocket-server-8585946c55-lgcvs   34m    28Mi   
websocket-server-8585946c55-mbfqq   65m    30Mi   
websocket-server-8585946c55-ntv72   421m   57Mi   
websocket-server-8585946c55-r89rk   63m    28Mi   
websocket-server-8585946c55-rvbnr   5m     28Mi   
websocket-server-8585946c55-rvfds   45m    28Mi   
websocket-server-8585946c55-trmh5   64m    28Mi   
websocket-server-8585946c55-x6vtk   75m    27Mi   
1783200140
websocket-server-8585946c55-2ndrf   45m    29Mi   
websocket-server-8585946c55-5fgc2   44m    28Mi   
websocket-server-8585946c55-9pmjh   299m   55Mi   
websocket-server-8585946c55-g4s8p   69m    28Mi   
websocket-server-8585946c55-ghhzr   90m    31Mi   
websocket-server-8585946c55-lgcvs   34m    28Mi   
websocket-server-8585946c55-mbfqq   65m    30Mi   
websocket-server-8585946c55-ntv72   421m   57Mi   
websocket-server-8585946c55-r89rk   63m    28Mi   
websocket-server-8585946c55-rvbnr   5m     28Mi   
websocket-server-8585946c55-rvfds   45m    28Mi   
websocket-server-8585946c55-trmh5   64m    28Mi   
websocket-server-8585946c55-x6vtk   75m    27Mi   
1783200145
websocket-server-8585946c55-2ndrf   2m    28Mi   
websocket-server-8585946c55-5fgc2   1m    28Mi   
websocket-server-8585946c55-6x5dv   59m   27Mi   
websocket-server-8585946c55-9pmjh   1m    55Mi   
websocket-server-8585946c55-g4s8p   1m    28Mi   
websocket-server-8585946c55-ghhzr   1m    31Mi   
websocket-server-8585946c55-lgcvs   4m    28Mi   
websocket-server-8585946c55-mbfqq   1m    30Mi   
websocket-server-8585946c55-nfrxw   58m   27Mi   
websocket-server-8585946c55-ntv72   25m   56Mi   
websocket-server-8585946c55-r89rk   1m    28Mi   
websocket-server-8585946c55-rvbnr   1m    28Mi   
websocket-server-8585946c55-rvfds   1m    28Mi   
websocket-server-8585946c55-trmh5   1m    28Mi   
websocket-server-8585946c55-x6vtk   2m    28Mi   
1783200150
websocket-server-8585946c55-2ndrf   2m    28Mi   
websocket-server-8585946c55-5fgc2   1m    28Mi   
websocket-server-8585946c55-6x5dv   59m   27Mi   
websocket-server-8585946c55-9pmjh   1m    55Mi   
websocket-server-8585946c55-g4s8p   1m    28Mi   
websocket-server-8585946c55-ghhzr   1m    31Mi   
websocket-server-8585946c55-lgcvs   4m    28Mi   
websocket-server-8585946c55-mbfqq   1m    30Mi   
websocket-server-8585946c55-nfrxw   58m   27Mi   
websocket-server-8585946c55-ntv72   25m   56Mi   
websocket-server-8585946c55-r89rk   1m    28Mi   
websocket-server-8585946c55-rvbnr   1m    28Mi   
websocket-server-8585946c55-rvfds   1m    28Mi   
websocket-server-8585946c55-trmh5   1m    28Mi   
websocket-server-8585946c55-x6vtk   2m    28Mi   
1783200155
websocket-server-8585946c55-2ndrf   2m    28Mi   
websocket-server-8585946c55-5fgc2   1m    28Mi   
websocket-server-8585946c55-6x5dv   59m   27Mi   
websocket-server-8585946c55-9pmjh   1m    55Mi   
websocket-server-8585946c55-g4s8p   1m    28Mi   
websocket-server-8585946c55-ghhzr   1m    31Mi   
websocket-server-8585946c55-lgcvs   4m    28Mi   
websocket-server-8585946c55-mbfqq   1m    30Mi   
websocket-server-8585946c55-nfrxw   58m   27Mi   
websocket-server-8585946c55-ntv72   25m   56Mi   
websocket-server-8585946c55-r89rk   1m    28Mi   
websocket-server-8585946c55-rvbnr   1m    28Mi   
websocket-server-8585946c55-rvfds   1m    28Mi   
websocket-server-8585946c55-trmh5   1m    28Mi   
websocket-server-8585946c55-x6vtk   2m    28Mi   
1783200160
websocket-server-8585946c55-2ndrf   1m    28Mi   
websocket-server-8585946c55-5fgc2   1m    28Mi   
websocket-server-8585946c55-6x5dv   1m    27Mi   
websocket-server-8585946c55-9pmjh   1m    55Mi   
websocket-server-8585946c55-g4s8p   1m    28Mi   
websocket-server-8585946c55-ghhzr   1m    31Mi   
websocket-server-8585946c55-lgcvs   4m    28Mi   
websocket-server-8585946c55-mbfqq   1m    31Mi   
websocket-server-8585946c55-nfrxw   1m    27Mi   
websocket-server-8585946c55-ntv72   1m    56Mi   
websocket-server-8585946c55-r89rk   1m    28Mi   
websocket-server-8585946c55-rvbnr   1m    28Mi   
websocket-server-8585946c55-rvfds   1m    28Mi   
websocket-server-8585946c55-trmh5   1m    28Mi   
websocket-server-8585946c55-x6vtk   1m    28Mi   
1783200165
websocket-server-8585946c55-2ndrf   1m    28Mi   
websocket-server-8585946c55-5fgc2   1m    28Mi   
websocket-server-8585946c55-6x5dv   1m    27Mi   
websocket-server-8585946c55-9pmjh   1m    55Mi   
websocket-server-8585946c55-g4s8p   1m    28Mi   
websocket-server-8585946c55-ghhzr   1m    31Mi   
websocket-server-8585946c55-lgcvs   4m    28Mi   
websocket-server-8585946c55-mbfqq   1m    31Mi   
websocket-server-8585946c55-nfrxw   1m    27Mi   
websocket-server-8585946c55-ntv72   1m    56Mi   
websocket-server-8585946c55-r89rk   1m    28Mi   
websocket-server-8585946c55-rvbnr   1m    28Mi   
websocket-server-8585946c55-rvfds   1m    28Mi   
websocket-server-8585946c55-trmh5   1m    28Mi   
websocket-server-8585946c55-x6vtk   1m    28Mi   
1783200170
websocket-server-8585946c55-2ndrf   1m    28Mi   
websocket-server-8585946c55-5fgc2   1m    28Mi   
websocket-server-8585946c55-6x5dv   1m    27Mi   
websocket-server-8585946c55-9pmjh   1m    55Mi   
websocket-server-8585946c55-g4s8p   1m    28Mi   
websocket-server-8585946c55-ghhzr   1m    31Mi   
websocket-server-8585946c55-lgcvs   4m    28Mi   
websocket-server-8585946c55-mbfqq   1m    31Mi   
websocket-server-8585946c55-nfrxw   1m    27Mi   
websocket-server-8585946c55-ntv72   1m    56Mi   
websocket-server-8585946c55-r89rk   1m    28Mi   
websocket-server-8585946c55-rvbnr   1m    28Mi   
websocket-server-8585946c55-rvfds   1m    28Mi   
websocket-server-8585946c55-trmh5   1m    28Mi   
websocket-server-8585946c55-x6vtk   1m    28Mi   
1783200175
websocket-server-8585946c55-2ndrf   1m    28Mi   
websocket-server-8585946c55-5fgc2   1m    28Mi   
websocket-server-8585946c55-6x5dv   1m    27Mi   
websocket-server-8585946c55-9pmjh   1m    55Mi   
websocket-server-8585946c55-g4s8p   1m    28Mi   
websocket-server-8585946c55-ghhzr   1m    31Mi   
websocket-server-8585946c55-lgcvs   1m    28Mi   
websocket-server-8585946c55-mbfqq   0m    30Mi   
websocket-server-8585946c55-nfrxw   1m    27Mi   
websocket-server-8585946c55-ntv72   1m    56Mi   
websocket-server-8585946c55-r89rk   1m    28Mi   
websocket-server-8585946c55-rvbnr   1m    28Mi   
websocket-server-8585946c55-rvfds   1m    28Mi   
websocket-server-8585946c55-trmh5   1m    28Mi   
websocket-server-8585946c55-x6vtk   1m    28Mi   
1783200181
websocket-server-8585946c55-2ndrf   1m    28Mi   
websocket-server-8585946c55-5fgc2   1m    28Mi   
websocket-server-8585946c55-6x5dv   1m    27Mi   
websocket-server-8585946c55-9pmjh   1m    55Mi   
websocket-server-8585946c55-g4s8p   1m    28Mi   
websocket-server-8585946c55-ghhzr   1m    31Mi   
websocket-server-8585946c55-lgcvs   1m    28Mi   
websocket-server-8585946c55-mbfqq   0m    30Mi   
websocket-server-8585946c55-nfrxw   1m    27Mi   
websocket-server-8585946c55-ntv72   1m    56Mi   
websocket-server-8585946c55-r89rk   1m    28Mi   
websocket-server-8585946c55-rvbnr   1m    28Mi   
websocket-server-8585946c55-rvfds   1m    28Mi   
websocket-server-8585946c55-trmh5   1m    28Mi   
websocket-server-8585946c55-x6vtk   1m    28Mi   
1783200186
websocket-server-8585946c55-2ndrf   1m    28Mi   
websocket-server-8585946c55-5fgc2   1m    28Mi   
websocket-server-8585946c55-6x5dv   1m    27Mi   
websocket-server-8585946c55-9pmjh   1m    55Mi   
websocket-server-8585946c55-g4s8p   1m    28Mi   
websocket-server-8585946c55-ghhzr   1m    31Mi   
websocket-server-8585946c55-lgcvs   1m    28Mi   
websocket-server-8585946c55-mbfqq   0m    30Mi   
websocket-server-8585946c55-nfrxw   1m    27Mi   
websocket-server-8585946c55-ntv72   1m    56Mi   
websocket-server-8585946c55-r89rk   1m    28Mi   
websocket-server-8585946c55-rvbnr   1m    28Mi   
websocket-server-8585946c55-rvfds   1m    28Mi   
websocket-server-8585946c55-trmh5   1m    28Mi   
websocket-server-8585946c55-x6vtk   1m    28Mi   
1783200191
websocket-loadgen-qfjvn             135m   29Mi   
websocket-server-8585946c55-2ndrf   1m     28Mi   
websocket-server-8585946c55-5fgc2   2m     28Mi   
websocket-server-8585946c55-6x5dv   3m     28Mi   
websocket-server-8585946c55-9pmjh   0m     55Mi   
websocket-server-8585946c55-g4s8p   1m     28Mi   
websocket-server-8585946c55-ghhzr   3m     31Mi   
websocket-server-8585946c55-lgcvs   1m     28Mi   
websocket-server-8585946c55-mbfqq   2m     30Mi   
websocket-server-8585946c55-nfrxw   2m     27Mi   
websocket-server-8585946c55-ntv72   2m     56Mi   
websocket-server-8585946c55-r89rk   1m     28Mi   
websocket-server-8585946c55-rvbnr   4m     29Mi   
websocket-server-8585946c55-rvfds   0m     28Mi   
websocket-server-8585946c55-trmh5   3m     28Mi   
websocket-server-8585946c55-x6vtk   1m     28Mi   
1783200196
websocket-loadgen-qfjvn             135m   29Mi   
websocket-server-8585946c55-2ndrf   1m     28Mi   
websocket-server-8585946c55-5fgc2   2m     28Mi   
websocket-server-8585946c55-6x5dv   3m     28Mi   
websocket-server-8585946c55-9pmjh   0m     55Mi   
websocket-server-8585946c55-g4s8p   1m     28Mi   
websocket-server-8585946c55-ghhzr   3m     31Mi   
websocket-server-8585946c55-lgcvs   1m     28Mi   
websocket-server-8585946c55-mbfqq   2m     30Mi   
websocket-server-8585946c55-nfrxw   2m     27Mi   
websocket-server-8585946c55-ntv72   2m     56Mi   
websocket-server-8585946c55-r89rk   1m     28Mi   
websocket-server-8585946c55-rvbnr   4m     29Mi   
websocket-server-8585946c55-rvfds   0m     28Mi   
websocket-server-8585946c55-trmh5   3m     28Mi   
websocket-server-8585946c55-x6vtk   1m     28Mi   
1783200201
websocket-loadgen-qfjvn             135m   29Mi   
websocket-server-8585946c55-2ndrf   1m     28Mi   
websocket-server-8585946c55-5fgc2   2m     28Mi   
websocket-server-8585946c55-6x5dv   3m     28Mi   
websocket-server-8585946c55-9pmjh   0m     55Mi   
websocket-server-8585946c55-g4s8p   1m     28Mi   
websocket-server-8585946c55-ghhzr   3m     31Mi   
websocket-server-8585946c55-lgcvs   1m     28Mi   
websocket-server-8585946c55-mbfqq   2m     30Mi   
websocket-server-8585946c55-nfrxw   2m     27Mi   
websocket-server-8585946c55-ntv72   2m     56Mi   
websocket-server-8585946c55-r89rk   1m     28Mi   
websocket-server-8585946c55-rvbnr   4m     29Mi   
websocket-server-8585946c55-rvfds   0m     28Mi   
websocket-server-8585946c55-trmh5   3m     28Mi   
websocket-server-8585946c55-x6vtk   1m     28Mi   
1783200206
websocket-loadgen-qfjvn             44m   33Mi   
websocket-server-8585946c55-2ndrf   3m    29Mi   
websocket-server-8585946c55-5fgc2   2m    28Mi   
websocket-server-8585946c55-6x5dv   17m   28Mi   
websocket-server-8585946c55-9pmjh   18m   56Mi   
websocket-server-8585946c55-g4s8p   17m   28Mi   
websocket-server-8585946c55-ghhzr   14m   31Mi   
websocket-server-8585946c55-lgcvs   7m    28Mi   
websocket-server-8585946c55-mbfqq   13m   31Mi   
websocket-server-8585946c55-nfrxw   12m   28Mi   
websocket-server-8585946c55-ntv72   6m    56Mi   
websocket-server-8585946c55-r89rk   17m   28Mi   
websocket-server-8585946c55-rvbnr   15m   28Mi   
websocket-server-8585946c55-rvfds   11m   29Mi   
websocket-server-8585946c55-trmh5   18m   28Mi   
websocket-server-8585946c55-x6vtk   12m   28Mi   
1783200211
websocket-loadgen-qfjvn             44m   33Mi   
websocket-server-8585946c55-2ndrf   3m    29Mi   
websocket-server-8585946c55-5fgc2   2m    28Mi   
websocket-server-8585946c55-6x5dv   17m   28Mi   
websocket-server-8585946c55-9pmjh   18m   56Mi   
websocket-server-8585946c55-g4s8p   17m   28Mi   
websocket-server-8585946c55-ghhzr   14m   31Mi   
websocket-server-8585946c55-lgcvs   7m    28Mi   
websocket-server-8585946c55-mbfqq   13m   31Mi   
websocket-server-8585946c55-nfrxw   12m   28Mi   
websocket-server-8585946c55-ntv72   6m    56Mi   
websocket-server-8585946c55-r89rk   17m   28Mi   
websocket-server-8585946c55-rvbnr   15m   28Mi   
websocket-server-8585946c55-rvfds   11m   29Mi   
websocket-server-8585946c55-trmh5   18m   28Mi   
websocket-server-8585946c55-x6vtk   12m   28Mi   
1783200216
websocket-loadgen-qfjvn             44m   33Mi   
websocket-server-8585946c55-2ndrf   3m    29Mi   
websocket-server-8585946c55-5fgc2   2m    28Mi   
websocket-server-8585946c55-6x5dv   17m   28Mi   
websocket-server-8585946c55-9pmjh   18m   56Mi   
websocket-server-8585946c55-g4s8p   17m   28Mi   
websocket-server-8585946c55-ghhzr   14m   31Mi   
websocket-server-8585946c55-lgcvs   7m    28Mi   
websocket-server-8585946c55-mbfqq   13m   31Mi   
websocket-server-8585946c55-nfrxw   12m   28Mi   
websocket-server-8585946c55-ntv72   6m    56Mi   
websocket-server-8585946c55-r89rk   17m   28Mi   
websocket-server-8585946c55-rvbnr   15m   28Mi   
websocket-server-8585946c55-rvfds   11m   29Mi   
websocket-server-8585946c55-trmh5   18m   28Mi   
websocket-server-8585946c55-x6vtk   12m   28Mi   
1783200222
websocket-loadgen-qfjvn             59m   41Mi   
websocket-server-8585946c55-2ndrf   10m   29Mi   
websocket-server-8585946c55-5fgc2   15m   29Mi   
websocket-server-8585946c55-6x5dv   17m   28Mi   
websocket-server-8585946c55-9pmjh   95m   58Mi   
websocket-server-8585946c55-g4s8p   25m   28Mi   
websocket-server-8585946c55-ghhzr   19m   31Mi   
websocket-server-8585946c55-lgcvs   11m   28Mi   
websocket-server-8585946c55-mbfqq   12m   31Mi   
websocket-server-8585946c55-nfrxw   17m   28Mi   
websocket-server-8585946c55-ntv72   74m   59Mi   
websocket-server-8585946c55-r89rk   24m   28Mi   
websocket-server-8585946c55-rvbnr   15m   28Mi   
websocket-server-8585946c55-rvfds   16m   29Mi   
websocket-server-8585946c55-trmh5   18m   28Mi   
websocket-server-8585946c55-x6vtk   17m   28Mi   
1783200227
websocket-loadgen-qfjvn             59m   41Mi   
websocket-server-8585946c55-9pmjh   95m   58Mi   
websocket-server-8585946c55-ntv72   74m   59Mi   
1783200232
websocket-loadgen-qfjvn             59m   41Mi   
websocket-server-8585946c55-9pmjh   95m   58Mi   
websocket-server-8585946c55-ntv72   74m   59Mi   
1783200237
websocket-loadgen-qfjvn             84m    54Mi   
websocket-server-8585946c55-9pmjh   172m   61Mi   
websocket-server-8585946c55-ntv72   200m   64Mi   
1783200242
websocket-loadgen-qfjvn             84m    54Mi   
websocket-server-8585946c55-9pmjh   172m   61Mi   
websocket-server-8585946c55-ntv72   200m   64Mi   
1783200247
websocket-loadgen-qfjvn             84m    54Mi   
websocket-server-8585946c55-9pmjh   172m   61Mi   
websocket-server-8585946c55-ntv72   200m   64Mi   
1783200252
websocket-loadgen-qfjvn             96m    64Mi   
websocket-server-8585946c55-9pmjh   347m   68Mi   
websocket-server-8585946c55-b4dh6   119m   30Mi   
websocket-server-8585946c55-ntv72   362m   70Mi   
1783200257
websocket-loadgen-qfjvn             96m    64Mi   
websocket-server-8585946c55-9pmjh   347m   68Mi   
websocket-server-8585946c55-b4dh6   119m   30Mi   
websocket-server-8585946c55-ntv72   362m   70Mi   
1783200262
websocket-loadgen-qfjvn             96m    64Mi   
websocket-server-8585946c55-9pmjh   347m   68Mi   
websocket-server-8585946c55-b4dh6   119m   30Mi   
websocket-server-8585946c55-ntv72   362m   70Mi   
1783200268
websocket-loadgen-qfjvn             94m    70Mi   
websocket-server-8585946c55-9pmjh   411m   70Mi   
websocket-server-8585946c55-b4dh6   136m   32Mi   
websocket-server-8585946c55-fl9r7   73m    28Mi   
websocket-server-8585946c55-kggsj   26m    28Mi   
websocket-server-8585946c55-nb67m   72m    28Mi   
websocket-server-8585946c55-ntv72   410m   71Mi   
websocket-server-8585946c55-pbj7k   35m    28Mi   
1783200273
websocket-server-8585946c55-9pmjh   411m   70Mi   
websocket-server-8585946c55-b4dh6   136m   32Mi   
websocket-server-8585946c55-fl9r7   73m    28Mi   
websocket-server-8585946c55-kggsj   26m    28Mi   
websocket-server-8585946c55-nb67m   72m    28Mi   
websocket-server-8585946c55-ntv72   410m   71Mi   
websocket-server-8585946c55-pbj7k   35m    28Mi   
1783200278
websocket-server-8585946c55-9pmjh   411m   70Mi   
websocket-server-8585946c55-b4dh6   136m   32Mi   
websocket-server-8585946c55-fl9r7   73m    28Mi   
websocket-server-8585946c55-kggsj   26m    28Mi   
websocket-server-8585946c55-nb67m   72m    28Mi   
websocket-server-8585946c55-ntv72   410m   71Mi   
websocket-server-8585946c55-pbj7k   35m    28Mi   
1783200283
websocket-server-8585946c55-2bdwl   65m    28Mi   
websocket-server-8585946c55-9pmjh   297m   69Mi   
websocket-server-8585946c55-b4dh6   149m   32Mi   
websocket-server-8585946c55-c6jfx   6m     28Mi   
websocket-server-8585946c55-c75t7   8m     28Mi   
websocket-server-8585946c55-fl9r7   31m    29Mi   
websocket-server-8585946c55-kggsj   43m    28Mi   
websocket-server-8585946c55-nb67m   22m    28Mi   
websocket-server-8585946c55-ntv72   346m   70Mi   
websocket-server-8585946c55-pbj7k   29m    29Mi   
websocket-server-8585946c55-q9j7t   60m    28Mi   
websocket-server-8585946c55-zpdqs   52m    28Mi   
1783200288
websocket-server-8585946c55-2bdwl   65m    28Mi   
websocket-server-8585946c55-9pmjh   297m   69Mi   
websocket-server-8585946c55-b4dh6   149m   32Mi   
websocket-server-8585946c55-c6jfx   6m     28Mi   
websocket-server-8585946c55-c75t7   8m     28Mi   
websocket-server-8585946c55-fl9r7   31m    29Mi   
websocket-server-8585946c55-kggsj   43m    28Mi   
websocket-server-8585946c55-nb67m   22m    28Mi   
websocket-server-8585946c55-ntv72   346m   70Mi   
websocket-server-8585946c55-pbj7k   29m    29Mi   
websocket-server-8585946c55-q9j7t   60m    28Mi   
websocket-server-8585946c55-zpdqs   52m    28Mi   
1783200293
websocket-server-8585946c55-2bdwl   65m    28Mi   
websocket-server-8585946c55-9pmjh   297m   69Mi   
websocket-server-8585946c55-b4dh6   149m   32Mi   
websocket-server-8585946c55-c6jfx   6m     28Mi   
websocket-server-8585946c55-c75t7   8m     28Mi   
websocket-server-8585946c55-fl9r7   31m    29Mi   
websocket-server-8585946c55-kggsj   43m    28Mi   
websocket-server-8585946c55-nb67m   22m    28Mi   
websocket-server-8585946c55-ntv72   346m   70Mi   
websocket-server-8585946c55-pbj7k   29m    29Mi   
websocket-server-8585946c55-q9j7t   60m    28Mi   
websocket-server-8585946c55-zpdqs   52m    28Mi   
1783200298
websocket-server-8585946c55-2bdwl   2m     28Mi   
websocket-server-8585946c55-9pmjh   297m   69Mi   
websocket-server-8585946c55-b4dh6   1m     32Mi   
websocket-server-8585946c55-c6jfx   1m     28Mi   
websocket-server-8585946c55-c75t7   1m     28Mi   
websocket-server-8585946c55-fl9r7   31m    29Mi   
websocket-server-8585946c55-jvjmw   55m    27Mi   
websocket-server-8585946c55-kggsj   1m     28Mi   
websocket-server-8585946c55-nb67m   1m     28Mi   
websocket-server-8585946c55-ntv72   1m     70Mi   
websocket-server-8585946c55-pbj7k   1m     29Mi   
websocket-server-8585946c55-q9j7t   1m     28Mi   
websocket-server-8585946c55-tkb42   1m     27Mi   
websocket-server-8585946c55-zktpv   1m     27Mi   
websocket-server-8585946c55-zpdqs   1m     28Mi   
1783200304
websocket-server-8585946c55-2bdwl   2m     28Mi   
websocket-server-8585946c55-9pmjh   297m   69Mi   
websocket-server-8585946c55-b4dh6   1m     32Mi   
websocket-server-8585946c55-c6jfx   1m     28Mi   
websocket-server-8585946c55-c75t7   1m     28Mi   
websocket-server-8585946c55-fl9r7   31m    29Mi   
websocket-server-8585946c55-jvjmw   55m    27Mi   
websocket-server-8585946c55-kggsj   1m     28Mi   
websocket-server-8585946c55-nb67m   1m     28Mi   
websocket-server-8585946c55-ntv72   1m     70Mi   
websocket-server-8585946c55-pbj7k   1m     29Mi   
websocket-server-8585946c55-q9j7t   1m     28Mi   
websocket-server-8585946c55-tkb42   1m     27Mi   
websocket-server-8585946c55-zktpv   1m     27Mi   
websocket-server-8585946c55-zpdqs   1m     28Mi   
1783200309
websocket-server-8585946c55-2bdwl   1m    28Mi   
websocket-server-8585946c55-9pmjh   1m    69Mi   
websocket-server-8585946c55-b4dh6   1m    32Mi   
websocket-server-8585946c55-c6jfx   1m    28Mi   
websocket-server-8585946c55-c75t7   1m    28Mi   
websocket-server-8585946c55-fl9r7   1m    29Mi   
websocket-server-8585946c55-jvjmw   1m    27Mi   
websocket-server-8585946c55-kggsj   1m    28Mi   
websocket-server-8585946c55-nb67m   0m    28Mi   
websocket-server-8585946c55-ntv72   1m    70Mi   
websocket-server-8585946c55-pbj7k   1m    29Mi   
websocket-server-8585946c55-q9j7t   1m    28Mi   
websocket-server-8585946c55-tkb42   1m    27Mi   
websocket-server-8585946c55-zktpv   1m    27Mi   
websocket-server-8585946c55-zpdqs   1m    28Mi   
1783200314
websocket-server-8585946c55-2bdwl   1m    28Mi   
websocket-server-8585946c55-9pmjh   1m    69Mi   
websocket-server-8585946c55-b4dh6   1m    32Mi   
websocket-server-8585946c55-c6jfx   1m    28Mi   
websocket-server-8585946c55-c75t7   1m    28Mi   
websocket-server-8585946c55-fl9r7   1m    29Mi   
websocket-server-8585946c55-jvjmw   1m    27Mi   
websocket-server-8585946c55-kggsj   1m    28Mi   
websocket-server-8585946c55-nb67m   0m    28Mi   
websocket-server-8585946c55-ntv72   1m    70Mi   
websocket-server-8585946c55-pbj7k   1m    29Mi   
websocket-server-8585946c55-q9j7t   1m    28Mi   
websocket-server-8585946c55-tkb42   1m    27Mi   
websocket-server-8585946c55-zktpv   1m    27Mi   
websocket-server-8585946c55-zpdqs   1m    28Mi   
1783200319
websocket-server-8585946c55-2bdwl   1m    28Mi   
websocket-server-8585946c55-9pmjh   1m    69Mi   
websocket-server-8585946c55-b4dh6   1m    32Mi   
websocket-server-8585946c55-c6jfx   1m    28Mi   
websocket-server-8585946c55-c75t7   1m    28Mi   
websocket-server-8585946c55-fl9r7   1m    29Mi   
websocket-server-8585946c55-jvjmw   1m    27Mi   
websocket-server-8585946c55-kggsj   1m    28Mi   
websocket-server-8585946c55-nb67m   0m    28Mi   
websocket-server-8585946c55-ntv72   1m    70Mi   
websocket-server-8585946c55-pbj7k   1m    29Mi   
websocket-server-8585946c55-q9j7t   1m    28Mi   
websocket-server-8585946c55-tkb42   1m    27Mi   
websocket-server-8585946c55-zktpv   1m    27Mi   
websocket-server-8585946c55-zpdqs   1m    28Mi   
1783200324
websocket-server-8585946c55-2bdwl   1m    28Mi   
websocket-server-8585946c55-9pmjh   1m    69Mi   
websocket-server-8585946c55-b4dh6   1m    32Mi   
websocket-server-8585946c55-c6jfx   1m    28Mi   
websocket-server-8585946c55-c75t7   1m    28Mi   
websocket-server-8585946c55-fl9r7   1m    29Mi   
websocket-server-8585946c55-jvjmw   0m    27Mi   
websocket-server-8585946c55-kggsj   1m    28Mi   
websocket-server-8585946c55-nb67m   1m    28Mi   
websocket-server-8585946c55-ntv72   1m    70Mi   
websocket-server-8585946c55-pbj7k   1m    29Mi   
websocket-server-8585946c55-q9j7t   0m    28Mi   
websocket-server-8585946c55-tkb42   1m    27Mi   
websocket-server-8585946c55-zktpv   1m    27Mi   
websocket-server-8585946c55-zpdqs   1m    28Mi   
1783200329
websocket-server-8585946c55-2bdwl   1m    28Mi   
websocket-server-8585946c55-9pmjh   1m    69Mi   
websocket-server-8585946c55-b4dh6   1m    32Mi   
websocket-server-8585946c55-c6jfx   1m    28Mi   
websocket-server-8585946c55-c75t7   1m    28Mi   
websocket-server-8585946c55-fl9r7   1m    29Mi   
websocket-server-8585946c55-jvjmw   0m    27Mi   
websocket-server-8585946c55-kggsj   1m    28Mi   
websocket-server-8585946c55-nb67m   1m    28Mi   
websocket-server-8585946c55-ntv72   1m    70Mi   
websocket-server-8585946c55-pbj7k   1m    29Mi   
websocket-server-8585946c55-q9j7t   0m    28Mi   
websocket-server-8585946c55-tkb42   1m    27Mi   
websocket-server-8585946c55-zktpv   1m    27Mi   
websocket-server-8585946c55-zpdqs   1m    28Mi   
1783200334
websocket-server-8585946c55-2bdwl   1m    28Mi   
websocket-server-8585946c55-9pmjh   1m    69Mi   
websocket-server-8585946c55-b4dh6   1m    32Mi   
websocket-server-8585946c55-c6jfx   1m    28Mi   
websocket-server-8585946c55-c75t7   1m    28Mi   
websocket-server-8585946c55-fl9r7   1m    29Mi   
websocket-server-8585946c55-jvjmw   0m    27Mi   
websocket-server-8585946c55-kggsj   1m    28Mi   
websocket-server-8585946c55-nb67m   1m    28Mi   
websocket-server-8585946c55-ntv72   1m    70Mi   
websocket-server-8585946c55-pbj7k   1m    29Mi   
websocket-server-8585946c55-q9j7t   0m    28Mi   
websocket-server-8585946c55-tkb42   1m    27Mi   
websocket-server-8585946c55-zktpv   1m    27Mi   
websocket-server-8585946c55-zpdqs   1m    28Mi   
1783200339
websocket-loadgen-j9484             137m   29Mi   
websocket-server-8585946c55-2bdwl   1m     28Mi   
websocket-server-8585946c55-9pmjh   1m     69Mi   
websocket-server-8585946c55-b4dh6   1m     32Mi   
websocket-server-8585946c55-c6jfx   1m     28Mi   
websocket-server-8585946c55-c75t7   1m     28Mi   
websocket-server-8585946c55-fl9r7   3m     30Mi   
websocket-server-8585946c55-jvjmw   1m     27Mi   
websocket-server-8585946c55-kggsj   1m     29Mi   
websocket-server-8585946c55-nb67m   1m     28Mi   
websocket-server-8585946c55-ntv72   3m     70Mi   
websocket-server-8585946c55-pbj7k   1m     29Mi   
websocket-server-8585946c55-q9j7t   0m     28Mi   
websocket-server-8585946c55-tkb42   5m     28Mi   
websocket-server-8585946c55-zktpv   1m     27Mi   
websocket-server-8585946c55-zpdqs   1m     28Mi   
1783200344
websocket-loadgen-j9484             137m   29Mi   
websocket-server-8585946c55-2bdwl   1m     28Mi   
websocket-server-8585946c55-9pmjh   1m     69Mi   
websocket-server-8585946c55-b4dh6   1m     32Mi   
websocket-server-8585946c55-c6jfx   1m     28Mi   
websocket-server-8585946c55-c75t7   1m     28Mi   
websocket-server-8585946c55-fl9r7   3m     30Mi   
websocket-server-8585946c55-jvjmw   1m     27Mi   
websocket-server-8585946c55-kggsj   1m     29Mi   
websocket-server-8585946c55-nb67m   1m     28Mi   
websocket-server-8585946c55-ntv72   3m     70Mi   
websocket-server-8585946c55-pbj7k   1m     29Mi   
websocket-server-8585946c55-q9j7t   0m     28Mi   
websocket-server-8585946c55-tkb42   5m     28Mi   
websocket-server-8585946c55-zktpv   1m     27Mi   
websocket-server-8585946c55-zpdqs   1m     28Mi   
1783200349
websocket-loadgen-j9484             137m   29Mi   
websocket-server-8585946c55-2bdwl   1m     28Mi   
websocket-server-8585946c55-9pmjh   1m     69Mi   
websocket-server-8585946c55-b4dh6   1m     32Mi   
websocket-server-8585946c55-c6jfx   1m     28Mi   
websocket-server-8585946c55-c75t7   1m     28Mi   
websocket-server-8585946c55-fl9r7   3m     30Mi   
websocket-server-8585946c55-jvjmw   1m     27Mi   
websocket-server-8585946c55-kggsj   1m     29Mi   
websocket-server-8585946c55-nb67m   1m     28Mi   
websocket-server-8585946c55-ntv72   3m     70Mi   
websocket-server-8585946c55-pbj7k   1m     29Mi   
websocket-server-8585946c55-q9j7t   0m     28Mi   
websocket-server-8585946c55-tkb42   5m     28Mi   
websocket-server-8585946c55-zktpv   1m     27Mi   
websocket-server-8585946c55-zpdqs   1m     28Mi   
1783200355
websocket-loadgen-j9484             42m   34Mi   
websocket-server-8585946c55-2bdwl   7m    28Mi   
websocket-server-8585946c55-9pmjh   10m   70Mi   
websocket-server-8585946c55-b4dh6   14m   33Mi   
websocket-server-8585946c55-c6jfx   15m   28Mi   
websocket-server-8585946c55-c75t7   5m    28Mi   
websocket-server-8585946c55-fl9r7   13m   29Mi   
websocket-server-8585946c55-jvjmw   15m   28Mi   
websocket-server-8585946c55-kggsj   9m    29Mi   
websocket-server-8585946c55-nb67m   13m   29Mi   
websocket-server-8585946c55-ntv72   24m   70Mi   
websocket-server-8585946c55-pbj7k   12m   29Mi   
websocket-server-8585946c55-q9j7t   4m    28Mi   
websocket-server-8585946c55-tkb42   5m    28Mi   
websocket-server-8585946c55-zktpv   11m   28Mi   
websocket-server-8585946c55-zpdqs   8m    28Mi   
1783200360
websocket-loadgen-j9484             42m   34Mi   
websocket-server-8585946c55-2bdwl   7m    28Mi   
websocket-server-8585946c55-9pmjh   10m   70Mi   
websocket-server-8585946c55-b4dh6   14m   33Mi   
websocket-server-8585946c55-c6jfx   15m   28Mi   
websocket-server-8585946c55-c75t7   5m    28Mi   
websocket-server-8585946c55-fl9r7   13m   29Mi   
websocket-server-8585946c55-jvjmw   15m   28Mi   
websocket-server-8585946c55-kggsj   9m    29Mi   
websocket-server-8585946c55-nb67m   13m   29Mi   
websocket-server-8585946c55-ntv72   24m   70Mi   
websocket-server-8585946c55-pbj7k   12m   29Mi   
websocket-server-8585946c55-q9j7t   4m    28Mi   
websocket-server-8585946c55-tkb42   5m    28Mi   
websocket-server-8585946c55-zktpv   11m   28Mi   
websocket-server-8585946c55-zpdqs   8m    28Mi   
1783200365
websocket-loadgen-j9484             42m   34Mi   
websocket-server-8585946c55-2bdwl   7m    28Mi   
websocket-server-8585946c55-9pmjh   10m   70Mi   
websocket-server-8585946c55-b4dh6   14m   33Mi   
websocket-server-8585946c55-c6jfx   15m   28Mi   
websocket-server-8585946c55-c75t7   5m    28Mi   
websocket-server-8585946c55-fl9r7   13m   29Mi   
websocket-server-8585946c55-jvjmw   15m   28Mi   
websocket-server-8585946c55-kggsj   9m    29Mi   
websocket-server-8585946c55-nb67m   13m   29Mi   
websocket-server-8585946c55-ntv72   24m   70Mi   
websocket-server-8585946c55-pbj7k   12m   29Mi   
websocket-server-8585946c55-q9j7t   4m    28Mi   
websocket-server-8585946c55-tkb42   5m    28Mi   
websocket-server-8585946c55-zktpv   11m   28Mi   
websocket-server-8585946c55-zpdqs   8m    28Mi   
1783200370
websocket-loadgen-j9484             52m   41Mi   
websocket-server-8585946c55-2bdwl   15m   28Mi   
websocket-server-8585946c55-9pmjh   51m   71Mi   
websocket-server-8585946c55-b4dh6   35m   33Mi   
websocket-server-8585946c55-c6jfx   18m   28Mi   
websocket-server-8585946c55-c75t7   11m   28Mi   
websocket-server-8585946c55-fl9r7   15m   29Mi   
websocket-server-8585946c55-jvjmw   50m   29Mi   
websocket-server-8585946c55-kggsj   11m   29Mi   
websocket-server-8585946c55-nb67m   24m   29Mi   
websocket-server-8585946c55-ntv72   24m   70Mi   
websocket-server-8585946c55-pbj7k   42m   30Mi   
websocket-server-8585946c55-q9j7t   14m   28Mi   
websocket-server-8585946c55-tkb42   13m   28Mi   
websocket-server-8585946c55-zktpv   49m   29Mi   
websocket-server-8585946c55-zpdqs   13m   28Mi   
1783200375
websocket-loadgen-j9484             52m   41Mi   
websocket-server-8585946c55-2bdwl   15m   28Mi   
websocket-server-8585946c55-9pmjh   51m   71Mi   
websocket-server-8585946c55-b4dh6   35m   33Mi   
websocket-server-8585946c55-c6jfx   18m   28Mi   
websocket-server-8585946c55-c75t7   11m   28Mi   
websocket-server-8585946c55-fl9r7   15m   29Mi   
websocket-server-8585946c55-jvjmw   50m   29Mi   
websocket-server-8585946c55-kggsj   11m   29Mi   
websocket-server-8585946c55-nb67m   24m   29Mi   
websocket-server-8585946c55-ntv72   24m   70Mi   
websocket-server-8585946c55-pbj7k   42m   30Mi   
websocket-server-8585946c55-q9j7t   14m   28Mi   
websocket-server-8585946c55-tkb42   13m   28Mi   
websocket-server-8585946c55-zktpv   49m   29Mi   
websocket-server-8585946c55-zpdqs   13m   28Mi   
1783200380
websocket-loadgen-j9484             52m   41Mi   
websocket-server-8585946c55-9pmjh   51m   71Mi   
websocket-server-8585946c55-b4dh6   35m   33Mi   
websocket-server-8585946c55-jvjmw   50m   29Mi   
websocket-server-8585946c55-ntv72   24m   70Mi   
websocket-server-8585946c55-pbj7k   42m   30Mi   
websocket-server-8585946c55-zktpv   49m   29Mi   
1783200385
websocket-loadgen-j9484             69m    50Mi   
websocket-server-8585946c55-9pmjh   139m   74Mi   
websocket-server-8585946c55-b4dh6   39m    33Mi   
websocket-server-8585946c55-jvjmw   50m    29Mi   
websocket-server-8585946c55-ntv72   74m    71Mi   
websocket-server-8585946c55-pbj7k   46m    30Mi   
websocket-server-8585946c55-zktpv   63m    29Mi   
1783200390
websocket-loadgen-j9484             69m    50Mi   
websocket-server-8585946c55-9pmjh   139m   74Mi   
websocket-server-8585946c55-b4dh6   39m    33Mi   
websocket-server-8585946c55-jvjmw   50m    29Mi   
websocket-server-8585946c55-ntv72   74m    71Mi   
websocket-server-8585946c55-pbj7k   46m    30Mi   
websocket-server-8585946c55-zktpv   63m    29Mi   
1783200396
websocket-loadgen-j9484             69m    50Mi   
websocket-server-8585946c55-9pmjh   139m   74Mi   
websocket-server-8585946c55-ntv72   74m    71Mi   
1783200401
websocket-loadgen-j9484             87m    60Mi   
websocket-server-8585946c55-9pmjh   334m   83Mi   
websocket-server-8585946c55-ntv72   238m   77Mi   
1783200406
websocket-loadgen-j9484             87m    60Mi   
websocket-server-8585946c55-9pmjh   334m   83Mi   
websocket-server-8585946c55-ntv72   238m   77Mi   
1783200411
websocket-loadgen-j9484             87m    60Mi   
websocket-server-8585946c55-9pmjh   334m   83Mi   
websocket-server-8585946c55-ntv72   238m   77Mi   
1783200416
websocket-loadgen-j9484             107m   80Mi   
websocket-server-8585946c55-9pmjh   426m   84Mi   
websocket-server-8585946c55-ntv72   409m   83Mi   
websocket-server-8585946c55-spzl6   92m    30Mi   
websocket-server-8585946c55-xpxdw   96m    30Mi   
1783200421
websocket-server-8585946c55-9pmjh   426m   84Mi   
websocket-server-8585946c55-ntv72   409m   83Mi   
websocket-server-8585946c55-spzl6   92m    30Mi   
websocket-server-8585946c55-xpxdw   96m    30Mi   
1783200426
websocket-server-8585946c55-9pmjh   426m   84Mi   
websocket-server-8585946c55-ntv72   409m   83Mi   
websocket-server-8585946c55-spzl6   92m    30Mi   
websocket-server-8585946c55-xpxdw   96m    30Mi   
1783200432
websocket-server-8585946c55-9pmjh   426m   84Mi   
websocket-server-8585946c55-jc77n   15m    28Mi   
websocket-server-8585946c55-mggn4   10m    28Mi   
websocket-server-8585946c55-ntv72   478m   84Mi   
websocket-server-8585946c55-p6lxd   12m    28Mi   
websocket-server-8585946c55-spzl6   93m    31Mi   
websocket-server-8585946c55-tkwvd   59m    28Mi   
websocket-server-8585946c55-xpxdw   71m    31Mi   
1783200437
websocket-server-8585946c55-9pmjh   426m   84Mi   
websocket-server-8585946c55-jc77n   15m    28Mi   
websocket-server-8585946c55-mggn4   10m    28Mi   
websocket-server-8585946c55-ntv72   478m   84Mi   
websocket-server-8585946c55-p6lxd   12m    28Mi   
websocket-server-8585946c55-spzl6   93m    31Mi   
websocket-server-8585946c55-tkwvd   59m    28Mi   
websocket-server-8585946c55-xpxdw   71m    31Mi   
1783200442
websocket-server-8585946c55-9pmjh   426m   84Mi   
websocket-server-8585946c55-jc77n   15m    28Mi   
websocket-server-8585946c55-mggn4   10m    28Mi   
websocket-server-8585946c55-ntv72   478m   84Mi   
websocket-server-8585946c55-p6lxd   12m    28Mi   
websocket-server-8585946c55-spzl6   93m    31Mi   
websocket-server-8585946c55-tkwvd   59m    28Mi   
websocket-server-8585946c55-xpxdw   71m    31Mi   
1783200447
websocket-server-8585946c55-49tks   63m    27Mi   
websocket-server-8585946c55-7pjnd   1m     27Mi   
websocket-server-8585946c55-9pmjh   204m   82Mi   
websocket-server-8585946c55-gs5sr   74m    27Mi   
websocket-server-8585946c55-jc77n   1m     28Mi   
websocket-server-8585946c55-lkpct   0m     27Mi   
websocket-server-8585946c55-mggn4   1m     28Mi   
websocket-server-8585946c55-ntv72   75m    82Mi   
websocket-server-8585946c55-p6lxd   1m     28Mi   
websocket-server-8585946c55-p6szj   56m    27Mi   
websocket-server-8585946c55-rzhzj   0m     27Mi   
websocket-server-8585946c55-spzl6   1m     31Mi   
websocket-server-8585946c55-sr9d7   68m    27Mi   
websocket-server-8585946c55-tkwvd   1m     28Mi   
websocket-server-8585946c55-xpxdw   1m     31Mi   
1783200452
websocket-server-8585946c55-49tks   63m    27Mi   
websocket-server-8585946c55-7pjnd   1m     27Mi   
websocket-server-8585946c55-9pmjh   204m   82Mi   
websocket-server-8585946c55-gs5sr   74m    27Mi   
websocket-server-8585946c55-jc77n   1m     28Mi   
websocket-server-8585946c55-lkpct   0m     27Mi   
websocket-server-8585946c55-mggn4   1m     28Mi   
websocket-server-8585946c55-ntv72   75m    82Mi   
websocket-server-8585946c55-p6lxd   1m     28Mi   
websocket-server-8585946c55-p6szj   56m    27Mi   
websocket-server-8585946c55-rzhzj   0m     27Mi   
websocket-server-8585946c55-spzl6   1m     31Mi   
websocket-server-8585946c55-sr9d7   68m    27Mi   
websocket-server-8585946c55-tkwvd   1m     28Mi   
websocket-server-8585946c55-xpxdw   1m     31Mi   
1783200457
websocket-server-8585946c55-49tks   63m    27Mi   
websocket-server-8585946c55-7pjnd   1m     27Mi   
websocket-server-8585946c55-9pmjh   204m   82Mi   
websocket-server-8585946c55-gs5sr   74m    27Mi   
websocket-server-8585946c55-jc77n   1m     28Mi   
websocket-server-8585946c55-lkpct   0m     27Mi   
websocket-server-8585946c55-mggn4   1m     28Mi   
websocket-server-8585946c55-ntv72   75m    82Mi   
websocket-server-8585946c55-p6lxd   1m     28Mi   
websocket-server-8585946c55-p6szj   56m    27Mi   
websocket-server-8585946c55-rzhzj   0m     27Mi   
websocket-server-8585946c55-spzl6   1m     31Mi   
websocket-server-8585946c55-sr9d7   68m    27Mi   
websocket-server-8585946c55-tkwvd   1m     28Mi   
websocket-server-8585946c55-xpxdw   1m     31Mi   
1783200462
websocket-server-8585946c55-49tks   1m    27Mi   
websocket-server-8585946c55-7pjnd   1m    27Mi   
websocket-server-8585946c55-9pmjh   1m    82Mi   
websocket-server-8585946c55-gs5sr   1m    27Mi   
websocket-server-8585946c55-jc77n   0m    28Mi   
websocket-server-8585946c55-lkpct   1m    27Mi   
websocket-server-8585946c55-mggn4   1m    28Mi   
websocket-server-8585946c55-ntv72   1m    82Mi   
websocket-server-8585946c55-p6lxd   1m    28Mi   
websocket-server-8585946c55-p6szj   1m    27Mi   
websocket-server-8585946c55-rzhzj   1m    27Mi   
websocket-server-8585946c55-spzl6   1m    31Mi   
websocket-server-8585946c55-sr9d7   1m    27Mi   
websocket-server-8585946c55-tkwvd   1m    28Mi   
websocket-server-8585946c55-xpxdw   1m    31Mi   
1783200467
websocket-server-8585946c55-49tks   1m    27Mi   
websocket-server-8585946c55-7pjnd   1m    27Mi   
websocket-server-8585946c55-9pmjh   1m    82Mi   
websocket-server-8585946c55-gs5sr   1m    27Mi   
websocket-server-8585946c55-jc77n   0m    28Mi   
websocket-server-8585946c55-lkpct   1m    27Mi   
websocket-server-8585946c55-mggn4   1m    28Mi   
websocket-server-8585946c55-ntv72   1m    82Mi   
websocket-server-8585946c55-p6lxd   1m    28Mi   
websocket-server-8585946c55-p6szj   1m    27Mi   
websocket-server-8585946c55-rzhzj   1m    27Mi   
websocket-server-8585946c55-spzl6   1m    31Mi   
websocket-server-8585946c55-sr9d7   1m    27Mi   
websocket-server-8585946c55-tkwvd   1m    28Mi   
websocket-server-8585946c55-xpxdw   1m    31Mi   
1783200473
websocket-server-8585946c55-49tks   1m    27Mi   
websocket-server-8585946c55-7pjnd   1m    27Mi   
websocket-server-8585946c55-9pmjh   1m    82Mi   
websocket-server-8585946c55-gs5sr   1m    27Mi   
websocket-server-8585946c55-jc77n   0m    28Mi   
websocket-server-8585946c55-lkpct   1m    27Mi   
websocket-server-8585946c55-mggn4   1m    28Mi   
websocket-server-8585946c55-ntv72   1m    82Mi   
websocket-server-8585946c55-p6lxd   1m    28Mi   
websocket-server-8585946c55-p6szj   1m    27Mi   
websocket-server-8585946c55-rzhzj   1m    27Mi   
websocket-server-8585946c55-spzl6   1m    31Mi   
websocket-server-8585946c55-sr9d7   1m    27Mi   
websocket-server-8585946c55-tkwvd   1m    28Mi   
websocket-server-8585946c55-xpxdw   1m    31Mi   
1783200478
websocket-server-8585946c55-49tks   0m    27Mi   
websocket-server-8585946c55-7pjnd   1m    27Mi   
websocket-server-8585946c55-9pmjh   1m    82Mi   
websocket-server-8585946c55-gs5sr   1m    27Mi   
websocket-server-8585946c55-jc77n   0m    28Mi   
websocket-server-8585946c55-lkpct   1m    27Mi   
websocket-server-8585946c55-mggn4   1m    28Mi   
websocket-server-8585946c55-ntv72   1m    82Mi   
websocket-server-8585946c55-p6lxd   1m    28Mi   
websocket-server-8585946c55-p6szj   1m    27Mi   
websocket-server-8585946c55-rzhzj   1m    27Mi   
websocket-server-8585946c55-spzl6   1m    31Mi   
websocket-server-8585946c55-sr9d7   1m    27Mi   
websocket-server-8585946c55-tkwvd   1m    28Mi   
websocket-server-8585946c55-xpxdw   1m    31Mi   
1783200483
websocket-server-8585946c55-49tks   0m    27Mi   
websocket-server-8585946c55-7pjnd   1m    27Mi   
websocket-server-8585946c55-9pmjh   1m    82Mi   
websocket-server-8585946c55-gs5sr   1m    27Mi   
websocket-server-8585946c55-jc77n   0m    28Mi   
websocket-server-8585946c55-lkpct   1m    27Mi   
websocket-server-8585946c55-mggn4   1m    28Mi   
websocket-server-8585946c55-ntv72   1m    82Mi   
websocket-server-8585946c55-p6lxd   1m    28Mi   
websocket-server-8585946c55-p6szj   1m    27Mi   
websocket-server-8585946c55-rzhzj   1m    27Mi   
websocket-server-8585946c55-spzl6   1m    31Mi   
websocket-server-8585946c55-sr9d7   1m    27Mi   
websocket-server-8585946c55-tkwvd   1m    28Mi   
websocket-server-8585946c55-xpxdw   1m    31Mi   
1783200488
websocket-server-8585946c55-49tks   0m    27Mi   
websocket-server-8585946c55-7pjnd   1m    27Mi   
websocket-server-8585946c55-9pmjh   1m    82Mi   
websocket-server-8585946c55-gs5sr   1m    27Mi   
websocket-server-8585946c55-jc77n   0m    28Mi   
websocket-server-8585946c55-lkpct   1m    27Mi   
websocket-server-8585946c55-mggn4   1m    28Mi   
websocket-server-8585946c55-ntv72   1m    82Mi   
websocket-server-8585946c55-p6lxd   1m    28Mi   
websocket-server-8585946c55-p6szj   1m    27Mi   
websocket-server-8585946c55-rzhzj   1m    27Mi   
websocket-server-8585946c55-spzl6   1m    31Mi   
websocket-server-8585946c55-sr9d7   1m    27Mi   
websocket-server-8585946c55-tkwvd   1m    28Mi   
websocket-server-8585946c55-xpxdw   1m    31Mi   
1783200493
websocket-server-8585946c55-49tks   0m    27Mi   
websocket-server-8585946c55-7pjnd   1m    27Mi   
websocket-server-8585946c55-9pmjh   1m    82Mi   
websocket-server-8585946c55-gs5sr   1m    27Mi   
websocket-server-8585946c55-jc77n   1m    28Mi   
websocket-server-8585946c55-lkpct   1m    27Mi   
websocket-server-8585946c55-mggn4   1m    28Mi   
websocket-server-8585946c55-ntv72   1m    82Mi   
websocket-server-8585946c55-p6lxd   1m    28Mi   
websocket-server-8585946c55-p6szj   0m    27Mi   
websocket-server-8585946c55-rzhzj   1m    27Mi   
websocket-server-8585946c55-spzl6   1m    31Mi   
websocket-server-8585946c55-sr9d7   1m    27Mi   
websocket-server-8585946c55-tkwvd   1m    28Mi   
websocket-server-8585946c55-xpxdw   1m    31Mi   
1783200498
websocket-server-8585946c55-49tks   0m    27Mi   
websocket-server-8585946c55-7pjnd   1m    27Mi   
websocket-server-8585946c55-9pmjh   1m    82Mi   
websocket-server-8585946c55-gs5sr   1m    27Mi   
websocket-server-8585946c55-jc77n   1m    28Mi   
websocket-server-8585946c55-lkpct   1m    27Mi   
websocket-server-8585946c55-mggn4   1m    28Mi   
websocket-server-8585946c55-ntv72   1m    82Mi   
websocket-server-8585946c55-p6lxd   1m    28Mi   
websocket-server-8585946c55-p6szj   0m    27Mi   
websocket-server-8585946c55-rzhzj   1m    27Mi   
websocket-server-8585946c55-spzl6   1m    31Mi   
websocket-server-8585946c55-sr9d7   1m    27Mi   
websocket-server-8585946c55-tkwvd   1m    28Mi   
websocket-server-8585946c55-xpxdw   1m    31Mi   
1783200503
websocket-server-8585946c55-49tks   0m    27Mi   
websocket-server-8585946c55-7pjnd   1m    27Mi   
websocket-server-8585946c55-9pmjh   1m    82Mi   
websocket-server-8585946c55-gs5sr   1m    27Mi   
websocket-server-8585946c55-jc77n   1m    28Mi   
websocket-server-8585946c55-lkpct   1m    27Mi   
websocket-server-8585946c55-mggn4   1m    28Mi   
websocket-server-8585946c55-ntv72   1m    82Mi   
websocket-server-8585946c55-p6lxd   1m    28Mi   
websocket-server-8585946c55-p6szj   0m    27Mi   
websocket-server-8585946c55-rzhzj   1m    27Mi   
websocket-server-8585946c55-spzl6   1m    31Mi   
websocket-server-8585946c55-sr9d7   1m    27Mi   
websocket-server-8585946c55-tkwvd   1m    28Mi   
websocket-server-8585946c55-xpxdw   1m    31Mi   
1783200508
websocket-server-8585946c55-49tks   1m    27Mi   
websocket-server-8585946c55-7pjnd   1m    27Mi   
websocket-server-8585946c55-9pmjh   1m    82Mi   
websocket-server-8585946c55-gs5sr   1m    27Mi   
websocket-server-8585946c55-jc77n   1m    28Mi   
websocket-server-8585946c55-lkpct   1m    27Mi   
websocket-server-8585946c55-mggn4   1m    28Mi   
websocket-server-8585946c55-ntv72   1m    82Mi   
websocket-server-8585946c55-p6lxd   0m    28Mi   
websocket-server-8585946c55-p6szj   1m    27Mi   
websocket-server-8585946c55-rzhzj   1m    27Mi   
websocket-server-8585946c55-spzl6   1m    31Mi   
websocket-server-8585946c55-sr9d7   1m    27Mi   
websocket-server-8585946c55-tkwvd   1m    28Mi   
websocket-server-8585946c55-xpxdw   1m    31Mi   
1783200513
websocket-server-8585946c55-49tks   1m    27Mi   
websocket-server-8585946c55-7pjnd   1m    27Mi   
websocket-server-8585946c55-9pmjh   1m    82Mi   
websocket-server-8585946c55-gs5sr   1m    27Mi   
websocket-server-8585946c55-jc77n   1m    28Mi   
websocket-server-8585946c55-lkpct   1m    27Mi   
websocket-server-8585946c55-mggn4   1m    28Mi   
websocket-server-8585946c55-ntv72   1m    82Mi   
websocket-server-8585946c55-p6lxd   0m    28Mi   
websocket-server-8585946c55-p6szj   1m    27Mi   
websocket-server-8585946c55-rzhzj   1m    27Mi   
websocket-server-8585946c55-spzl6   1m    31Mi   
websocket-server-8585946c55-sr9d7   1m    27Mi   
websocket-server-8585946c55-tkwvd   1m    28Mi   
websocket-server-8585946c55-xpxdw   1m    31Mi   
1783200519
websocket-server-8585946c55-49tks   1m    27Mi   
websocket-server-8585946c55-7pjnd   1m    27Mi   
websocket-server-8585946c55-9pmjh   1m    82Mi   
websocket-server-8585946c55-gs5sr   1m    27Mi   
websocket-server-8585946c55-jc77n   1m    28Mi   
websocket-server-8585946c55-lkpct   1m    27Mi   
websocket-server-8585946c55-mggn4   1m    28Mi   
websocket-server-8585946c55-ntv72   1m    82Mi   
websocket-server-8585946c55-p6lxd   0m    28Mi   
websocket-server-8585946c55-p6szj   1m    27Mi   
websocket-server-8585946c55-rzhzj   1m    27Mi   
websocket-server-8585946c55-spzl6   1m    31Mi   
websocket-server-8585946c55-sr9d7   1m    27Mi   
websocket-server-8585946c55-tkwvd   1m    28Mi   
websocket-server-8585946c55-xpxdw   1m    31Mi   
1783200524
websocket-server-8585946c55-49tks   1m    27Mi   
websocket-server-8585946c55-7pjnd   1m    27Mi   
websocket-server-8585946c55-9pmjh   1m    82Mi   
websocket-server-8585946c55-gs5sr   1m    27Mi   
websocket-server-8585946c55-jc77n   1m    28Mi   
websocket-server-8585946c55-lkpct   1m    27Mi   
websocket-server-8585946c55-mggn4   1m    28Mi   
websocket-server-8585946c55-ntv72   1m    82Mi   
websocket-server-8585946c55-p6lxd   1m    28Mi   
websocket-server-8585946c55-p6szj   0m    27Mi   
websocket-server-8585946c55-rzhzj   1m    27Mi   
websocket-server-8585946c55-spzl6   1m    31Mi   
websocket-server-8585946c55-sr9d7   1m    27Mi   
websocket-server-8585946c55-tkwvd   1m    28Mi   
websocket-server-8585946c55-xpxdw   0m    31Mi   
1783200529
websocket-server-8585946c55-9pmjh   1m    82Mi   
websocket-server-8585946c55-gs5sr   1m    27Mi   
websocket-server-8585946c55-jc77n   1m    28Mi   
websocket-server-8585946c55-ntv72   1m    82Mi   
websocket-server-8585946c55-p6szj   0m    27Mi   
websocket-server-8585946c55-xpxdw   0m    31Mi   
1783200534
websocket-server-8585946c55-9pmjh   1m    82Mi   
websocket-server-8585946c55-gs5sr   1m    27Mi   
websocket-server-8585946c55-jc77n   1m    28Mi   
websocket-server-8585946c55-ntv72   1m    82Mi   
websocket-server-8585946c55-p6szj   0m    27Mi   
websocket-server-8585946c55-xpxdw   1m    31Mi   
1783200539
websocket-server-8585946c55-9pmjh   1m    82Mi   
websocket-server-8585946c55-gs5sr   1m    27Mi   
websocket-server-8585946c55-jc77n   1m    28Mi   
websocket-server-8585946c55-ntv72   1m    82Mi   
websocket-server-8585946c55-p6szj   0m    27Mi   
websocket-server-8585946c55-xpxdw   1m    31Mi   
