1781207657
websocket-server-8585946c55-2f7s6   19m   27Mi   
websocket-server-8585946c55-nwcq6   21m   27Mi   
1781207662
websocket-server-8585946c55-2f7s6   1m    27Mi   
websocket-server-8585946c55-nwcq6   1m    27Mi   
1781207667
websocket-server-8585946c55-2f7s6   1m    27Mi   
websocket-server-8585946c55-nwcq6   1m    27Mi   
1781207672
websocket-server-8585946c55-2f7s6   1m    27Mi   
websocket-server-8585946c55-nwcq6   1m    27Mi   
1781207677
websocket-server-8585946c55-2f7s6   1m    27Mi   
websocket-server-8585946c55-nwcq6   1m    27Mi   
1781207682
websocket-server-8585946c55-2f7s6   1m    27Mi   
websocket-server-8585946c55-nwcq6   1m    27Mi   
1781207687
websocket-server-8585946c55-2f7s6   1m    27Mi   
websocket-server-8585946c55-nwcq6   1m    27Mi   
1781207692
websocket-server-8585946c55-2f7s6   1m    27Mi   
websocket-server-8585946c55-nwcq6   17m   31Mi   
1781207697
websocket-server-8585946c55-2f7s6   1m    27Mi   
websocket-server-8585946c55-nwcq6   17m   31Mi   
1781207702
websocket-server-8585946c55-2f7s6   1m    27Mi   
websocket-server-8585946c55-nwcq6   17m   31Mi   
1781207707
websocket-server-8585946c55-2f7s6   29m   32Mi   
websocket-server-8585946c55-nwcq6   63m   35Mi   
1781207712
websocket-server-8585946c55-2f7s6   29m   32Mi   
websocket-server-8585946c55-nwcq6   63m   35Mi   
1781207717
websocket-server-8585946c55-2f7s6   29m   32Mi   
websocket-server-8585946c55-nwcq6   63m   35Mi   
1781207722
websocket-server-8585946c55-2f7s6   73m   37Mi   
websocket-server-8585946c55-nwcq6   90m   38Mi   
1781207728
websocket-server-8585946c55-2f7s6   73m   37Mi   
websocket-server-8585946c55-nwcq6   90m   38Mi   
1781207733
websocket-server-8585946c55-2f7s6   73m   37Mi   
websocket-server-8585946c55-nwcq6   90m   38Mi   
1781207738
websocket-server-8585946c55-2f7s6   113m   42Mi   
websocket-server-8585946c55-nwcq6   125m   41Mi   
1781207743
websocket-server-8585946c55-2f7s6   113m   42Mi   
websocket-server-8585946c55-nwcq6   125m   41Mi   
1781207748
websocket-server-8585946c55-2f7s6   113m   42Mi   
websocket-server-8585946c55-nwcq6   125m   41Mi   
1781207753
websocket-server-8585946c55-2f7s6   113m   42Mi   
websocket-server-8585946c55-ghfxr   32m    29Mi   
websocket-server-8585946c55-nwcq6   149m   44Mi   
1781207758
websocket-server-8585946c55-2f7s6   113m   42Mi   
websocket-server-8585946c55-ghfxr   32m    29Mi   
websocket-server-8585946c55-nwcq6   149m   44Mi   
1781207763
websocket-server-8585946c55-2f7s6   113m   42Mi   
websocket-server-8585946c55-ghfxr   32m    29Mi   
websocket-server-8585946c55-nwcq6   149m   44Mi   
1781207768
websocket-server-8585946c55-2f7s6   151m   45Mi   
websocket-server-8585946c55-ghfxr   32m    31Mi   
websocket-server-8585946c55-nwcq6   172m   46Mi   
websocket-server-8585946c55-pszkz   25m    29Mi   
1781207773
websocket-server-8585946c55-2f7s6   151m   45Mi   
websocket-server-8585946c55-ghfxr   32m    31Mi   
websocket-server-8585946c55-nwcq6   172m   46Mi   
websocket-server-8585946c55-pszkz   25m    29Mi   
1781207778
websocket-server-8585946c55-2f7s6   151m   45Mi   
websocket-server-8585946c55-ghfxr   32m    31Mi   
websocket-server-8585946c55-nwcq6   172m   46Mi   
websocket-server-8585946c55-pszkz   25m    29Mi   
1781207783
websocket-server-8585946c55-2f7s6   171m   47Mi   
websocket-server-8585946c55-ghfxr   45m    32Mi   
websocket-server-8585946c55-nwcq6   186m   48Mi   
websocket-server-8585946c55-pszkz   21m    29Mi   
1781207788
websocket-server-8585946c55-2f7s6   171m   47Mi   
websocket-server-8585946c55-ghfxr   45m    32Mi   
websocket-server-8585946c55-nwcq6   186m   48Mi   
websocket-server-8585946c55-pszkz   21m    29Mi   
1781207793
websocket-server-8585946c55-2f7s6   171m   47Mi   
websocket-server-8585946c55-ghfxr   45m    32Mi   
websocket-server-8585946c55-nwcq6   186m   48Mi   
websocket-server-8585946c55-pszkz   21m    29Mi   
1781207798
websocket-server-8585946c55-2f7s6   177m   47Mi   
websocket-server-8585946c55-ghfxr   45m    32Mi   
websocket-server-8585946c55-m8gr4   19m    27Mi   
websocket-server-8585946c55-nwcq6   180m   48Mi   
websocket-server-8585946c55-pszkz   21m    29Mi   
websocket-server-8585946c55-rrqc8   17m    27Mi   
1781207803
websocket-server-8585946c55-2f7s6   177m   47Mi   
websocket-server-8585946c55-ghfxr   45m    32Mi   
websocket-server-8585946c55-m8gr4   19m    27Mi   
websocket-server-8585946c55-nwcq6   180m   48Mi   
websocket-server-8585946c55-pszkz   21m    29Mi   
websocket-server-8585946c55-rrqc8   17m    27Mi   
1781207808
websocket-server-8585946c55-2f7s6   177m   47Mi   
websocket-server-8585946c55-ghfxr   45m    32Mi   
websocket-server-8585946c55-m8gr4   19m    27Mi   
websocket-server-8585946c55-nwcq6   180m   48Mi   
websocket-server-8585946c55-pszkz   21m    29Mi   
websocket-server-8585946c55-rrqc8   17m    27Mi   
1781207813
websocket-server-8585946c55-2f7s6   73m    47Mi   
websocket-server-8585946c55-ghfxr   8m     32Mi   
websocket-server-8585946c55-kr67x   17m    27Mi   
websocket-server-8585946c55-m8gr4   1m     27Mi   
websocket-server-8585946c55-nwcq6   180m   48Mi   
websocket-server-8585946c55-pszkz   5m     29Mi   
websocket-server-8585946c55-rrqc8   0m     27Mi   
1781207818
websocket-server-8585946c55-2f7s6   73m    47Mi   
websocket-server-8585946c55-ghfxr   8m     32Mi   
websocket-server-8585946c55-kr67x   17m    27Mi   
websocket-server-8585946c55-m8gr4   1m     27Mi   
websocket-server-8585946c55-nwcq6   180m   48Mi   
websocket-server-8585946c55-pszkz   5m     29Mi   
websocket-server-8585946c55-rrqc8   0m     27Mi   
1781207823
websocket-server-8585946c55-2f7s6   73m    47Mi   
websocket-server-8585946c55-ghfxr   8m     32Mi   
websocket-server-8585946c55-kr67x   17m    27Mi   
websocket-server-8585946c55-m8gr4   1m     27Mi   
websocket-server-8585946c55-nwcq6   180m   48Mi   
websocket-server-8585946c55-pszkz   5m     29Mi   
websocket-server-8585946c55-rrqc8   0m     27Mi   
1781207828
websocket-server-8585946c55-2f7s6   5m    47Mi   
websocket-server-8585946c55-ghfxr   2m    32Mi   
websocket-server-8585946c55-kr67x   1m    27Mi   
websocket-server-8585946c55-m8gr4   1m    27Mi   
websocket-server-8585946c55-nwcq6   5m    48Mi   
websocket-server-8585946c55-pszkz   1m    29Mi   
websocket-server-8585946c55-rrqc8   0m    27Mi   
1781207833
websocket-server-8585946c55-2f7s6   5m    47Mi   
websocket-server-8585946c55-ghfxr   2m    32Mi   
websocket-server-8585946c55-kr67x   1m    27Mi   
websocket-server-8585946c55-m8gr4   1m    27Mi   
websocket-server-8585946c55-nwcq6   5m    48Mi   
websocket-server-8585946c55-pszkz   1m    29Mi   
websocket-server-8585946c55-rrqc8   0m    27Mi   
1781207838
websocket-server-8585946c55-2f7s6   5m    47Mi   
websocket-server-8585946c55-ghfxr   2m    32Mi   
websocket-server-8585946c55-kr67x   1m    27Mi   
websocket-server-8585946c55-m8gr4   1m    27Mi   
websocket-server-8585946c55-nwcq6   5m    48Mi   
websocket-server-8585946c55-pszkz   1m    29Mi   
websocket-server-8585946c55-rrqc8   0m    27Mi   
1781207844
websocket-server-8585946c55-2f7s6   5m    46Mi   
websocket-server-8585946c55-ghfxr   1m    32Mi   
websocket-server-8585946c55-kr67x   1m    27Mi   
websocket-server-8585946c55-m8gr4   1m    27Mi   
websocket-server-8585946c55-nwcq6   5m    48Mi   
websocket-server-8585946c55-pszkz   1m    29Mi   
websocket-server-8585946c55-rrqc8   1m    27Mi   
1781207849
websocket-server-8585946c55-2f7s6   5m    46Mi   
websocket-server-8585946c55-ghfxr   1m    32Mi   
websocket-server-8585946c55-kr67x   1m    27Mi   
websocket-server-8585946c55-m8gr4   1m    27Mi   
websocket-server-8585946c55-nwcq6   5m    48Mi   
websocket-server-8585946c55-pszkz   1m    29Mi   
websocket-server-8585946c55-rrqc8   1m    27Mi   
1781207854
websocket-server-8585946c55-2f7s6   5m    46Mi   
websocket-server-8585946c55-ghfxr   1m    32Mi   
websocket-server-8585946c55-kr67x   1m    27Mi   
websocket-server-8585946c55-m8gr4   1m    27Mi   
websocket-server-8585946c55-nwcq6   5m    48Mi   
websocket-server-8585946c55-pszkz   1m    29Mi   
websocket-server-8585946c55-rrqc8   1m    27Mi   
1781207859
websocket-server-8585946c55-2f7s6   5m    46Mi   
websocket-server-8585946c55-ghfxr   2m    32Mi   
websocket-server-8585946c55-kr67x   1m    27Mi   
websocket-server-8585946c55-m8gr4   0m    27Mi   
websocket-server-8585946c55-nwcq6   5m    48Mi   
websocket-server-8585946c55-pszkz   1m    29Mi   
websocket-server-8585946c55-rrqc8   1m    27Mi   
1781207864
websocket-server-8585946c55-2f7s6   5m    46Mi   
websocket-server-8585946c55-ghfxr   2m    32Mi   
websocket-server-8585946c55-kr67x   1m    27Mi   
websocket-server-8585946c55-m8gr4   0m    27Mi   
websocket-server-8585946c55-nwcq6   5m    48Mi   
websocket-server-8585946c55-pszkz   1m    29Mi   
websocket-server-8585946c55-rrqc8   1m    27Mi   
1781207869
websocket-server-8585946c55-2f7s6   5m    46Mi   
websocket-server-8585946c55-ghfxr   2m    32Mi   
websocket-server-8585946c55-kr67x   1m    27Mi   
websocket-server-8585946c55-m8gr4   0m    27Mi   
websocket-server-8585946c55-nwcq6   5m    48Mi   
websocket-server-8585946c55-pszkz   1m    29Mi   
websocket-server-8585946c55-rrqc8   1m    27Mi   
1781207874
websocket-server-8585946c55-2f7s6   5m    47Mi   
websocket-server-8585946c55-ghfxr   2m    32Mi   
websocket-server-8585946c55-kr67x   1m    27Mi   
websocket-server-8585946c55-m8gr4   0m    27Mi   
websocket-server-8585946c55-nwcq6   5m    48Mi   
websocket-server-8585946c55-pszkz   1m    29Mi   
websocket-server-8585946c55-rrqc8   1m    27Mi   
1781207879
websocket-server-8585946c55-2f7s6   5m    47Mi   
websocket-server-8585946c55-ghfxr   2m    32Mi   
websocket-server-8585946c55-kr67x   1m    27Mi   
websocket-server-8585946c55-m8gr4   0m    27Mi   
websocket-server-8585946c55-nwcq6   5m    48Mi   
websocket-server-8585946c55-pszkz   1m    29Mi   
websocket-server-8585946c55-rrqc8   1m    27Mi   
1781207884
websocket-server-8585946c55-2f7s6   5m    47Mi   
websocket-server-8585946c55-ghfxr   2m    32Mi   
websocket-server-8585946c55-kr67x   1m    27Mi   
websocket-server-8585946c55-m8gr4   0m    27Mi   
websocket-server-8585946c55-nwcq6   5m    48Mi   
websocket-server-8585946c55-pszkz   1m    29Mi   
websocket-server-8585946c55-rrqc8   1m    27Mi   
1781207889
websocket-server-8585946c55-2f7s6   5m    46Mi   
websocket-server-8585946c55-ghfxr   2m    32Mi   
websocket-server-8585946c55-kr67x   1m    27Mi   
websocket-server-8585946c55-m8gr4   1m    27Mi   
websocket-server-8585946c55-nwcq6   5m    48Mi   
websocket-server-8585946c55-pszkz   1m    29Mi   
websocket-server-8585946c55-rrqc8   1m    27Mi   
1781207894
websocket-server-8585946c55-2f7s6   5m    46Mi   
websocket-server-8585946c55-ghfxr   2m    32Mi   
websocket-server-8585946c55-kr67x   1m    27Mi   
websocket-server-8585946c55-m8gr4   1m    27Mi   
websocket-server-8585946c55-nwcq6   5m    48Mi   
websocket-server-8585946c55-pszkz   1m    29Mi   
websocket-server-8585946c55-rrqc8   1m    27Mi   
1781207899
websocket-server-8585946c55-2f7s6   5m    46Mi   
websocket-server-8585946c55-ghfxr   2m    32Mi   
websocket-server-8585946c55-m8gr4   1m    27Mi   
websocket-server-8585946c55-nwcq6   5m    48Mi   
websocket-server-8585946c55-pszkz   1m    29Mi   
1781207904
websocket-server-8585946c55-2f7s6   5m    47Mi   
websocket-server-8585946c55-ghfxr   2m    32Mi   
websocket-server-8585946c55-m8gr4   1m    27Mi   
websocket-server-8585946c55-nwcq6   5m    48Mi   
websocket-server-8585946c55-pszkz   1m    29Mi   
1781207909
websocket-server-8585946c55-2f7s6   5m    47Mi   
websocket-server-8585946c55-ghfxr   2m    32Mi   
websocket-server-8585946c55-m8gr4   1m    27Mi   
websocket-server-8585946c55-nwcq6   5m    48Mi   
websocket-server-8585946c55-pszkz   1m    29Mi   
1781207914
websocket-server-8585946c55-2f7s6   5m    47Mi   
websocket-server-8585946c55-ghfxr   2m    32Mi   
websocket-server-8585946c55-nwcq6   5m    48Mi   
1781207919
websocket-server-8585946c55-2f7s6   5m    47Mi   
websocket-server-8585946c55-ghfxr   2m    32Mi   
websocket-server-8585946c55-nwcq6   5m    48Mi   
1781207924
websocket-server-8585946c55-2f7s6   5m    47Mi   
websocket-server-8585946c55-ghfxr   2m    32Mi   
websocket-server-8585946c55-nwcq6   5m    48Mi   
1781207929
websocket-server-8585946c55-2f7s6   5m    47Mi   
websocket-server-8585946c55-ghfxr   2m    32Mi   
websocket-server-8585946c55-nwcq6   5m    48Mi   
