1781210162
websocket-server-8585946c55-25b2h   16m   27Mi   
websocket-server-8585946c55-mbqxc   20m   27Mi   
1781210167
websocket-server-8585946c55-25b2h   1m    27Mi   
websocket-server-8585946c55-mbqxc   1m    27Mi   
1781210172
websocket-server-8585946c55-25b2h   1m    27Mi   
websocket-server-8585946c55-mbqxc   1m    27Mi   
1781210177
websocket-server-8585946c55-25b2h   1m    27Mi   
websocket-server-8585946c55-mbqxc   1m    27Mi   
1781210182
websocket-server-8585946c55-25b2h   1m    27Mi   
websocket-server-8585946c55-mbqxc   1m    27Mi   
1781210187
websocket-server-8585946c55-25b2h   1m    27Mi   
websocket-server-8585946c55-mbqxc   1m    27Mi   
1781210192
websocket-server-8585946c55-25b2h   1m    27Mi   
websocket-server-8585946c55-mbqxc   1m    27Mi   
1781210197
websocket-server-8585946c55-25b2h   20m   30Mi   
websocket-server-8585946c55-mbqxc   7m    28Mi   
1781210202
websocket-server-8585946c55-25b2h   20m   30Mi   
websocket-server-8585946c55-mbqxc   7m    28Mi   
1781210207
websocket-server-8585946c55-25b2h   20m   30Mi   
websocket-server-8585946c55-mbqxc   7m    28Mi   
1781210212
websocket-server-8585946c55-25b2h   55m   34Mi   
websocket-server-8585946c55-mbqxc   34m   31Mi   
1781210218
websocket-server-8585946c55-25b2h   55m   34Mi   
websocket-server-8585946c55-mbqxc   34m   31Mi   
1781210223
websocket-server-8585946c55-25b2h   55m   34Mi   
websocket-server-8585946c55-mbqxc   34m   31Mi   
1781210228
websocket-server-8585946c55-25b2h   95m   39Mi   
websocket-server-8585946c55-mbqxc   61m   35Mi   
1781210233
websocket-server-8585946c55-25b2h   95m   39Mi   
websocket-server-8585946c55-mbqxc   61m   35Mi   
1781210238
websocket-server-8585946c55-25b2h   95m   39Mi   
websocket-server-8585946c55-mbqxc   61m   35Mi   
1781210243
websocket-server-8585946c55-25b2h   128m   41Mi   
websocket-server-8585946c55-mbqxc   111m   41Mi   
1781210248
websocket-server-8585946c55-25b2h   128m   41Mi   
websocket-server-8585946c55-mbqxc   111m   41Mi   
1781210253
websocket-server-8585946c55-25b2h   128m   41Mi   
websocket-server-8585946c55-mbqxc   111m   41Mi   
1781210258
websocket-server-8585946c55-25b2h   160m   46Mi   
websocket-server-8585946c55-98lx5   18m    29Mi   
websocket-server-8585946c55-mbqxc   152m   44Mi   
1781210263
websocket-server-8585946c55-25b2h   160m   46Mi   
websocket-server-8585946c55-98lx5   18m    29Mi   
websocket-server-8585946c55-mbqxc   152m   44Mi   
1781210268
websocket-server-8585946c55-25b2h   160m   46Mi   
websocket-server-8585946c55-98lx5   18m    29Mi   
websocket-server-8585946c55-mbqxc   152m   44Mi   
1781210273
websocket-server-8585946c55-25b2h   182m   48Mi   
websocket-server-8585946c55-98lx5   18m    29Mi   
websocket-server-8585946c55-b56wt   15m    28Mi   
websocket-server-8585946c55-mbqxc   165m   46Mi   
1781210278
websocket-server-8585946c55-25b2h   182m   48Mi   
websocket-server-8585946c55-98lx5   18m    29Mi   
websocket-server-8585946c55-b56wt   15m    28Mi   
websocket-server-8585946c55-mbqxc   165m   46Mi   
1781210283
websocket-server-8585946c55-25b2h   182m   48Mi   
websocket-server-8585946c55-98lx5   18m    29Mi   
websocket-server-8585946c55-b56wt   15m    28Mi   
websocket-server-8585946c55-mbqxc   165m   46Mi   
1781210288
websocket-server-8585946c55-25b2h   188m   48Mi   
websocket-server-8585946c55-8n8fk   3m     27Mi   
websocket-server-8585946c55-98lx5   40m    31Mi   
websocket-server-8585946c55-b56wt   19m    29Mi   
websocket-server-8585946c55-mbqxc   166m   46Mi   
websocket-server-8585946c55-sjggs   3m     28Mi   
1781210293
websocket-server-8585946c55-25b2h   188m   48Mi   
websocket-server-8585946c55-8n8fk   3m     27Mi   
websocket-server-8585946c55-98lx5   40m    31Mi   
websocket-server-8585946c55-b56wt   19m    29Mi   
websocket-server-8585946c55-mbqxc   166m   46Mi   
websocket-server-8585946c55-sjggs   3m     28Mi   
1781210298
websocket-server-8585946c55-25b2h   188m   48Mi   
websocket-server-8585946c55-8n8fk   3m     27Mi   
websocket-server-8585946c55-98lx5   40m    31Mi   
websocket-server-8585946c55-b56wt   19m    29Mi   
websocket-server-8585946c55-mbqxc   166m   46Mi   
websocket-server-8585946c55-sjggs   3m     28Mi   
1781210303
websocket-server-8585946c55-25b2h   189m   48Mi   
websocket-server-8585946c55-8n8fk   3m     28Mi   
websocket-server-8585946c55-98lx5   48m    32Mi   
websocket-server-8585946c55-b56wt   18m    29Mi   
websocket-server-8585946c55-mbqxc   171m   46Mi   
websocket-server-8585946c55-sjggs   3m     28Mi   
1781210308
websocket-server-8585946c55-25b2h   189m   48Mi   
websocket-server-8585946c55-8n8fk   3m     28Mi   
websocket-server-8585946c55-98lx5   48m    32Mi   
websocket-server-8585946c55-b56wt   18m    29Mi   
websocket-server-8585946c55-mbqxc   171m   46Mi   
websocket-server-8585946c55-sjggs   3m     28Mi   
1781210314
websocket-server-8585946c55-25b2h   189m   48Mi   
websocket-server-8585946c55-8n8fk   3m     28Mi   
websocket-server-8585946c55-98lx5   48m    32Mi   
websocket-server-8585946c55-b56wt   18m    29Mi   
websocket-server-8585946c55-mbqxc   171m   46Mi   
websocket-server-8585946c55-sjggs   3m     28Mi   
1781210319
websocket-server-8585946c55-25b2h   55m   48Mi   
websocket-server-8585946c55-8n8fk   1m    28Mi   
websocket-server-8585946c55-98lx5   13m   32Mi   
websocket-server-8585946c55-b56wt   7m    28Mi   
websocket-server-8585946c55-mbqxc   67m   46Mi   
websocket-server-8585946c55-sjggs   1m    28Mi   
websocket-server-8585946c55-zq4gg   19m   27Mi   
1781210324
websocket-server-8585946c55-25b2h   55m   48Mi   
websocket-server-8585946c55-8n8fk   1m    28Mi   
websocket-server-8585946c55-98lx5   13m   32Mi   
websocket-server-8585946c55-b56wt   7m    28Mi   
websocket-server-8585946c55-mbqxc   67m   46Mi   
websocket-server-8585946c55-sjggs   1m    28Mi   
websocket-server-8585946c55-zq4gg   19m   27Mi   
1781210329
websocket-server-8585946c55-25b2h   55m   48Mi   
websocket-server-8585946c55-8n8fk   1m    28Mi   
websocket-server-8585946c55-98lx5   13m   32Mi   
websocket-server-8585946c55-b56wt   7m    28Mi   
websocket-server-8585946c55-mbqxc   67m   46Mi   
websocket-server-8585946c55-sjggs   1m    28Mi   
websocket-server-8585946c55-zq4gg   19m   27Mi   
1781210334
websocket-server-8585946c55-25b2h   5m    48Mi   
websocket-server-8585946c55-8n8fk   1m    28Mi   
websocket-server-8585946c55-98lx5   2m    31Mi   
websocket-server-8585946c55-b56wt   1m    29Mi   
websocket-server-8585946c55-mbqxc   5m    46Mi   
websocket-server-8585946c55-sjggs   1m    28Mi   
websocket-server-8585946c55-zq4gg   1m    27Mi   
1781210339
websocket-server-8585946c55-25b2h   5m    48Mi   
websocket-server-8585946c55-8n8fk   1m    28Mi   
websocket-server-8585946c55-98lx5   2m    31Mi   
websocket-server-8585946c55-b56wt   1m    29Mi   
websocket-server-8585946c55-mbqxc   5m    46Mi   
websocket-server-8585946c55-sjggs   1m    28Mi   
websocket-server-8585946c55-zq4gg   1m    27Mi   
1781210344
websocket-server-8585946c55-25b2h   5m    48Mi   
websocket-server-8585946c55-8n8fk   1m    28Mi   
websocket-server-8585946c55-98lx5   2m    31Mi   
websocket-server-8585946c55-b56wt   1m    29Mi   
websocket-server-8585946c55-mbqxc   5m    46Mi   
websocket-server-8585946c55-sjggs   1m    28Mi   
websocket-server-8585946c55-zq4gg   1m    27Mi   
1781210349
websocket-server-8585946c55-25b2h   5m    48Mi   
websocket-server-8585946c55-8n8fk   1m    28Mi   
websocket-server-8585946c55-98lx5   2m    32Mi   
websocket-server-8585946c55-b56wt   1m    28Mi   
websocket-server-8585946c55-mbqxc   5m    46Mi   
websocket-server-8585946c55-sjggs   1m    28Mi   
websocket-server-8585946c55-zq4gg   1m    27Mi   
1781210354
websocket-server-8585946c55-25b2h   5m    48Mi   
websocket-server-8585946c55-8n8fk   1m    28Mi   
websocket-server-8585946c55-98lx5   2m    32Mi   
websocket-server-8585946c55-b56wt   1m    28Mi   
websocket-server-8585946c55-mbqxc   5m    46Mi   
websocket-server-8585946c55-sjggs   1m    28Mi   
websocket-server-8585946c55-zq4gg   1m    27Mi   
1781210359
websocket-server-8585946c55-25b2h   5m    48Mi   
websocket-server-8585946c55-8n8fk   1m    28Mi   
websocket-server-8585946c55-98lx5   2m    32Mi   
websocket-server-8585946c55-b56wt   1m    28Mi   
websocket-server-8585946c55-mbqxc   5m    46Mi   
websocket-server-8585946c55-sjggs   1m    28Mi   
websocket-server-8585946c55-zq4gg   1m    27Mi   
1781210364
websocket-server-8585946c55-25b2h   5m    48Mi   
websocket-server-8585946c55-8n8fk   1m    28Mi   
websocket-server-8585946c55-98lx5   1m    32Mi   
websocket-server-8585946c55-b56wt   1m    28Mi   
websocket-server-8585946c55-mbqxc   5m    46Mi   
websocket-server-8585946c55-sjggs   1m    28Mi   
websocket-server-8585946c55-zq4gg   1m    27Mi   
1781210369
websocket-server-8585946c55-25b2h   5m    48Mi   
websocket-server-8585946c55-8n8fk   1m    28Mi   
websocket-server-8585946c55-98lx5   1m    32Mi   
websocket-server-8585946c55-b56wt   1m    28Mi   
websocket-server-8585946c55-mbqxc   5m    46Mi   
websocket-server-8585946c55-sjggs   1m    28Mi   
websocket-server-8585946c55-zq4gg   1m    27Mi   
1781210374
websocket-server-8585946c55-25b2h   5m    48Mi   
websocket-server-8585946c55-8n8fk   1m    28Mi   
websocket-server-8585946c55-98lx5   1m    32Mi   
websocket-server-8585946c55-b56wt   1m    28Mi   
websocket-server-8585946c55-mbqxc   5m    46Mi   
websocket-server-8585946c55-sjggs   1m    28Mi   
websocket-server-8585946c55-zq4gg   1m    27Mi   
1781210379
websocket-server-8585946c55-25b2h   5m    48Mi   
websocket-server-8585946c55-8n8fk   1m    28Mi   
websocket-server-8585946c55-98lx5   2m    31Mi   
websocket-server-8585946c55-b56wt   1m    28Mi   
websocket-server-8585946c55-mbqxc   5m    46Mi   
websocket-server-8585946c55-sjggs   1m    28Mi   
websocket-server-8585946c55-zq4gg   1m    27Mi   
1781210384
websocket-server-8585946c55-25b2h   5m    48Mi   
websocket-server-8585946c55-8n8fk   1m    28Mi   
websocket-server-8585946c55-98lx5   2m    31Mi   
websocket-server-8585946c55-b56wt   1m    28Mi   
websocket-server-8585946c55-mbqxc   5m    46Mi   
websocket-server-8585946c55-sjggs   1m    28Mi   
websocket-server-8585946c55-zq4gg   1m    27Mi   
1781210389
websocket-server-8585946c55-25b2h   5m    48Mi   
websocket-server-8585946c55-8n8fk   1m    28Mi   
websocket-server-8585946c55-98lx5   2m    31Mi   
websocket-server-8585946c55-b56wt   1m    28Mi   
websocket-server-8585946c55-mbqxc   5m    46Mi   
websocket-server-8585946c55-sjggs   1m    28Mi   
websocket-server-8585946c55-zq4gg   1m    27Mi   
1781210394
websocket-server-8585946c55-25b2h   5m    48Mi   
websocket-server-8585946c55-8n8fk   1m    28Mi   
websocket-server-8585946c55-98lx5   2m    31Mi   
websocket-server-8585946c55-b56wt   1m    29Mi   
websocket-server-8585946c55-mbqxc   5m    46Mi   
websocket-server-8585946c55-sjggs   1m    28Mi   
websocket-server-8585946c55-zq4gg   1m    27Mi   
1781210399
websocket-server-8585946c55-25b2h   5m    48Mi   
websocket-server-8585946c55-8n8fk   1m    28Mi   
websocket-server-8585946c55-98lx5   2m    31Mi   
websocket-server-8585946c55-b56wt   1m    29Mi   
websocket-server-8585946c55-mbqxc   5m    46Mi   
websocket-server-8585946c55-sjggs   1m    28Mi   
websocket-server-8585946c55-zq4gg   1m    27Mi   
1781210404
websocket-server-8585946c55-25b2h   5m    48Mi   
websocket-server-8585946c55-8n8fk   1m    28Mi   
websocket-server-8585946c55-98lx5   2m    31Mi   
websocket-server-8585946c55-b56wt   1m    29Mi   
websocket-server-8585946c55-mbqxc   5m    46Mi   
websocket-server-8585946c55-sjggs   1m    28Mi   
websocket-server-8585946c55-zq4gg   1m    27Mi   
1781210409
websocket-server-8585946c55-25b2h   6m    48Mi   
websocket-server-8585946c55-8n8fk   1m    28Mi   
websocket-server-8585946c55-98lx5   1m    32Mi   
websocket-server-8585946c55-b56wt   1m    28Mi   
websocket-server-8585946c55-mbqxc   5m    46Mi   
websocket-server-8585946c55-sjggs   1m    28Mi   
websocket-server-8585946c55-zq4gg   1m    27Mi   
1781210415
websocket-server-8585946c55-25b2h   6m    48Mi   
websocket-server-8585946c55-8n8fk   1m    28Mi   
websocket-server-8585946c55-98lx5   1m    32Mi   
websocket-server-8585946c55-b56wt   1m    28Mi   
websocket-server-8585946c55-mbqxc   5m    46Mi   
websocket-server-8585946c55-sjggs   1m    28Mi   
websocket-server-8585946c55-zq4gg   1m    27Mi   
1781210420
websocket-server-8585946c55-25b2h   6m    48Mi   
websocket-server-8585946c55-8n8fk   1m    28Mi   
websocket-server-8585946c55-98lx5   1m    32Mi   
websocket-server-8585946c55-b56wt   1m    28Mi   
websocket-server-8585946c55-mbqxc   5m    46Mi   
websocket-server-8585946c55-sjggs   1m    28Mi   
websocket-server-8585946c55-zq4gg   1m    27Mi   
1781210425
websocket-server-8585946c55-25b2h   5m    48Mi   
websocket-server-8585946c55-8n8fk   1m    28Mi   
websocket-server-8585946c55-98lx5   2m    32Mi   
websocket-server-8585946c55-b56wt   1m    28Mi   
websocket-server-8585946c55-mbqxc   5m    46Mi   
websocket-server-8585946c55-sjggs   1m    28Mi   
websocket-server-8585946c55-zq4gg   1m    27Mi   
1781210430
websocket-server-8585946c55-25b2h   5m    48Mi   
websocket-server-8585946c55-8n8fk   1m    28Mi   
websocket-server-8585946c55-98lx5   2m    32Mi   
websocket-server-8585946c55-b56wt   1m    28Mi   
websocket-server-8585946c55-mbqxc   5m    46Mi   
websocket-server-8585946c55-sjggs   1m    28Mi   
websocket-server-8585946c55-zq4gg   1m    27Mi   
1781210435
websocket-server-8585946c55-25b2h   5m    48Mi   
websocket-server-8585946c55-8n8fk   1m    28Mi   
websocket-server-8585946c55-98lx5   2m    32Mi   
websocket-server-8585946c55-b56wt   1m    28Mi   
websocket-server-8585946c55-mbqxc   5m    46Mi   
websocket-server-8585946c55-sjggs   1m    28Mi   
websocket-server-8585946c55-zq4gg   1m    27Mi   
1781210440
websocket-server-8585946c55-25b2h   5m    48Mi   
websocket-server-8585946c55-8n8fk   1m    28Mi   
websocket-server-8585946c55-98lx5   2m    32Mi   
websocket-server-8585946c55-b56wt   1m    29Mi   
websocket-server-8585946c55-mbqxc   5m    46Mi   
websocket-server-8585946c55-sjggs   1m    28Mi   
websocket-server-8585946c55-zq4gg   1m    27Mi   
1781210445
websocket-server-8585946c55-25b2h   5m    48Mi   
websocket-server-8585946c55-8n8fk   1m    28Mi   
websocket-server-8585946c55-98lx5   2m    32Mi   
websocket-server-8585946c55-b56wt   1m    29Mi   
websocket-server-8585946c55-mbqxc   5m    46Mi   
websocket-server-8585946c55-sjggs   1m    28Mi   
websocket-server-8585946c55-zq4gg   1m    27Mi   
1781210450
websocket-server-8585946c55-25b2h   5m    48Mi   
websocket-server-8585946c55-8n8fk   1m    28Mi   
websocket-server-8585946c55-98lx5   2m    32Mi   
websocket-server-8585946c55-b56wt   1m    29Mi   
websocket-server-8585946c55-mbqxc   5m    46Mi   
websocket-server-8585946c55-sjggs   1m    28Mi   
websocket-server-8585946c55-zq4gg   1m    27Mi   
1781210455
websocket-server-8585946c55-25b2h   5m    48Mi   
websocket-server-8585946c55-8n8fk   1m    28Mi   
websocket-server-8585946c55-98lx5   1m    32Mi   
websocket-server-8585946c55-b56wt   1m    29Mi   
websocket-server-8585946c55-mbqxc   5m    46Mi   
websocket-server-8585946c55-sjggs   1m    28Mi   
websocket-server-8585946c55-zq4gg   1m    27Mi   
1781210460
websocket-server-8585946c55-25b2h   5m    48Mi   
websocket-server-8585946c55-8n8fk   1m    28Mi   
websocket-server-8585946c55-98lx5   1m    32Mi   
websocket-server-8585946c55-b56wt   1m    29Mi   
websocket-server-8585946c55-mbqxc   5m    46Mi   
websocket-server-8585946c55-sjggs   1m    28Mi   
websocket-server-8585946c55-zq4gg   1m    27Mi   
1781210465
websocket-server-8585946c55-25b2h   5m    48Mi   
websocket-server-8585946c55-b56wt   1m    29Mi   
websocket-server-8585946c55-mbqxc   5m    46Mi   
1781210470
websocket-server-8585946c55-25b2h   5m    48Mi   
websocket-server-8585946c55-b56wt   1m    29Mi   
websocket-server-8585946c55-mbqxc   5m    46Mi   
1781210475
websocket-server-8585946c55-25b2h   5m    48Mi   
websocket-server-8585946c55-b56wt   1m    29Mi   
websocket-server-8585946c55-mbqxc   5m    46Mi   
1781210480
websocket-server-8585946c55-25b2h   5m    48Mi   
websocket-server-8585946c55-b56wt   1m    29Mi   
websocket-server-8585946c55-mbqxc   5m    46Mi   
1781210485
websocket-server-8585946c55-25b2h   6m    48Mi   
websocket-server-8585946c55-b56wt   1m    28Mi   
websocket-server-8585946c55-mbqxc   5m    46Mi   
1781210490
websocket-server-8585946c55-25b2h   6m    48Mi   
websocket-server-8585946c55-b56wt   1m    28Mi   
websocket-server-8585946c55-mbqxc   5m    46Mi   
1781210495
websocket-server-8585946c55-25b2h   6m    48Mi   
websocket-server-8585946c55-b56wt   1m    28Mi   
websocket-server-8585946c55-mbqxc   5m    46Mi   
