1777395254
websocket-server-56c97f4c7-fkf5j   29m   36Mi   
websocket-server-56c97f4c7-jzghv   29m   38Mi   
1777395259
websocket-server-56c97f4c7-fkf5j   29m   36Mi   
websocket-server-56c97f4c7-jzghv   29m   38Mi   
1777395264
websocket-server-56c97f4c7-fkf5j   29m   36Mi   
websocket-server-56c97f4c7-jzghv   29m   38Mi   
1777395269
websocket-server-56c97f4c7-fkf5j   1m    36Mi   
websocket-server-56c97f4c7-jzghv   1m    38Mi   
1777395274
websocket-server-56c97f4c7-fkf5j   1m    36Mi   
websocket-server-56c97f4c7-jzghv   1m    38Mi   
1777395279
websocket-server-56c97f4c7-fkf5j   1m    36Mi   
websocket-server-56c97f4c7-jzghv   1m    38Mi   
1777395284
websocket-server-56c97f4c7-fkf5j   3m    38Mi   
websocket-server-56c97f4c7-jzghv   3m    40Mi   
1777395289
websocket-server-56c97f4c7-fkf5j   3m    38Mi   
websocket-server-56c97f4c7-jzghv   3m    40Mi   
1777395294
websocket-server-56c97f4c7-fkf5j   3m    38Mi   
websocket-server-56c97f4c7-jzghv   3m    40Mi   
1777395299
websocket-server-56c97f4c7-fkf5j   7m    43Mi   
websocket-server-56c97f4c7-jzghv   7m    44Mi   
1777395304
websocket-server-56c97f4c7-fkf5j   7m    43Mi   
websocket-server-56c97f4c7-jzghv   7m    44Mi   
1777395309
websocket-server-56c97f4c7-fkf5j   7m    43Mi   
websocket-server-56c97f4c7-jzghv   7m    44Mi   
1777395314
websocket-server-56c97f4c7-59d6l   27m   29Mi   
websocket-server-56c97f4c7-fkf5j   11m   47Mi   
websocket-server-56c97f4c7-jzghv   10m   47Mi   
1777395319
websocket-server-56c97f4c7-59d6l   27m   29Mi   
websocket-server-56c97f4c7-fkf5j   11m   47Mi   
websocket-server-56c97f4c7-jzghv   10m   47Mi   
1777395324
websocket-server-56c97f4c7-59d6l   27m   29Mi   
websocket-server-56c97f4c7-fkf5j   11m   47Mi   
websocket-server-56c97f4c7-jzghv   10m   47Mi   
1777395329
websocket-server-56c97f4c7-2qqxw   3m    29Mi   
websocket-server-56c97f4c7-59d6l   4m    31Mi   
websocket-server-56c97f4c7-fkf5j   13m   49Mi   
websocket-server-56c97f4c7-jzghv   11m   49Mi   
1777395334
websocket-server-56c97f4c7-2qqxw   3m    29Mi   
websocket-server-56c97f4c7-59d6l   4m    31Mi   
websocket-server-56c97f4c7-fkf5j   13m   49Mi   
websocket-server-56c97f4c7-jzghv   11m   49Mi   
1777395339
websocket-server-56c97f4c7-2qqxw   3m    29Mi   
websocket-server-56c97f4c7-59d6l   4m    31Mi   
websocket-server-56c97f4c7-fkf5j   13m   49Mi   
websocket-server-56c97f4c7-jzghv   11m   49Mi   
1777395345
websocket-server-56c97f4c7-2qqxw   4m    29Mi   
websocket-server-56c97f4c7-59d6l   4m    31Mi   
websocket-server-56c97f4c7-fkf5j   15m   50Mi   
websocket-server-56c97f4c7-jzghv   14m   51Mi   
websocket-server-56c97f4c7-rflgm   24m   28Mi   
1777395350
websocket-server-56c97f4c7-2qqxw   4m    29Mi   
websocket-server-56c97f4c7-59d6l   4m    31Mi   
websocket-server-56c97f4c7-fkf5j   15m   50Mi   
websocket-server-56c97f4c7-jzghv   14m   51Mi   
websocket-server-56c97f4c7-rflgm   24m   28Mi   
1777395355
websocket-server-56c97f4c7-2qqxw   4m    29Mi   
websocket-server-56c97f4c7-59d6l   4m    31Mi   
websocket-server-56c97f4c7-fkf5j   15m   50Mi   
websocket-server-56c97f4c7-jzghv   14m   51Mi   
websocket-server-56c97f4c7-rflgm   24m   28Mi   
1777395360
websocket-server-56c97f4c7-2qqxw   4m    30Mi   
websocket-server-56c97f4c7-59d6l   6m    32Mi   
websocket-server-56c97f4c7-fkf5j   15m   51Mi   
websocket-server-56c97f4c7-jzghv   14m   52Mi   
websocket-server-56c97f4c7-pgwkz   27m   28Mi   
websocket-server-56c97f4c7-rflgm   3m    29Mi   
websocket-server-56c97f4c7-wh8r9   27m   28Mi   
1777395365
websocket-server-56c97f4c7-2qqxw   4m    30Mi   
websocket-server-56c97f4c7-59d6l   6m    32Mi   
websocket-server-56c97f4c7-fkf5j   15m   51Mi   
websocket-server-56c97f4c7-jzghv   14m   52Mi   
websocket-server-56c97f4c7-pgwkz   27m   28Mi   
websocket-server-56c97f4c7-rflgm   3m    29Mi   
websocket-server-56c97f4c7-wh8r9   27m   28Mi   
1777395370
websocket-server-56c97f4c7-2qqxw   4m    30Mi   
websocket-server-56c97f4c7-59d6l   6m    32Mi   
websocket-server-56c97f4c7-fkf5j   15m   51Mi   
websocket-server-56c97f4c7-jzghv   14m   52Mi   
websocket-server-56c97f4c7-pgwkz   27m   28Mi   
websocket-server-56c97f4c7-rflgm   3m    29Mi   
websocket-server-56c97f4c7-wh8r9   27m   28Mi   
1777395375
websocket-server-56c97f4c7-2qqxw   4m    31Mi   
websocket-server-56c97f4c7-4kmcv   17m   28Mi   
websocket-server-56c97f4c7-59d6l   7m    33Mi   
websocket-server-56c97f4c7-fkf5j   15m   52Mi   
websocket-server-56c97f4c7-jzghv   13m   52Mi   
websocket-server-56c97f4c7-pgwkz   2m    28Mi   
websocket-server-56c97f4c7-rflgm   3m    29Mi   
websocket-server-56c97f4c7-wh8r9   3m    29Mi   
1777395380
websocket-server-56c97f4c7-2qqxw   4m    31Mi   
websocket-server-56c97f4c7-4kmcv   17m   28Mi   
websocket-server-56c97f4c7-59d6l   7m    33Mi   
websocket-server-56c97f4c7-fkf5j   15m   52Mi   
websocket-server-56c97f4c7-jzghv   13m   52Mi   
websocket-server-56c97f4c7-pgwkz   2m    28Mi   
websocket-server-56c97f4c7-rflgm   3m    29Mi   
websocket-server-56c97f4c7-wh8r9   3m    29Mi   
1777395385
websocket-server-56c97f4c7-2qqxw   4m    31Mi   
websocket-server-56c97f4c7-4kmcv   17m   28Mi   
websocket-server-56c97f4c7-59d6l   7m    33Mi   
websocket-server-56c97f4c7-fkf5j   15m   52Mi   
websocket-server-56c97f4c7-jzghv   13m   52Mi   
websocket-server-56c97f4c7-pgwkz   2m    28Mi   
websocket-server-56c97f4c7-rflgm   3m    29Mi   
websocket-server-56c97f4c7-wh8r9   3m    29Mi   
1777395390
websocket-server-56c97f4c7-2qqxw   5m    31Mi   
websocket-server-56c97f4c7-4kmcv   1m    28Mi   
websocket-server-56c97f4c7-59d6l   6m    33Mi   
websocket-server-56c97f4c7-fkf5j   14m   52Mi   
websocket-server-56c97f4c7-jzghv   13m   53Mi   
websocket-server-56c97f4c7-pgwkz   1m    28Mi   
websocket-server-56c97f4c7-rflgm   3m    29Mi   
websocket-server-56c97f4c7-wh8r9   2m    29Mi   
1777395395
websocket-server-56c97f4c7-2qqxw   5m    31Mi   
websocket-server-56c97f4c7-4kmcv   1m    28Mi   
websocket-server-56c97f4c7-59d6l   6m    33Mi   
websocket-server-56c97f4c7-fkf5j   14m   52Mi   
websocket-server-56c97f4c7-jzghv   13m   53Mi   
websocket-server-56c97f4c7-pgwkz   1m    28Mi   
websocket-server-56c97f4c7-rflgm   3m    29Mi   
websocket-server-56c97f4c7-wh8r9   2m    29Mi   
1777395400
websocket-server-56c97f4c7-2qqxw   5m    31Mi   
websocket-server-56c97f4c7-4kmcv   1m    28Mi   
websocket-server-56c97f4c7-59d6l   6m    33Mi   
websocket-server-56c97f4c7-fkf5j   14m   52Mi   
websocket-server-56c97f4c7-jzghv   13m   53Mi   
websocket-server-56c97f4c7-pgwkz   1m    28Mi   
websocket-server-56c97f4c7-rflgm   3m    29Mi   
websocket-server-56c97f4c7-wh8r9   2m    29Mi   
1777395405
websocket-server-56c97f4c7-2qqxw   2m    31Mi   
websocket-server-56c97f4c7-4kmcv   1m    28Mi   
websocket-server-56c97f4c7-59d6l   5m    34Mi   
websocket-server-56c97f4c7-fkf5j   6m    51Mi   
websocket-server-56c97f4c7-jzghv   7m    52Mi   
websocket-server-56c97f4c7-pgwkz   1m    28Mi   
websocket-server-56c97f4c7-rflgm   2m    29Mi   
websocket-server-56c97f4c7-wh8r9   2m    29Mi   
1777395410
websocket-server-56c97f4c7-2qqxw   2m    31Mi   
websocket-server-56c97f4c7-4kmcv   1m    28Mi   
websocket-server-56c97f4c7-59d6l   5m    34Mi   
websocket-server-56c97f4c7-fkf5j   6m    51Mi   
websocket-server-56c97f4c7-jzghv   7m    52Mi   
websocket-server-56c97f4c7-pgwkz   1m    28Mi   
websocket-server-56c97f4c7-rflgm   2m    29Mi   
websocket-server-56c97f4c7-wh8r9   2m    29Mi   
1777395415
websocket-server-56c97f4c7-2qqxw   2m    31Mi   
websocket-server-56c97f4c7-4kmcv   1m    28Mi   
websocket-server-56c97f4c7-59d6l   5m    34Mi   
websocket-server-56c97f4c7-fkf5j   6m    51Mi   
websocket-server-56c97f4c7-jzghv   7m    52Mi   
websocket-server-56c97f4c7-pgwkz   1m    28Mi   
websocket-server-56c97f4c7-rflgm   2m    29Mi   
websocket-server-56c97f4c7-wh8r9   2m    29Mi   
1777395420
websocket-server-56c97f4c7-2qqxw   1m    31Mi   
websocket-server-56c97f4c7-4kmcv   1m    28Mi   
websocket-server-56c97f4c7-59d6l   2m    33Mi   
websocket-server-56c97f4c7-fkf5j   6m    51Mi   
websocket-server-56c97f4c7-jzghv   4m    52Mi   
websocket-server-56c97f4c7-pgwkz   1m    28Mi   
websocket-server-56c97f4c7-rflgm   2m    29Mi   
websocket-server-56c97f4c7-wh8r9   1m    29Mi   
1777395425
websocket-server-56c97f4c7-2qqxw   1m    31Mi   
websocket-server-56c97f4c7-4kmcv   1m    28Mi   
websocket-server-56c97f4c7-59d6l   2m    33Mi   
websocket-server-56c97f4c7-fkf5j   6m    51Mi   
websocket-server-56c97f4c7-jzghv   4m    52Mi   
websocket-server-56c97f4c7-pgwkz   1m    28Mi   
websocket-server-56c97f4c7-rflgm   2m    29Mi   
websocket-server-56c97f4c7-wh8r9   1m    29Mi   
1777395430
websocket-server-56c97f4c7-2qqxw   1m    31Mi   
websocket-server-56c97f4c7-4kmcv   1m    28Mi   
websocket-server-56c97f4c7-59d6l   2m    33Mi   
websocket-server-56c97f4c7-fkf5j   6m    51Mi   
websocket-server-56c97f4c7-jzghv   4m    52Mi   
websocket-server-56c97f4c7-pgwkz   1m    28Mi   
websocket-server-56c97f4c7-rflgm   2m    29Mi   
websocket-server-56c97f4c7-wh8r9   1m    29Mi   
1777395435
websocket-server-56c97f4c7-2qqxw   2m    31Mi   
websocket-server-56c97f4c7-4kmcv   1m    28Mi   
websocket-server-56c97f4c7-59d6l   2m    33Mi   
websocket-server-56c97f4c7-fkf5j   5m    52Mi   
websocket-server-56c97f4c7-jzghv   4m    52Mi   
websocket-server-56c97f4c7-pgwkz   1m    28Mi   
websocket-server-56c97f4c7-rflgm   1m    29Mi   
websocket-server-56c97f4c7-wh8r9   1m    29Mi   
1777395440
websocket-server-56c97f4c7-2qqxw   2m    31Mi   
websocket-server-56c97f4c7-4kmcv   1m    28Mi   
websocket-server-56c97f4c7-59d6l   2m    33Mi   
websocket-server-56c97f4c7-fkf5j   5m    52Mi   
websocket-server-56c97f4c7-jzghv   4m    52Mi   
websocket-server-56c97f4c7-pgwkz   1m    28Mi   
websocket-server-56c97f4c7-rflgm   1m    29Mi   
websocket-server-56c97f4c7-wh8r9   1m    29Mi   
1777395445
websocket-server-56c97f4c7-2qqxw   2m    31Mi   
websocket-server-56c97f4c7-4kmcv   1m    28Mi   
websocket-server-56c97f4c7-59d6l   2m    33Mi   
websocket-server-56c97f4c7-fkf5j   5m    52Mi   
websocket-server-56c97f4c7-jzghv   4m    52Mi   
websocket-server-56c97f4c7-pgwkz   1m    28Mi   
websocket-server-56c97f4c7-rflgm   1m    29Mi   
websocket-server-56c97f4c7-wh8r9   1m    29Mi   
1777395450
websocket-server-56c97f4c7-2qqxw   2m    31Mi   
websocket-server-56c97f4c7-4kmcv   1m    28Mi   
websocket-server-56c97f4c7-59d6l   2m    33Mi   
websocket-server-56c97f4c7-fkf5j   4m    51Mi   
websocket-server-56c97f4c7-jzghv   4m    52Mi   
websocket-server-56c97f4c7-pgwkz   1m    28Mi   
websocket-server-56c97f4c7-rflgm   1m    29Mi   
websocket-server-56c97f4c7-wh8r9   1m    29Mi   
1777395456
websocket-server-56c97f4c7-2qqxw   2m    31Mi   
websocket-server-56c97f4c7-4kmcv   1m    28Mi   
websocket-server-56c97f4c7-59d6l   2m    33Mi   
websocket-server-56c97f4c7-fkf5j   4m    51Mi   
websocket-server-56c97f4c7-jzghv   4m    52Mi   
websocket-server-56c97f4c7-pgwkz   1m    28Mi   
websocket-server-56c97f4c7-rflgm   1m    29Mi   
websocket-server-56c97f4c7-wh8r9   1m    29Mi   
1777395461
websocket-server-56c97f4c7-2qqxw   2m    31Mi   
websocket-server-56c97f4c7-4kmcv   1m    28Mi   
websocket-server-56c97f4c7-59d6l   2m    33Mi   
websocket-server-56c97f4c7-fkf5j   4m    51Mi   
websocket-server-56c97f4c7-jzghv   4m    52Mi   
websocket-server-56c97f4c7-pgwkz   1m    28Mi   
websocket-server-56c97f4c7-rflgm   1m    29Mi   
websocket-server-56c97f4c7-wh8r9   1m    29Mi   
1777395466
websocket-server-56c97f4c7-2qqxw   3m    31Mi   
websocket-server-56c97f4c7-4kmcv   1m    28Mi   
websocket-server-56c97f4c7-59d6l   5m    33Mi   
websocket-server-56c97f4c7-fkf5j   10m   51Mi   
websocket-server-56c97f4c7-jzghv   10m   52Mi   
websocket-server-56c97f4c7-pgwkz   1m    28Mi   
websocket-server-56c97f4c7-rflgm   3m    29Mi   
websocket-server-56c97f4c7-wh8r9   2m    29Mi   
1777395471
websocket-server-56c97f4c7-2qqxw   3m    31Mi   
websocket-server-56c97f4c7-4kmcv   1m    28Mi   
websocket-server-56c97f4c7-59d6l   5m    33Mi   
websocket-server-56c97f4c7-fkf5j   10m   51Mi   
websocket-server-56c97f4c7-jzghv   10m   52Mi   
websocket-server-56c97f4c7-pgwkz   1m    28Mi   
websocket-server-56c97f4c7-rflgm   3m    29Mi   
websocket-server-56c97f4c7-wh8r9   2m    29Mi   
1777395476
websocket-server-56c97f4c7-2qqxw   3m    31Mi   
websocket-server-56c97f4c7-4kmcv   1m    28Mi   
websocket-server-56c97f4c7-59d6l   5m    33Mi   
websocket-server-56c97f4c7-fkf5j   10m   51Mi   
websocket-server-56c97f4c7-jzghv   10m   52Mi   
websocket-server-56c97f4c7-pgwkz   1m    28Mi   
websocket-server-56c97f4c7-rflgm   3m    29Mi   
websocket-server-56c97f4c7-wh8r9   2m    29Mi   
1777395481
websocket-server-56c97f4c7-2qqxw   1m    31Mi   
websocket-server-56c97f4c7-4kmcv   1m    28Mi   
websocket-server-56c97f4c7-59d6l   1m    33Mi   
websocket-server-56c97f4c7-fkf5j   1m    51Mi   
websocket-server-56c97f4c7-jzghv   1m    52Mi   
websocket-server-56c97f4c7-pgwkz   1m    28Mi   
websocket-server-56c97f4c7-rflgm   1m    29Mi   
websocket-server-56c97f4c7-wh8r9   1m    29Mi   
1777395486
websocket-server-56c97f4c7-2qqxw   1m    31Mi   
websocket-server-56c97f4c7-4kmcv   1m    28Mi   
websocket-server-56c97f4c7-59d6l   1m    33Mi   
websocket-server-56c97f4c7-fkf5j   1m    51Mi   
websocket-server-56c97f4c7-jzghv   1m    52Mi   
websocket-server-56c97f4c7-pgwkz   1m    28Mi   
websocket-server-56c97f4c7-rflgm   1m    29Mi   
websocket-server-56c97f4c7-wh8r9   1m    29Mi   
1777395491
websocket-server-56c97f4c7-2qqxw   1m    31Mi   
websocket-server-56c97f4c7-4kmcv   1m    28Mi   
websocket-server-56c97f4c7-59d6l   1m    33Mi   
websocket-server-56c97f4c7-fkf5j   1m    51Mi   
websocket-server-56c97f4c7-jzghv   1m    52Mi   
websocket-server-56c97f4c7-pgwkz   1m    28Mi   
websocket-server-56c97f4c7-rflgm   1m    29Mi   
websocket-server-56c97f4c7-wh8r9   1m    29Mi   
1777395496
websocket-server-56c97f4c7-2qqxw   1m    31Mi   
websocket-server-56c97f4c7-4kmcv   1m    28Mi   
websocket-server-56c97f4c7-59d6l   1m    33Mi   
websocket-server-56c97f4c7-fkf5j   1m    51Mi   
websocket-server-56c97f4c7-jzghv   1m    52Mi   
websocket-server-56c97f4c7-pgwkz   1m    28Mi   
websocket-server-56c97f4c7-rflgm   1m    29Mi   
websocket-server-56c97f4c7-wh8r9   1m    29Mi   
1777395501
websocket-server-56c97f4c7-2qqxw   1m    31Mi   
websocket-server-56c97f4c7-4kmcv   1m    28Mi   
websocket-server-56c97f4c7-59d6l   1m    33Mi   
websocket-server-56c97f4c7-fkf5j   1m    51Mi   
websocket-server-56c97f4c7-jzghv   1m    52Mi   
websocket-server-56c97f4c7-pgwkz   1m    28Mi   
websocket-server-56c97f4c7-rflgm   1m    29Mi   
websocket-server-56c97f4c7-wh8r9   1m    29Mi   
1777395506
websocket-server-56c97f4c7-2qqxw   1m    31Mi   
websocket-server-56c97f4c7-4kmcv   1m    28Mi   
websocket-server-56c97f4c7-59d6l   1m    33Mi   
websocket-server-56c97f4c7-fkf5j   1m    51Mi   
websocket-server-56c97f4c7-jzghv   1m    52Mi   
websocket-server-56c97f4c7-pgwkz   1m    28Mi   
websocket-server-56c97f4c7-rflgm   1m    29Mi   
websocket-server-56c97f4c7-wh8r9   1m    29Mi   
1777395511
websocket-server-56c97f4c7-2qqxw   1m    31Mi   
websocket-server-56c97f4c7-4kmcv   1m    28Mi   
websocket-server-56c97f4c7-59d6l   1m    33Mi   
websocket-server-56c97f4c7-fkf5j   1m    51Mi   
websocket-server-56c97f4c7-jzghv   1m    52Mi   
websocket-server-56c97f4c7-pgwkz   1m    28Mi   
websocket-server-56c97f4c7-rflgm   1m    29Mi   
websocket-server-56c97f4c7-wh8r9   1m    29Mi   
1777395516
websocket-server-56c97f4c7-2qqxw   1m    31Mi   
websocket-server-56c97f4c7-4kmcv   1m    28Mi   
websocket-server-56c97f4c7-59d6l   1m    33Mi   
websocket-server-56c97f4c7-fkf5j   1m    51Mi   
websocket-server-56c97f4c7-jzghv   1m    52Mi   
websocket-server-56c97f4c7-pgwkz   1m    28Mi   
websocket-server-56c97f4c7-rflgm   1m    29Mi   
websocket-server-56c97f4c7-wh8r9   1m    29Mi   
1777395521
websocket-server-56c97f4c7-2qqxw   1m    31Mi   
websocket-server-56c97f4c7-4kmcv   1m    28Mi   
websocket-server-56c97f4c7-59d6l   1m    33Mi   
websocket-server-56c97f4c7-fkf5j   1m    51Mi   
websocket-server-56c97f4c7-jzghv   1m    52Mi   
websocket-server-56c97f4c7-pgwkz   1m    28Mi   
websocket-server-56c97f4c7-rflgm   1m    29Mi   
websocket-server-56c97f4c7-wh8r9   1m    29Mi   
1777395526
websocket-server-56c97f4c7-2qqxw   1m    31Mi   
websocket-server-56c97f4c7-4kmcv   1m    28Mi   
websocket-server-56c97f4c7-59d6l   1m    33Mi   
websocket-server-56c97f4c7-fkf5j   1m    52Mi   
websocket-server-56c97f4c7-jzghv   1m    52Mi   
websocket-server-56c97f4c7-pgwkz   1m    28Mi   
websocket-server-56c97f4c7-rflgm   1m    30Mi   
websocket-server-56c97f4c7-wh8r9   1m    30Mi   
1777395531
websocket-server-56c97f4c7-2qqxw   1m    31Mi   
websocket-server-56c97f4c7-4kmcv   1m    28Mi   
websocket-server-56c97f4c7-59d6l   1m    33Mi   
websocket-server-56c97f4c7-fkf5j   1m    52Mi   
websocket-server-56c97f4c7-jzghv   1m    52Mi   
websocket-server-56c97f4c7-pgwkz   1m    28Mi   
websocket-server-56c97f4c7-rflgm   1m    30Mi   
websocket-server-56c97f4c7-wh8r9   1m    30Mi   
1777395536
websocket-server-56c97f4c7-2qqxw   1m    31Mi   
websocket-server-56c97f4c7-4kmcv   1m    28Mi   
websocket-server-56c97f4c7-59d6l   1m    33Mi   
websocket-server-56c97f4c7-fkf5j   1m    52Mi   
websocket-server-56c97f4c7-jzghv   1m    52Mi   
websocket-server-56c97f4c7-pgwkz   1m    28Mi   
websocket-server-56c97f4c7-rflgm   1m    30Mi   
websocket-server-56c97f4c7-wh8r9   1m    30Mi   
1777395541
websocket-server-56c97f4c7-2qqxw   1m    32Mi   
websocket-server-56c97f4c7-4kmcv   2m    28Mi   
websocket-server-56c97f4c7-59d6l   2m    34Mi   
websocket-server-56c97f4c7-fkf5j   3m    52Mi   
websocket-server-56c97f4c7-jzghv   2m    53Mi   
websocket-server-56c97f4c7-pgwkz   2m    29Mi   
websocket-server-56c97f4c7-rflgm   2m    30Mi   
websocket-server-56c97f4c7-wh8r9   2m    31Mi   
1777395546
websocket-server-56c97f4c7-2qqxw   1m    32Mi   
websocket-server-56c97f4c7-4kmcv   2m    28Mi   
websocket-server-56c97f4c7-59d6l   2m    34Mi   
websocket-server-56c97f4c7-fkf5j   3m    52Mi   
websocket-server-56c97f4c7-jzghv   2m    53Mi   
websocket-server-56c97f4c7-pgwkz   2m    29Mi   
websocket-server-56c97f4c7-rflgm   2m    30Mi   
websocket-server-56c97f4c7-wh8r9   2m    31Mi   
1777395551
websocket-server-56c97f4c7-2qqxw   1m    32Mi   
websocket-server-56c97f4c7-4kmcv   2m    28Mi   
websocket-server-56c97f4c7-59d6l   2m    34Mi   
websocket-server-56c97f4c7-fkf5j   3m    52Mi   
websocket-server-56c97f4c7-jzghv   2m    53Mi   
websocket-server-56c97f4c7-pgwkz   2m    29Mi   
websocket-server-56c97f4c7-rflgm   2m    30Mi   
websocket-server-56c97f4c7-wh8r9   2m    31Mi   
1777395556
websocket-server-56c97f4c7-2qqxw   2m    33Mi   
websocket-server-56c97f4c7-4kmcv   4m    30Mi   
websocket-server-56c97f4c7-59d6l   2m    35Mi   
websocket-server-56c97f4c7-fkf5j   3m    52Mi   
websocket-server-56c97f4c7-jzghv   4m    53Mi   
websocket-server-56c97f4c7-pgwkz   3m    30Mi   
websocket-server-56c97f4c7-rflgm   3m    31Mi   
websocket-server-56c97f4c7-wh8r9   2m    31Mi   
1777395561
websocket-server-56c97f4c7-2qqxw   2m    33Mi   
websocket-server-56c97f4c7-4kmcv   4m    30Mi   
websocket-server-56c97f4c7-59d6l   2m    35Mi   
websocket-server-56c97f4c7-fkf5j   3m    52Mi   
websocket-server-56c97f4c7-jzghv   4m    53Mi   
websocket-server-56c97f4c7-pgwkz   3m    30Mi   
websocket-server-56c97f4c7-rflgm   3m    31Mi   
websocket-server-56c97f4c7-wh8r9   2m    31Mi   
1777395567
websocket-server-56c97f4c7-2qqxw   2m    33Mi   
websocket-server-56c97f4c7-4kmcv   4m    30Mi   
websocket-server-56c97f4c7-59d6l   2m    35Mi   
websocket-server-56c97f4c7-fkf5j   3m    52Mi   
websocket-server-56c97f4c7-jzghv   4m    53Mi   
websocket-server-56c97f4c7-pgwkz   3m    30Mi   
websocket-server-56c97f4c7-rflgm   3m    31Mi   
websocket-server-56c97f4c7-wh8r9   2m    31Mi   
1777395572
websocket-server-56c97f4c7-2qqxw   3m    33Mi   
websocket-server-56c97f4c7-4kmcv   4m    31Mi   
websocket-server-56c97f4c7-59d6l   3m    35Mi   
websocket-server-56c97f4c7-fkf5j   4m    52Mi   
websocket-server-56c97f4c7-jzghv   4m    54Mi   
websocket-server-56c97f4c7-pgwkz   4m    32Mi   
websocket-server-56c97f4c7-rflgm   4m    32Mi   
websocket-server-56c97f4c7-wh8r9   3m    32Mi   
1777395577
websocket-server-56c97f4c7-2qqxw   3m    33Mi   
websocket-server-56c97f4c7-4kmcv   4m    31Mi   
websocket-server-56c97f4c7-59d6l   3m    35Mi   
websocket-server-56c97f4c7-fkf5j   4m    52Mi   
websocket-server-56c97f4c7-jzghv   4m    54Mi   
websocket-server-56c97f4c7-pgwkz   4m    32Mi   
websocket-server-56c97f4c7-rflgm   4m    32Mi   
websocket-server-56c97f4c7-wh8r9   3m    32Mi   
1777395582
websocket-server-56c97f4c7-2qqxw   3m    33Mi   
websocket-server-56c97f4c7-4kmcv   4m    31Mi   
websocket-server-56c97f4c7-59d6l   3m    35Mi   
websocket-server-56c97f4c7-fkf5j   4m    52Mi   
websocket-server-56c97f4c7-jzghv   4m    54Mi   
websocket-server-56c97f4c7-pgwkz   4m    32Mi   
websocket-server-56c97f4c7-rflgm   4m    32Mi   
websocket-server-56c97f4c7-wh8r9   3m    32Mi   
1777395587
websocket-server-56c97f4c7-2qqxw   4m    33Mi   
websocket-server-56c97f4c7-4kmcv   5m    31Mi   
websocket-server-56c97f4c7-59d6l   4m    36Mi   
websocket-server-56c97f4c7-fkf5j   4m    52Mi   
websocket-server-56c97f4c7-jzghv   4m    54Mi   
websocket-server-56c97f4c7-pgwkz   4m    32Mi   
websocket-server-56c97f4c7-rflgm   5m    33Mi   
websocket-server-56c97f4c7-wh8r9   4m    33Mi   
1777395592
websocket-server-56c97f4c7-2qqxw   4m    33Mi   
websocket-server-56c97f4c7-4kmcv   5m    31Mi   
websocket-server-56c97f4c7-59d6l   4m    36Mi   
websocket-server-56c97f4c7-fkf5j   4m    52Mi   
websocket-server-56c97f4c7-jzghv   4m    54Mi   
websocket-server-56c97f4c7-pgwkz   4m    32Mi   
websocket-server-56c97f4c7-rflgm   5m    33Mi   
websocket-server-56c97f4c7-wh8r9   4m    33Mi   
1777395597
websocket-server-56c97f4c7-2qqxw   4m    33Mi   
websocket-server-56c97f4c7-4kmcv   5m    31Mi   
websocket-server-56c97f4c7-59d6l   4m    36Mi   
websocket-server-56c97f4c7-fkf5j   4m    52Mi   
websocket-server-56c97f4c7-jzghv   4m    54Mi   
websocket-server-56c97f4c7-pgwkz   4m    32Mi   
websocket-server-56c97f4c7-rflgm   5m    33Mi   
websocket-server-56c97f4c7-wh8r9   4m    33Mi   
1777395602
websocket-server-56c97f4c7-4kmcv   6m    33Mi   
websocket-server-56c97f4c7-59d6l   5m    37Mi   
websocket-server-56c97f4c7-fkf5j   6m    53Mi   
websocket-server-56c97f4c7-jzghv   5m    53Mi   
websocket-server-56c97f4c7-rflgm   6m    34Mi   
websocket-server-56c97f4c7-wh8r9   6m    35Mi   
websocket-server-56c97f4c7-xtqxd   23m   28Mi   
1777395607
websocket-server-56c97f4c7-4kmcv   6m    33Mi   
websocket-server-56c97f4c7-59d6l   5m    37Mi   
websocket-server-56c97f4c7-fkf5j   6m    53Mi   
websocket-server-56c97f4c7-jzghv   5m    53Mi   
websocket-server-56c97f4c7-rflgm   6m    34Mi   
websocket-server-56c97f4c7-wh8r9   6m    35Mi   
websocket-server-56c97f4c7-xtqxd   23m   28Mi   
1777395612
websocket-server-56c97f4c7-4kmcv   6m    33Mi   
websocket-server-56c97f4c7-59d6l   5m    37Mi   
websocket-server-56c97f4c7-fkf5j   6m    53Mi   
websocket-server-56c97f4c7-jzghv   5m    53Mi   
websocket-server-56c97f4c7-rflgm   6m    34Mi   
websocket-server-56c97f4c7-wh8r9   6m    35Mi   
websocket-server-56c97f4c7-xtqxd   23m   28Mi   
1777395617
websocket-server-56c97f4c7-4kmcv   7m    35Mi   
websocket-server-56c97f4c7-59d6l   6m    38Mi   
websocket-server-56c97f4c7-fkf5j   7m    52Mi   
websocket-server-56c97f4c7-jzghv   6m    53Mi   
websocket-server-56c97f4c7-kmw66   19m   28Mi   
websocket-server-56c97f4c7-rflgm   8m    36Mi   
websocket-server-56c97f4c7-wh8r9   7m    36Mi   
websocket-server-56c97f4c7-xtqxd   2m    28Mi   
1777395622
websocket-server-56c97f4c7-4kmcv   7m    35Mi   
websocket-server-56c97f4c7-59d6l   6m    38Mi   
websocket-server-56c97f4c7-fkf5j   7m    52Mi   
websocket-server-56c97f4c7-jzghv   6m    53Mi   
websocket-server-56c97f4c7-kmw66   19m   28Mi   
websocket-server-56c97f4c7-rflgm   8m    36Mi   
websocket-server-56c97f4c7-wh8r9   7m    36Mi   
websocket-server-56c97f4c7-xtqxd   2m    28Mi   
1777395627
websocket-server-56c97f4c7-4kmcv   7m    35Mi   
websocket-server-56c97f4c7-59d6l   6m    38Mi   
websocket-server-56c97f4c7-fkf5j   7m    52Mi   
websocket-server-56c97f4c7-jzghv   6m    53Mi   
websocket-server-56c97f4c7-kmw66   19m   28Mi   
websocket-server-56c97f4c7-rflgm   8m    36Mi   
websocket-server-56c97f4c7-wh8r9   7m    36Mi   
websocket-server-56c97f4c7-xtqxd   2m    28Mi   
1777395632
websocket-server-56c97f4c7-4kmcv   7m    35Mi   
websocket-server-56c97f4c7-59d6l   7m    39Mi   
websocket-server-56c97f4c7-fkf5j   7m    52Mi   
websocket-server-56c97f4c7-jzghv   6m    54Mi   
websocket-server-56c97f4c7-kmw66   2m    28Mi   
websocket-server-56c97f4c7-rflgm   8m    37Mi   
websocket-server-56c97f4c7-tdft8   26m   27Mi   
websocket-server-56c97f4c7-wh8r9   8m    36Mi   
websocket-server-56c97f4c7-xtqxd   2m    28Mi   
1777395637
websocket-server-56c97f4c7-4kmcv   7m    35Mi   
websocket-server-56c97f4c7-59d6l   7m    39Mi   
websocket-server-56c97f4c7-fkf5j   7m    52Mi   
websocket-server-56c97f4c7-jzghv   6m    54Mi   
websocket-server-56c97f4c7-kmw66   2m    28Mi   
websocket-server-56c97f4c7-rflgm   8m    37Mi   
websocket-server-56c97f4c7-tdft8   26m   27Mi   
websocket-server-56c97f4c7-wh8r9   8m    36Mi   
websocket-server-56c97f4c7-xtqxd   2m    28Mi   
1777395642
websocket-server-56c97f4c7-4kmcv   7m    35Mi   
websocket-server-56c97f4c7-59d6l   7m    39Mi   
websocket-server-56c97f4c7-fkf5j   7m    52Mi   
websocket-server-56c97f4c7-jzghv   6m    54Mi   
websocket-server-56c97f4c7-kmw66   2m    28Mi   
websocket-server-56c97f4c7-rflgm   8m    37Mi   
websocket-server-56c97f4c7-tdft8   26m   27Mi   
websocket-server-56c97f4c7-wh8r9   8m    36Mi   
websocket-server-56c97f4c7-xtqxd   2m    28Mi   
1777395647
websocket-server-56c97f4c7-4kmcv   7m    34Mi   
websocket-server-56c97f4c7-59d6l   7m    39Mi   
websocket-server-56c97f4c7-fkf5j   7m    52Mi   
websocket-server-56c97f4c7-jzghv   6m    54Mi   
websocket-server-56c97f4c7-kmw66   1m    28Mi   
websocket-server-56c97f4c7-rflgm   4m    36Mi   
websocket-server-56c97f4c7-tdft8   1m    27Mi   
websocket-server-56c97f4c7-wh8r9   7m    36Mi   
websocket-server-56c97f4c7-x7pkh   1m    27Mi   
websocket-server-56c97f4c7-xtqxd   2m    28Mi   
1777395652
websocket-server-56c97f4c7-4kmcv   7m    34Mi   
websocket-server-56c97f4c7-59d6l   7m    39Mi   
websocket-server-56c97f4c7-fkf5j   7m    52Mi   
websocket-server-56c97f4c7-jzghv   6m    54Mi   
websocket-server-56c97f4c7-kmw66   1m    28Mi   
websocket-server-56c97f4c7-rflgm   4m    36Mi   
websocket-server-56c97f4c7-tdft8   1m    27Mi   
websocket-server-56c97f4c7-wh8r9   7m    36Mi   
websocket-server-56c97f4c7-x7pkh   1m    27Mi   
websocket-server-56c97f4c7-xtqxd   2m    28Mi   
1777395657
websocket-server-56c97f4c7-4kmcv   7m    34Mi   
websocket-server-56c97f4c7-59d6l   7m    39Mi   
websocket-server-56c97f4c7-fkf5j   7m    52Mi   
websocket-server-56c97f4c7-jzghv   6m    54Mi   
websocket-server-56c97f4c7-kmw66   1m    28Mi   
websocket-server-56c97f4c7-rflgm   4m    36Mi   
websocket-server-56c97f4c7-tdft8   1m    27Mi   
websocket-server-56c97f4c7-wh8r9   7m    36Mi   
websocket-server-56c97f4c7-x7pkh   1m    27Mi   
websocket-server-56c97f4c7-xtqxd   2m    28Mi   
1777395663
websocket-server-56c97f4c7-4kmcv   2m    34Mi   
websocket-server-56c97f4c7-59d6l   2m    39Mi   
websocket-server-56c97f4c7-fkf5j   2m    53Mi   
websocket-server-56c97f4c7-jzghv   2m    54Mi   
websocket-server-56c97f4c7-kmw66   1m    28Mi   
websocket-server-56c97f4c7-rflgm   4m    36Mi   
websocket-server-56c97f4c7-tdft8   1m    27Mi   
websocket-server-56c97f4c7-wh8r9   3m    36Mi   
websocket-server-56c97f4c7-x7pkh   1m    27Mi   
websocket-server-56c97f4c7-xtqxd   1m    28Mi   
1777395668
websocket-server-56c97f4c7-4kmcv   2m    34Mi   
websocket-server-56c97f4c7-59d6l   2m    39Mi   
websocket-server-56c97f4c7-fkf5j   2m    53Mi   
websocket-server-56c97f4c7-jzghv   2m    54Mi   
websocket-server-56c97f4c7-kmw66   1m    28Mi   
websocket-server-56c97f4c7-rflgm   4m    36Mi   
websocket-server-56c97f4c7-tdft8   1m    27Mi   
websocket-server-56c97f4c7-wh8r9   3m    36Mi   
websocket-server-56c97f4c7-x7pkh   1m    27Mi   
websocket-server-56c97f4c7-xtqxd   1m    28Mi   
1777395673
websocket-server-56c97f4c7-4kmcv   2m    34Mi   
websocket-server-56c97f4c7-59d6l   2m    39Mi   
websocket-server-56c97f4c7-fkf5j   2m    53Mi   
websocket-server-56c97f4c7-jzghv   2m    54Mi   
websocket-server-56c97f4c7-kmw66   1m    28Mi   
websocket-server-56c97f4c7-rflgm   3m    36Mi   
websocket-server-56c97f4c7-tdft8   1m    27Mi   
websocket-server-56c97f4c7-wh8r9   3m    36Mi   
websocket-server-56c97f4c7-x7pkh   1m    27Mi   
websocket-server-56c97f4c7-xtqxd   1m    28Mi   
1777395678
websocket-server-56c97f4c7-4kmcv   2m    34Mi   
websocket-server-56c97f4c7-59d6l   2m    39Mi   
websocket-server-56c97f4c7-fkf5j   2m    53Mi   
websocket-server-56c97f4c7-jzghv   2m    54Mi   
websocket-server-56c97f4c7-kmw66   1m    28Mi   
websocket-server-56c97f4c7-rflgm   3m    36Mi   
websocket-server-56c97f4c7-tdft8   1m    27Mi   
websocket-server-56c97f4c7-wh8r9   3m    36Mi   
websocket-server-56c97f4c7-x7pkh   1m    27Mi   
websocket-server-56c97f4c7-xtqxd   1m    28Mi   
1777395683
websocket-server-56c97f4c7-4kmcv   2m    34Mi   
websocket-server-56c97f4c7-59d6l   2m    39Mi   
websocket-server-56c97f4c7-fkf5j   2m    53Mi   
websocket-server-56c97f4c7-jzghv   2m    54Mi   
websocket-server-56c97f4c7-kmw66   1m    28Mi   
websocket-server-56c97f4c7-rflgm   3m    36Mi   
websocket-server-56c97f4c7-tdft8   1m    27Mi   
websocket-server-56c97f4c7-wh8r9   3m    36Mi   
websocket-server-56c97f4c7-x7pkh   1m    27Mi   
websocket-server-56c97f4c7-xtqxd   1m    28Mi   
1777395688
websocket-server-56c97f4c7-4kmcv   2m    34Mi   
websocket-server-56c97f4c7-59d6l   3m    40Mi   
websocket-server-56c97f4c7-fkf5j   2m    53Mi   
websocket-server-56c97f4c7-jzghv   2m    54Mi   
websocket-server-56c97f4c7-kmw66   1m    28Mi   
websocket-server-56c97f4c7-rflgm   3m    36Mi   
websocket-server-56c97f4c7-tdft8   1m    27Mi   
websocket-server-56c97f4c7-wh8r9   3m    36Mi   
websocket-server-56c97f4c7-x7pkh   1m    27Mi   
websocket-server-56c97f4c7-xtqxd   1m    28Mi   
1777395693
websocket-server-56c97f4c7-4kmcv   2m    34Mi   
websocket-server-56c97f4c7-59d6l   3m    40Mi   
websocket-server-56c97f4c7-fkf5j   2m    53Mi   
websocket-server-56c97f4c7-jzghv   2m    54Mi   
websocket-server-56c97f4c7-kmw66   1m    28Mi   
websocket-server-56c97f4c7-rflgm   3m    36Mi   
websocket-server-56c97f4c7-tdft8   1m    27Mi   
websocket-server-56c97f4c7-wh8r9   3m    36Mi   
websocket-server-56c97f4c7-x7pkh   1m    27Mi   
websocket-server-56c97f4c7-xtqxd   1m    28Mi   
1777395698
websocket-server-56c97f4c7-4kmcv   2m    34Mi   
websocket-server-56c97f4c7-59d6l   3m    40Mi   
websocket-server-56c97f4c7-fkf5j   2m    53Mi   
websocket-server-56c97f4c7-jzghv   2m    54Mi   
websocket-server-56c97f4c7-kmw66   1m    28Mi   
websocket-server-56c97f4c7-rflgm   3m    36Mi   
websocket-server-56c97f4c7-tdft8   1m    27Mi   
websocket-server-56c97f4c7-wh8r9   3m    36Mi   
websocket-server-56c97f4c7-x7pkh   1m    27Mi   
websocket-server-56c97f4c7-xtqxd   1m    28Mi   
1777395703
websocket-server-56c97f4c7-4kmcv   2m    34Mi   
websocket-server-56c97f4c7-59d6l   5m    39Mi   
websocket-server-56c97f4c7-fkf5j   3m    52Mi   
websocket-server-56c97f4c7-jzghv   2m    54Mi   
websocket-server-56c97f4c7-kmw66   1m    28Mi   
websocket-server-56c97f4c7-rflgm   5m    36Mi   
websocket-server-56c97f4c7-tdft8   1m    27Mi   
websocket-server-56c97f4c7-wh8r9   7m    36Mi   
websocket-server-56c97f4c7-x7pkh   1m    27Mi   
websocket-server-56c97f4c7-xtqxd   1m    28Mi   
1777395708
websocket-server-56c97f4c7-4kmcv   2m    34Mi   
websocket-server-56c97f4c7-59d6l   5m    39Mi   
websocket-server-56c97f4c7-fkf5j   3m    52Mi   
websocket-server-56c97f4c7-jzghv   2m    54Mi   
websocket-server-56c97f4c7-kmw66   1m    28Mi   
websocket-server-56c97f4c7-rflgm   5m    36Mi   
websocket-server-56c97f4c7-tdft8   1m    27Mi   
websocket-server-56c97f4c7-wh8r9   7m    36Mi   
websocket-server-56c97f4c7-x7pkh   1m    27Mi   
websocket-server-56c97f4c7-xtqxd   1m    28Mi   
1777395713
websocket-server-56c97f4c7-4kmcv   2m    34Mi   
websocket-server-56c97f4c7-59d6l   5m    39Mi   
websocket-server-56c97f4c7-fkf5j   3m    52Mi   
websocket-server-56c97f4c7-jzghv   2m    54Mi   
websocket-server-56c97f4c7-kmw66   1m    28Mi   
websocket-server-56c97f4c7-rflgm   5m    36Mi   
websocket-server-56c97f4c7-tdft8   1m    27Mi   
websocket-server-56c97f4c7-wh8r9   7m    36Mi   
websocket-server-56c97f4c7-x7pkh   1m    27Mi   
websocket-server-56c97f4c7-xtqxd   1m    28Mi   
1777395718
websocket-server-56c97f4c7-4kmcv   4m    34Mi   
websocket-server-56c97f4c7-59d6l   1m    39Mi   
websocket-server-56c97f4c7-fkf5j   4m    52Mi   
websocket-server-56c97f4c7-jzghv   3m    53Mi   
websocket-server-56c97f4c7-kmw66   2m    28Mi   
websocket-server-56c97f4c7-rflgm   0m    36Mi   
websocket-server-56c97f4c7-tdft8   1m    27Mi   
websocket-server-56c97f4c7-wh8r9   1m    36Mi   
websocket-server-56c97f4c7-x7pkh   1m    27Mi   
websocket-server-56c97f4c7-xtqxd   1m    28Mi   
1777395723
websocket-server-56c97f4c7-4kmcv   4m    34Mi   
websocket-server-56c97f4c7-59d6l   1m    39Mi   
websocket-server-56c97f4c7-fkf5j   4m    52Mi   
websocket-server-56c97f4c7-jzghv   3m    53Mi   
websocket-server-56c97f4c7-kmw66   2m    28Mi   
websocket-server-56c97f4c7-rflgm   0m    36Mi   
websocket-server-56c97f4c7-tdft8   1m    27Mi   
websocket-server-56c97f4c7-wh8r9   1m    36Mi   
websocket-server-56c97f4c7-x7pkh   1m    27Mi   
websocket-server-56c97f4c7-xtqxd   1m    28Mi   
1777395728
websocket-server-56c97f4c7-4kmcv   4m    34Mi   
websocket-server-56c97f4c7-59d6l   1m    39Mi   
websocket-server-56c97f4c7-fkf5j   4m    52Mi   
websocket-server-56c97f4c7-jzghv   3m    53Mi   
websocket-server-56c97f4c7-kmw66   2m    28Mi   
websocket-server-56c97f4c7-rflgm   0m    36Mi   
websocket-server-56c97f4c7-tdft8   1m    27Mi   
websocket-server-56c97f4c7-wh8r9   1m    36Mi   
websocket-server-56c97f4c7-x7pkh   1m    27Mi   
websocket-server-56c97f4c7-xtqxd   1m    28Mi   
1777395733
websocket-server-56c97f4c7-4kmcv   1m    34Mi   
websocket-server-56c97f4c7-59d6l   1m    39Mi   
websocket-server-56c97f4c7-fkf5j   1m    52Mi   
websocket-server-56c97f4c7-jzghv   1m    53Mi   
websocket-server-56c97f4c7-kmw66   1m    28Mi   
websocket-server-56c97f4c7-rflgm   1m    36Mi   
websocket-server-56c97f4c7-tdft8   1m    27Mi   
websocket-server-56c97f4c7-wh8r9   1m    36Mi   
websocket-server-56c97f4c7-x7pkh   1m    27Mi   
websocket-server-56c97f4c7-xtqxd   1m    28Mi   
1777395738
websocket-server-56c97f4c7-4kmcv   1m    34Mi   
websocket-server-56c97f4c7-59d6l   1m    39Mi   
websocket-server-56c97f4c7-fkf5j   1m    52Mi   
websocket-server-56c97f4c7-jzghv   1m    53Mi   
websocket-server-56c97f4c7-kmw66   1m    28Mi   
websocket-server-56c97f4c7-rflgm   1m    36Mi   
websocket-server-56c97f4c7-tdft8   1m    27Mi   
websocket-server-56c97f4c7-wh8r9   1m    36Mi   
websocket-server-56c97f4c7-x7pkh   1m    27Mi   
websocket-server-56c97f4c7-xtqxd   1m    28Mi   
1777395743
websocket-server-56c97f4c7-4kmcv   1m    34Mi   
websocket-server-56c97f4c7-59d6l   1m    39Mi   
websocket-server-56c97f4c7-fkf5j   1m    52Mi   
websocket-server-56c97f4c7-jzghv   1m    53Mi   
websocket-server-56c97f4c7-kmw66   1m    28Mi   
websocket-server-56c97f4c7-rflgm   1m    36Mi   
websocket-server-56c97f4c7-tdft8   1m    27Mi   
websocket-server-56c97f4c7-wh8r9   1m    36Mi   
websocket-server-56c97f4c7-x7pkh   1m    27Mi   
websocket-server-56c97f4c7-xtqxd   1m    28Mi   
1777395748
websocket-server-56c97f4c7-4kmcv   1m    34Mi   
websocket-server-56c97f4c7-59d6l   1m    39Mi   
websocket-server-56c97f4c7-fkf5j   1m    52Mi   
websocket-server-56c97f4c7-jzghv   1m    53Mi   
websocket-server-56c97f4c7-kmw66   1m    28Mi   
websocket-server-56c97f4c7-rflgm   1m    36Mi   
websocket-server-56c97f4c7-tdft8   1m    27Mi   
websocket-server-56c97f4c7-wh8r9   1m    36Mi   
websocket-server-56c97f4c7-x7pkh   1m    27Mi   
websocket-server-56c97f4c7-xtqxd   1m    28Mi   
1777395753
websocket-server-56c97f4c7-4kmcv   1m    34Mi   
websocket-server-56c97f4c7-59d6l   1m    39Mi   
websocket-server-56c97f4c7-fkf5j   1m    52Mi   
websocket-server-56c97f4c7-jzghv   1m    53Mi   
websocket-server-56c97f4c7-kmw66   1m    28Mi   
websocket-server-56c97f4c7-rflgm   1m    36Mi   
websocket-server-56c97f4c7-tdft8   1m    27Mi   
websocket-server-56c97f4c7-wh8r9   1m    36Mi   
websocket-server-56c97f4c7-x7pkh   1m    27Mi   
websocket-server-56c97f4c7-xtqxd   1m    28Mi   
1777395758
websocket-server-56c97f4c7-4kmcv   1m    34Mi   
websocket-server-56c97f4c7-59d6l   1m    39Mi   
websocket-server-56c97f4c7-fkf5j   1m    52Mi   
websocket-server-56c97f4c7-jzghv   1m    53Mi   
websocket-server-56c97f4c7-kmw66   1m    28Mi   
websocket-server-56c97f4c7-rflgm   1m    36Mi   
websocket-server-56c97f4c7-tdft8   1m    27Mi   
websocket-server-56c97f4c7-wh8r9   1m    36Mi   
websocket-server-56c97f4c7-x7pkh   1m    27Mi   
websocket-server-56c97f4c7-xtqxd   1m    28Mi   
1777395764
websocket-server-56c97f4c7-4kmcv   1m    34Mi   
websocket-server-56c97f4c7-59d6l   1m    39Mi   
websocket-server-56c97f4c7-fkf5j   1m    52Mi   
websocket-server-56c97f4c7-jzghv   1m    53Mi   
websocket-server-56c97f4c7-kmw66   1m    28Mi   
websocket-server-56c97f4c7-rflgm   1m    36Mi   
websocket-server-56c97f4c7-tdft8   1m    27Mi   
websocket-server-56c97f4c7-wh8r9   1m    36Mi   
websocket-server-56c97f4c7-x7pkh   0m    27Mi   
websocket-server-56c97f4c7-xtqxd   1m    28Mi   
1777395769
websocket-server-56c97f4c7-4kmcv   1m    34Mi   
websocket-server-56c97f4c7-59d6l   1m    39Mi   
websocket-server-56c97f4c7-fkf5j   1m    52Mi   
websocket-server-56c97f4c7-jzghv   1m    53Mi   
websocket-server-56c97f4c7-kmw66   1m    28Mi   
websocket-server-56c97f4c7-rflgm   1m    36Mi   
websocket-server-56c97f4c7-tdft8   1m    27Mi   
websocket-server-56c97f4c7-wh8r9   1m    36Mi   
websocket-server-56c97f4c7-x7pkh   0m    27Mi   
websocket-server-56c97f4c7-xtqxd   1m    28Mi   
1777395774
websocket-server-56c97f4c7-4kmcv   1m    34Mi   
websocket-server-56c97f4c7-59d6l   1m    39Mi   
websocket-server-56c97f4c7-fkf5j   1m    52Mi   
websocket-server-56c97f4c7-jzghv   1m    53Mi   
websocket-server-56c97f4c7-kmw66   1m    28Mi   
websocket-server-56c97f4c7-rflgm   1m    36Mi   
websocket-server-56c97f4c7-wh8r9   1m    36Mi   
websocket-server-56c97f4c7-x7pkh   0m    27Mi   
websocket-server-56c97f4c7-xtqxd   1m    28Mi   
1777395779
websocket-server-56c97f4c7-4kmcv   1m    34Mi   
websocket-server-56c97f4c7-59d6l   1m    39Mi   
websocket-server-56c97f4c7-fkf5j   1m    52Mi   
websocket-server-56c97f4c7-jzghv   1m    53Mi   
websocket-server-56c97f4c7-kmw66   1m    28Mi   
websocket-server-56c97f4c7-rflgm   1m    36Mi   
websocket-server-56c97f4c7-wh8r9   1m    36Mi   
websocket-server-56c97f4c7-xtqxd   1m    28Mi   
1777395784
websocket-server-56c97f4c7-4kmcv   1m    34Mi   
websocket-server-56c97f4c7-59d6l   1m    39Mi   
websocket-server-56c97f4c7-fkf5j   1m    52Mi   
websocket-server-56c97f4c7-jzghv   1m    53Mi   
websocket-server-56c97f4c7-kmw66   1m    28Mi   
websocket-server-56c97f4c7-rflgm   1m    36Mi   
websocket-server-56c97f4c7-wh8r9   1m    36Mi   
websocket-server-56c97f4c7-xtqxd   1m    28Mi   
1777395789
websocket-server-56c97f4c7-4kmcv   1m    34Mi   
websocket-server-56c97f4c7-59d6l   1m    39Mi   
websocket-server-56c97f4c7-fkf5j   1m    52Mi   
websocket-server-56c97f4c7-jzghv   1m    53Mi   
websocket-server-56c97f4c7-kmw66   1m    28Mi   
websocket-server-56c97f4c7-rflgm   1m    36Mi   
websocket-server-56c97f4c7-wh8r9   1m    36Mi   
websocket-server-56c97f4c7-xtqxd   1m    28Mi   
1777395794
websocket-server-56c97f4c7-4kmcv   1m    34Mi   
websocket-server-56c97f4c7-59d6l   1m    39Mi   
websocket-server-56c97f4c7-fkf5j   0m    52Mi   
websocket-server-56c97f4c7-jzghv   1m    53Mi   
websocket-server-56c97f4c7-kmw66   1m    28Mi   
websocket-server-56c97f4c7-rflgm   1m    36Mi   
websocket-server-56c97f4c7-wh8r9   1m    36Mi   
websocket-server-56c97f4c7-xtqxd   1m    28Mi   
1777395799
websocket-server-56c97f4c7-4kmcv   1m    34Mi   
websocket-server-56c97f4c7-59d6l   1m    39Mi   
websocket-server-56c97f4c7-fkf5j   0m    52Mi   
websocket-server-56c97f4c7-jzghv   1m    53Mi   
websocket-server-56c97f4c7-kmw66   1m    28Mi   
websocket-server-56c97f4c7-rflgm   1m    36Mi   
websocket-server-56c97f4c7-wh8r9   1m    36Mi   
websocket-server-56c97f4c7-xtqxd   1m    28Mi   
1777395804
websocket-server-56c97f4c7-4kmcv   1m    34Mi   
websocket-server-56c97f4c7-59d6l   1m    39Mi   
websocket-server-56c97f4c7-fkf5j   0m    52Mi   
websocket-server-56c97f4c7-jzghv   1m    53Mi   
websocket-server-56c97f4c7-kmw66   1m    28Mi   
websocket-server-56c97f4c7-rflgm   1m    36Mi   
websocket-server-56c97f4c7-wh8r9   1m    36Mi   
websocket-server-56c97f4c7-xtqxd   1m    28Mi   
1777395809
websocket-server-56c97f4c7-4kmcv   1m    34Mi   
websocket-server-56c97f4c7-59d6l   0m    39Mi   
websocket-server-56c97f4c7-fkf5j   1m    52Mi   
websocket-server-56c97f4c7-jzghv   0m    53Mi   
websocket-server-56c97f4c7-kmw66   1m    28Mi   
websocket-server-56c97f4c7-rflgm   1m    36Mi   
websocket-server-56c97f4c7-wh8r9   1m    36Mi   
websocket-server-56c97f4c7-xtqxd   0m    28Mi   
1777395814
websocket-server-56c97f4c7-4kmcv   1m    34Mi   
websocket-server-56c97f4c7-59d6l   0m    39Mi   
websocket-server-56c97f4c7-fkf5j   1m    52Mi   
websocket-server-56c97f4c7-jzghv   0m    53Mi   
websocket-server-56c97f4c7-kmw66   1m    28Mi   
websocket-server-56c97f4c7-rflgm   1m    36Mi   
websocket-server-56c97f4c7-wh8r9   1m    36Mi   
websocket-server-56c97f4c7-xtqxd   0m    28Mi   
1777395819
websocket-server-56c97f4c7-4kmcv   1m    34Mi   
websocket-server-56c97f4c7-59d6l   0m    39Mi   
websocket-server-56c97f4c7-fkf5j   1m    52Mi   
websocket-server-56c97f4c7-jzghv   0m    53Mi   
websocket-server-56c97f4c7-kmw66   1m    28Mi   
websocket-server-56c97f4c7-rflgm   1m    36Mi   
websocket-server-56c97f4c7-wh8r9   1m    36Mi   
websocket-server-56c97f4c7-xtqxd   0m    28Mi   
1777395824
websocket-server-56c97f4c7-4kmcv   1m    34Mi   
websocket-server-56c97f4c7-59d6l   1m    39Mi   
websocket-server-56c97f4c7-fkf5j   1m    52Mi   
websocket-server-56c97f4c7-jzghv   0m    53Mi   
websocket-server-56c97f4c7-kmw66   1m    28Mi   
websocket-server-56c97f4c7-rflgm   1m    36Mi   
websocket-server-56c97f4c7-wh8r9   1m    36Mi   
websocket-server-56c97f4c7-xtqxd   1m    28Mi   
1777395829
websocket-server-56c97f4c7-4kmcv   1m    34Mi   
websocket-server-56c97f4c7-59d6l   1m    39Mi   
websocket-server-56c97f4c7-fkf5j   1m    52Mi   
websocket-server-56c97f4c7-jzghv   0m    53Mi   
websocket-server-56c97f4c7-kmw66   1m    28Mi   
websocket-server-56c97f4c7-rflgm   1m    36Mi   
websocket-server-56c97f4c7-wh8r9   1m    36Mi   
websocket-server-56c97f4c7-xtqxd   1m    28Mi   
1777395834
websocket-server-56c97f4c7-4kmcv   1m    34Mi   
websocket-server-56c97f4c7-59d6l   1m    39Mi   
websocket-server-56c97f4c7-fkf5j   1m    52Mi   
websocket-server-56c97f4c7-jzghv   0m    53Mi   
websocket-server-56c97f4c7-kmw66   1m    28Mi   
websocket-server-56c97f4c7-rflgm   1m    36Mi   
websocket-server-56c97f4c7-wh8r9   1m    36Mi   
websocket-server-56c97f4c7-xtqxd   1m    28Mi   
1777395839
websocket-server-56c97f4c7-4kmcv   1m    34Mi   
websocket-server-56c97f4c7-59d6l   0m    39Mi   
websocket-server-56c97f4c7-fkf5j   1m    52Mi   
websocket-server-56c97f4c7-jzghv   1m    53Mi   
websocket-server-56c97f4c7-kmw66   1m    28Mi   
websocket-server-56c97f4c7-rflgm   1m    36Mi   
websocket-server-56c97f4c7-wh8r9   1m    36Mi   
websocket-server-56c97f4c7-xtqxd   1m    28Mi   
1777395844
websocket-server-56c97f4c7-4kmcv   1m    34Mi   
websocket-server-56c97f4c7-59d6l   0m    39Mi   
websocket-server-56c97f4c7-fkf5j   1m    52Mi   
websocket-server-56c97f4c7-jzghv   1m    53Mi   
websocket-server-56c97f4c7-rflgm   1m    36Mi   
websocket-server-56c97f4c7-wh8r9   1m    36Mi   
1777395849
websocket-server-56c97f4c7-fkf5j   1m    52Mi   
websocket-server-56c97f4c7-jzghv   1m    53Mi   
websocket-server-56c97f4c7-rflgm   1m    36Mi   
websocket-server-56c97f4c7-wh8r9   1m    36Mi   
1777395854
websocket-server-56c97f4c7-fkf5j   0m    52Mi   
websocket-server-56c97f4c7-jzghv   1m    53Mi   
