1781210645
websocket-server-8585946c55-tt7g5   1m    28Mi   
websocket-server-8585946c55-v925p   1m    27Mi   
1781210650
websocket-server-8585946c55-tt7g5   1m    27Mi   
websocket-server-8585946c55-v925p   1m    27Mi   
1781210655
websocket-server-8585946c55-tt7g5   1m    27Mi   
websocket-server-8585946c55-v925p   1m    27Mi   
1781210660
websocket-server-8585946c55-tt7g5   1m    27Mi   
websocket-server-8585946c55-v925p   1m    27Mi   
1781210665
websocket-server-8585946c55-tt7g5   1m    27Mi   
websocket-server-8585946c55-v925p   1m    27Mi   
1781210670
websocket-server-8585946c55-tt7g5   1m    27Mi   
websocket-server-8585946c55-v925p   1m    27Mi   
1781210675
websocket-server-8585946c55-tt7g5   1m    27Mi   
websocket-server-8585946c55-v925p   1m    27Mi   
1781210680
websocket-server-8585946c55-tt7g5   15m   31Mi   
websocket-server-8585946c55-v925p   18m   30Mi   
1781210685
websocket-server-8585946c55-tt7g5   15m   31Mi   
websocket-server-8585946c55-v925p   18m   30Mi   
1781210690
websocket-server-8585946c55-tt7g5   15m   31Mi   
websocket-server-8585946c55-v925p   18m   30Mi   
1781210696
websocket-server-8585946c55-tt7g5   15m   31Mi   
websocket-server-8585946c55-v925p   60m   35Mi   
1781210701
websocket-server-8585946c55-tt7g5   15m   31Mi   
websocket-server-8585946c55-v925p   60m   35Mi   
1781210706
websocket-server-8585946c55-tt7g5   15m   31Mi   
websocket-server-8585946c55-v925p   60m   35Mi   
1781210711
websocket-server-8585946c55-tt7g5   70m   36Mi   
websocket-server-8585946c55-v925p   60m   35Mi   
1781210716
websocket-server-8585946c55-tt7g5   70m   36Mi   
websocket-server-8585946c55-v925p   60m   35Mi   
1781210721
websocket-server-8585946c55-tt7g5   70m   36Mi   
websocket-server-8585946c55-v925p   60m   35Mi   
1781210726
websocket-server-8585946c55-tt7g5   110m   40Mi   
websocket-server-8585946c55-v925p   107m   40Mi   
1781210731
websocket-server-8585946c55-tt7g5   110m   40Mi   
websocket-server-8585946c55-v925p   107m   40Mi   
1781210736
websocket-server-8585946c55-tt7g5   110m   40Mi   
websocket-server-8585946c55-v925p   107m   40Mi   
1781210741
websocket-server-8585946c55-tt7g5   145m   44Mi   
websocket-server-8585946c55-v925p   156m   46Mi   
1781210746
websocket-server-8585946c55-tt7g5   145m   44Mi   
websocket-server-8585946c55-v925p   156m   46Mi   
1781210751
websocket-server-8585946c55-tt7g5   145m   44Mi   
websocket-server-8585946c55-v925p   156m   46Mi   
1781210756
websocket-server-8585946c55-gxfvk   26m    28Mi   
websocket-server-8585946c55-tp5m9   28m    28Mi   
websocket-server-8585946c55-tt7g5   172m   47Mi   
websocket-server-8585946c55-v925p   185m   48Mi   
1781210761
websocket-server-8585946c55-gxfvk   26m    28Mi   
websocket-server-8585946c55-tp5m9   28m    28Mi   
websocket-server-8585946c55-tt7g5   172m   47Mi   
websocket-server-8585946c55-v925p   185m   48Mi   
1781210766
websocket-server-8585946c55-gxfvk   26m    28Mi   
websocket-server-8585946c55-tp5m9   28m    28Mi   
websocket-server-8585946c55-tt7g5   172m   47Mi   
websocket-server-8585946c55-v925p   185m   48Mi   
1781210771
websocket-server-8585946c55-9nzg6   21m    28Mi   
websocket-server-8585946c55-gxfvk   25m    29Mi   
websocket-server-8585946c55-tp5m9   20m    29Mi   
websocket-server-8585946c55-tt7g5   185m   47Mi   
websocket-server-8585946c55-v925p   203m   49Mi   
1781210776
websocket-server-8585946c55-9nzg6   21m    28Mi   
websocket-server-8585946c55-gxfvk   25m    29Mi   
websocket-server-8585946c55-tp5m9   20m    29Mi   
websocket-server-8585946c55-tt7g5   185m   47Mi   
websocket-server-8585946c55-v925p   203m   49Mi   
1781210781
websocket-server-8585946c55-9nzg6   21m    28Mi   
websocket-server-8585946c55-gxfvk   25m    29Mi   
websocket-server-8585946c55-tp5m9   20m    29Mi   
websocket-server-8585946c55-tt7g5   185m   47Mi   
websocket-server-8585946c55-v925p   203m   49Mi   
1781210786
websocket-server-8585946c55-9nzg6   4m     28Mi   
websocket-server-8585946c55-clt9d   1m     27Mi   
websocket-server-8585946c55-gxfvk   24m    29Mi   
websocket-server-8585946c55-tp5m9   20m    29Mi   
websocket-server-8585946c55-tt7g5   180m   47Mi   
websocket-server-8585946c55-v925p   203m   49Mi   
1781210791
websocket-server-8585946c55-9nzg6   4m     28Mi   
websocket-server-8585946c55-clt9d   1m     27Mi   
websocket-server-8585946c55-gxfvk   24m    29Mi   
websocket-server-8585946c55-tp5m9   20m    29Mi   
websocket-server-8585946c55-tt7g5   180m   47Mi   
websocket-server-8585946c55-v925p   203m   49Mi   
1781210796
websocket-server-8585946c55-9nzg6   4m     28Mi   
websocket-server-8585946c55-clt9d   1m     27Mi   
websocket-server-8585946c55-gxfvk   24m    29Mi   
websocket-server-8585946c55-tp5m9   20m    29Mi   
websocket-server-8585946c55-tt7g5   180m   47Mi   
websocket-server-8585946c55-v925p   203m   49Mi   
1781210801
websocket-server-8585946c55-9nzg6   2m    28Mi   
websocket-server-8585946c55-clt9d   1m    27Mi   
websocket-server-8585946c55-dqhrk   1m    27Mi   
websocket-server-8585946c55-gxfvk   13m   29Mi   
websocket-server-8585946c55-nf77d   1m    27Mi   
websocket-server-8585946c55-tp5m9   13m   29Mi   
websocket-server-8585946c55-tt7g5   5m    47Mi   
websocket-server-8585946c55-v925p   37m   49Mi   
1781210807
websocket-server-8585946c55-9nzg6   2m    28Mi   
websocket-server-8585946c55-clt9d   1m    27Mi   
websocket-server-8585946c55-dqhrk   1m    27Mi   
websocket-server-8585946c55-gxfvk   13m   29Mi   
websocket-server-8585946c55-nf77d   1m    27Mi   
websocket-server-8585946c55-tp5m9   13m   29Mi   
websocket-server-8585946c55-tt7g5   5m    47Mi   
websocket-server-8585946c55-v925p   37m   49Mi   
1781210812
websocket-server-8585946c55-9nzg6   2m    28Mi   
websocket-server-8585946c55-clt9d   1m    27Mi   
websocket-server-8585946c55-dqhrk   1m    27Mi   
websocket-server-8585946c55-gxfvk   13m   29Mi   
websocket-server-8585946c55-nf77d   1m    27Mi   
websocket-server-8585946c55-tp5m9   13m   29Mi   
websocket-server-8585946c55-tt7g5   5m    47Mi   
websocket-server-8585946c55-v925p   37m   49Mi   
1781210817
websocket-server-8585946c55-9nzg6   1m    28Mi   
websocket-server-8585946c55-clt9d   1m    27Mi   
websocket-server-8585946c55-dqhrk   0m    27Mi   
websocket-server-8585946c55-gxfvk   1m    29Mi   
websocket-server-8585946c55-nf77d   1m    27Mi   
websocket-server-8585946c55-tp5m9   1m    29Mi   
websocket-server-8585946c55-tt7g5   5m    48Mi   
websocket-server-8585946c55-v925p   6m    49Mi   
1781210822
websocket-server-8585946c55-9nzg6   1m    28Mi   
websocket-server-8585946c55-clt9d   1m    27Mi   
websocket-server-8585946c55-dqhrk   0m    27Mi   
websocket-server-8585946c55-gxfvk   1m    29Mi   
websocket-server-8585946c55-nf77d   1m    27Mi   
websocket-server-8585946c55-tp5m9   1m    29Mi   
websocket-server-8585946c55-tt7g5   5m    48Mi   
websocket-server-8585946c55-v925p   6m    49Mi   
1781210827
websocket-server-8585946c55-9nzg6   1m    28Mi   
websocket-server-8585946c55-clt9d   1m    27Mi   
websocket-server-8585946c55-dqhrk   0m    27Mi   
websocket-server-8585946c55-gxfvk   1m    29Mi   
websocket-server-8585946c55-nf77d   1m    27Mi   
websocket-server-8585946c55-tp5m9   1m    29Mi   
websocket-server-8585946c55-tt7g5   5m    48Mi   
websocket-server-8585946c55-v925p   6m    49Mi   
1781210832
websocket-server-8585946c55-9nzg6   1m    28Mi   
websocket-server-8585946c55-clt9d   1m    27Mi   
websocket-server-8585946c55-dqhrk   0m    27Mi   
websocket-server-8585946c55-gxfvk   1m    29Mi   
websocket-server-8585946c55-nf77d   1m    27Mi   
websocket-server-8585946c55-tp5m9   1m    29Mi   
websocket-server-8585946c55-tt7g5   5m    47Mi   
websocket-server-8585946c55-v925p   6m    49Mi   
1781210837
websocket-server-8585946c55-9nzg6   1m    28Mi   
websocket-server-8585946c55-clt9d   1m    27Mi   
websocket-server-8585946c55-dqhrk   0m    27Mi   
websocket-server-8585946c55-gxfvk   1m    29Mi   
websocket-server-8585946c55-nf77d   1m    27Mi   
websocket-server-8585946c55-tp5m9   1m    29Mi   
websocket-server-8585946c55-tt7g5   5m    47Mi   
websocket-server-8585946c55-v925p   6m    49Mi   
1781210842
websocket-server-8585946c55-9nzg6   1m    28Mi   
websocket-server-8585946c55-clt9d   1m    27Mi   
websocket-server-8585946c55-dqhrk   0m    27Mi   
websocket-server-8585946c55-gxfvk   1m    29Mi   
websocket-server-8585946c55-nf77d   1m    27Mi   
websocket-server-8585946c55-tp5m9   1m    29Mi   
websocket-server-8585946c55-tt7g5   5m    47Mi   
websocket-server-8585946c55-v925p   6m    49Mi   
1781210847
websocket-server-8585946c55-9nzg6   1m    28Mi   
websocket-server-8585946c55-clt9d   1m    27Mi   
websocket-server-8585946c55-dqhrk   1m    27Mi   
websocket-server-8585946c55-gxfvk   1m    29Mi   
websocket-server-8585946c55-nf77d   1m    27Mi   
websocket-server-8585946c55-tp5m9   1m    29Mi   
websocket-server-8585946c55-tt7g5   5m    47Mi   
websocket-server-8585946c55-v925p   6m    49Mi   
1781210852
websocket-server-8585946c55-9nzg6   1m    28Mi   
websocket-server-8585946c55-clt9d   1m    27Mi   
websocket-server-8585946c55-dqhrk   1m    27Mi   
websocket-server-8585946c55-gxfvk   1m    29Mi   
websocket-server-8585946c55-nf77d   1m    27Mi   
websocket-server-8585946c55-tp5m9   1m    29Mi   
websocket-server-8585946c55-tt7g5   5m    47Mi   
websocket-server-8585946c55-v925p   6m    49Mi   
1781210857
websocket-server-8585946c55-9nzg6   1m    28Mi   
websocket-server-8585946c55-clt9d   1m    27Mi   
websocket-server-8585946c55-dqhrk   1m    27Mi   
websocket-server-8585946c55-gxfvk   1m    29Mi   
websocket-server-8585946c55-nf77d   1m    27Mi   
websocket-server-8585946c55-tp5m9   1m    29Mi   
websocket-server-8585946c55-tt7g5   5m    47Mi   
websocket-server-8585946c55-v925p   6m    49Mi   
1781210862
websocket-server-8585946c55-9nzg6   1m    28Mi   
websocket-server-8585946c55-clt9d   1m    27Mi   
websocket-server-8585946c55-dqhrk   1m    27Mi   
websocket-server-8585946c55-gxfvk   1m    29Mi   
websocket-server-8585946c55-nf77d   1m    27Mi   
websocket-server-8585946c55-tp5m9   1m    29Mi   
websocket-server-8585946c55-tt7g5   5m    47Mi   
websocket-server-8585946c55-v925p   5m    49Mi   
1781210867
websocket-server-8585946c55-9nzg6   1m    28Mi   
websocket-server-8585946c55-clt9d   1m    27Mi   
websocket-server-8585946c55-dqhrk   1m    27Mi   
websocket-server-8585946c55-gxfvk   1m    29Mi   
websocket-server-8585946c55-nf77d   1m    27Mi   
websocket-server-8585946c55-tp5m9   1m    29Mi   
websocket-server-8585946c55-tt7g5   5m    47Mi   
websocket-server-8585946c55-v925p   5m    49Mi   
1781210872
websocket-server-8585946c55-9nzg6   1m    28Mi   
websocket-server-8585946c55-clt9d   1m    27Mi   
websocket-server-8585946c55-dqhrk   1m    27Mi   
websocket-server-8585946c55-gxfvk   1m    29Mi   
websocket-server-8585946c55-nf77d   1m    27Mi   
websocket-server-8585946c55-tp5m9   1m    29Mi   
websocket-server-8585946c55-tt7g5   5m    47Mi   
websocket-server-8585946c55-v925p   5m    49Mi   
1781210877
websocket-server-8585946c55-9nzg6   1m    28Mi   
websocket-server-8585946c55-clt9d   1m    27Mi   
websocket-server-8585946c55-dqhrk   1m    27Mi   
websocket-server-8585946c55-gxfvk   1m    29Mi   
websocket-server-8585946c55-nf77d   1m    27Mi   
websocket-server-8585946c55-tp5m9   1m    29Mi   
websocket-server-8585946c55-tt7g5   5m    47Mi   
websocket-server-8585946c55-v925p   5m    49Mi   
1781210882
websocket-server-8585946c55-9nzg6   1m    28Mi   
websocket-server-8585946c55-clt9d   1m    27Mi   
websocket-server-8585946c55-dqhrk   1m    27Mi   
websocket-server-8585946c55-gxfvk   1m    29Mi   
websocket-server-8585946c55-nf77d   1m    27Mi   
websocket-server-8585946c55-tp5m9   1m    29Mi   
websocket-server-8585946c55-tt7g5   5m    47Mi   
websocket-server-8585946c55-v925p   5m    49Mi   
1781210887
websocket-server-8585946c55-9nzg6   1m    28Mi   
websocket-server-8585946c55-clt9d   1m    27Mi   
websocket-server-8585946c55-dqhrk   1m    27Mi   
websocket-server-8585946c55-gxfvk   1m    29Mi   
websocket-server-8585946c55-nf77d   1m    27Mi   
websocket-server-8585946c55-tp5m9   1m    29Mi   
websocket-server-8585946c55-tt7g5   5m    47Mi   
websocket-server-8585946c55-v925p   5m    49Mi   
1781210892
websocket-server-8585946c55-9nzg6   1m    28Mi   
websocket-server-8585946c55-clt9d   1m    27Mi   
websocket-server-8585946c55-dqhrk   1m    27Mi   
websocket-server-8585946c55-gxfvk   1m    29Mi   
websocket-server-8585946c55-nf77d   1m    27Mi   
websocket-server-8585946c55-tp5m9   1m    29Mi   
websocket-server-8585946c55-tt7g5   5m    47Mi   
websocket-server-8585946c55-v925p   5m    49Mi   
1781210897
websocket-server-8585946c55-9nzg6   1m    28Mi   
websocket-server-8585946c55-clt9d   1m    27Mi   
websocket-server-8585946c55-dqhrk   1m    27Mi   
websocket-server-8585946c55-gxfvk   1m    29Mi   
websocket-server-8585946c55-nf77d   1m    27Mi   
websocket-server-8585946c55-tp5m9   1m    29Mi   
websocket-server-8585946c55-tt7g5   5m    47Mi   
websocket-server-8585946c55-v925p   5m    49Mi   
1781210902
websocket-server-8585946c55-9nzg6   1m    28Mi   
websocket-server-8585946c55-clt9d   1m    27Mi   
websocket-server-8585946c55-dqhrk   1m    27Mi   
websocket-server-8585946c55-gxfvk   1m    29Mi   
websocket-server-8585946c55-nf77d   1m    27Mi   
websocket-server-8585946c55-tp5m9   1m    29Mi   
websocket-server-8585946c55-tt7g5   5m    47Mi   
websocket-server-8585946c55-v925p   5m    49Mi   
1781210907
websocket-server-8585946c55-9nzg6   1m    28Mi   
websocket-server-8585946c55-clt9d   1m    27Mi   
websocket-server-8585946c55-dqhrk   1m    27Mi   
websocket-server-8585946c55-gxfvk   1m    29Mi   
websocket-server-8585946c55-nf77d   1m    27Mi   
websocket-server-8585946c55-tp5m9   1m    29Mi   
websocket-server-8585946c55-tt7g5   5m    47Mi   
websocket-server-8585946c55-v925p   5m    49Mi   
1781210912
websocket-server-8585946c55-9nzg6   1m    28Mi   
websocket-server-8585946c55-clt9d   1m    27Mi   
websocket-server-8585946c55-dqhrk   1m    27Mi   
websocket-server-8585946c55-gxfvk   1m    29Mi   
websocket-server-8585946c55-nf77d   1m    27Mi   
websocket-server-8585946c55-tp5m9   1m    29Mi   
websocket-server-8585946c55-tt7g5   5m    47Mi   
websocket-server-8585946c55-v925p   5m    49Mi   
1781210918
websocket-server-8585946c55-9nzg6   1m    28Mi   
websocket-server-8585946c55-clt9d   1m    27Mi   
websocket-server-8585946c55-dqhrk   1m    27Mi   
websocket-server-8585946c55-gxfvk   1m    29Mi   
websocket-server-8585946c55-nf77d   1m    27Mi   
websocket-server-8585946c55-tp5m9   1m    29Mi   
websocket-server-8585946c55-tt7g5   5m    47Mi   
websocket-server-8585946c55-v925p   5m    49Mi   
1781210923
websocket-server-8585946c55-9nzg6   1m    28Mi   
websocket-server-8585946c55-clt9d   1m    27Mi   
websocket-server-8585946c55-dqhrk   1m    27Mi   
websocket-server-8585946c55-gxfvk   1m    29Mi   
websocket-server-8585946c55-nf77d   0m    27Mi   
websocket-server-8585946c55-tp5m9   1m    29Mi   
websocket-server-8585946c55-tt7g5   5m    47Mi   
websocket-server-8585946c55-v925p   6m    49Mi   
1781210928
websocket-server-8585946c55-9nzg6   1m    28Mi   
websocket-server-8585946c55-clt9d   1m    27Mi   
websocket-server-8585946c55-dqhrk   1m    27Mi   
websocket-server-8585946c55-gxfvk   1m    29Mi   
websocket-server-8585946c55-nf77d   0m    27Mi   
websocket-server-8585946c55-tp5m9   1m    29Mi   
websocket-server-8585946c55-tt7g5   5m    47Mi   
websocket-server-8585946c55-v925p   6m    49Mi   
1781210933
websocket-server-8585946c55-9nzg6   1m    28Mi   
websocket-server-8585946c55-clt9d   1m    27Mi   
websocket-server-8585946c55-dqhrk   1m    27Mi   
websocket-server-8585946c55-gxfvk   1m    29Mi   
websocket-server-8585946c55-nf77d   0m    27Mi   
websocket-server-8585946c55-tp5m9   1m    29Mi   
websocket-server-8585946c55-tt7g5   5m    47Mi   
websocket-server-8585946c55-v925p   6m    49Mi   
1781210938
websocket-server-8585946c55-9nzg6   1m    28Mi   
websocket-server-8585946c55-clt9d   1m    27Mi   
websocket-server-8585946c55-dqhrk   1m    27Mi   
websocket-server-8585946c55-gxfvk   1m    29Mi   
websocket-server-8585946c55-nf77d   0m    27Mi   
websocket-server-8585946c55-tp5m9   1m    29Mi   
websocket-server-8585946c55-tt7g5   5m    47Mi   
websocket-server-8585946c55-v925p   5m    49Mi   
1781210943
websocket-server-8585946c55-9nzg6   1m    28Mi   
websocket-server-8585946c55-clt9d   1m    27Mi   
websocket-server-8585946c55-dqhrk   1m    27Mi   
websocket-server-8585946c55-gxfvk   1m    29Mi   
websocket-server-8585946c55-nf77d   0m    27Mi   
websocket-server-8585946c55-tp5m9   1m    29Mi   
websocket-server-8585946c55-tt7g5   5m    47Mi   
websocket-server-8585946c55-v925p   5m    49Mi   
1781210948
websocket-server-8585946c55-9nzg6   1m    28Mi   
websocket-server-8585946c55-gxfvk   1m    29Mi   
websocket-server-8585946c55-tt7g5   5m    47Mi   
websocket-server-8585946c55-v925p   5m    49Mi   
1781210953
websocket-server-8585946c55-9nzg6   1m    28Mi   
websocket-server-8585946c55-gxfvk   1m    29Mi   
websocket-server-8585946c55-tt7g5   5m    47Mi   
websocket-server-8585946c55-v925p   5m    49Mi   
1781210958
websocket-server-8585946c55-9nzg6   1m    28Mi   
websocket-server-8585946c55-gxfvk   1m    29Mi   
websocket-server-8585946c55-tt7g5   5m    47Mi   
websocket-server-8585946c55-v925p   5m    49Mi   
1781210963
websocket-server-8585946c55-9nzg6   1m    28Mi   
websocket-server-8585946c55-gxfvk   1m    29Mi   
websocket-server-8585946c55-tt7g5   5m    47Mi   
websocket-server-8585946c55-v925p   5m    49Mi   
1781210968
websocket-server-8585946c55-9nzg6   1m    28Mi   
websocket-server-8585946c55-gxfvk   1m    29Mi   
websocket-server-8585946c55-tt7g5   5m    47Mi   
websocket-server-8585946c55-v925p   6m    49Mi   
1781210973
websocket-server-8585946c55-9nzg6   1m    28Mi   
websocket-server-8585946c55-gxfvk   1m    29Mi   
websocket-server-8585946c55-tt7g5   5m    47Mi   
websocket-server-8585946c55-v925p   6m    49Mi   
1781210978
websocket-server-8585946c55-9nzg6   1m    28Mi   
websocket-server-8585946c55-gxfvk   1m    29Mi   
websocket-server-8585946c55-tt7g5   5m    47Mi   
websocket-server-8585946c55-v925p   6m    49Mi   
