1781205416
websocket-server-8585946c55-q9ml2   16m   27Mi   
websocket-server-8585946c55-vcm7b   1m    27Mi   
1781205421
websocket-server-8585946c55-q9ml2   1m    27Mi   
websocket-server-8585946c55-vcm7b   1m    27Mi   
1781205426
websocket-server-8585946c55-q9ml2   1m    27Mi   
websocket-server-8585946c55-vcm7b   1m    27Mi   
1781205431
websocket-server-8585946c55-q9ml2   1m    27Mi   
websocket-server-8585946c55-vcm7b   1m    27Mi   
1781205436
websocket-server-8585946c55-q9ml2   1m    27Mi   
websocket-server-8585946c55-vcm7b   1m    27Mi   
1781205442
websocket-server-8585946c55-q9ml2   1m    27Mi   
websocket-server-8585946c55-vcm7b   1m    27Mi   
1781205447
websocket-server-8585946c55-q9ml2   1m    27Mi   
websocket-server-8585946c55-vcm7b   1m    27Mi   
1781205452
websocket-server-8585946c55-q9ml2   6m    28Mi   
websocket-server-8585946c55-vcm7b   16m   30Mi   
1781205457
websocket-server-8585946c55-q9ml2   6m    28Mi   
websocket-server-8585946c55-vcm7b   16m   30Mi   
1781205462
websocket-server-8585946c55-q9ml2   6m    28Mi   
websocket-server-8585946c55-vcm7b   16m   30Mi   
1781205467
websocket-server-8585946c55-q9ml2   40m   32Mi   
websocket-server-8585946c55-vcm7b   63m   35Mi   
1781205472
websocket-server-8585946c55-q9ml2   40m   32Mi   
websocket-server-8585946c55-vcm7b   63m   35Mi   
1781205477
websocket-server-8585946c55-q9ml2   40m   32Mi   
websocket-server-8585946c55-vcm7b   63m   35Mi   
1781205482
websocket-server-8585946c55-q9ml2   77m   36Mi   
websocket-server-8585946c55-vcm7b   99m   39Mi   
1781205487
websocket-server-8585946c55-q9ml2   77m   36Mi   
websocket-server-8585946c55-vcm7b   99m   39Mi   
1781205492
websocket-server-8585946c55-q9ml2   77m   36Mi   
websocket-server-8585946c55-vcm7b   99m   39Mi   
1781205497
websocket-server-8585946c55-q9ml2   118m   41Mi   
websocket-server-8585946c55-vcm7b   133m   42Mi   
1781205502
websocket-server-8585946c55-q9ml2   118m   41Mi   
websocket-server-8585946c55-vcm7b   133m   42Mi   
1781205507
websocket-server-8585946c55-q9ml2   118m   41Mi   
websocket-server-8585946c55-vcm7b   133m   42Mi   
1781205512
websocket-server-8585946c55-q9ml2   149m   43Mi   
websocket-server-8585946c55-vcm7b   153m   45Mi   
websocket-server-8585946c55-w4s6h   29m    28Mi   
1781205517
websocket-server-8585946c55-q9ml2   149m   43Mi   
websocket-server-8585946c55-vcm7b   153m   45Mi   
websocket-server-8585946c55-w4s6h   29m    28Mi   
1781205522
websocket-server-8585946c55-q9ml2   149m   43Mi   
websocket-server-8585946c55-vcm7b   153m   45Mi   
websocket-server-8585946c55-w4s6h   29m    28Mi   
1781205527
websocket-server-8585946c55-mznqg   16m    29Mi   
websocket-server-8585946c55-q9ml2   170m   46Mi   
websocket-server-8585946c55-s2qqx   13m    29Mi   
websocket-server-8585946c55-vcm7b   172m   47Mi   
websocket-server-8585946c55-w4s6h   28m    30Mi   
1781205532
websocket-server-8585946c55-mznqg   16m    29Mi   
websocket-server-8585946c55-q9ml2   170m   46Mi   
websocket-server-8585946c55-s2qqx   13m    29Mi   
websocket-server-8585946c55-vcm7b   172m   47Mi   
websocket-server-8585946c55-w4s6h   28m    30Mi   
1781205538
websocket-server-8585946c55-mznqg   16m    29Mi   
websocket-server-8585946c55-q9ml2   170m   46Mi   
websocket-server-8585946c55-s2qqx   13m    29Mi   
websocket-server-8585946c55-vcm7b   172m   47Mi   
websocket-server-8585946c55-w4s6h   28m    30Mi   
1781205543
websocket-server-8585946c55-mznqg   21m    29Mi   
websocket-server-8585946c55-q9ml2   170m   46Mi   
websocket-server-8585946c55-s2qqx   17m    29Mi   
websocket-server-8585946c55-vcm7b   183m   47Mi   
websocket-server-8585946c55-w4s6h   39m    31Mi   
1781205548
websocket-server-8585946c55-mznqg   21m    29Mi   
websocket-server-8585946c55-q9ml2   170m   46Mi   
websocket-server-8585946c55-s2qqx   17m    29Mi   
websocket-server-8585946c55-vcm7b   183m   47Mi   
websocket-server-8585946c55-w4s6h   39m    31Mi   
1781205553
websocket-server-8585946c55-mznqg   21m    29Mi   
websocket-server-8585946c55-q9ml2   170m   46Mi   
websocket-server-8585946c55-s2qqx   17m    29Mi   
websocket-server-8585946c55-vcm7b   183m   47Mi   
websocket-server-8585946c55-w4s6h   39m    31Mi   
1781205558
websocket-server-8585946c55-5x6s4   17m    27Mi   
websocket-server-8585946c55-mznqg   21m    29Mi   
websocket-server-8585946c55-q9ml2   181m   46Mi   
websocket-server-8585946c55-s2qqx   15m    28Mi   
websocket-server-8585946c55-tjgkp   1m     27Mi   
websocket-server-8585946c55-vcm7b   185m   47Mi   
websocket-server-8585946c55-w4s6h   42m    31Mi   
1781205563
websocket-server-8585946c55-5x6s4   17m    27Mi   
websocket-server-8585946c55-mznqg   21m    29Mi   
websocket-server-8585946c55-q9ml2   181m   46Mi   
websocket-server-8585946c55-s2qqx   15m    28Mi   
websocket-server-8585946c55-tjgkp   1m     27Mi   
websocket-server-8585946c55-vcm7b   185m   47Mi   
websocket-server-8585946c55-w4s6h   42m    31Mi   
1781205568
websocket-server-8585946c55-5x6s4   17m    27Mi   
websocket-server-8585946c55-mznqg   21m    29Mi   
websocket-server-8585946c55-q9ml2   181m   46Mi   
websocket-server-8585946c55-s2qqx   15m    28Mi   
websocket-server-8585946c55-tjgkp   1m     27Mi   
websocket-server-8585946c55-vcm7b   185m   47Mi   
websocket-server-8585946c55-w4s6h   42m    31Mi   
1781205573
websocket-server-8585946c55-5x6s4   1m     27Mi   
websocket-server-8585946c55-mznqg   17m    29Mi   
websocket-server-8585946c55-q9ml2   153m   46Mi   
websocket-server-8585946c55-s2qqx   6m     29Mi   
websocket-server-8585946c55-tjgkp   1m     27Mi   
websocket-server-8585946c55-vcm7b   115m   47Mi   
websocket-server-8585946c55-w4s6h   26m    31Mi   
1781205578
websocket-server-8585946c55-5x6s4   1m     27Mi   
websocket-server-8585946c55-mznqg   17m    29Mi   
websocket-server-8585946c55-q9ml2   153m   46Mi   
websocket-server-8585946c55-s2qqx   6m     29Mi   
websocket-server-8585946c55-tjgkp   1m     27Mi   
websocket-server-8585946c55-vcm7b   115m   47Mi   
websocket-server-8585946c55-w4s6h   26m    31Mi   
1781205583
websocket-server-8585946c55-5x6s4   1m     27Mi   
websocket-server-8585946c55-mznqg   17m    29Mi   
websocket-server-8585946c55-q9ml2   153m   46Mi   
websocket-server-8585946c55-s2qqx   6m     29Mi   
websocket-server-8585946c55-tjgkp   1m     27Mi   
websocket-server-8585946c55-vcm7b   115m   47Mi   
websocket-server-8585946c55-w4s6h   26m    31Mi   
1781205588
websocket-server-8585946c55-5x6s4   1m    27Mi   
websocket-server-8585946c55-mznqg   1m    29Mi   
websocket-server-8585946c55-q9ml2   5m    46Mi   
websocket-server-8585946c55-s2qqx   6m    29Mi   
websocket-server-8585946c55-tjgkp   1m    27Mi   
websocket-server-8585946c55-vcm7b   5m    47Mi   
websocket-server-8585946c55-w4s6h   2m    31Mi   
1781205593
websocket-server-8585946c55-5x6s4   1m    27Mi   
websocket-server-8585946c55-mznqg   1m    29Mi   
websocket-server-8585946c55-q9ml2   5m    46Mi   
websocket-server-8585946c55-s2qqx   6m    29Mi   
websocket-server-8585946c55-tjgkp   1m    27Mi   
websocket-server-8585946c55-vcm7b   5m    47Mi   
websocket-server-8585946c55-w4s6h   2m    31Mi   
1781205598
websocket-server-8585946c55-5x6s4   1m    27Mi   
websocket-server-8585946c55-mznqg   1m    29Mi   
websocket-server-8585946c55-q9ml2   5m    46Mi   
websocket-server-8585946c55-s2qqx   6m    29Mi   
websocket-server-8585946c55-tjgkp   1m    27Mi   
websocket-server-8585946c55-vcm7b   5m    47Mi   
websocket-server-8585946c55-w4s6h   2m    31Mi   
1781205603
websocket-server-8585946c55-5x6s4   1m    27Mi   
websocket-server-8585946c55-mznqg   1m    29Mi   
websocket-server-8585946c55-q9ml2   5m    46Mi   
websocket-server-8585946c55-s2qqx   1m    28Mi   
websocket-server-8585946c55-tjgkp   1m    27Mi   
websocket-server-8585946c55-vcm7b   5m    47Mi   
websocket-server-8585946c55-w4s6h   2m    31Mi   
1781205608
websocket-server-8585946c55-5x6s4   1m    27Mi   
websocket-server-8585946c55-mznqg   1m    29Mi   
websocket-server-8585946c55-q9ml2   5m    46Mi   
websocket-server-8585946c55-s2qqx   1m    28Mi   
websocket-server-8585946c55-tjgkp   1m    27Mi   
websocket-server-8585946c55-vcm7b   5m    47Mi   
websocket-server-8585946c55-w4s6h   2m    31Mi   
1781205613
websocket-server-8585946c55-5x6s4   1m    27Mi   
websocket-server-8585946c55-mznqg   1m    29Mi   
websocket-server-8585946c55-q9ml2   5m    46Mi   
websocket-server-8585946c55-s2qqx   1m    28Mi   
websocket-server-8585946c55-tjgkp   1m    27Mi   
websocket-server-8585946c55-vcm7b   5m    47Mi   
websocket-server-8585946c55-w4s6h   2m    31Mi   
1781205618
websocket-server-8585946c55-5x6s4   1m    27Mi   
websocket-server-8585946c55-mznqg   1m    29Mi   
websocket-server-8585946c55-q9ml2   5m    46Mi   
websocket-server-8585946c55-s2qqx   1m    28Mi   
websocket-server-8585946c55-tjgkp   1m    27Mi   
websocket-server-8585946c55-vcm7b   5m    47Mi   
websocket-server-8585946c55-w4s6h   2m    31Mi   
1781205623
websocket-server-8585946c55-5x6s4   1m    27Mi   
websocket-server-8585946c55-mznqg   1m    29Mi   
websocket-server-8585946c55-q9ml2   5m    46Mi   
websocket-server-8585946c55-s2qqx   1m    28Mi   
websocket-server-8585946c55-tjgkp   1m    27Mi   
websocket-server-8585946c55-vcm7b   5m    47Mi   
websocket-server-8585946c55-w4s6h   2m    31Mi   
1781205628
websocket-server-8585946c55-mznqg   1m    29Mi   
websocket-server-8585946c55-q9ml2   5m    46Mi   
websocket-server-8585946c55-s2qqx   1m    28Mi   
websocket-server-8585946c55-tjgkp   1m    27Mi   
websocket-server-8585946c55-vcm7b   5m    47Mi   
websocket-server-8585946c55-w4s6h   2m    31Mi   
1781205633
websocket-server-8585946c55-mznqg   1m    29Mi   
websocket-server-8585946c55-q9ml2   5m    46Mi   
websocket-server-8585946c55-s2qqx   1m    29Mi   
websocket-server-8585946c55-tjgkp   1m    27Mi   
websocket-server-8585946c55-vcm7b   5m    47Mi   
websocket-server-8585946c55-w4s6h   2m    31Mi   
1781205638
websocket-server-8585946c55-mznqg   1m    29Mi   
websocket-server-8585946c55-q9ml2   5m    46Mi   
websocket-server-8585946c55-s2qqx   1m    29Mi   
websocket-server-8585946c55-tjgkp   1m    27Mi   
websocket-server-8585946c55-vcm7b   5m    47Mi   
websocket-server-8585946c55-w4s6h   2m    31Mi   
1781205644
websocket-server-8585946c55-q9ml2   5m    46Mi   
websocket-server-8585946c55-vcm7b   5m    47Mi   
websocket-server-8585946c55-w4s6h   2m    31Mi   
1781205649
websocket-server-8585946c55-q9ml2   5m    46Mi   
websocket-server-8585946c55-vcm7b   5m    47Mi   
websocket-server-8585946c55-w4s6h   2m    31Mi   
1781205654
websocket-server-8585946c55-q9ml2   5m    46Mi   
websocket-server-8585946c55-vcm7b   5m    47Mi   
websocket-server-8585946c55-w4s6h   2m    31Mi   
1781205659
websocket-server-8585946c55-q9ml2   5m    46Mi   
websocket-server-8585946c55-vcm7b   5m    47Mi   
websocket-server-8585946c55-w4s6h   2m    31Mi   
