1781205416
NAME            REFERENCE                     TARGETS       MINPODS   MAXPODS   REPLICAS   AGE
websocket-hpa   Deployment/websocket-server   cpu: 1%/60%   2         15        2          32s
1781205421
NAME            REFERENCE                     TARGETS       MINPODS   MAXPODS   REPLICAS   AGE
websocket-hpa   Deployment/websocket-server   cpu: 1%/60%   2         15        2          37s
1781205426
NAME            REFERENCE                     TARGETS       MINPODS   MAXPODS   REPLICAS   AGE
websocket-hpa   Deployment/websocket-server   cpu: 1%/60%   2         15        2          42s
1781205431
NAME            REFERENCE                     TARGETS       MINPODS   MAXPODS   REPLICAS   AGE
websocket-hpa   Deployment/websocket-server   cpu: 1%/60%   2         15        2          47s
1781205436
NAME            REFERENCE                     TARGETS       MINPODS   MAXPODS   REPLICAS   AGE
websocket-hpa   Deployment/websocket-server   cpu: 1%/60%   2         15        2          52s
1781205441
NAME            REFERENCE                     TARGETS       MINPODS   MAXPODS   REPLICAS   AGE
websocket-hpa   Deployment/websocket-server   cpu: 1%/60%   2         15        2          58s
1781205447
NAME            REFERENCE                     TARGETS       MINPODS   MAXPODS   REPLICAS   AGE
websocket-hpa   Deployment/websocket-server   cpu: 1%/60%   2         15        2          63s
1781205452
NAME            REFERENCE                     TARGETS       MINPODS   MAXPODS   REPLICAS   AGE
websocket-hpa   Deployment/websocket-server   cpu: 1%/60%   2         15        2          68s
1781205457
NAME            REFERENCE                     TARGETS       MINPODS   MAXPODS   REPLICAS   AGE
websocket-hpa   Deployment/websocket-server   cpu: 1%/60%   2         15        2          73s
1781205462
NAME            REFERENCE                     TARGETS        MINPODS   MAXPODS   REPLICAS   AGE
websocket-hpa   Deployment/websocket-server   cpu: 11%/60%   2         15        2          78s
1781205467
NAME            REFERENCE                     TARGETS        MINPODS   MAXPODS   REPLICAS   AGE
websocket-hpa   Deployment/websocket-server   cpu: 11%/60%   2         15        2          83s
1781205472
NAME            REFERENCE                     TARGETS        MINPODS   MAXPODS   REPLICAS   AGE
websocket-hpa   Deployment/websocket-server   cpu: 11%/60%   2         15        2          88s
1781205477
NAME            REFERENCE                     TARGETS        MINPODS   MAXPODS   REPLICAS   AGE
websocket-hpa   Deployment/websocket-server   cpu: 51%/60%   2         15        2          93s
1781205482
NAME            REFERENCE                     TARGETS        MINPODS   MAXPODS   REPLICAS   AGE
websocket-hpa   Deployment/websocket-server   cpu: 51%/60%   2         15        2          98s
1781205487
NAME            REFERENCE                     TARGETS        MINPODS   MAXPODS   REPLICAS   AGE
websocket-hpa   Deployment/websocket-server   cpu: 51%/60%   2         15        2          103s
1781205492
NAME            REFERENCE                     TARGETS        MINPODS   MAXPODS   REPLICAS   AGE
websocket-hpa   Deployment/websocket-server   cpu: 88%/60%   2         15        2          108s
1781205497
NAME            REFERENCE                     TARGETS        MINPODS   MAXPODS   REPLICAS   AGE
websocket-hpa   Deployment/websocket-server   cpu: 88%/60%   2         15        2          113s
1781205502
NAME            REFERENCE                     TARGETS        MINPODS   MAXPODS   REPLICAS   AGE
websocket-hpa   Deployment/websocket-server   cpu: 88%/60%   2         15        2          118s
1781205507
NAME            REFERENCE                     TARGETS         MINPODS   MAXPODS   REPLICAS   AGE
websocket-hpa   Deployment/websocket-server   cpu: 125%/60%   2         15        3          2m3s
1781205512
NAME            REFERENCE                     TARGETS         MINPODS   MAXPODS   REPLICAS   AGE
websocket-hpa   Deployment/websocket-server   cpu: 125%/60%   2         15        3          2m8s
1781205517
NAME            REFERENCE                     TARGETS         MINPODS   MAXPODS   REPLICAS   AGE
websocket-hpa   Deployment/websocket-server   cpu: 125%/60%   2         15        3          2m13s
1781205522
NAME            REFERENCE                     TARGETS         MINPODS   MAXPODS   REPLICAS   AGE
websocket-hpa   Deployment/websocket-server   cpu: 151%/60%   2         15        5          2m18s
1781205527
NAME            REFERENCE                     TARGETS         MINPODS   MAXPODS   REPLICAS   AGE
websocket-hpa   Deployment/websocket-server   cpu: 151%/60%   2         15        5          2m23s
1781205532
NAME            REFERENCE                     TARGETS         MINPODS   MAXPODS   REPLICAS   AGE
websocket-hpa   Deployment/websocket-server   cpu: 151%/60%   2         15        5          2m28s
1781205537
NAME            REFERENCE                     TARGETS        MINPODS   MAXPODS   REPLICAS   AGE
websocket-hpa   Deployment/websocket-server   cpu: 79%/60%   2         15        5          2m34s
1781205543
NAME            REFERENCE                     TARGETS        MINPODS   MAXPODS   REPLICAS   AGE
websocket-hpa   Deployment/websocket-server   cpu: 79%/60%   2         15        5          2m39s
1781205548
NAME            REFERENCE                     TARGETS        MINPODS   MAXPODS   REPLICAS   AGE
websocket-hpa   Deployment/websocket-server   cpu: 79%/60%   2         15        5          2m44s
1781205553
NAME            REFERENCE                     TARGETS        MINPODS   MAXPODS   REPLICAS   AGE
websocket-hpa   Deployment/websocket-server   cpu: 86%/60%   2         15        7          2m49s
1781205558
NAME            REFERENCE                     TARGETS        MINPODS   MAXPODS   REPLICAS   AGE
websocket-hpa   Deployment/websocket-server   cpu: 86%/60%   2         15        7          2m54s
1781205563
NAME            REFERENCE                     TARGETS        MINPODS   MAXPODS   REPLICAS   AGE
websocket-hpa   Deployment/websocket-server   cpu: 86%/60%   2         15        7          2m59s
1781205568
NAME            REFERENCE                     TARGETS        MINPODS   MAXPODS   REPLICAS   AGE
websocket-hpa   Deployment/websocket-server   cpu: 74%/60%   2         15        7          3m4s
1781205573
NAME            REFERENCE                     TARGETS        MINPODS   MAXPODS   REPLICAS   AGE
websocket-hpa   Deployment/websocket-server   cpu: 74%/60%   2         15        7          3m9s
1781205578
NAME            REFERENCE                     TARGETS        MINPODS   MAXPODS   REPLICAS   AGE
websocket-hpa   Deployment/websocket-server   cpu: 74%/60%   2         15        7          3m14s
1781205583
NAME            REFERENCE                     TARGETS        MINPODS   MAXPODS   REPLICAS   AGE
websocket-hpa   Deployment/websocket-server   cpu: 45%/60%   2         15        7          3m19s
1781205588
NAME            REFERENCE                     TARGETS        MINPODS   MAXPODS   REPLICAS   AGE
websocket-hpa   Deployment/websocket-server   cpu: 45%/60%   2         15        7          3m24s
1781205593
NAME            REFERENCE                     TARGETS        MINPODS   MAXPODS   REPLICAS   AGE
websocket-hpa   Deployment/websocket-server   cpu: 45%/60%   2         15        7          3m29s
1781205598
NAME            REFERENCE                     TARGETS       MINPODS   MAXPODS   REPLICAS   AGE
websocket-hpa   Deployment/websocket-server   cpu: 3%/60%   2         15        7          3m34s
1781205603
NAME            REFERENCE                     TARGETS       MINPODS   MAXPODS   REPLICAS   AGE
websocket-hpa   Deployment/websocket-server   cpu: 3%/60%   2         15        7          3m39s
1781205608
NAME            REFERENCE                     TARGETS       MINPODS   MAXPODS   REPLICAS   AGE
websocket-hpa   Deployment/websocket-server   cpu: 3%/60%   2         15        7          3m44s
1781205613
NAME            REFERENCE                     TARGETS       MINPODS   MAXPODS   REPLICAS   AGE
websocket-hpa   Deployment/websocket-server   cpu: 2%/60%   2         15        6          3m49s
1781205618
NAME            REFERENCE                     TARGETS       MINPODS   MAXPODS   REPLICAS   AGE
websocket-hpa   Deployment/websocket-server   cpu: 2%/60%   2         15        6          3m54s
1781205623
NAME            REFERENCE                     TARGETS       MINPODS   MAXPODS   REPLICAS   AGE
websocket-hpa   Deployment/websocket-server   cpu: 2%/60%   2         15        6          3m59s
1781205628
NAME            REFERENCE                     TARGETS       MINPODS   MAXPODS   REPLICAS   AGE
websocket-hpa   Deployment/websocket-server   cpu: 4%/60%   2         15        3          4m4s
1781205633
NAME            REFERENCE                     TARGETS       MINPODS   MAXPODS   REPLICAS   AGE
websocket-hpa   Deployment/websocket-server   cpu: 4%/60%   2         15        3          4m9s
1781205638
NAME            REFERENCE                     TARGETS       MINPODS   MAXPODS   REPLICAS   AGE
websocket-hpa   Deployment/websocket-server   cpu: 4%/60%   2         15        3          4m14s
1781205643
NAME            REFERENCE                     TARGETS       MINPODS   MAXPODS   REPLICAS   AGE
websocket-hpa   Deployment/websocket-server   cpu: 4%/60%   2         15        3          4m20s
1781205649
NAME            REFERENCE                     TARGETS       MINPODS   MAXPODS   REPLICAS   AGE
websocket-hpa   Deployment/websocket-server   cpu: 4%/60%   2         15        3          4m25s
1781205654
NAME            REFERENCE                     TARGETS       MINPODS   MAXPODS   REPLICAS   AGE
websocket-hpa   Deployment/websocket-server   cpu: 4%/60%   2         15        3          4m30s
1781205659
NAME            REFERENCE                     TARGETS       MINPODS   MAXPODS   REPLICAS   AGE
websocket-hpa   Deployment/websocket-server   cpu: 4%/60%   2         15        3          4m35s
