1772471342
NAME            REFERENCE                     TARGETS              MINPODS   MAXPODS   REPLICAS   AGE
websocket-hpa   Deployment/websocket-server   cpu: <unknown>/60%   2         15        2          22s
1772471348
NAME            REFERENCE                     TARGETS              MINPODS   MAXPODS   REPLICAS   AGE
websocket-hpa   Deployment/websocket-server   cpu: <unknown>/60%   2         15        2          27s
1772471353
NAME            REFERENCE                     TARGETS        MINPODS   MAXPODS   REPLICAS   AGE
websocket-hpa   Deployment/websocket-server   cpu: 52%/60%   2         15        2          32s
1772471358
NAME            REFERENCE                     TARGETS        MINPODS   MAXPODS   REPLICAS   AGE
websocket-hpa   Deployment/websocket-server   cpu: 52%/60%   2         15        2          37s
1772471363
NAME            REFERENCE                     TARGETS        MINPODS   MAXPODS   REPLICAS   AGE
websocket-hpa   Deployment/websocket-server   cpu: 52%/60%   2         15        2          42s
1772471368
NAME            REFERENCE                     TARGETS         MINPODS   MAXPODS   REPLICAS   AGE
websocket-hpa   Deployment/websocket-server   cpu: 394%/60%   2         15        2          47s
1772471373
NAME            REFERENCE                     TARGETS         MINPODS   MAXPODS   REPLICAS   AGE
websocket-hpa   Deployment/websocket-server   cpu: 394%/60%   2         15        2          52s
1772471378
NAME            REFERENCE                     TARGETS         MINPODS   MAXPODS   REPLICAS   AGE
websocket-hpa   Deployment/websocket-server   cpu: 394%/60%   2         15        2          57s
1772471383
NAME            REFERENCE                     TARGETS         MINPODS   MAXPODS   REPLICAS   AGE
websocket-hpa   Deployment/websocket-server   cpu: 461%/60%   2         15        6          62s
1772471388
NAME            REFERENCE                     TARGETS         MINPODS   MAXPODS   REPLICAS   AGE
websocket-hpa   Deployment/websocket-server   cpu: 461%/60%   2         15        6          67s
1772471394
NAME            REFERENCE                     TARGETS         MINPODS   MAXPODS   REPLICAS   AGE
websocket-hpa   Deployment/websocket-server   cpu: 461%/60%   2         15        6          73s
1772471399
NAME            REFERENCE                     TARGETS         MINPODS   MAXPODS   REPLICAS   AGE
websocket-hpa   Deployment/websocket-server   cpu: 194%/60%   2         15        12         78s
1772471404
NAME            REFERENCE                     TARGETS         MINPODS   MAXPODS   REPLICAS   AGE
websocket-hpa   Deployment/websocket-server   cpu: 194%/60%   2         15        12         83s
1772471409
NAME            REFERENCE                     TARGETS         MINPODS   MAXPODS   REPLICAS   AGE
websocket-hpa   Deployment/websocket-server   cpu: 194%/60%   2         15        12         88s
1772471414
NAME            REFERENCE                     TARGETS        MINPODS   MAXPODS   REPLICAS   AGE
websocket-hpa   Deployment/websocket-server   cpu: 94%/60%   2         15        15         93s
1772471419
NAME            REFERENCE                     TARGETS        MINPODS   MAXPODS   REPLICAS   AGE
websocket-hpa   Deployment/websocket-server   cpu: 94%/60%   2         15        15         98s
1772471424
NAME            REFERENCE                     TARGETS        MINPODS   MAXPODS   REPLICAS   AGE
websocket-hpa   Deployment/websocket-server   cpu: 94%/60%   2         15        15         103s
1772471429
NAME            REFERENCE                     TARGETS        MINPODS   MAXPODS   REPLICAS   AGE
websocket-hpa   Deployment/websocket-server   cpu: 65%/60%   2         15        15         108s
1772471434
NAME            REFERENCE                     TARGETS        MINPODS   MAXPODS   REPLICAS   AGE
websocket-hpa   Deployment/websocket-server   cpu: 65%/60%   2         15        15         113s
1772471439
NAME            REFERENCE                     TARGETS        MINPODS   MAXPODS   REPLICAS   AGE
websocket-hpa   Deployment/websocket-server   cpu: 65%/60%   2         15        15         119s
1772471445
NAME            REFERENCE                     TARGETS        MINPODS   MAXPODS   REPLICAS   AGE
websocket-hpa   Deployment/websocket-server   cpu: 63%/60%   2         15        15         2m4s
1772471450
NAME            REFERENCE                     TARGETS        MINPODS   MAXPODS   REPLICAS   AGE
websocket-hpa   Deployment/websocket-server   cpu: 63%/60%   2         15        15         2m9s
1772471455
NAME            REFERENCE                     TARGETS        MINPODS   MAXPODS   REPLICAS   AGE
websocket-hpa   Deployment/websocket-server   cpu: 63%/60%   2         15        15         2m14s
1772471460
NAME            REFERENCE                     TARGETS        MINPODS   MAXPODS   REPLICAS   AGE
websocket-hpa   Deployment/websocket-server   cpu: 25%/60%   2         15        15         2m19s
1772471465
NAME            REFERENCE                     TARGETS        MINPODS   MAXPODS   REPLICAS   AGE
websocket-hpa   Deployment/websocket-server   cpu: 25%/60%   2         15        15         2m24s
1772471470
NAME            REFERENCE                     TARGETS        MINPODS   MAXPODS   REPLICAS   AGE
websocket-hpa   Deployment/websocket-server   cpu: 25%/60%   2         15        15         2m29s
1772471475
NAME            REFERENCE                     TARGETS       MINPODS   MAXPODS   REPLICAS   AGE
websocket-hpa   Deployment/websocket-server   cpu: 0%/60%   2         15        15         2m34s
1772471480
NAME            REFERENCE                     TARGETS       MINPODS   MAXPODS   REPLICAS   AGE
websocket-hpa   Deployment/websocket-server   cpu: 0%/60%   2         15        15         2m39s
1772471485
NAME            REFERENCE                     TARGETS       MINPODS   MAXPODS   REPLICAS   AGE
websocket-hpa   Deployment/websocket-server   cpu: 0%/60%   2         15        15         2m45s
1772471491
NAME            REFERENCE                     TARGETS       MINPODS   MAXPODS   REPLICAS   AGE
websocket-hpa   Deployment/websocket-server   cpu: 1%/60%   2         15        15         2m50s
1772471496
NAME            REFERENCE                     TARGETS       MINPODS   MAXPODS   REPLICAS   AGE
websocket-hpa   Deployment/websocket-server   cpu: 1%/60%   2         15        15         2m55s
1772471501
NAME            REFERENCE                     TARGETS       MINPODS   MAXPODS   REPLICAS   AGE
websocket-hpa   Deployment/websocket-server   cpu: 1%/60%   2         15        15         3m
1772471506
NAME            REFERENCE                     TARGETS       MINPODS   MAXPODS   REPLICAS   AGE
websocket-hpa   Deployment/websocket-server   cpu: 5%/60%   2         15        15         3m5s
1772471511
NAME            REFERENCE                     TARGETS       MINPODS   MAXPODS   REPLICAS   AGE
websocket-hpa   Deployment/websocket-server   cpu: 5%/60%   2         15        15         3m10s
1772471516
NAME            REFERENCE                     TARGETS       MINPODS   MAXPODS   REPLICAS   AGE
websocket-hpa   Deployment/websocket-server   cpu: 5%/60%   2         15        15         3m15s
1772471521
NAME            REFERENCE                     TARGETS        MINPODS   MAXPODS   REPLICAS   AGE
websocket-hpa   Deployment/websocket-server   cpu: 73%/60%   2         15        7          3m20s
1772471526
NAME            REFERENCE                     TARGETS        MINPODS   MAXPODS   REPLICAS   AGE
websocket-hpa   Deployment/websocket-server   cpu: 73%/60%   2         15        7          3m25s
1772471532
NAME            REFERENCE                     TARGETS        MINPODS   MAXPODS   REPLICAS   AGE
websocket-hpa   Deployment/websocket-server   cpu: 86%/60%   2         15        9          3m31s
1772471537
NAME            REFERENCE                     TARGETS        MINPODS   MAXPODS   REPLICAS   AGE
websocket-hpa   Deployment/websocket-server   cpu: 86%/60%   2         15        9          3m36s
1772471542
NAME            REFERENCE                     TARGETS        MINPODS   MAXPODS   REPLICAS   AGE
websocket-hpa   Deployment/websocket-server   cpu: 86%/60%   2         15        9          3m41s
1772471547
NAME            REFERENCE                     TARGETS         MINPODS   MAXPODS   REPLICAS   AGE
websocket-hpa   Deployment/websocket-server   cpu: 113%/60%   2         15        12         3m46s
1772471552
NAME            REFERENCE                     TARGETS         MINPODS   MAXPODS   REPLICAS   AGE
websocket-hpa   Deployment/websocket-server   cpu: 113%/60%   2         15        12         3m51s
1772471557
NAME            REFERENCE                     TARGETS         MINPODS   MAXPODS   REPLICAS   AGE
websocket-hpa   Deployment/websocket-server   cpu: 113%/60%   2         15        12         3m56s
1772471562
NAME            REFERENCE                     TARGETS         MINPODS   MAXPODS   REPLICAS   AGE
websocket-hpa   Deployment/websocket-server   cpu: 104%/60%   2         15        15         4m2s
1772471568
NAME            REFERENCE                     TARGETS         MINPODS   MAXPODS   REPLICAS   AGE
websocket-hpa   Deployment/websocket-server   cpu: 104%/60%   2         15        15         4m7s
1772471573
NAME            REFERENCE                     TARGETS         MINPODS   MAXPODS   REPLICAS   AGE
websocket-hpa   Deployment/websocket-server   cpu: 104%/60%   2         15        15         4m12s
1772471578
NAME            REFERENCE                     TARGETS        MINPODS   MAXPODS   REPLICAS   AGE
websocket-hpa   Deployment/websocket-server   cpu: 83%/60%   2         15        15         4m17s
1772471583
NAME            REFERENCE                     TARGETS        MINPODS   MAXPODS   REPLICAS   AGE
websocket-hpa   Deployment/websocket-server   cpu: 83%/60%   2         15        15         4m22s
1772471588
NAME            REFERENCE                     TARGETS        MINPODS   MAXPODS   REPLICAS   AGE
websocket-hpa   Deployment/websocket-server   cpu: 83%/60%   2         15        15         4m27s
1772471593
NAME            REFERENCE                     TARGETS        MINPODS   MAXPODS   REPLICAS   AGE
websocket-hpa   Deployment/websocket-server   cpu: 79%/60%   2         15        15         4m32s
1772471598
NAME            REFERENCE                     TARGETS        MINPODS   MAXPODS   REPLICAS   AGE
websocket-hpa   Deployment/websocket-server   cpu: 79%/60%   2         15        15         4m37s
1772471603
NAME            REFERENCE                     TARGETS        MINPODS   MAXPODS   REPLICAS   AGE
websocket-hpa   Deployment/websocket-server   cpu: 79%/60%   2         15        15         4m43s
1772471609
NAME            REFERENCE                     TARGETS        MINPODS   MAXPODS   REPLICAS   AGE
websocket-hpa   Deployment/websocket-server   cpu: 21%/60%   2         15        15         4m48s
1772471614
NAME            REFERENCE                     TARGETS        MINPODS   MAXPODS   REPLICAS   AGE
websocket-hpa   Deployment/websocket-server   cpu: 21%/60%   2         15        15         4m53s
1772471619
NAME            REFERENCE                     TARGETS        MINPODS   MAXPODS   REPLICAS   AGE
websocket-hpa   Deployment/websocket-server   cpu: 21%/60%   2         15        15         4m58s
1772471624
NAME            REFERENCE                     TARGETS       MINPODS   MAXPODS   REPLICAS   AGE
websocket-hpa   Deployment/websocket-server   cpu: 6%/60%   2         15        15         5m3s
1772471629
NAME            REFERENCE                     TARGETS       MINPODS   MAXPODS   REPLICAS   AGE
websocket-hpa   Deployment/websocket-server   cpu: 6%/60%   2         15        15         5m8s
1772471634
NAME            REFERENCE                     TARGETS       MINPODS   MAXPODS   REPLICAS   AGE
websocket-hpa   Deployment/websocket-server   cpu: 6%/60%   2         15        15         5m13s
1772471639
NAME            REFERENCE                     TARGETS       MINPODS   MAXPODS   REPLICAS   AGE
websocket-hpa   Deployment/websocket-server   cpu: 0%/60%   2         15        15         5m18s
1772471644
NAME            REFERENCE                     TARGETS       MINPODS   MAXPODS   REPLICAS   AGE
websocket-hpa   Deployment/websocket-server   cpu: 0%/60%   2         15        15         5m23s
1772471649
NAME            REFERENCE                     TARGETS       MINPODS   MAXPODS   REPLICAS   AGE
websocket-hpa   Deployment/websocket-server   cpu: 0%/60%   2         15        15         5m28s
1772471654
NAME            REFERENCE                     TARGETS       MINPODS   MAXPODS   REPLICAS   AGE
websocket-hpa   Deployment/websocket-server   cpu: 5%/60%   2         15        15         5m34s
1772471660
NAME            REFERENCE                     TARGETS       MINPODS   MAXPODS   REPLICAS   AGE
websocket-hpa   Deployment/websocket-server   cpu: 5%/60%   2         15        15         5m39s
1772471665
NAME            REFERENCE                     TARGETS       MINPODS   MAXPODS   REPLICAS   AGE
websocket-hpa   Deployment/websocket-server   cpu: 5%/60%   2         15        15         5m44s
1772471670
NAME            REFERENCE                     TARGETS        MINPODS   MAXPODS   REPLICAS   AGE
websocket-hpa   Deployment/websocket-server   cpu: 69%/60%   2         15        6          5m49s
1772471675
NAME            REFERENCE                     TARGETS        MINPODS   MAXPODS   REPLICAS   AGE
websocket-hpa   Deployment/websocket-server   cpu: 69%/60%   2         15        6          5m54s
1772471680
NAME            REFERENCE                     TARGETS        MINPODS   MAXPODS   REPLICAS   AGE
websocket-hpa   Deployment/websocket-server   cpu: 69%/60%   2         15        6          5m59s
1772471685
NAME            REFERENCE                     TARGETS        MINPODS   MAXPODS   REPLICAS   AGE
websocket-hpa   Deployment/websocket-server   cpu: 87%/60%   2         15        7          6m4s
1772471690
NAME            REFERENCE                     TARGETS        MINPODS   MAXPODS   REPLICAS   AGE
websocket-hpa   Deployment/websocket-server   cpu: 87%/60%   2         15        7          6m9s
1772471695
NAME            REFERENCE                     TARGETS        MINPODS   MAXPODS   REPLICAS   AGE
websocket-hpa   Deployment/websocket-server   cpu: 87%/60%   2         15        7          6m14s
1772471700
NAME            REFERENCE                     TARGETS         MINPODS   MAXPODS   REPLICAS   AGE
websocket-hpa   Deployment/websocket-server   cpu: 141%/60%   2         15        9          6m19s
1772471705
NAME            REFERENCE                     TARGETS         MINPODS   MAXPODS   REPLICAS   AGE
websocket-hpa   Deployment/websocket-server   cpu: 141%/60%   2         15        9          6m25s
1772471711
NAME            REFERENCE                     TARGETS         MINPODS   MAXPODS   REPLICAS   AGE
websocket-hpa   Deployment/websocket-server   cpu: 141%/60%   2         15        9          6m30s
1772471716
NAME            REFERENCE                     TARGETS         MINPODS   MAXPODS   REPLICAS   AGE
websocket-hpa   Deployment/websocket-server   cpu: 138%/60%   2         15        15         6m35s
1772471721
NAME            REFERENCE                     TARGETS         MINPODS   MAXPODS   REPLICAS   AGE
websocket-hpa   Deployment/websocket-server   cpu: 138%/60%   2         15        15         6m40s
1772471726
NAME            REFERENCE                     TARGETS         MINPODS   MAXPODS   REPLICAS   AGE
websocket-hpa   Deployment/websocket-server   cpu: 138%/60%   2         15        15         6m45s
1772471731
NAME            REFERENCE                     TARGETS        MINPODS   MAXPODS   REPLICAS   AGE
websocket-hpa   Deployment/websocket-server   cpu: 80%/60%   2         15        15         6m50s
1772471736
NAME            REFERENCE                     TARGETS        MINPODS   MAXPODS   REPLICAS   AGE
websocket-hpa   Deployment/websocket-server   cpu: 80%/60%   2         15        15         6m55s
1772471741
NAME            REFERENCE                     TARGETS        MINPODS   MAXPODS   REPLICAS   AGE
websocket-hpa   Deployment/websocket-server   cpu: 80%/60%   2         15        15         7m
1772471746
NAME            REFERENCE                     TARGETS        MINPODS   MAXPODS   REPLICAS   AGE
websocket-hpa   Deployment/websocket-server   cpu: 67%/60%   2         15        15         7m5s
1772471751
NAME            REFERENCE                     TARGETS        MINPODS   MAXPODS   REPLICAS   AGE
websocket-hpa   Deployment/websocket-server   cpu: 67%/60%   2         15        15         7m11s
1772471757
NAME            REFERENCE                     TARGETS        MINPODS   MAXPODS   REPLICAS   AGE
websocket-hpa   Deployment/websocket-server   cpu: 67%/60%   2         15        15         7m16s
1772471762
NAME            REFERENCE                     TARGETS        MINPODS   MAXPODS   REPLICAS   AGE
websocket-hpa   Deployment/websocket-server   cpu: 20%/60%   2         15        15         7m21s
1772471767
NAME            REFERENCE                     TARGETS        MINPODS   MAXPODS   REPLICAS   AGE
websocket-hpa   Deployment/websocket-server   cpu: 20%/60%   2         15        15         7m26s
1772471772
NAME            REFERENCE                     TARGETS       MINPODS   MAXPODS   REPLICAS   AGE
websocket-hpa   Deployment/websocket-server   cpu: 1%/60%   2         15        15         7m31s
1772471777
NAME            REFERENCE                     TARGETS       MINPODS   MAXPODS   REPLICAS   AGE
websocket-hpa   Deployment/websocket-server   cpu: 1%/60%   2         15        15         7m36s
1772471782
NAME            REFERENCE                     TARGETS       MINPODS   MAXPODS   REPLICAS   AGE
websocket-hpa   Deployment/websocket-server   cpu: 1%/60%   2         15        15         7m41s
1772471787
NAME            REFERENCE                     TARGETS       MINPODS   MAXPODS   REPLICAS   AGE
websocket-hpa   Deployment/websocket-server   cpu: 1%/60%   2         15        15         7m46s
1772471792
NAME            REFERENCE                     TARGETS       MINPODS   MAXPODS   REPLICAS   AGE
websocket-hpa   Deployment/websocket-server   cpu: 1%/60%   2         15        15         7m51s
1772471797
NAME            REFERENCE                     TARGETS       MINPODS   MAXPODS   REPLICAS   AGE
websocket-hpa   Deployment/websocket-server   cpu: 1%/60%   2         15        15         7m56s
1772471803
NAME            REFERENCE                     TARGETS       MINPODS   MAXPODS   REPLICAS   AGE
websocket-hpa   Deployment/websocket-server   cpu: 4%/60%   2         15        15         8m2s
1772471808
NAME            REFERENCE                     TARGETS       MINPODS   MAXPODS   REPLICAS   AGE
websocket-hpa   Deployment/websocket-server   cpu: 4%/60%   2         15        15         8m7s
1772471813
NAME            REFERENCE                     TARGETS       MINPODS   MAXPODS   REPLICAS   AGE
websocket-hpa   Deployment/websocket-server   cpu: 4%/60%   2         15        15         8m12s
1772471818
NAME            REFERENCE                     TARGETS        MINPODS   MAXPODS   REPLICAS   AGE
websocket-hpa   Deployment/websocket-server   cpu: 73%/60%   2         15        5          8m17s
1772471823
NAME            REFERENCE                     TARGETS        MINPODS   MAXPODS   REPLICAS   AGE
websocket-hpa   Deployment/websocket-server   cpu: 73%/60%   2         15        5          8m22s
1772471828
NAME            REFERENCE                     TARGETS        MINPODS   MAXPODS   REPLICAS   AGE
websocket-hpa   Deployment/websocket-server   cpu: 73%/60%   2         15        5          8m27s
1772471833
NAME            REFERENCE                     TARGETS        MINPODS   MAXPODS   REPLICAS   AGE
websocket-hpa   Deployment/websocket-server   cpu: 94%/60%   2         15        7          8m33s
1772471839
NAME            REFERENCE                     TARGETS        MINPODS   MAXPODS   REPLICAS   AGE
websocket-hpa   Deployment/websocket-server   cpu: 94%/60%   2         15        7          8m38s
1772471844
NAME            REFERENCE                     TARGETS        MINPODS   MAXPODS   REPLICAS   AGE
websocket-hpa   Deployment/websocket-server   cpu: 94%/60%   2         15        7          8m43s
1772471849
NAME            REFERENCE                     TARGETS         MINPODS   MAXPODS   REPLICAS   AGE
websocket-hpa   Deployment/websocket-server   cpu: 130%/60%   2         15        8          8m48s
1772471854
NAME            REFERENCE                     TARGETS         MINPODS   MAXPODS   REPLICAS   AGE
websocket-hpa   Deployment/websocket-server   cpu: 130%/60%   2         15        8          8m53s
1772471859
NAME            REFERENCE                     TARGETS         MINPODS   MAXPODS   REPLICAS   AGE
websocket-hpa   Deployment/websocket-server   cpu: 130%/60%   2         15        8          8m58s
1772471864
NAME            REFERENCE                     TARGETS         MINPODS   MAXPODS   REPLICAS   AGE
websocket-hpa   Deployment/websocket-server   cpu: 150%/60%   2         15        13         9m3s
1772471869
NAME            REFERENCE                     TARGETS         MINPODS   MAXPODS   REPLICAS   AGE
websocket-hpa   Deployment/websocket-server   cpu: 150%/60%   2         15        13         9m9s
1772471875
NAME            REFERENCE                     TARGETS         MINPODS   MAXPODS   REPLICAS   AGE
websocket-hpa   Deployment/websocket-server   cpu: 150%/60%   2         15        13         9m14s
1772471880
NAME            REFERENCE                     TARGETS        MINPODS   MAXPODS   REPLICAS   AGE
websocket-hpa   Deployment/websocket-server   cpu: 82%/60%   2         15        15         9m19s
1772471885
NAME            REFERENCE                     TARGETS        MINPODS   MAXPODS   REPLICAS   AGE
websocket-hpa   Deployment/websocket-server   cpu: 82%/60%   2         15        15         9m24s
1772471890
NAME            REFERENCE                     TARGETS        MINPODS   MAXPODS   REPLICAS   AGE
websocket-hpa   Deployment/websocket-server   cpu: 82%/60%   2         15        15         9m29s
1772471895
NAME            REFERENCE                     TARGETS        MINPODS   MAXPODS   REPLICAS   AGE
websocket-hpa   Deployment/websocket-server   cpu: 69%/60%   2         15        15         9m34s
1772471900
NAME            REFERENCE                     TARGETS        MINPODS   MAXPODS   REPLICAS   AGE
websocket-hpa   Deployment/websocket-server   cpu: 69%/60%   2         15        15         9m39s
1772471905
NAME            REFERENCE                     TARGETS        MINPODS   MAXPODS   REPLICAS   AGE
websocket-hpa   Deployment/websocket-server   cpu: 69%/60%   2         15        15         9m44s
1772471910
NAME            REFERENCE                     TARGETS        MINPODS   MAXPODS   REPLICAS   AGE
websocket-hpa   Deployment/websocket-server   cpu: 31%/60%   2         15        15         9m49s
1772471915
NAME            REFERENCE                     TARGETS        MINPODS   MAXPODS   REPLICAS   AGE
websocket-hpa   Deployment/websocket-server   cpu: 31%/60%   2         15        15         9m54s
1772471920
NAME            REFERENCE                     TARGETS        MINPODS   MAXPODS   REPLICAS   AGE
websocket-hpa   Deployment/websocket-server   cpu: 31%/60%   2         15        15         10m
1772471926
NAME            REFERENCE                     TARGETS       MINPODS   MAXPODS   REPLICAS   AGE
websocket-hpa   Deployment/websocket-server   cpu: 1%/60%   2         15        15         10m
1772471931
NAME            REFERENCE                     TARGETS       MINPODS   MAXPODS   REPLICAS   AGE
websocket-hpa   Deployment/websocket-server   cpu: 1%/60%   2         15        15         10m
1772471936
NAME            REFERENCE                     TARGETS       MINPODS   MAXPODS   REPLICAS   AGE
websocket-hpa   Deployment/websocket-server   cpu: 1%/60%   2         15        15         10m
1772471941
NAME            REFERENCE                     TARGETS       MINPODS   MAXPODS   REPLICAS   AGE
websocket-hpa   Deployment/websocket-server   cpu: 1%/60%   2         15        15         10m
1772471946
NAME            REFERENCE                     TARGETS       MINPODS   MAXPODS   REPLICAS   AGE
websocket-hpa   Deployment/websocket-server   cpu: 1%/60%   2         15        15         10m
1772471951
NAME            REFERENCE                     TARGETS       MINPODS   MAXPODS   REPLICAS   AGE
websocket-hpa   Deployment/websocket-server   cpu: 1%/60%   2         15        15         10m
1772471956
NAME            REFERENCE                     TARGETS       MINPODS   MAXPODS   REPLICAS   AGE
websocket-hpa   Deployment/websocket-server   cpu: 4%/60%   2         15        15         10m
1772471961
NAME            REFERENCE                     TARGETS       MINPODS   MAXPODS   REPLICAS   AGE
websocket-hpa   Deployment/websocket-server   cpu: 4%/60%   2         15        15         10m
1772471966
NAME            REFERENCE                     TARGETS       MINPODS   MAXPODS   REPLICAS   AGE
websocket-hpa   Deployment/websocket-server   cpu: 4%/60%   2         15        15         10m
1772471971
NAME            REFERENCE                     TARGETS        MINPODS   MAXPODS   REPLICAS   AGE
websocket-hpa   Deployment/websocket-server   cpu: 67%/60%   2         15        8          10m
1772471977
NAME            REFERENCE                     TARGETS        MINPODS   MAXPODS   REPLICAS   AGE
websocket-hpa   Deployment/websocket-server   cpu: 67%/60%   2         15        8          10m
1772471982
NAME            REFERENCE                     TARGETS        MINPODS   MAXPODS   REPLICAS   AGE
websocket-hpa   Deployment/websocket-server   cpu: 67%/60%   2         15        8          11m
1772471987
NAME            REFERENCE                     TARGETS        MINPODS   MAXPODS   REPLICAS   AGE
websocket-hpa   Deployment/websocket-server   cpu: 93%/60%   2         15        9          11m
1772471992
NAME            REFERENCE                     TARGETS        MINPODS   MAXPODS   REPLICAS   AGE
websocket-hpa   Deployment/websocket-server   cpu: 93%/60%   2         15        9          11m
1772471997
NAME            REFERENCE                     TARGETS         MINPODS   MAXPODS   REPLICAS   AGE
websocket-hpa   Deployment/websocket-server   cpu: 114%/60%   2         15        13         11m
1772472002
NAME            REFERENCE                     TARGETS         MINPODS   MAXPODS   REPLICAS   AGE
websocket-hpa   Deployment/websocket-server   cpu: 114%/60%   2         15        13         11m
1772472007
NAME            REFERENCE                     TARGETS         MINPODS   MAXPODS   REPLICAS   AGE
websocket-hpa   Deployment/websocket-server   cpu: 114%/60%   2         15        13         11m
1772472012
NAME            REFERENCE                     TARGETS         MINPODS   MAXPODS   REPLICAS   AGE
websocket-hpa   Deployment/websocket-server   cpu: 107%/60%   2         15        15         11m
1772472017
NAME            REFERENCE                     TARGETS         MINPODS   MAXPODS   REPLICAS   AGE
websocket-hpa   Deployment/websocket-server   cpu: 107%/60%   2         15        15         11m
1772472023
NAME            REFERENCE                     TARGETS         MINPODS   MAXPODS   REPLICAS   AGE
websocket-hpa   Deployment/websocket-server   cpu: 107%/60%   2         15        15         11m
1772472028
NAME            REFERENCE                     TARGETS        MINPODS   MAXPODS   REPLICAS   AGE
websocket-hpa   Deployment/websocket-server   cpu: 92%/60%   2         15        15         11m
1772472033
NAME            REFERENCE                     TARGETS        MINPODS   MAXPODS   REPLICAS   AGE
websocket-hpa   Deployment/websocket-server   cpu: 92%/60%   2         15        15         11m
1772472038
NAME            REFERENCE                     TARGETS        MINPODS   MAXPODS   REPLICAS   AGE
websocket-hpa   Deployment/websocket-server   cpu: 92%/60%   2         15        15         11m
1772472043
NAME            REFERENCE                     TARGETS        MINPODS   MAXPODS   REPLICAS   AGE
websocket-hpa   Deployment/websocket-server   cpu: 82%/60%   2         15        15         12m
1772472048
NAME            REFERENCE                     TARGETS        MINPODS   MAXPODS   REPLICAS   AGE
websocket-hpa   Deployment/websocket-server   cpu: 82%/60%   2         15        15         12m
1772472053
NAME            REFERENCE                     TARGETS        MINPODS   MAXPODS   REPLICAS   AGE
websocket-hpa   Deployment/websocket-server   cpu: 82%/60%   2         15        15         12m
1772472058
NAME            REFERENCE                     TARGETS        MINPODS   MAXPODS   REPLICAS   AGE
websocket-hpa   Deployment/websocket-server   cpu: 38%/60%   2         15        15         12m
1772472063
NAME            REFERENCE                     TARGETS        MINPODS   MAXPODS   REPLICAS   AGE
websocket-hpa   Deployment/websocket-server   cpu: 38%/60%   2         15        15         12m
1772472069
NAME            REFERENCE                     TARGETS        MINPODS   MAXPODS   REPLICAS   AGE
websocket-hpa   Deployment/websocket-server   cpu: 38%/60%   2         15        15         12m
1772472074
NAME            REFERENCE                     TARGETS       MINPODS   MAXPODS   REPLICAS   AGE
websocket-hpa   Deployment/websocket-server   cpu: 4%/60%   2         15        15         12m
1772472079
NAME            REFERENCE                     TARGETS       MINPODS   MAXPODS   REPLICAS   AGE
websocket-hpa   Deployment/websocket-server   cpu: 4%/60%   2         15        15         12m
1772472084
NAME            REFERENCE                     TARGETS       MINPODS   MAXPODS   REPLICAS   AGE
websocket-hpa   Deployment/websocket-server   cpu: 4%/60%   2         15        15         12m
1772472089
NAME            REFERENCE                     TARGETS       MINPODS   MAXPODS   REPLICAS   AGE
websocket-hpa   Deployment/websocket-server   cpu: 0%/60%   2         15        15         12m
1772472094
NAME            REFERENCE                     TARGETS       MINPODS   MAXPODS   REPLICAS   AGE
websocket-hpa   Deployment/websocket-server   cpu: 0%/60%   2         15        15         12m
1772472099
NAME            REFERENCE                     TARGETS       MINPODS   MAXPODS   REPLICAS   AGE
websocket-hpa   Deployment/websocket-server   cpu: 0%/60%   2         15        15         12m
1772472104
NAME            REFERENCE                     TARGETS       MINPODS   MAXPODS   REPLICAS   AGE
websocket-hpa   Deployment/websocket-server   cpu: 1%/60%   2         15        15         13m
1772472109
NAME            REFERENCE                     TARGETS       MINPODS   MAXPODS   REPLICAS   AGE
websocket-hpa   Deployment/websocket-server   cpu: 1%/60%   2         15        15         13m
1772472114
NAME            REFERENCE                     TARGETS       MINPODS   MAXPODS   REPLICAS   AGE
websocket-hpa   Deployment/websocket-server   cpu: 1%/60%   2         15        15         13m
1772472120
NAME            REFERENCE                     TARGETS       MINPODS   MAXPODS   REPLICAS   AGE
websocket-hpa   Deployment/websocket-server   cpu: 0%/60%   2         15        10         13m
1772472125
NAME            REFERENCE                     TARGETS       MINPODS   MAXPODS   REPLICAS   AGE
websocket-hpa   Deployment/websocket-server   cpu: 0%/60%   2         15        10         13m
1772472130
NAME            REFERENCE                     TARGETS       MINPODS   MAXPODS   REPLICAS   AGE
websocket-hpa   Deployment/websocket-server   cpu: 0%/60%   2         15        10         13m
1772472135
NAME            REFERENCE                     TARGETS       MINPODS   MAXPODS   REPLICAS   AGE
websocket-hpa   Deployment/websocket-server   cpu: 1%/60%   2         15        2          13m
1772472140
NAME            REFERENCE                     TARGETS       MINPODS   MAXPODS   REPLICAS   AGE
websocket-hpa   Deployment/websocket-server   cpu: 1%/60%   2         15        2          13m
1772472145
NAME            REFERENCE                     TARGETS       MINPODS   MAXPODS   REPLICAS   AGE
websocket-hpa   Deployment/websocket-server   cpu: 1%/60%   2         15        2          13m
1772472150
NAME            REFERENCE                     TARGETS       MINPODS   MAXPODS   REPLICAS   AGE
websocket-hpa   Deployment/websocket-server   cpu: 1%/60%   2         15        2          13m
1783198729
NAME            REFERENCE                     TARGETS              MINPODS   MAXPODS   REPLICAS   AGE
websocket-hpa   Deployment/websocket-server   cpu: <unknown>/60%   2         15        2          22s
1783198734
NAME            REFERENCE                     TARGETS              MINPODS   MAXPODS   REPLICAS   AGE
websocket-hpa   Deployment/websocket-server   cpu: <unknown>/60%   2         15        2          27s
1783198739
NAME            REFERENCE                     TARGETS              MINPODS   MAXPODS   REPLICAS   AGE
websocket-hpa   Deployment/websocket-server   cpu: <unknown>/60%   2         15        2          32s
1783198744
NAME            REFERENCE                     TARGETS              MINPODS   MAXPODS   REPLICAS   AGE
websocket-hpa   Deployment/websocket-server   cpu: <unknown>/60%   2         15        2          37s
1783198749
NAME            REFERENCE                     TARGETS              MINPODS   MAXPODS   REPLICAS   AGE
websocket-hpa   Deployment/websocket-server   cpu: <unknown>/60%   2         15        2          42s
1783198754
NAME            REFERENCE                     TARGETS       MINPODS   MAXPODS   REPLICAS   AGE
websocket-hpa   Deployment/websocket-server   cpu: 7%/60%   2         15        2          47s
1783198759
NAME            REFERENCE                     TARGETS       MINPODS   MAXPODS   REPLICAS   AGE
websocket-hpa   Deployment/websocket-server   cpu: 7%/60%   2         15        2          52s
1783198764
NAME            REFERENCE                     TARGETS       MINPODS   MAXPODS   REPLICAS   AGE
websocket-hpa   Deployment/websocket-server   cpu: 7%/60%   2         15        2          57s
1783198769
NAME            REFERENCE                     TARGETS         MINPODS   MAXPODS   REPLICAS   AGE
websocket-hpa   Deployment/websocket-server   cpu: 106%/60%   2         15        2          63s
1783198775
NAME            REFERENCE                     TARGETS         MINPODS   MAXPODS   REPLICAS   AGE
websocket-hpa   Deployment/websocket-server   cpu: 106%/60%   2         15        2          68s
1783198780
NAME            REFERENCE                     TARGETS         MINPODS   MAXPODS   REPLICAS   AGE
websocket-hpa   Deployment/websocket-server   cpu: 106%/60%   2         15        2          73s
1783198785
NAME            REFERENCE                     TARGETS         MINPODS   MAXPODS   REPLICAS   AGE
websocket-hpa   Deployment/websocket-server   cpu: 227%/60%   2         15        4          78s
1783198790
NAME            REFERENCE                     TARGETS         MINPODS   MAXPODS   REPLICAS   AGE
websocket-hpa   Deployment/websocket-server   cpu: 227%/60%   2         15        4          83s
1783198795
NAME            REFERENCE                     TARGETS         MINPODS   MAXPODS   REPLICAS   AGE
websocket-hpa   Deployment/websocket-server   cpu: 227%/60%   2         15        4          88s
1783198800
NAME            REFERENCE                     TARGETS         MINPODS   MAXPODS   REPLICAS   AGE
websocket-hpa   Deployment/websocket-server   cpu: 168%/60%   2         15        8          93s
1783198805
NAME            REFERENCE                     TARGETS         MINPODS   MAXPODS   REPLICAS   AGE
websocket-hpa   Deployment/websocket-server   cpu: 168%/60%   2         15        8          98s
1783198810
NAME            REFERENCE                     TARGETS         MINPODS   MAXPODS   REPLICAS   AGE
websocket-hpa   Deployment/websocket-server   cpu: 168%/60%   2         15        8          104s
1783198816
NAME            REFERENCE                     TARGETS         MINPODS   MAXPODS   REPLICAS   AGE
websocket-hpa   Deployment/websocket-server   cpu: 149%/60%   2         15        14         109s
1783198821
NAME            REFERENCE                     TARGETS         MINPODS   MAXPODS   REPLICAS   AGE
websocket-hpa   Deployment/websocket-server   cpu: 149%/60%   2         15        14         114s
1783198826
NAME            REFERENCE                     TARGETS         MINPODS   MAXPODS   REPLICAS   AGE
websocket-hpa   Deployment/websocket-server   cpu: 149%/60%   2         15        14         119s
1783198831
NAME            REFERENCE                     TARGETS        MINPODS   MAXPODS   REPLICAS   AGE
websocket-hpa   Deployment/websocket-server   cpu: 91%/60%   2         15        15         2m4s
1783198836
NAME            REFERENCE                     TARGETS        MINPODS   MAXPODS   REPLICAS   AGE
websocket-hpa   Deployment/websocket-server   cpu: 91%/60%   2         15        15         2m9s
1783198841
NAME            REFERENCE                     TARGETS        MINPODS   MAXPODS   REPLICAS   AGE
websocket-hpa   Deployment/websocket-server   cpu: 91%/60%   2         15        15         2m15s
1783198847
NAME            REFERENCE                     TARGETS        MINPODS   MAXPODS   REPLICAS   AGE
websocket-hpa   Deployment/websocket-server   cpu: 43%/60%   2         15        15         2m20s
1783198852
NAME            REFERENCE                     TARGETS        MINPODS   MAXPODS   REPLICAS   AGE
websocket-hpa   Deployment/websocket-server   cpu: 43%/60%   2         15        15         2m25s
1783198857
NAME            REFERENCE                     TARGETS        MINPODS   MAXPODS   REPLICAS   AGE
websocket-hpa   Deployment/websocket-server   cpu: 43%/60%   2         15        15         2m30s
1783198862
NAME            REFERENCE                     TARGETS       MINPODS   MAXPODS   REPLICAS   AGE
websocket-hpa   Deployment/websocket-server   cpu: 2%/60%   2         15        15         2m35s
1783198867
NAME            REFERENCE                     TARGETS       MINPODS   MAXPODS   REPLICAS   AGE
websocket-hpa   Deployment/websocket-server   cpu: 2%/60%   2         15        15         2m40s
1783198872
NAME            REFERENCE                     TARGETS       MINPODS   MAXPODS   REPLICAS   AGE
websocket-hpa   Deployment/websocket-server   cpu: 1%/60%   2         15        15         2m45s
1783198877
NAME            REFERENCE                     TARGETS       MINPODS   MAXPODS   REPLICAS   AGE
websocket-hpa   Deployment/websocket-server   cpu: 1%/60%   2         15        15         2m50s
1783198903
NAME            REFERENCE                     TARGETS              MINPODS   MAXPODS   REPLICAS   AGE
websocket-hpa   Deployment/websocket-server   cpu: <unknown>/60%   2         15        2          3s
1783198908
NAME            REFERENCE                     TARGETS              MINPODS   MAXPODS   REPLICAS   AGE
websocket-hpa   Deployment/websocket-server   cpu: <unknown>/60%   2         15        2          8s
1783198913
NAME            REFERENCE                     TARGETS              MINPODS   MAXPODS   REPLICAS   AGE
websocket-hpa   Deployment/websocket-server   cpu: <unknown>/60%   2         15        2          13s
1783198918
NAME            REFERENCE                     TARGETS              MINPODS   MAXPODS   REPLICAS   AGE
websocket-hpa   Deployment/websocket-server   cpu: <unknown>/60%   2         15        2          18s
1783198923
NAME            REFERENCE                     TARGETS              MINPODS   MAXPODS   REPLICAS   AGE
websocket-hpa   Deployment/websocket-server   cpu: <unknown>/60%   2         15        2          24s
1783198929
NAME            REFERENCE                     TARGETS              MINPODS   MAXPODS   REPLICAS   AGE
websocket-hpa   Deployment/websocket-server   cpu: <unknown>/60%   2         15        2          29s
1783198934
NAME            REFERENCE                     TARGETS        MINPODS   MAXPODS   REPLICAS   AGE
websocket-hpa   Deployment/websocket-server   cpu: 98%/60%   2         15        2          34s
1783198939
NAME            REFERENCE                     TARGETS        MINPODS   MAXPODS   REPLICAS   AGE
websocket-hpa   Deployment/websocket-server   cpu: 98%/60%   2         15        2          39s
1783198944
NAME            REFERENCE                     TARGETS        MINPODS   MAXPODS   REPLICAS   AGE
websocket-hpa   Deployment/websocket-server   cpu: 98%/60%   2         15        2          44s
1783198949
NAME            REFERENCE                     TARGETS         MINPODS   MAXPODS   REPLICAS   AGE
websocket-hpa   Deployment/websocket-server   cpu: 189%/60%   2         15        2          49s
1783198954
NAME            REFERENCE                     TARGETS         MINPODS   MAXPODS   REPLICAS   AGE
websocket-hpa   Deployment/websocket-server   cpu: 189%/60%   2         15        2          54s
1783198959
NAME            REFERENCE                     TARGETS         MINPODS   MAXPODS   REPLICAS   AGE
websocket-hpa   Deployment/websocket-server   cpu: 189%/60%   2         15        2          59s
1783198964
NAME            REFERENCE                     TARGETS         MINPODS   MAXPODS   REPLICAS   AGE
websocket-hpa   Deployment/websocket-server   cpu: 288%/60%   2         15        6          65s
1783198970
NAME            REFERENCE                     TARGETS         MINPODS   MAXPODS   REPLICAS   AGE
websocket-hpa   Deployment/websocket-server   cpu: 288%/60%   2         15        6          70s
1783198975
NAME            REFERENCE                     TARGETS         MINPODS   MAXPODS   REPLICAS   AGE
websocket-hpa   Deployment/websocket-server   cpu: 288%/60%   2         15        6          75s
1783198980
NAME            REFERENCE                     TARGETS         MINPODS   MAXPODS   REPLICAS   AGE
websocket-hpa   Deployment/websocket-server   cpu: 150%/60%   2         15        10         80s
1783198985
NAME            REFERENCE                     TARGETS         MINPODS   MAXPODS   REPLICAS   AGE
websocket-hpa   Deployment/websocket-server   cpu: 150%/60%   2         15        10         85s
1783198990
NAME            REFERENCE                     TARGETS         MINPODS   MAXPODS   REPLICAS   AGE
websocket-hpa   Deployment/websocket-server   cpu: 150%/60%   2         15        10         90s
1783198995
NAME            REFERENCE                     TARGETS         MINPODS   MAXPODS   REPLICAS   AGE
websocket-hpa   Deployment/websocket-server   cpu: 111%/60%   2         15        13         95s
1783199000
NAME            REFERENCE                     TARGETS         MINPODS   MAXPODS   REPLICAS   AGE
websocket-hpa   Deployment/websocket-server   cpu: 111%/60%   2         15        13         100s
1783199005
NAME            REFERENCE                     TARGETS         MINPODS   MAXPODS   REPLICAS   AGE
websocket-hpa   Deployment/websocket-server   cpu: 111%/60%   2         15        13         105s
1783199010
NAME            REFERENCE                     TARGETS        MINPODS   MAXPODS   REPLICAS   AGE
websocket-hpa   Deployment/websocket-server   cpu: 83%/60%   2         15        15         111s
1783199016
NAME            REFERENCE                     TARGETS        MINPODS   MAXPODS   REPLICAS   AGE
websocket-hpa   Deployment/websocket-server   cpu: 83%/60%   2         15        15         116s
1783199021
NAME            REFERENCE                     TARGETS        MINPODS   MAXPODS   REPLICAS   AGE
websocket-hpa   Deployment/websocket-server   cpu: 83%/60%   2         15        15         2m1s
1783199026
NAME            REFERENCE                     TARGETS        MINPODS   MAXPODS   REPLICAS   AGE
websocket-hpa   Deployment/websocket-server   cpu: 14%/60%   2         15        15         2m6s
1783199031
NAME            REFERENCE                     TARGETS        MINPODS   MAXPODS   REPLICAS   AGE
websocket-hpa   Deployment/websocket-server   cpu: 14%/60%   2         15        15         2m11s
1783199036
NAME            REFERENCE                     TARGETS        MINPODS   MAXPODS   REPLICAS   AGE
websocket-hpa   Deployment/websocket-server   cpu: 14%/60%   2         15        15         2m16s
1783199041
NAME            REFERENCE                     TARGETS       MINPODS   MAXPODS   REPLICAS   AGE
websocket-hpa   Deployment/websocket-server   cpu: 2%/60%   2         15        15         2m21s
1783199046
NAME            REFERENCE                     TARGETS       MINPODS   MAXPODS   REPLICAS   AGE
websocket-hpa   Deployment/websocket-server   cpu: 2%/60%   2         15        15         2m26s
1783199051
NAME            REFERENCE                     TARGETS       MINPODS   MAXPODS   REPLICAS   AGE
websocket-hpa   Deployment/websocket-server   cpu: 2%/60%   2         15        15         2m31s
1783199056
NAME            REFERENCE                     TARGETS       MINPODS   MAXPODS   REPLICAS   AGE
websocket-hpa   Deployment/websocket-server   cpu: 1%/60%   2         15        15         2m36s
1783199062
NAME            REFERENCE                     TARGETS       MINPODS   MAXPODS   REPLICAS   AGE
websocket-hpa   Deployment/websocket-server   cpu: 1%/60%   2         15        15         2m42s
1783199067
NAME            REFERENCE                     TARGETS       MINPODS   MAXPODS   REPLICAS   AGE
websocket-hpa   Deployment/websocket-server   cpu: 1%/60%   2         15        15         2m47s
1783199072
NAME            REFERENCE                     TARGETS       MINPODS   MAXPODS   REPLICAS   AGE
websocket-hpa   Deployment/websocket-server   cpu: 1%/60%   2         15        15         2m52s
1783199077
NAME            REFERENCE                     TARGETS       MINPODS   MAXPODS   REPLICAS   AGE
websocket-hpa   Deployment/websocket-server   cpu: 1%/60%   2         15        15         2m57s
1783199082
NAME            REFERENCE                     TARGETS       MINPODS   MAXPODS   REPLICAS   AGE
websocket-hpa   Deployment/websocket-server   cpu: 1%/60%   2         15        15         3m2s
1783199087
NAME            REFERENCE                     TARGETS        MINPODS   MAXPODS   REPLICAS   AGE
websocket-hpa   Deployment/websocket-server   cpu: 15%/60%   2         15        4          3m7s
1783199092
NAME            REFERENCE                     TARGETS        MINPODS   MAXPODS   REPLICAS   AGE
websocket-hpa   Deployment/websocket-server   cpu: 15%/60%   2         15        4          3m12s
1783199097
NAME            REFERENCE                     TARGETS        MINPODS   MAXPODS   REPLICAS   AGE
websocket-hpa   Deployment/websocket-server   cpu: 15%/60%   2         15        4          3m17s
1783199102
NAME            REFERENCE                     TARGETS        MINPODS   MAXPODS   REPLICAS   AGE
websocket-hpa   Deployment/websocket-server   cpu: 51%/60%   2         15        2          3m23s
1783199108
NAME            REFERENCE                     TARGETS        MINPODS   MAXPODS   REPLICAS   AGE
websocket-hpa   Deployment/websocket-server   cpu: 51%/60%   2         15        2          3m28s
1783199113
NAME            REFERENCE                     TARGETS        MINPODS   MAXPODS   REPLICAS   AGE
websocket-hpa   Deployment/websocket-server   cpu: 51%/60%   2         15        2          3m33s
1783199118
NAME            REFERENCE                     TARGETS         MINPODS   MAXPODS   REPLICAS   AGE
websocket-hpa   Deployment/websocket-server   cpu: 148%/60%   2         15        2          3m38s
1783199123
NAME            REFERENCE                     TARGETS         MINPODS   MAXPODS   REPLICAS   AGE
websocket-hpa   Deployment/websocket-server   cpu: 148%/60%   2         15        2          3m43s
1783199128
NAME            REFERENCE                     TARGETS         MINPODS   MAXPODS   REPLICAS   AGE
websocket-hpa   Deployment/websocket-server   cpu: 309%/60%   2         15        5          3m48s
1783199133
NAME            REFERENCE                     TARGETS         MINPODS   MAXPODS   REPLICAS   AGE
websocket-hpa   Deployment/websocket-server   cpu: 309%/60%   2         15        5          3m53s
1783199138
NAME            REFERENCE                     TARGETS         MINPODS   MAXPODS   REPLICAS   AGE
websocket-hpa   Deployment/websocket-server   cpu: 309%/60%   2         15        5          3m58s
1783199143
NAME            REFERENCE                     TARGETS         MINPODS   MAXPODS   REPLICAS   AGE
websocket-hpa   Deployment/websocket-server   cpu: 221%/60%   2         15        10         4m3s
1783199148
NAME            REFERENCE                     TARGETS         MINPODS   MAXPODS   REPLICAS   AGE
websocket-hpa   Deployment/websocket-server   cpu: 221%/60%   2         15        10         4m9s
1783199154
NAME            REFERENCE                     TARGETS         MINPODS   MAXPODS   REPLICAS   AGE
websocket-hpa   Deployment/websocket-server   cpu: 221%/60%   2         15        10         4m14s
1783199159
NAME            REFERENCE                     TARGETS        MINPODS   MAXPODS   REPLICAS   AGE
websocket-hpa   Deployment/websocket-server   cpu: 94%/60%   2         15        15         4m19s
1783199164
NAME            REFERENCE                     TARGETS        MINPODS   MAXPODS   REPLICAS   AGE
websocket-hpa   Deployment/websocket-server   cpu: 94%/60%   2         15        15         4m24s
1783199169
NAME            REFERENCE                     TARGETS        MINPODS   MAXPODS   REPLICAS   AGE
websocket-hpa   Deployment/websocket-server   cpu: 94%/60%   2         15        15         4m29s
1783199174
NAME            REFERENCE                     TARGETS        MINPODS   MAXPODS   REPLICAS   AGE
websocket-hpa   Deployment/websocket-server   cpu: 17%/60%   2         15        15         4m34s
1783199179
NAME            REFERENCE                     TARGETS        MINPODS   MAXPODS   REPLICAS   AGE
websocket-hpa   Deployment/websocket-server   cpu: 17%/60%   2         15        15         4m39s
1783199184
NAME            REFERENCE                     TARGETS        MINPODS   MAXPODS   REPLICAS   AGE
websocket-hpa   Deployment/websocket-server   cpu: 17%/60%   2         15        15         4m44s
1783199189
NAME            REFERENCE                     TARGETS       MINPODS   MAXPODS   REPLICAS   AGE
websocket-hpa   Deployment/websocket-server   cpu: 0%/60%   2         15        15         4m49s
1783199194
NAME            REFERENCE                     TARGETS       MINPODS   MAXPODS   REPLICAS   AGE
websocket-hpa   Deployment/websocket-server   cpu: 0%/60%   2         15        15         4m54s
1783199199
NAME            REFERENCE                     TARGETS       MINPODS   MAXPODS   REPLICAS   AGE
websocket-hpa   Deployment/websocket-server   cpu: 0%/60%   2         15        15         5m
1783199205
NAME            REFERENCE                     TARGETS       MINPODS   MAXPODS   REPLICAS   AGE
websocket-hpa   Deployment/websocket-server   cpu: 0%/60%   2         15        15         5m5s
1783199210
NAME            REFERENCE                     TARGETS       MINPODS   MAXPODS   REPLICAS   AGE
websocket-hpa   Deployment/websocket-server   cpu: 0%/60%   2         15        15         5m10s
1783199215
NAME            REFERENCE                     TARGETS       MINPODS   MAXPODS   REPLICAS   AGE
websocket-hpa   Deployment/websocket-server   cpu: 0%/60%   2         15        15         5m15s
1783199220
NAME            REFERENCE                     TARGETS       MINPODS   MAXPODS   REPLICAS   AGE
websocket-hpa   Deployment/websocket-server   cpu: 1%/60%   2         15        15         5m20s
1783199225
NAME            REFERENCE                     TARGETS       MINPODS   MAXPODS   REPLICAS   AGE
websocket-hpa   Deployment/websocket-server   cpu: 1%/60%   2         15        15         5m25s
1783199230
NAME            REFERENCE                     TARGETS       MINPODS   MAXPODS   REPLICAS   AGE
websocket-hpa   Deployment/websocket-server   cpu: 1%/60%   2         15        15         5m30s
1783199235
NAME            REFERENCE                     TARGETS        MINPODS   MAXPODS   REPLICAS   AGE
websocket-hpa   Deployment/websocket-server   cpu: 10%/60%   2         15        5          5m35s
1783199240
NAME            REFERENCE                     TARGETS        MINPODS   MAXPODS   REPLICAS   AGE
websocket-hpa   Deployment/websocket-server   cpu: 10%/60%   2         15        5          5m40s
1783199245
NAME            REFERENCE                     TARGETS        MINPODS   MAXPODS   REPLICAS   AGE
websocket-hpa   Deployment/websocket-server   cpu: 10%/60%   2         15        5          5m46s
1783199251
NAME            REFERENCE                     TARGETS        MINPODS   MAXPODS   REPLICAS   AGE
websocket-hpa   Deployment/websocket-server   cpu: 79%/60%   2         15        2          5m51s
1783199256
NAME            REFERENCE                     TARGETS        MINPODS   MAXPODS   REPLICAS   AGE
websocket-hpa   Deployment/websocket-server   cpu: 79%/60%   2         15        2          5m56s
1783199261
NAME            REFERENCE                     TARGETS        MINPODS   MAXPODS   REPLICAS   AGE
websocket-hpa   Deployment/websocket-server   cpu: 79%/60%   2         15        2          6m1s
1783199266
NAME            REFERENCE                     TARGETS         MINPODS   MAXPODS   REPLICAS   AGE
websocket-hpa   Deployment/websocket-server   cpu: 231%/60%   2         15        3          6m6s
1783199271
NAME            REFERENCE                     TARGETS         MINPODS   MAXPODS   REPLICAS   AGE
websocket-hpa   Deployment/websocket-server   cpu: 231%/60%   2         15        3          6m11s
1783199276
NAME            REFERENCE                     TARGETS         MINPODS   MAXPODS   REPLICAS   AGE
websocket-hpa   Deployment/websocket-server   cpu: 231%/60%   2         15        3          6m16s
1783199281
NAME            REFERENCE                     TARGETS         MINPODS   MAXPODS   REPLICAS   AGE
websocket-hpa   Deployment/websocket-server   cpu: 233%/60%   2         15        7          6m22s
1783199287
NAME            REFERENCE                     TARGETS         MINPODS   MAXPODS   REPLICAS   AGE
websocket-hpa   Deployment/websocket-server   cpu: 233%/60%   2         15        7          6m27s
1783199292
NAME            REFERENCE                     TARGETS         MINPODS   MAXPODS   REPLICAS   AGE
websocket-hpa   Deployment/websocket-server   cpu: 233%/60%   2         15        7          6m32s
1783199297
NAME            REFERENCE                     TARGETS         MINPODS   MAXPODS   REPLICAS   AGE
websocket-hpa   Deployment/websocket-server   cpu: 187%/60%   2         15        12         6m37s
1783199302
NAME            REFERENCE                     TARGETS         MINPODS   MAXPODS   REPLICAS   AGE
websocket-hpa   Deployment/websocket-server   cpu: 187%/60%   2         15        12         6m42s
1783199307
NAME            REFERENCE                     TARGETS         MINPODS   MAXPODS   REPLICAS   AGE
websocket-hpa   Deployment/websocket-server   cpu: 187%/60%   2         15        12         6m47s
1783199312
NAME            REFERENCE                     TARGETS         MINPODS   MAXPODS   REPLICAS   AGE
websocket-hpa   Deployment/websocket-server   cpu: 145%/60%   2         15        15         6m52s
1783199317
NAME            REFERENCE                     TARGETS         MINPODS   MAXPODS   REPLICAS   AGE
websocket-hpa   Deployment/websocket-server   cpu: 145%/60%   2         15        15         6m57s
1783199322
NAME            REFERENCE                     TARGETS         MINPODS   MAXPODS   REPLICAS   AGE
websocket-hpa   Deployment/websocket-server   cpu: 145%/60%   2         15        15         7m3s
1783199328
NAME            REFERENCE                     TARGETS        MINPODS   MAXPODS   REPLICAS   AGE
websocket-hpa   Deployment/websocket-server   cpu: 38%/60%   2         15        15         7m8s
1783199333
NAME            REFERENCE                     TARGETS        MINPODS   MAXPODS   REPLICAS   AGE
websocket-hpa   Deployment/websocket-server   cpu: 38%/60%   2         15        15         7m13s
1783199338
NAME            REFERENCE                     TARGETS        MINPODS   MAXPODS   REPLICAS   AGE
websocket-hpa   Deployment/websocket-server   cpu: 38%/60%   2         15        15         7m18s
1783199343
NAME            REFERENCE                     TARGETS       MINPODS   MAXPODS   REPLICAS   AGE
websocket-hpa   Deployment/websocket-server   cpu: 0%/60%   2         15        15         7m23s
1783199348
NAME            REFERENCE                     TARGETS       MINPODS   MAXPODS   REPLICAS   AGE
websocket-hpa   Deployment/websocket-server   cpu: 0%/60%   2         15        15         7m28s
1783199353
NAME            REFERENCE                     TARGETS       MINPODS   MAXPODS   REPLICAS   AGE
websocket-hpa   Deployment/websocket-server   cpu: 0%/60%   2         15        15         7m33s
1783199358
NAME            REFERENCE                     TARGETS       MINPODS   MAXPODS   REPLICAS   AGE
websocket-hpa   Deployment/websocket-server   cpu: 1%/60%   2         15        15         7m38s
1783199363
NAME            REFERENCE                     TARGETS       MINPODS   MAXPODS   REPLICAS   AGE
websocket-hpa   Deployment/websocket-server   cpu: 1%/60%   2         15        15         7m43s
1783199368
NAME            REFERENCE                     TARGETS       MINPODS   MAXPODS   REPLICAS   AGE
websocket-hpa   Deployment/websocket-server   cpu: 1%/60%   2         15        15         7m48s
1783199373
NAME            REFERENCE                     TARGETS       MINPODS   MAXPODS   REPLICAS   AGE
websocket-hpa   Deployment/websocket-server   cpu: 1%/60%   2         15        15         7m54s
1783199379
NAME            REFERENCE                     TARGETS       MINPODS   MAXPODS   REPLICAS   AGE
websocket-hpa   Deployment/websocket-server   cpu: 1%/60%   2         15        15         7m59s
1783199384
NAME            REFERENCE                     TARGETS        MINPODS   MAXPODS   REPLICAS   AGE
websocket-hpa   Deployment/websocket-server   cpu: 11%/60%   2         15        9          8m4s
1783199389
NAME            REFERENCE                     TARGETS        MINPODS   MAXPODS   REPLICAS   AGE
websocket-hpa   Deployment/websocket-server   cpu: 11%/60%   2         15        9          8m9s
1783199394
NAME            REFERENCE                     TARGETS        MINPODS   MAXPODS   REPLICAS   AGE
websocket-hpa   Deployment/websocket-server   cpu: 11%/60%   2         15        9          8m14s
1783199399
NAME            REFERENCE                     TARGETS        MINPODS   MAXPODS   REPLICAS   AGE
websocket-hpa   Deployment/websocket-server   cpu: 53%/60%   2         15        2          8m19s
1783199404
NAME            REFERENCE                     TARGETS        MINPODS   MAXPODS   REPLICAS   AGE
websocket-hpa   Deployment/websocket-server   cpu: 53%/60%   2         15        2          8m24s
1783199409
NAME            REFERENCE                     TARGETS        MINPODS   MAXPODS   REPLICAS   AGE
websocket-hpa   Deployment/websocket-server   cpu: 53%/60%   2         15        2          8m29s
1783199414
NAME            REFERENCE                     TARGETS         MINPODS   MAXPODS   REPLICAS   AGE
websocket-hpa   Deployment/websocket-server   cpu: 186%/60%   2         15        2          8m35s
1783199420
NAME            REFERENCE                     TARGETS         MINPODS   MAXPODS   REPLICAS   AGE
websocket-hpa   Deployment/websocket-server   cpu: 186%/60%   2         15        2          8m40s
1783199425
NAME            REFERENCE                     TARGETS         MINPODS   MAXPODS   REPLICAS   AGE
websocket-hpa   Deployment/websocket-server   cpu: 186%/60%   2         15        2          8m45s
1783199430
NAME            REFERENCE                     TARGETS         MINPODS   MAXPODS   REPLICAS   AGE
websocket-hpa   Deployment/websocket-server   cpu: 261%/60%   2         15        6          8m50s
1783199435
NAME            REFERENCE                     TARGETS         MINPODS   MAXPODS   REPLICAS   AGE
websocket-hpa   Deployment/websocket-server   cpu: 261%/60%   2         15        6          8m55s
1783199440
NAME            REFERENCE                     TARGETS         MINPODS   MAXPODS   REPLICAS   AGE
websocket-hpa   Deployment/websocket-server   cpu: 261%/60%   2         15        6          9m
1783199445
NAME            REFERENCE                     TARGETS         MINPODS   MAXPODS   REPLICAS   AGE
websocket-hpa   Deployment/websocket-server   cpu: 186%/60%   2         15        9          9m5s
1783199450
NAME            REFERENCE                     TARGETS         MINPODS   MAXPODS   REPLICAS   AGE
websocket-hpa   Deployment/websocket-server   cpu: 186%/60%   2         15        9          9m11s
1783199456
NAME            REFERENCE                     TARGETS         MINPODS   MAXPODS   REPLICAS   AGE
websocket-hpa   Deployment/websocket-server   cpu: 186%/60%   2         15        9          9m16s
1783199461
NAME            REFERENCE                     TARGETS         MINPODS   MAXPODS   REPLICAS   AGE
websocket-hpa   Deployment/websocket-server   cpu: 126%/60%   2         15        15         9m21s
1783199466
NAME            REFERENCE                     TARGETS         MINPODS   MAXPODS   REPLICAS   AGE
websocket-hpa   Deployment/websocket-server   cpu: 126%/60%   2         15        15         9m26s
1783199471
NAME            REFERENCE                     TARGETS         MINPODS   MAXPODS   REPLICAS   AGE
websocket-hpa   Deployment/websocket-server   cpu: 126%/60%   2         15        15         9m31s
1783199476
NAME            REFERENCE                     TARGETS        MINPODS   MAXPODS   REPLICAS   AGE
websocket-hpa   Deployment/websocket-server   cpu: 15%/60%   2         15        15         9m36s
1783199481
NAME            REFERENCE                     TARGETS        MINPODS   MAXPODS   REPLICAS   AGE
websocket-hpa   Deployment/websocket-server   cpu: 15%/60%   2         15        15         9m41s
1783199486
NAME            REFERENCE                     TARGETS        MINPODS   MAXPODS   REPLICAS   AGE
websocket-hpa   Deployment/websocket-server   cpu: 15%/60%   2         15        15         9m46s
1783199491
NAME            REFERENCE                     TARGETS       MINPODS   MAXPODS   REPLICAS   AGE
websocket-hpa   Deployment/websocket-server   cpu: 1%/60%   2         15        15         9m51s
1783199497
NAME            REFERENCE                     TARGETS       MINPODS   MAXPODS   REPLICAS   AGE
websocket-hpa   Deployment/websocket-server   cpu: 1%/60%   2         15        15         9m57s
1783199502
NAME            REFERENCE                     TARGETS       MINPODS   MAXPODS   REPLICAS   AGE
websocket-hpa   Deployment/websocket-server   cpu: 1%/60%   2         15        15         10m
1783199507
NAME            REFERENCE                     TARGETS       MINPODS   MAXPODS   REPLICAS   AGE
websocket-hpa   Deployment/websocket-server   cpu: 1%/60%   2         15        15         10m
1783199512
NAME            REFERENCE                     TARGETS       MINPODS   MAXPODS   REPLICAS   AGE
websocket-hpa   Deployment/websocket-server   cpu: 1%/60%   2         15        15         10m
1783199517
NAME            REFERENCE                     TARGETS       MINPODS   MAXPODS   REPLICAS   AGE
websocket-hpa   Deployment/websocket-server   cpu: 1%/60%   2         15        15         10m
1783199522
NAME            REFERENCE                     TARGETS       MINPODS   MAXPODS   REPLICAS   AGE
websocket-hpa   Deployment/websocket-server   cpu: 1%/60%   2         15        15         10m
1783199527
NAME            REFERENCE                     TARGETS       MINPODS   MAXPODS   REPLICAS   AGE
websocket-hpa   Deployment/websocket-server   cpu: 1%/60%   2         15        15         10m
1783199532
NAME            REFERENCE                     TARGETS       MINPODS   MAXPODS   REPLICAS   AGE
websocket-hpa   Deployment/websocket-server   cpu: 1%/60%   2         15        15         10m
1783199537
NAME            REFERENCE                     TARGETS        MINPODS   MAXPODS   REPLICAS   AGE
websocket-hpa   Deployment/websocket-server   cpu: 23%/60%   2         15        3          10m
1783199542
NAME            REFERENCE                     TARGETS        MINPODS   MAXPODS   REPLICAS   AGE
websocket-hpa   Deployment/websocket-server   cpu: 23%/60%   2         15        3          10m
1783199548
NAME            REFERENCE                     TARGETS        MINPODS   MAXPODS   REPLICAS   AGE
websocket-hpa   Deployment/websocket-server   cpu: 23%/60%   2         15        3          10m
1783199553
NAME            REFERENCE                     TARGETS        MINPODS   MAXPODS   REPLICAS   AGE
websocket-hpa   Deployment/websocket-server   cpu: 79%/60%   2         15        2          10m
1783199558
NAME            REFERENCE                     TARGETS        MINPODS   MAXPODS   REPLICAS   AGE
websocket-hpa   Deployment/websocket-server   cpu: 79%/60%   2         15        2          10m
1783199563
NAME            REFERENCE                     TARGETS        MINPODS   MAXPODS   REPLICAS   AGE
websocket-hpa   Deployment/websocket-server   cpu: 79%/60%   2         15        2          11m
1783199568
NAME            REFERENCE                     TARGETS         MINPODS   MAXPODS   REPLICAS   AGE
websocket-hpa   Deployment/websocket-server   cpu: 153%/60%   2         15        3          11m
1783199573
NAME            REFERENCE                     TARGETS         MINPODS   MAXPODS   REPLICAS   AGE
websocket-hpa   Deployment/websocket-server   cpu: 153%/60%   2         15        3          11m
1783199578
NAME            REFERENCE                     TARGETS         MINPODS   MAXPODS   REPLICAS   AGE
websocket-hpa   Deployment/websocket-server   cpu: 153%/60%   2         15        3          11m
1783199583
NAME            REFERENCE                     TARGETS         MINPODS   MAXPODS   REPLICAS   AGE
websocket-hpa   Deployment/websocket-server   cpu: 218%/60%   2         15        6          11m
1783199588
NAME            REFERENCE                     TARGETS         MINPODS   MAXPODS   REPLICAS   AGE
websocket-hpa   Deployment/websocket-server   cpu: 218%/60%   2         15        6          11m
1783199593
NAME            REFERENCE                     TARGETS         MINPODS   MAXPODS   REPLICAS   AGE
websocket-hpa   Deployment/websocket-server   cpu: 218%/60%   2         15        6          11m
1783199599
NAME            REFERENCE                     TARGETS         MINPODS   MAXPODS   REPLICAS   AGE
websocket-hpa   Deployment/websocket-server   cpu: 222%/60%   2         15        11         11m
1783199604
NAME            REFERENCE                     TARGETS         MINPODS   MAXPODS   REPLICAS   AGE
websocket-hpa   Deployment/websocket-server   cpu: 222%/60%   2         15        11         11m
1783199609
NAME            REFERENCE                     TARGETS         MINPODS   MAXPODS   REPLICAS   AGE
websocket-hpa   Deployment/websocket-server   cpu: 111%/60%   2         15        15         11m
1783199614
NAME            REFERENCE                     TARGETS         MINPODS   MAXPODS   REPLICAS   AGE
websocket-hpa   Deployment/websocket-server   cpu: 111%/60%   2         15        15         11m
1783199619
NAME            REFERENCE                     TARGETS         MINPODS   MAXPODS   REPLICAS   AGE
websocket-hpa   Deployment/websocket-server   cpu: 111%/60%   2         15        15         11m
1783199624
NAME            REFERENCE                     TARGETS        MINPODS   MAXPODS   REPLICAS   AGE
websocket-hpa   Deployment/websocket-server   cpu: 11%/60%   2         15        15         12m
1783199629
NAME            REFERENCE                     TARGETS        MINPODS   MAXPODS   REPLICAS   AGE
websocket-hpa   Deployment/websocket-server   cpu: 11%/60%   2         15        15         12m
1783199634
NAME            REFERENCE                     TARGETS        MINPODS   MAXPODS   REPLICAS   AGE
websocket-hpa   Deployment/websocket-server   cpu: 11%/60%   2         15        15         12m
1783199639
NAME            REFERENCE                     TARGETS       MINPODS   MAXPODS   REPLICAS   AGE
websocket-hpa   Deployment/websocket-server   cpu: 0%/60%   2         15        15         12m
1783199644
NAME            REFERENCE                     TARGETS       MINPODS   MAXPODS   REPLICAS   AGE
websocket-hpa   Deployment/websocket-server   cpu: 0%/60%   2         15        15         12m
1783199650
NAME            REFERENCE                     TARGETS       MINPODS   MAXPODS   REPLICAS   AGE
websocket-hpa   Deployment/websocket-server   cpu: 0%/60%   2         15        15         12m
1783199655
NAME            REFERENCE                     TARGETS       MINPODS   MAXPODS   REPLICAS   AGE
websocket-hpa   Deployment/websocket-server   cpu: 0%/60%   2         15        15         12m
1783199660
NAME            REFERENCE                     TARGETS       MINPODS   MAXPODS   REPLICAS   AGE
websocket-hpa   Deployment/websocket-server   cpu: 0%/60%   2         15        15         12m
1783199665
NAME            REFERENCE                     TARGETS       MINPODS   MAXPODS   REPLICAS   AGE
websocket-hpa   Deployment/websocket-server   cpu: 0%/60%   2         15        15         12m
1783199670
NAME            REFERENCE                     TARGETS       MINPODS   MAXPODS   REPLICAS   AGE
websocket-hpa   Deployment/websocket-server   cpu: 1%/60%   2         15        15         12m
1783199675
NAME            REFERENCE                     TARGETS       MINPODS   MAXPODS   REPLICAS   AGE
websocket-hpa   Deployment/websocket-server   cpu: 1%/60%   2         15        15         12m
1783199680
NAME            REFERENCE                     TARGETS       MINPODS   MAXPODS   REPLICAS   AGE
websocket-hpa   Deployment/websocket-server   cpu: 1%/60%   2         15        15         13m
1783199685
NAME            REFERENCE                     TARGETS       MINPODS   MAXPODS   REPLICAS   AGE
websocket-hpa   Deployment/websocket-server   cpu: 1%/60%   2         15        3          13m
1783199690
NAME            REFERENCE                     TARGETS       MINPODS   MAXPODS   REPLICAS   AGE
websocket-hpa   Deployment/websocket-server   cpu: 1%/60%   2         15        3          13m
1783199695
NAME            REFERENCE                     TARGETS       MINPODS   MAXPODS   REPLICAS   AGE
websocket-hpa   Deployment/websocket-server   cpu: 1%/60%   2         15        3          13m
1783199701
NAME            REFERENCE                     TARGETS       MINPODS   MAXPODS   REPLICAS   AGE
websocket-hpa   Deployment/websocket-server   cpu: 1%/60%   2         15        2          13m
1783199706
NAME            REFERENCE                     TARGETS       MINPODS   MAXPODS   REPLICAS   AGE
websocket-hpa   Deployment/websocket-server   cpu: 1%/60%   2         15        2          13m
1783199711
NAME            REFERENCE                     TARGETS       MINPODS   MAXPODS   REPLICAS   AGE
websocket-hpa   Deployment/websocket-server   cpu: 1%/60%   2         15        2          13m
1783199716
NAME            REFERENCE                     TARGETS       MINPODS   MAXPODS   REPLICAS   AGE
websocket-hpa   Deployment/websocket-server   cpu: 1%/60%   2         15        2          13m
