1781211122
websocket-server-8585946c55-bbj58   1m    27Mi   
websocket-server-8585946c55-bp8qk   21m   27Mi   
1781211127
websocket-server-8585946c55-bbj58   1m    27Mi   
websocket-server-8585946c55-bp8qk   21m   27Mi   
1781211132
websocket-server-8585946c55-bbj58   1m    28Mi   
websocket-server-8585946c55-bp8qk   1m    28Mi   
1781211137
websocket-server-8585946c55-bbj58   1m    28Mi   
websocket-server-8585946c55-bp8qk   1m    28Mi   
1781211142
websocket-server-8585946c55-bbj58   1m    27Mi   
websocket-server-8585946c55-bp8qk   1m    27Mi   
1781211147
websocket-server-8585946c55-bbj58   1m    27Mi   
websocket-server-8585946c55-bp8qk   1m    27Mi   
1781211152
websocket-server-8585946c55-bbj58   1m    27Mi   
websocket-server-8585946c55-bp8qk   1m    27Mi   
1781211157
websocket-server-8585946c55-bbj58   18m   31Mi   
websocket-server-8585946c55-bp8qk   8m    28Mi   
1781211162
websocket-server-8585946c55-bbj58   18m   31Mi   
websocket-server-8585946c55-bp8qk   8m    28Mi   
1781211167
websocket-server-8585946c55-bbj58   18m   31Mi   
websocket-server-8585946c55-bp8qk   8m    28Mi   
1781211172
websocket-server-8585946c55-bbj58   57m   35Mi   
websocket-server-8585946c55-bp8qk   44m   33Mi   
1781211177
websocket-server-8585946c55-bbj58   57m   35Mi   
websocket-server-8585946c55-bp8qk   44m   33Mi   
1781211182
websocket-server-8585946c55-bbj58   57m   35Mi   
websocket-server-8585946c55-bp8qk   44m   33Mi   
1781211187
websocket-server-8585946c55-bbj58   93m   38Mi   
websocket-server-8585946c55-bp8qk   86m   38Mi   
1781211192
websocket-server-8585946c55-bbj58   93m   38Mi   
websocket-server-8585946c55-bp8qk   86m   38Mi   
1781211197
websocket-server-8585946c55-bbj58   93m   38Mi   
websocket-server-8585946c55-bp8qk   86m   38Mi   
1781211202
websocket-server-8585946c55-bbj58   122m   42Mi   
websocket-server-8585946c55-bp8qk   140m   43Mi   
1781211207
websocket-server-8585946c55-bbj58   122m   42Mi   
websocket-server-8585946c55-bp8qk   140m   43Mi   
1781211213
websocket-server-8585946c55-bbj58   122m   42Mi   
websocket-server-8585946c55-bp8qk   140m   43Mi   
1781211218
websocket-server-8585946c55-bbj58   155m   44Mi   
websocket-server-8585946c55-bp8qk   165m   46Mi   
websocket-server-8585946c55-vr2mf   36m    29Mi   
1781211223
websocket-server-8585946c55-bbj58   155m   44Mi   
websocket-server-8585946c55-bp8qk   165m   46Mi   
websocket-server-8585946c55-vr2mf   36m    29Mi   
1781211228
websocket-server-8585946c55-bbj58   155m   44Mi   
websocket-server-8585946c55-bp8qk   165m   46Mi   
websocket-server-8585946c55-vr2mf   36m    29Mi   
1781211233
websocket-server-8585946c55-7zx8z   36m    28Mi   
websocket-server-8585946c55-bbj58   166m   46Mi   
websocket-server-8585946c55-bp8qk   177m   46Mi   
websocket-server-8585946c55-tmckp   25m    28Mi   
websocket-server-8585946c55-vr2mf   33m    31Mi   
1781211238
websocket-server-8585946c55-7zx8z   36m    28Mi   
websocket-server-8585946c55-bbj58   166m   46Mi   
websocket-server-8585946c55-bp8qk   177m   46Mi   
websocket-server-8585946c55-tmckp   25m    28Mi   
websocket-server-8585946c55-vr2mf   33m    31Mi   
1781211243
websocket-server-8585946c55-7zx8z   36m    28Mi   
websocket-server-8585946c55-bbj58   166m   46Mi   
websocket-server-8585946c55-bp8qk   177m   46Mi   
websocket-server-8585946c55-tmckp   25m    28Mi   
websocket-server-8585946c55-vr2mf   33m    31Mi   
1781211248
websocket-server-8585946c55-7zx8z   22m    29Mi   
websocket-server-8585946c55-bbj58   172m   46Mi   
websocket-server-8585946c55-bp8qk   188m   47Mi   
websocket-server-8585946c55-tmckp   19m    29Mi   
websocket-server-8585946c55-vr2mf   44m    31Mi   
1781211253
websocket-server-8585946c55-7zx8z   22m    29Mi   
websocket-server-8585946c55-bbj58   172m   46Mi   
websocket-server-8585946c55-bp8qk   188m   47Mi   
websocket-server-8585946c55-tmckp   19m    29Mi   
websocket-server-8585946c55-vr2mf   44m    31Mi   
1781211258
websocket-server-8585946c55-7zx8z   22m    29Mi   
websocket-server-8585946c55-bbj58   172m   46Mi   
websocket-server-8585946c55-bp8qk   188m   47Mi   
websocket-server-8585946c55-tmckp   19m    29Mi   
websocket-server-8585946c55-vr2mf   44m    31Mi   
1781211263
websocket-server-8585946c55-7zx8z   23m    29Mi   
websocket-server-8585946c55-bbj58   176m   46Mi   
websocket-server-8585946c55-bp8qk   188m   47Mi   
websocket-server-8585946c55-p6jwg   1m     27Mi   
websocket-server-8585946c55-rv4s9   1m     27Mi   
websocket-server-8585946c55-tmckp   18m    29Mi   
websocket-server-8585946c55-vr2mf   44m    31Mi   
1781211268
websocket-server-8585946c55-7zx8z   23m    29Mi   
websocket-server-8585946c55-bbj58   176m   46Mi   
websocket-server-8585946c55-bp8qk   188m   47Mi   
websocket-server-8585946c55-p6jwg   1m     27Mi   
websocket-server-8585946c55-rv4s9   1m     27Mi   
websocket-server-8585946c55-tmckp   18m    29Mi   
websocket-server-8585946c55-vr2mf   44m    31Mi   
1781211273
websocket-server-8585946c55-7zx8z   23m    29Mi   
websocket-server-8585946c55-bbj58   176m   46Mi   
websocket-server-8585946c55-bp8qk   188m   47Mi   
websocket-server-8585946c55-p6jwg   1m     27Mi   
websocket-server-8585946c55-rv4s9   1m     27Mi   
websocket-server-8585946c55-tmckp   18m    29Mi   
websocket-server-8585946c55-vr2mf   44m    31Mi   
1781211278
websocket-server-8585946c55-7zx8z   4m     29Mi   
websocket-server-8585946c55-bbj58   176m   46Mi   
websocket-server-8585946c55-bp8qk   85m    47Mi   
websocket-server-8585946c55-p6jwg   1m     28Mi   
websocket-server-8585946c55-rv4s9   0m     27Mi   
websocket-server-8585946c55-tmckp   6m     29Mi   
websocket-server-8585946c55-vr2mf   37m    31Mi   
1781211283
websocket-server-8585946c55-7zx8z   4m     29Mi   
websocket-server-8585946c55-bbj58   176m   46Mi   
websocket-server-8585946c55-bp8qk   85m    47Mi   
websocket-server-8585946c55-p6jwg   1m     28Mi   
websocket-server-8585946c55-rv4s9   0m     27Mi   
websocket-server-8585946c55-tmckp   6m     29Mi   
websocket-server-8585946c55-vr2mf   37m    31Mi   
1781211288
websocket-server-8585946c55-7zx8z   4m     29Mi   
websocket-server-8585946c55-bbj58   176m   46Mi   
websocket-server-8585946c55-bp8qk   85m    47Mi   
websocket-server-8585946c55-p6jwg   1m     28Mi   
websocket-server-8585946c55-rv4s9   0m     27Mi   
websocket-server-8585946c55-tmckp   6m     29Mi   
websocket-server-8585946c55-vr2mf   37m    31Mi   
1781211293
websocket-server-8585946c55-7zx8z   4m    29Mi   
websocket-server-8585946c55-bbj58   15m   46Mi   
websocket-server-8585946c55-bp8qk   5m    46Mi   
websocket-server-8585946c55-p6jwg   1m    28Mi   
websocket-server-8585946c55-rv4s9   1m    27Mi   
websocket-server-8585946c55-tmckp   1m    29Mi   
websocket-server-8585946c55-vr2mf   2m    31Mi   
1781211298
websocket-server-8585946c55-7zx8z   4m    29Mi   
websocket-server-8585946c55-bbj58   15m   46Mi   
websocket-server-8585946c55-bp8qk   5m    46Mi   
websocket-server-8585946c55-p6jwg   1m    28Mi   
websocket-server-8585946c55-rv4s9   1m    27Mi   
websocket-server-8585946c55-tmckp   1m    29Mi   
websocket-server-8585946c55-vr2mf   2m    31Mi   
1781211303
websocket-server-8585946c55-7zx8z   4m    29Mi   
websocket-server-8585946c55-bbj58   15m   46Mi   
websocket-server-8585946c55-bp8qk   5m    46Mi   
websocket-server-8585946c55-p6jwg   1m    28Mi   
websocket-server-8585946c55-rv4s9   1m    27Mi   
websocket-server-8585946c55-tmckp   1m    29Mi   
websocket-server-8585946c55-vr2mf   2m    31Mi   
1781211308
websocket-server-8585946c55-7zx8z   1m    29Mi   
websocket-server-8585946c55-bbj58   5m    46Mi   
websocket-server-8585946c55-bp8qk   5m    46Mi   
websocket-server-8585946c55-p6jwg   1m    27Mi   
websocket-server-8585946c55-rv4s9   1m    27Mi   
websocket-server-8585946c55-tmckp   1m    29Mi   
websocket-server-8585946c55-vr2mf   1m    31Mi   
1781211313
websocket-server-8585946c55-7zx8z   1m    29Mi   
websocket-server-8585946c55-bbj58   5m    46Mi   
websocket-server-8585946c55-bp8qk   5m    46Mi   
websocket-server-8585946c55-p6jwg   1m    27Mi   
websocket-server-8585946c55-rv4s9   1m    27Mi   
websocket-server-8585946c55-tmckp   1m    29Mi   
websocket-server-8585946c55-vr2mf   1m    31Mi   
1781211319
websocket-server-8585946c55-7zx8z   1m    29Mi   
websocket-server-8585946c55-bbj58   5m    46Mi   
websocket-server-8585946c55-bp8qk   5m    46Mi   
websocket-server-8585946c55-p6jwg   1m    27Mi   
websocket-server-8585946c55-rv4s9   1m    27Mi   
websocket-server-8585946c55-tmckp   1m    29Mi   
websocket-server-8585946c55-vr2mf   1m    31Mi   
1781211324
websocket-server-8585946c55-7zx8z   1m    29Mi   
websocket-server-8585946c55-bbj58   5m    46Mi   
websocket-server-8585946c55-bp8qk   5m    46Mi   
websocket-server-8585946c55-p6jwg   1m    27Mi   
websocket-server-8585946c55-rv4s9   1m    27Mi   
websocket-server-8585946c55-tmckp   1m    29Mi   
websocket-server-8585946c55-vr2mf   2m    31Mi   
1781211329
websocket-server-8585946c55-7zx8z   1m    29Mi   
websocket-server-8585946c55-bbj58   5m    46Mi   
websocket-server-8585946c55-bp8qk   5m    46Mi   
websocket-server-8585946c55-p6jwg   1m    27Mi   
websocket-server-8585946c55-rv4s9   1m    27Mi   
websocket-server-8585946c55-tmckp   1m    29Mi   
websocket-server-8585946c55-vr2mf   2m    31Mi   
1781211334
websocket-server-8585946c55-7zx8z   1m    29Mi   
websocket-server-8585946c55-bbj58   5m    46Mi   
websocket-server-8585946c55-bp8qk   5m    46Mi   
websocket-server-8585946c55-p6jwg   1m    27Mi   
websocket-server-8585946c55-rv4s9   1m    27Mi   
websocket-server-8585946c55-tmckp   1m    29Mi   
websocket-server-8585946c55-vr2mf   2m    31Mi   
1781211339
websocket-server-8585946c55-7zx8z   1m    29Mi   
websocket-server-8585946c55-bbj58   5m    46Mi   
websocket-server-8585946c55-bp8qk   5m    47Mi   
websocket-server-8585946c55-p6jwg   1m    27Mi   
websocket-server-8585946c55-rv4s9   1m    27Mi   
websocket-server-8585946c55-tmckp   1m    29Mi   
websocket-server-8585946c55-vr2mf   2m    32Mi   
1781211344
websocket-server-8585946c55-7zx8z   1m    29Mi   
websocket-server-8585946c55-bbj58   5m    46Mi   
websocket-server-8585946c55-bp8qk   5m    47Mi   
websocket-server-8585946c55-p6jwg   1m    27Mi   
websocket-server-8585946c55-rv4s9   1m    27Mi   
websocket-server-8585946c55-tmckp   1m    29Mi   
websocket-server-8585946c55-vr2mf   2m    32Mi   
1781211349
websocket-server-8585946c55-7zx8z   1m    29Mi   
websocket-server-8585946c55-bbj58   5m    46Mi   
websocket-server-8585946c55-bp8qk   5m    47Mi   
websocket-server-8585946c55-p6jwg   1m    27Mi   
websocket-server-8585946c55-rv4s9   1m    27Mi   
websocket-server-8585946c55-tmckp   1m    29Mi   
websocket-server-8585946c55-vr2mf   2m    32Mi   
1781211354
websocket-server-8585946c55-7zx8z   1m    29Mi   
websocket-server-8585946c55-bbj58   5m    46Mi   
websocket-server-8585946c55-bp8qk   5m    47Mi   
websocket-server-8585946c55-p6jwg   0m    27Mi   
websocket-server-8585946c55-rv4s9   1m    27Mi   
websocket-server-8585946c55-tmckp   1m    29Mi   
websocket-server-8585946c55-vr2mf   1m    31Mi   
1781211359
websocket-server-8585946c55-7zx8z   1m    29Mi   
websocket-server-8585946c55-bbj58   5m    46Mi   
websocket-server-8585946c55-bp8qk   5m    47Mi   
websocket-server-8585946c55-p6jwg   0m    27Mi   
websocket-server-8585946c55-rv4s9   1m    27Mi   
websocket-server-8585946c55-tmckp   1m    29Mi   
websocket-server-8585946c55-vr2mf   1m    31Mi   
1781211364
websocket-server-8585946c55-7zx8z   1m    29Mi   
websocket-server-8585946c55-bbj58   5m    46Mi   
websocket-server-8585946c55-bp8qk   5m    47Mi   
websocket-server-8585946c55-p6jwg   0m    27Mi   
websocket-server-8585946c55-rv4s9   1m    27Mi   
websocket-server-8585946c55-tmckp   1m    29Mi   
websocket-server-8585946c55-vr2mf   1m    31Mi   
1781211369
websocket-server-8585946c55-7zx8z   1m    29Mi   
websocket-server-8585946c55-bbj58   5m    46Mi   
websocket-server-8585946c55-bp8qk   5m    47Mi   
websocket-server-8585946c55-p6jwg   1m    27Mi   
websocket-server-8585946c55-rv4s9   1m    27Mi   
websocket-server-8585946c55-tmckp   1m    29Mi   
websocket-server-8585946c55-vr2mf   2m    31Mi   
1781211374
websocket-server-8585946c55-7zx8z   1m    29Mi   
websocket-server-8585946c55-bbj58   5m    46Mi   
websocket-server-8585946c55-bp8qk   5m    47Mi   
websocket-server-8585946c55-p6jwg   1m    27Mi   
websocket-server-8585946c55-rv4s9   1m    27Mi   
websocket-server-8585946c55-tmckp   1m    29Mi   
websocket-server-8585946c55-vr2mf   2m    31Mi   
1781211379
websocket-server-8585946c55-7zx8z   1m    29Mi   
websocket-server-8585946c55-bbj58   5m    46Mi   
websocket-server-8585946c55-bp8qk   5m    47Mi   
websocket-server-8585946c55-p6jwg   1m    27Mi   
websocket-server-8585946c55-rv4s9   1m    27Mi   
websocket-server-8585946c55-tmckp   1m    29Mi   
websocket-server-8585946c55-vr2mf   2m    31Mi   
1781211384
websocket-server-8585946c55-7zx8z   1m    29Mi   
websocket-server-8585946c55-bbj58   5m    46Mi   
websocket-server-8585946c55-bp8qk   5m    47Mi   
websocket-server-8585946c55-p6jwg   1m    27Mi   
websocket-server-8585946c55-rv4s9   1m    27Mi   
websocket-server-8585946c55-tmckp   1m    29Mi   
websocket-server-8585946c55-vr2mf   2m    31Mi   
1781211389
websocket-server-8585946c55-7zx8z   1m    29Mi   
websocket-server-8585946c55-bbj58   5m    46Mi   
websocket-server-8585946c55-bp8qk   5m    47Mi   
websocket-server-8585946c55-p6jwg   1m    27Mi   
websocket-server-8585946c55-rv4s9   1m    27Mi   
websocket-server-8585946c55-tmckp   1m    29Mi   
websocket-server-8585946c55-vr2mf   2m    31Mi   
1781211394
websocket-server-8585946c55-7zx8z   1m    29Mi   
websocket-server-8585946c55-bbj58   5m    46Mi   
websocket-server-8585946c55-bp8qk   5m    47Mi   
websocket-server-8585946c55-p6jwg   1m    27Mi   
websocket-server-8585946c55-rv4s9   1m    27Mi   
websocket-server-8585946c55-tmckp   1m    29Mi   
websocket-server-8585946c55-vr2mf   2m    31Mi   
1781211399
websocket-server-8585946c55-7zx8z   1m    29Mi   
websocket-server-8585946c55-bbj58   5m    46Mi   
websocket-server-8585946c55-bp8qk   5m    47Mi   
websocket-server-8585946c55-p6jwg   1m    27Mi   
websocket-server-8585946c55-rv4s9   1m    27Mi   
websocket-server-8585946c55-tmckp   1m    29Mi   
websocket-server-8585946c55-vr2mf   2m    31Mi   
1781211404
websocket-server-8585946c55-7zx8z   1m    29Mi   
websocket-server-8585946c55-bbj58   5m    46Mi   
websocket-server-8585946c55-bp8qk   5m    47Mi   
websocket-server-8585946c55-p6jwg   1m    27Mi   
websocket-server-8585946c55-rv4s9   1m    27Mi   
websocket-server-8585946c55-tmckp   1m    29Mi   
websocket-server-8585946c55-vr2mf   2m    31Mi   
1781211409
websocket-server-8585946c55-7zx8z   1m    29Mi   
websocket-server-8585946c55-bbj58   5m    46Mi   
websocket-server-8585946c55-bp8qk   5m    47Mi   
websocket-server-8585946c55-p6jwg   1m    27Mi   
websocket-server-8585946c55-rv4s9   1m    27Mi   
websocket-server-8585946c55-tmckp   1m    29Mi   
websocket-server-8585946c55-vr2mf   2m    31Mi   
1781211414
websocket-server-8585946c55-7zx8z   1m    29Mi   
websocket-server-8585946c55-bbj58   5m    46Mi   
websocket-server-8585946c55-bp8qk   5m    47Mi   
websocket-server-8585946c55-p6jwg   0m    27Mi   
websocket-server-8585946c55-rv4s9   1m    27Mi   
websocket-server-8585946c55-tmckp   1m    29Mi   
websocket-server-8585946c55-vr2mf   2m    31Mi   
1781211419
websocket-server-8585946c55-7zx8z   1m    29Mi   
websocket-server-8585946c55-bbj58   5m    46Mi   
websocket-server-8585946c55-bp8qk   5m    47Mi   
websocket-server-8585946c55-p6jwg   0m    27Mi   
websocket-server-8585946c55-rv4s9   1m    27Mi   
websocket-server-8585946c55-tmckp   1m    29Mi   
websocket-server-8585946c55-vr2mf   2m    31Mi   
1781211424
websocket-server-8585946c55-7zx8z   1m    29Mi   
websocket-server-8585946c55-bbj58   5m    46Mi   
websocket-server-8585946c55-bp8qk   5m    47Mi   
websocket-server-8585946c55-p6jwg   0m    27Mi   
websocket-server-8585946c55-rv4s9   1m    27Mi   
websocket-server-8585946c55-tmckp   1m    29Mi   
websocket-server-8585946c55-vr2mf   2m    31Mi   
1781211429
websocket-server-8585946c55-7zx8z   1m    29Mi   
websocket-server-8585946c55-bbj58   5m    46Mi   
websocket-server-8585946c55-bp8qk   5m    47Mi   
websocket-server-8585946c55-p6jwg   1m    27Mi   
websocket-server-8585946c55-rv4s9   1m    27Mi   
websocket-server-8585946c55-tmckp   1m    29Mi   
websocket-server-8585946c55-vr2mf   2m    31Mi   
1781211435
websocket-server-8585946c55-7zx8z   1m    29Mi   
websocket-server-8585946c55-bbj58   5m    46Mi   
websocket-server-8585946c55-bp8qk   5m    47Mi   
websocket-server-8585946c55-p6jwg   1m    27Mi   
websocket-server-8585946c55-rv4s9   1m    27Mi   
websocket-server-8585946c55-tmckp   1m    29Mi   
websocket-server-8585946c55-vr2mf   2m    31Mi   
1781211440
websocket-server-8585946c55-7zx8z   1m    29Mi   
websocket-server-8585946c55-bbj58   5m    46Mi   
websocket-server-8585946c55-bp8qk   5m    47Mi   
websocket-server-8585946c55-p6jwg   1m    27Mi   
websocket-server-8585946c55-rv4s9   1m    27Mi   
websocket-server-8585946c55-tmckp   1m    29Mi   
websocket-server-8585946c55-vr2mf   2m    31Mi   
1781211445
websocket-server-8585946c55-7zx8z   1m    29Mi   
websocket-server-8585946c55-bbj58   5m    46Mi   
websocket-server-8585946c55-bp8qk   5m    47Mi   
websocket-server-8585946c55-p6jwg   1m    27Mi   
websocket-server-8585946c55-rv4s9   1m    27Mi   
websocket-server-8585946c55-tmckp   1m    29Mi   
websocket-server-8585946c55-vr2mf   2m    31Mi   
1781211450
websocket-server-8585946c55-7zx8z   1m    29Mi   
websocket-server-8585946c55-bbj58   5m    46Mi   
websocket-server-8585946c55-bp8qk   5m    47Mi   
websocket-server-8585946c55-p6jwg   1m    27Mi   
websocket-server-8585946c55-rv4s9   1m    27Mi   
websocket-server-8585946c55-tmckp   1m    29Mi   
websocket-server-8585946c55-vr2mf   2m    31Mi   
1781211455
websocket-server-8585946c55-7zx8z   1m    29Mi   
websocket-server-8585946c55-bbj58   5m    46Mi   
websocket-server-8585946c55-bp8qk   5m    47Mi   
websocket-server-8585946c55-p6jwg   1m    27Mi   
websocket-server-8585946c55-rv4s9   1m    27Mi   
websocket-server-8585946c55-tmckp   1m    29Mi   
websocket-server-8585946c55-vr2mf   2m    31Mi   
1781211460
websocket-server-8585946c55-7zx8z   1m    29Mi   
websocket-server-8585946c55-bbj58   5m    46Mi   
websocket-server-8585946c55-bp8qk   5m    47Mi   
websocket-server-8585946c55-p6jwg   1m    27Mi   
websocket-server-8585946c55-rv4s9   1m    27Mi   
websocket-server-8585946c55-tmckp   1m    29Mi   
websocket-server-8585946c55-vr2mf   1m    31Mi   
1781211465
websocket-server-8585946c55-7zx8z   1m    29Mi   
websocket-server-8585946c55-bbj58   5m    46Mi   
websocket-server-8585946c55-bp8qk   5m    47Mi   
websocket-server-8585946c55-p6jwg   1m    27Mi   
websocket-server-8585946c55-rv4s9   1m    27Mi   
websocket-server-8585946c55-tmckp   1m    29Mi   
websocket-server-8585946c55-vr2mf   1m    31Mi   
1781211470
websocket-server-8585946c55-7zx8z   1m    29Mi   
websocket-server-8585946c55-bbj58   5m    46Mi   
websocket-server-8585946c55-bp8qk   5m    47Mi   
websocket-server-8585946c55-p6jwg   1m    27Mi   
websocket-server-8585946c55-rv4s9   1m    27Mi   
websocket-server-8585946c55-tmckp   1m    29Mi   
websocket-server-8585946c55-vr2mf   1m    31Mi   
1781211475
websocket-server-8585946c55-7zx8z   1m    29Mi   
websocket-server-8585946c55-bbj58   5m    46Mi   
websocket-server-8585946c55-bp8qk   5m    47Mi   
websocket-server-8585946c55-p6jwg   1m    27Mi   
websocket-server-8585946c55-rv4s9   1m    27Mi   
websocket-server-8585946c55-tmckp   1m    29Mi   
websocket-server-8585946c55-vr2mf   2m    31Mi   
1781211480
websocket-server-8585946c55-7zx8z   1m    29Mi   
websocket-server-8585946c55-bbj58   5m    46Mi   
websocket-server-8585946c55-bp8qk   5m    47Mi   
websocket-server-8585946c55-p6jwg   1m    27Mi   
websocket-server-8585946c55-rv4s9   1m    27Mi   
websocket-server-8585946c55-tmckp   1m    29Mi   
websocket-server-8585946c55-vr2mf   2m    31Mi   
1781211485
websocket-server-8585946c55-7zx8z   1m    29Mi   
websocket-server-8585946c55-bbj58   5m    46Mi   
websocket-server-8585946c55-bp8qk   5m    47Mi   
websocket-server-8585946c55-p6jwg   1m    27Mi   
websocket-server-8585946c55-rv4s9   1m    27Mi   
websocket-server-8585946c55-tmckp   1m    29Mi   
websocket-server-8585946c55-vr2mf   2m    31Mi   
1781211490
websocket-server-8585946c55-7zx8z   1m    29Mi   
websocket-server-8585946c55-bbj58   5m    46Mi   
websocket-server-8585946c55-bp8qk   5m    46Mi   
websocket-server-8585946c55-p6jwg   1m    27Mi   
websocket-server-8585946c55-rv4s9   1m    27Mi   
websocket-server-8585946c55-tmckp   1m    29Mi   
websocket-server-8585946c55-vr2mf   2m    31Mi   
1781211495
websocket-server-8585946c55-7zx8z   1m    29Mi   
websocket-server-8585946c55-bbj58   5m    46Mi   
websocket-server-8585946c55-bp8qk   5m    46Mi   
websocket-server-8585946c55-p6jwg   1m    27Mi   
websocket-server-8585946c55-rv4s9   1m    27Mi   
websocket-server-8585946c55-tmckp   1m    29Mi   
websocket-server-8585946c55-vr2mf   2m    31Mi   
1781211500
websocket-server-8585946c55-7zx8z   1m    29Mi   
websocket-server-8585946c55-bbj58   5m    46Mi   
websocket-server-8585946c55-bp8qk   5m    46Mi   
websocket-server-8585946c55-p6jwg   1m    27Mi   
websocket-server-8585946c55-rv4s9   1m    27Mi   
websocket-server-8585946c55-tmckp   1m    29Mi   
websocket-server-8585946c55-vr2mf   2m    31Mi   
1781211505
websocket-server-8585946c55-7zx8z   1m    29Mi   
websocket-server-8585946c55-bbj58   5m    46Mi   
websocket-server-8585946c55-bp8qk   5m    47Mi   
websocket-server-8585946c55-p6jwg   1m    27Mi   
websocket-server-8585946c55-rv4s9   1m    27Mi   
websocket-server-8585946c55-tmckp   1m    29Mi   
websocket-server-8585946c55-vr2mf   2m    31Mi   
1781211510
websocket-server-8585946c55-7zx8z   1m    29Mi   
websocket-server-8585946c55-bbj58   5m    46Mi   
websocket-server-8585946c55-bp8qk   5m    47Mi   
websocket-server-8585946c55-p6jwg   1m    27Mi   
websocket-server-8585946c55-rv4s9   1m    27Mi   
websocket-server-8585946c55-tmckp   1m    29Mi   
websocket-server-8585946c55-vr2mf   2m    31Mi   
1781211515
websocket-server-8585946c55-7zx8z   1m    29Mi   
websocket-server-8585946c55-bbj58   5m    46Mi   
websocket-server-8585946c55-bp8qk   5m    47Mi   
websocket-server-8585946c55-p6jwg   1m    27Mi   
websocket-server-8585946c55-rv4s9   1m    27Mi   
websocket-server-8585946c55-tmckp   1m    29Mi   
websocket-server-8585946c55-vr2mf   2m    31Mi   
1781211520
websocket-server-8585946c55-7zx8z   1m    29Mi   
websocket-server-8585946c55-bbj58   5m    46Mi   
websocket-server-8585946c55-bp8qk   5m    47Mi   
websocket-server-8585946c55-p6jwg   1m    27Mi   
websocket-server-8585946c55-rv4s9   1m    27Mi   
websocket-server-8585946c55-tmckp   1m    29Mi   
websocket-server-8585946c55-vr2mf   2m    31Mi   
1781211525
websocket-server-8585946c55-7zx8z   1m    29Mi   
websocket-server-8585946c55-bbj58   5m    46Mi   
websocket-server-8585946c55-bp8qk   5m    47Mi   
websocket-server-8585946c55-p6jwg   1m    27Mi   
websocket-server-8585946c55-rv4s9   1m    27Mi   
websocket-server-8585946c55-tmckp   1m    29Mi   
websocket-server-8585946c55-vr2mf   2m    31Mi   
1781211530
websocket-server-8585946c55-7zx8z   1m    29Mi   
websocket-server-8585946c55-bbj58   5m    46Mi   
websocket-server-8585946c55-bp8qk   5m    47Mi   
websocket-server-8585946c55-p6jwg   1m    27Mi   
websocket-server-8585946c55-rv4s9   1m    27Mi   
websocket-server-8585946c55-tmckp   1m    29Mi   
websocket-server-8585946c55-vr2mf   2m    31Mi   
1781211535
websocket-server-8585946c55-7zx8z   1m    29Mi   
websocket-server-8585946c55-bbj58   5m    46Mi   
websocket-server-8585946c55-bp8qk   5m    47Mi   
websocket-server-8585946c55-p6jwg   1m    27Mi   
websocket-server-8585946c55-rv4s9   1m    27Mi   
websocket-server-8585946c55-tmckp   1m    29Mi   
websocket-server-8585946c55-vr2mf   2m    31Mi   
1781211540
websocket-server-8585946c55-7zx8z   1m    29Mi   
websocket-server-8585946c55-bbj58   5m    46Mi   
websocket-server-8585946c55-bp8qk   5m    47Mi   
websocket-server-8585946c55-p6jwg   1m    27Mi   
websocket-server-8585946c55-rv4s9   1m    27Mi   
websocket-server-8585946c55-tmckp   1m    29Mi   
websocket-server-8585946c55-vr2mf   2m    31Mi   
1781211546
websocket-server-8585946c55-7zx8z   1m    29Mi   
websocket-server-8585946c55-bbj58   5m    46Mi   
websocket-server-8585946c55-bp8qk   5m    47Mi   
websocket-server-8585946c55-p6jwg   1m    27Mi   
websocket-server-8585946c55-rv4s9   1m    27Mi   
websocket-server-8585946c55-tmckp   1m    29Mi   
websocket-server-8585946c55-vr2mf   2m    31Mi   
1781211551
websocket-server-8585946c55-7zx8z   1m    29Mi   
websocket-server-8585946c55-bbj58   4m    46Mi   
websocket-server-8585946c55-bp8qk   5m    47Mi   
websocket-server-8585946c55-p6jwg   1m    27Mi   
websocket-server-8585946c55-rv4s9   1m    27Mi   
websocket-server-8585946c55-tmckp   1m    29Mi   
websocket-server-8585946c55-vr2mf   2m    31Mi   
1781211556
websocket-server-8585946c55-7zx8z   1m    29Mi   
websocket-server-8585946c55-bbj58   4m    46Mi   
websocket-server-8585946c55-bp8qk   5m    47Mi   
websocket-server-8585946c55-p6jwg   1m    27Mi   
websocket-server-8585946c55-rv4s9   1m    27Mi   
websocket-server-8585946c55-tmckp   1m    29Mi   
websocket-server-8585946c55-vr2mf   2m    31Mi   
