1781204717
websocket-server-8585946c55-6nzq6   25m   27Mi   
websocket-server-8585946c55-d78sk   19m   27Mi   
1781204722
websocket-server-8585946c55-6nzq6   25m   27Mi   
websocket-server-8585946c55-d78sk   19m   27Mi   
1781204727
websocket-server-8585946c55-6nzq6   25m   27Mi   
websocket-server-8585946c55-d78sk   19m   27Mi   
1781204732
websocket-server-8585946c55-6nzq6   1m    27Mi   
websocket-server-8585946c55-d78sk   1m    27Mi   
1781204737
websocket-server-8585946c55-6nzq6   1m    27Mi   
websocket-server-8585946c55-d78sk   1m    27Mi   
1781204742
websocket-server-8585946c55-6nzq6   1m    27Mi   
websocket-server-8585946c55-d78sk   1m    27Mi   
1781204747
websocket-server-8585946c55-6nzq6   7m    28Mi   
websocket-server-8585946c55-d78sk   2m    28Mi   
1781204752
websocket-server-8585946c55-6nzq6   7m    28Mi   
websocket-server-8585946c55-d78sk   2m    28Mi   
1781204757
websocket-server-8585946c55-6nzq6   7m    28Mi   
websocket-server-8585946c55-d78sk   2m    28Mi   
1781204762
websocket-server-8585946c55-6nzq6   38m   32Mi   
websocket-server-8585946c55-d78sk   32m   31Mi   
1781204767
websocket-server-8585946c55-6nzq6   38m   32Mi   
websocket-server-8585946c55-d78sk   32m   31Mi   
1781204772
websocket-server-8585946c55-6nzq6   38m   32Mi   
websocket-server-8585946c55-d78sk   32m   31Mi   
1781204777
websocket-server-8585946c55-6nzq6   82m   37Mi   
websocket-server-8585946c55-d78sk   61m   34Mi   
1781204782
websocket-server-8585946c55-6nzq6   82m   37Mi   
websocket-server-8585946c55-d78sk   61m   34Mi   
1781204787
websocket-server-8585946c55-6nzq6   82m   37Mi   
websocket-server-8585946c55-d78sk   61m   34Mi   
1781204793
websocket-server-8585946c55-6nzq6   129m   41Mi   
websocket-server-8585946c55-d78sk   87m    36Mi   
1781204798
websocket-server-8585946c55-6nzq6   129m   41Mi   
websocket-server-8585946c55-d78sk   87m    36Mi   
1781204803
websocket-server-8585946c55-6nzq6   129m   41Mi   
websocket-server-8585946c55-d78sk   87m    36Mi   
1781204808
websocket-server-8585946c55-6nzq6   158m   43Mi   
websocket-server-8585946c55-d78sk   136m   43Mi   
websocket-server-8585946c55-wgk7z   30m    29Mi   
1781204813
websocket-server-8585946c55-6nzq6   158m   43Mi   
websocket-server-8585946c55-d78sk   136m   43Mi   
websocket-server-8585946c55-wgk7z   30m    29Mi   
1781204818
websocket-server-8585946c55-6nzq6   158m   43Mi   
websocket-server-8585946c55-d78sk   136m   43Mi   
websocket-server-8585946c55-wgk7z   30m    29Mi   
1781204823
websocket-server-8585946c55-6nzq6   169m   45Mi   
websocket-server-8585946c55-9xpbr   12m    28Mi   
websocket-server-8585946c55-d78sk   136m   43Mi   
websocket-server-8585946c55-wgk7z   34m    31Mi   
1781204828
websocket-server-8585946c55-6nzq6   169m   45Mi   
websocket-server-8585946c55-9xpbr   12m    28Mi   
websocket-server-8585946c55-d78sk   136m   43Mi   
websocket-server-8585946c55-wgk7z   34m    31Mi   
1781204833
websocket-server-8585946c55-6nzq6   169m   45Mi   
websocket-server-8585946c55-9xpbr   12m    28Mi   
websocket-server-8585946c55-d78sk   136m   43Mi   
websocket-server-8585946c55-wgk7z   34m    31Mi   
1781204838
websocket-server-8585946c55-457hl   5m     28Mi   
websocket-server-8585946c55-6nzq6   182m   47Mi   
websocket-server-8585946c55-9xpbr   25m    30Mi   
websocket-server-8585946c55-d78sk   164m   45Mi   
websocket-server-8585946c55-wgk7z   34m    31Mi   
websocket-server-8585946c55-zl8l6   6m     28Mi   
1781204843
websocket-server-8585946c55-457hl   5m     28Mi   
websocket-server-8585946c55-6nzq6   182m   47Mi   
websocket-server-8585946c55-9xpbr   25m    30Mi   
websocket-server-8585946c55-d78sk   164m   45Mi   
websocket-server-8585946c55-wgk7z   34m    31Mi   
websocket-server-8585946c55-zl8l6   6m     28Mi   
1781204848
websocket-server-8585946c55-457hl   5m     28Mi   
websocket-server-8585946c55-6nzq6   182m   47Mi   
websocket-server-8585946c55-9xpbr   25m    30Mi   
websocket-server-8585946c55-d78sk   164m   45Mi   
websocket-server-8585946c55-wgk7z   34m    31Mi   
websocket-server-8585946c55-zl8l6   6m     28Mi   
1781204853
websocket-server-8585946c55-457hl   5m     28Mi   
websocket-server-8585946c55-6nzq6   186m   47Mi   
websocket-server-8585946c55-9xpbr   25m    30Mi   
websocket-server-8585946c55-d78sk   168m   46Mi   
websocket-server-8585946c55-wgk7z   50m    32Mi   
websocket-server-8585946c55-zl8l6   6m     28Mi   
1781204858
websocket-server-8585946c55-457hl   5m     28Mi   
websocket-server-8585946c55-6nzq6   186m   47Mi   
websocket-server-8585946c55-9xpbr   25m    30Mi   
websocket-server-8585946c55-d78sk   168m   46Mi   
websocket-server-8585946c55-wgk7z   50m    32Mi   
websocket-server-8585946c55-zl8l6   6m     28Mi   
1781204863
websocket-server-8585946c55-457hl   5m     28Mi   
websocket-server-8585946c55-6nzq6   186m   47Mi   
websocket-server-8585946c55-9xpbr   25m    30Mi   
websocket-server-8585946c55-d78sk   168m   46Mi   
websocket-server-8585946c55-wgk7z   50m    32Mi   
websocket-server-8585946c55-zl8l6   6m     28Mi   
1781204868
websocket-server-8585946c55-457hl   5m     28Mi   
websocket-server-8585946c55-6nzq6   184m   47Mi   
websocket-server-8585946c55-9xpbr   25m    30Mi   
websocket-server-8585946c55-d78sk   98m    46Mi   
websocket-server-8585946c55-d8sjm   16m    27Mi   
websocket-server-8585946c55-wgk7z   51m    33Mi   
websocket-server-8585946c55-zl8l6   5m     28Mi   
1781204873
websocket-server-8585946c55-457hl   5m     28Mi   
websocket-server-8585946c55-6nzq6   184m   47Mi   
websocket-server-8585946c55-9xpbr   25m    30Mi   
websocket-server-8585946c55-d78sk   98m    46Mi   
websocket-server-8585946c55-d8sjm   16m    27Mi   
websocket-server-8585946c55-wgk7z   51m    33Mi   
websocket-server-8585946c55-zl8l6   5m     28Mi   
1781204878
websocket-server-8585946c55-457hl   5m     28Mi   
websocket-server-8585946c55-6nzq6   184m   47Mi   
websocket-server-8585946c55-9xpbr   25m    30Mi   
websocket-server-8585946c55-d78sk   98m    46Mi   
websocket-server-8585946c55-d8sjm   16m    27Mi   
websocket-server-8585946c55-wgk7z   51m    33Mi   
websocket-server-8585946c55-zl8l6   5m     28Mi   
1781204883
websocket-server-8585946c55-457hl   1m    28Mi   
websocket-server-8585946c55-6nzq6   5m    47Mi   
websocket-server-8585946c55-9xpbr   8m    29Mi   
websocket-server-8585946c55-d78sk   5m    45Mi   
websocket-server-8585946c55-d8sjm   1m    27Mi   
websocket-server-8585946c55-wgk7z   3m    32Mi   
websocket-server-8585946c55-zl8l6   1m    28Mi   
