1781203387
websocket-server-8585946c55-mcfcf   17m   27Mi   
websocket-server-8585946c55-q2pkd   1m    27Mi   
1781203392
websocket-server-8585946c55-mcfcf   17m   27Mi   
websocket-server-8585946c55-q2pkd   1m    27Mi   
1781203397
websocket-server-8585946c55-mcfcf   17m   27Mi   
websocket-server-8585946c55-q2pkd   1m    27Mi   
1781203402
websocket-server-8585946c55-mcfcf   1m    27Mi   
websocket-server-8585946c55-q2pkd   1m    27Mi   
1781203407
websocket-server-8585946c55-mcfcf   1m    27Mi   
websocket-server-8585946c55-q2pkd   1m    27Mi   
1781203412
websocket-server-8585946c55-mcfcf   1m    27Mi   
websocket-server-8585946c55-q2pkd   1m    27Mi   
1781203417
websocket-server-8585946c55-mcfcf   9m    29Mi   
websocket-server-8585946c55-q2pkd   16m   30Mi   
1781203422
websocket-server-8585946c55-mcfcf   9m    29Mi   
websocket-server-8585946c55-q2pkd   16m   30Mi   
1781203427
websocket-server-8585946c55-mcfcf   9m    29Mi   
websocket-server-8585946c55-q2pkd   16m   30Mi   
1781203432
websocket-server-8585946c55-mcfcf   46m   33Mi   
websocket-server-8585946c55-q2pkd   53m   33Mi   
1781203437
websocket-server-8585946c55-mcfcf   46m   33Mi   
websocket-server-8585946c55-q2pkd   53m   33Mi   
1781203443
websocket-server-8585946c55-mcfcf   46m   33Mi   
websocket-server-8585946c55-q2pkd   53m   33Mi   
1781203448
websocket-server-8585946c55-mcfcf   84m   37Mi   
websocket-server-8585946c55-q2pkd   73m   36Mi   
1781203453
websocket-server-8585946c55-mcfcf   84m   37Mi   
websocket-server-8585946c55-q2pkd   73m   36Mi   
1781203458
websocket-server-8585946c55-mcfcf   84m   37Mi   
websocket-server-8585946c55-q2pkd   73m   36Mi   
1781203463
websocket-server-8585946c55-mcfcf   115m   41Mi   
websocket-server-8585946c55-q2pkd   108m   40Mi   
1781203468
websocket-server-8585946c55-mcfcf   115m   41Mi   
websocket-server-8585946c55-q2pkd   108m   40Mi   
1781203473
websocket-server-8585946c55-mcfcf   115m   41Mi   
websocket-server-8585946c55-q2pkd   108m   40Mi   
1781203478
websocket-server-8585946c55-mcfcf   139m   43Mi   
websocket-server-8585946c55-q2pkd   153m   44Mi   
websocket-server-8585946c55-x5ctg   18m    29Mi   
1781203483
websocket-server-8585946c55-mcfcf   139m   43Mi   
websocket-server-8585946c55-q2pkd   153m   44Mi   
websocket-server-8585946c55-x5ctg   18m    29Mi   
1781203488
websocket-server-8585946c55-mcfcf   139m   43Mi   
websocket-server-8585946c55-q2pkd   153m   44Mi   
websocket-server-8585946c55-x5ctg   18m    29Mi   
1781203493
websocket-server-8585946c55-47hd2   19m    30Mi   
websocket-server-8585946c55-mcfcf   158m   45Mi   
websocket-server-8585946c55-q2pkd   161m   45Mi   
websocket-server-8585946c55-x5ctg   31m    31Mi   
1781203498
websocket-server-8585946c55-47hd2   19m    30Mi   
websocket-server-8585946c55-mcfcf   158m   45Mi   
websocket-server-8585946c55-q2pkd   161m   45Mi   
websocket-server-8585946c55-x5ctg   31m    31Mi   
1781203503
websocket-server-8585946c55-47hd2   19m    30Mi   
websocket-server-8585946c55-mcfcf   158m   45Mi   
websocket-server-8585946c55-q2pkd   161m   45Mi   
websocket-server-8585946c55-x5ctg   31m    31Mi   
1781203508
websocket-server-8585946c55-47hd2   19m    30Mi   
websocket-server-8585946c55-b2z4w   4m     28Mi   
websocket-server-8585946c55-ldgwd   6m     28Mi   
websocket-server-8585946c55-mcfcf   171m   46Mi   
websocket-server-8585946c55-q2pkd   175m   47Mi   
websocket-server-8585946c55-x5ctg   42m    31Mi   
1781203513
websocket-server-8585946c55-47hd2   19m    30Mi   
websocket-server-8585946c55-b2z4w   4m     28Mi   
websocket-server-8585946c55-ldgwd   6m     28Mi   
websocket-server-8585946c55-mcfcf   171m   46Mi   
websocket-server-8585946c55-q2pkd   175m   47Mi   
websocket-server-8585946c55-x5ctg   42m    31Mi   
1781203518
websocket-server-8585946c55-47hd2   19m    30Mi   
websocket-server-8585946c55-b2z4w   4m     28Mi   
websocket-server-8585946c55-ldgwd   6m     28Mi   
websocket-server-8585946c55-mcfcf   171m   46Mi   
websocket-server-8585946c55-q2pkd   175m   47Mi   
websocket-server-8585946c55-x5ctg   42m    31Mi   
1781203523
websocket-server-8585946c55-47hd2   26m    30Mi   
websocket-server-8585946c55-b2z4w   4m     28Mi   
websocket-server-8585946c55-ldgwd   6m     28Mi   
websocket-server-8585946c55-mcfcf   176m   47Mi   
websocket-server-8585946c55-q2pkd   180m   47Mi   
websocket-server-8585946c55-x5ctg   44m    31Mi   
1781203528
websocket-server-8585946c55-47hd2   26m    30Mi   
websocket-server-8585946c55-b2z4w   4m     28Mi   
websocket-server-8585946c55-ldgwd   6m     28Mi   
websocket-server-8585946c55-mcfcf   176m   47Mi   
websocket-server-8585946c55-q2pkd   180m   47Mi   
websocket-server-8585946c55-x5ctg   44m    31Mi   
1781203533
websocket-server-8585946c55-47hd2   26m    30Mi   
websocket-server-8585946c55-b2z4w   4m     28Mi   
websocket-server-8585946c55-ldgwd   6m     28Mi   
websocket-server-8585946c55-mcfcf   176m   47Mi   
websocket-server-8585946c55-q2pkd   180m   47Mi   
websocket-server-8585946c55-x5ctg   44m    31Mi   
1781203538
websocket-server-8585946c55-47hd2   9m     30Mi   
websocket-server-8585946c55-8vhtm   1m     27Mi   
websocket-server-8585946c55-b2z4w   2m     28Mi   
websocket-server-8585946c55-ldgwd   3m     28Mi   
websocket-server-8585946c55-mcfcf   105m   46Mi   
websocket-server-8585946c55-q2pkd   132m   47Mi   
websocket-server-8585946c55-x5ctg   24m    31Mi   
1781203543
websocket-server-8585946c55-47hd2   9m     30Mi   
websocket-server-8585946c55-8vhtm   1m     27Mi   
websocket-server-8585946c55-b2z4w   2m     28Mi   
websocket-server-8585946c55-ldgwd   3m     28Mi   
websocket-server-8585946c55-mcfcf   105m   46Mi   
websocket-server-8585946c55-q2pkd   132m   47Mi   
websocket-server-8585946c55-x5ctg   24m    31Mi   
1781203549
websocket-server-8585946c55-47hd2   9m     30Mi   
websocket-server-8585946c55-8vhtm   1m     27Mi   
websocket-server-8585946c55-b2z4w   2m     28Mi   
websocket-server-8585946c55-ldgwd   3m     28Mi   
websocket-server-8585946c55-mcfcf   105m   46Mi   
websocket-server-8585946c55-q2pkd   132m   47Mi   
websocket-server-8585946c55-x5ctg   24m    31Mi   
1781203554
websocket-server-8585946c55-47hd2   1m     29Mi   
websocket-server-8585946c55-8vhtm   0m     27Mi   
websocket-server-8585946c55-b2z4w   2m     28Mi   
websocket-server-8585946c55-ldgwd   3m     28Mi   
websocket-server-8585946c55-mcfcf   105m   46Mi   
websocket-server-8585946c55-q2pkd   5m     47Mi   
websocket-server-8585946c55-x5ctg   2m     31Mi   
1781203559
websocket-server-8585946c55-47hd2   1m     29Mi   
websocket-server-8585946c55-8vhtm   0m     27Mi   
websocket-server-8585946c55-b2z4w   2m     28Mi   
websocket-server-8585946c55-ldgwd   3m     28Mi   
websocket-server-8585946c55-mcfcf   105m   46Mi   
websocket-server-8585946c55-q2pkd   5m     47Mi   
websocket-server-8585946c55-x5ctg   2m     31Mi   
1781203564
websocket-server-8585946c55-47hd2   1m     29Mi   
websocket-server-8585946c55-8vhtm   0m     27Mi   
websocket-server-8585946c55-b2z4w   2m     28Mi   
websocket-server-8585946c55-ldgwd   3m     28Mi   
websocket-server-8585946c55-mcfcf   105m   46Mi   
websocket-server-8585946c55-q2pkd   5m     47Mi   
websocket-server-8585946c55-x5ctg   2m     31Mi   
1781203569
websocket-server-8585946c55-47hd2   1m    30Mi   
websocket-server-8585946c55-8vhtm   0m    27Mi   
websocket-server-8585946c55-b2z4w   1m    28Mi   
websocket-server-8585946c55-ldgwd   1m    28Mi   
websocket-server-8585946c55-mcfcf   5m    46Mi   
websocket-server-8585946c55-q2pkd   5m    47Mi   
websocket-server-8585946c55-x5ctg   1m    31Mi   
1781203574
websocket-server-8585946c55-47hd2   1m    30Mi   
websocket-server-8585946c55-8vhtm   0m    27Mi   
websocket-server-8585946c55-b2z4w   1m    28Mi   
websocket-server-8585946c55-ldgwd   1m    28Mi   
websocket-server-8585946c55-mcfcf   5m    46Mi   
websocket-server-8585946c55-q2pkd   5m    47Mi   
websocket-server-8585946c55-x5ctg   1m    31Mi   
1781203579
websocket-server-8585946c55-47hd2   1m    30Mi   
websocket-server-8585946c55-8vhtm   0m    27Mi   
websocket-server-8585946c55-b2z4w   1m    28Mi   
websocket-server-8585946c55-ldgwd   1m    28Mi   
websocket-server-8585946c55-mcfcf   5m    46Mi   
websocket-server-8585946c55-q2pkd   5m    47Mi   
websocket-server-8585946c55-x5ctg   1m    31Mi   
1781203584
websocket-server-8585946c55-47hd2   1m    30Mi   
websocket-server-8585946c55-8vhtm   1m    27Mi   
websocket-server-8585946c55-b2z4w   1m    28Mi   
websocket-server-8585946c55-ldgwd   1m    28Mi   
websocket-server-8585946c55-mcfcf   5m    47Mi   
websocket-server-8585946c55-q2pkd   5m    47Mi   
websocket-server-8585946c55-x5ctg   2m    31Mi   
1781203589
websocket-server-8585946c55-47hd2   1m    30Mi   
websocket-server-8585946c55-8vhtm   1m    27Mi   
websocket-server-8585946c55-b2z4w   1m    28Mi   
websocket-server-8585946c55-ldgwd   1m    28Mi   
websocket-server-8585946c55-mcfcf   5m    47Mi   
websocket-server-8585946c55-q2pkd   5m    47Mi   
websocket-server-8585946c55-x5ctg   2m    31Mi   
1781203594
websocket-server-8585946c55-47hd2   1m    30Mi   
websocket-server-8585946c55-8vhtm   1m    27Mi   
websocket-server-8585946c55-b2z4w   1m    28Mi   
websocket-server-8585946c55-ldgwd   1m    28Mi   
websocket-server-8585946c55-mcfcf   5m    47Mi   
websocket-server-8585946c55-q2pkd   5m    47Mi   
websocket-server-8585946c55-x5ctg   2m    31Mi   
1781203599
websocket-server-8585946c55-47hd2   1m    29Mi   
websocket-server-8585946c55-8vhtm   1m    27Mi   
websocket-server-8585946c55-b2z4w   1m    28Mi   
websocket-server-8585946c55-ldgwd   1m    28Mi   
websocket-server-8585946c55-mcfcf   5m    46Mi   
websocket-server-8585946c55-q2pkd   5m    47Mi   
websocket-server-8585946c55-x5ctg   2m    31Mi   
1781203604
websocket-server-8585946c55-47hd2   1m    29Mi   
websocket-server-8585946c55-8vhtm   1m    27Mi   
websocket-server-8585946c55-b2z4w   1m    28Mi   
websocket-server-8585946c55-ldgwd   1m    28Mi   
websocket-server-8585946c55-mcfcf   5m    46Mi   
websocket-server-8585946c55-q2pkd   5m    47Mi   
websocket-server-8585946c55-x5ctg   2m    31Mi   
1781203609
websocket-server-8585946c55-47hd2   1m    29Mi   
websocket-server-8585946c55-8vhtm   1m    27Mi   
websocket-server-8585946c55-b2z4w   1m    28Mi   
websocket-server-8585946c55-ldgwd   1m    28Mi   
websocket-server-8585946c55-mcfcf   5m    46Mi   
websocket-server-8585946c55-q2pkd   5m    47Mi   
websocket-server-8585946c55-x5ctg   2m    31Mi   
1781203614
websocket-server-8585946c55-47hd2   1m    29Mi   
websocket-server-8585946c55-8vhtm   1m    27Mi   
websocket-server-8585946c55-b2z4w   1m    28Mi   
websocket-server-8585946c55-ldgwd   1m    28Mi   
websocket-server-8585946c55-mcfcf   5m    46Mi   
websocket-server-8585946c55-q2pkd   5m    47Mi   
websocket-server-8585946c55-x5ctg   2m    31Mi   
1781203619
websocket-server-8585946c55-47hd2   1m    29Mi   
websocket-server-8585946c55-8vhtm   1m    27Mi   
websocket-server-8585946c55-b2z4w   1m    28Mi   
websocket-server-8585946c55-ldgwd   1m    28Mi   
websocket-server-8585946c55-mcfcf   5m    46Mi   
websocket-server-8585946c55-q2pkd   5m    47Mi   
websocket-server-8585946c55-x5ctg   2m    31Mi   
1781203624
websocket-server-8585946c55-b2z4w   1m    28Mi   
websocket-server-8585946c55-ldgwd   1m    28Mi   
websocket-server-8585946c55-mcfcf   5m    46Mi   
websocket-server-8585946c55-q2pkd   5m    47Mi   
websocket-server-8585946c55-x5ctg   2m    31Mi   
1781203629
websocket-server-8585946c55-b2z4w   1m    28Mi   
websocket-server-8585946c55-ldgwd   1m    28Mi   
websocket-server-8585946c55-mcfcf   5m    47Mi   
websocket-server-8585946c55-q2pkd   5m    47Mi   
websocket-server-8585946c55-x5ctg   1m    31Mi   
1781203634
websocket-server-8585946c55-b2z4w   1m    28Mi   
websocket-server-8585946c55-ldgwd   1m    28Mi   
websocket-server-8585946c55-mcfcf   5m    47Mi   
websocket-server-8585946c55-q2pkd   5m    47Mi   
websocket-server-8585946c55-x5ctg   1m    31Mi   
1781203639
websocket-server-8585946c55-mcfcf   5m    47Mi   
websocket-server-8585946c55-q2pkd   5m    47Mi   
websocket-server-8585946c55-x5ctg   1m    31Mi   
1781203644
websocket-server-8585946c55-mcfcf   5m    46Mi   
websocket-server-8585946c55-q2pkd   5m    47Mi   
websocket-server-8585946c55-x5ctg   2m    31Mi   
1781203649
websocket-server-8585946c55-mcfcf   5m    46Mi   
websocket-server-8585946c55-q2pkd   5m    47Mi   
websocket-server-8585946c55-x5ctg   2m    31Mi   
1781203654
websocket-server-8585946c55-mcfcf   5m    46Mi   
websocket-server-8585946c55-q2pkd   5m    47Mi   
websocket-server-8585946c55-x5ctg   2m    31Mi   
1781203660
websocket-server-8585946c55-mcfcf   5m    47Mi   
websocket-server-8585946c55-q2pkd   5m    47Mi   
websocket-server-8585946c55-x5ctg   2m    31Mi   
1781203665
websocket-server-8585946c55-mcfcf   5m    47Mi   
websocket-server-8585946c55-q2pkd   5m    47Mi   
websocket-server-8585946c55-x5ctg   2m    31Mi   
1781203670
websocket-server-8585946c55-mcfcf   5m    47Mi   
websocket-server-8585946c55-q2pkd   5m    47Mi   
websocket-server-8585946c55-x5ctg   2m    31Mi   
1781203675
websocket-server-8585946c55-mcfcf   5m    46Mi   
websocket-server-8585946c55-q2pkd   5m    47Mi   
websocket-server-8585946c55-x5ctg   2m    31Mi   
1781203680
websocket-server-8585946c55-mcfcf   5m    46Mi   
websocket-server-8585946c55-q2pkd   5m    47Mi   
websocket-server-8585946c55-x5ctg   2m    31Mi   
1781203685
websocket-server-8585946c55-mcfcf   5m    46Mi   
websocket-server-8585946c55-q2pkd   5m    47Mi   
1781203690
websocket-server-8585946c55-mcfcf   5m    46Mi   
websocket-server-8585946c55-q2pkd   5m    47Mi   
1781203695
websocket-server-8585946c55-mcfcf   5m    46Mi   
websocket-server-8585946c55-q2pkd   5m    47Mi   
1781203700
websocket-server-8585946c55-mcfcf   5m    46Mi   
websocket-server-8585946c55-q2pkd   5m    47Mi   
1781203705
websocket-server-8585946c55-mcfcf   5m    46Mi   
websocket-server-8585946c55-q2pkd   5m    47Mi   
1781203710
websocket-server-8585946c55-mcfcf   5m    46Mi   
websocket-server-8585946c55-q2pkd   5m    47Mi   
1781203715
websocket-server-8585946c55-mcfcf   5m    46Mi   
websocket-server-8585946c55-q2pkd   5m    47Mi   
