1781204414
websocket-server-8585946c55-ms6q5   1m    27Mi   
websocket-server-8585946c55-xlxv5   19m   27Mi   
1781204419
websocket-server-8585946c55-ms6q5   1m    27Mi   
websocket-server-8585946c55-xlxv5   1m    27Mi   
1781204424
websocket-server-8585946c55-ms6q5   1m    27Mi   
websocket-server-8585946c55-xlxv5   1m    27Mi   
1781204429
websocket-server-8585946c55-ms6q5   1m    27Mi   
websocket-server-8585946c55-xlxv5   1m    27Mi   
1781204434
websocket-server-8585946c55-ms6q5   1m    27Mi   
websocket-server-8585946c55-xlxv5   1m    27Mi   
1781204440
websocket-server-8585946c55-ms6q5   1m    27Mi   
websocket-server-8585946c55-xlxv5   1m    27Mi   
1781204445
websocket-server-8585946c55-ms6q5   1m    27Mi   
websocket-server-8585946c55-xlxv5   1m    27Mi   
1781204450
websocket-server-8585946c55-ms6q5   20m   30Mi   
websocket-server-8585946c55-xlxv5   6m    28Mi   
1781204455
websocket-server-8585946c55-ms6q5   20m   30Mi   
websocket-server-8585946c55-xlxv5   6m    28Mi   
1781204460
websocket-server-8585946c55-ms6q5   20m   30Mi   
websocket-server-8585946c55-xlxv5   6m    28Mi   
1781204465
websocket-server-8585946c55-ms6q5   55m   35Mi   
websocket-server-8585946c55-xlxv5   42m   33Mi   
1781204470
websocket-server-8585946c55-ms6q5   55m   35Mi   
websocket-server-8585946c55-xlxv5   42m   33Mi   
1781204475
websocket-server-8585946c55-ms6q5   55m   35Mi   
websocket-server-8585946c55-xlxv5   42m   33Mi   
1781204480
websocket-server-8585946c55-ms6q5   55m   35Mi   
websocket-server-8585946c55-xlxv5   76m   36Mi   
1781204485
websocket-server-8585946c55-ms6q5   55m   35Mi   
websocket-server-8585946c55-xlxv5   76m   36Mi   
1781204490
websocket-server-8585946c55-ms6q5   55m   35Mi   
websocket-server-8585946c55-xlxv5   76m   36Mi   
1781204495
websocket-server-8585946c55-ms6q5   118m   43Mi   
websocket-server-8585946c55-xlxv5   115m   43Mi   
1781204500
websocket-server-8585946c55-ms6q5   118m   43Mi   
websocket-server-8585946c55-xlxv5   115m   43Mi   
1781204505
websocket-server-8585946c55-ms6q5   118m   43Mi   
websocket-server-8585946c55-xlxv5   115m   43Mi   
1781204510
websocket-server-8585946c55-ms6q5   118m   43Mi   
websocket-server-8585946c55-xlxv5   164m   46Mi   
1781204515
websocket-server-8585946c55-ms6q5   118m   43Mi   
websocket-server-8585946c55-xlxv5   164m   46Mi   
1781204520
websocket-server-8585946c55-ms6q5   118m   43Mi   
websocket-server-8585946c55-xlxv5   164m   46Mi   
1781204525
websocket-server-8585946c55-62m6p   22m    30Mi   
websocket-server-8585946c55-ms6q5   173m   47Mi   
websocket-server-8585946c55-w8wsd   18m    29Mi   
websocket-server-8585946c55-xlxv5   178m   47Mi   
1781204530
websocket-server-8585946c55-62m6p   22m    30Mi   
websocket-server-8585946c55-ms6q5   173m   47Mi   
websocket-server-8585946c55-w8wsd   18m    29Mi   
websocket-server-8585946c55-xlxv5   178m   47Mi   
1781204535
websocket-server-8585946c55-62m6p   22m    30Mi   
websocket-server-8585946c55-ms6q5   173m   47Mi   
websocket-server-8585946c55-w8wsd   18m    29Mi   
websocket-server-8585946c55-xlxv5   178m   47Mi   
1781204540
websocket-server-8585946c55-62m6p   22m    30Mi   
websocket-server-8585946c55-ldw54   21m    27Mi   
websocket-server-8585946c55-ms6q5   191m   49Mi   
websocket-server-8585946c55-w8wsd   18m    29Mi   
websocket-server-8585946c55-xlxv5   186m   48Mi   
1781204546
websocket-server-8585946c55-62m6p   22m    30Mi   
websocket-server-8585946c55-ldw54   21m    27Mi   
websocket-server-8585946c55-ms6q5   191m   49Mi   
websocket-server-8585946c55-w8wsd   18m    29Mi   
websocket-server-8585946c55-xlxv5   186m   48Mi   
1781204551
websocket-server-8585946c55-62m6p   22m    30Mi   
websocket-server-8585946c55-ldw54   21m    27Mi   
websocket-server-8585946c55-ms6q5   191m   49Mi   
websocket-server-8585946c55-w8wsd   18m    29Mi   
websocket-server-8585946c55-xlxv5   186m   48Mi   
1781204556
websocket-server-8585946c55-62m6p   29m    30Mi   
websocket-server-8585946c55-ldw54   3m     28Mi   
websocket-server-8585946c55-ms6q5   195m   49Mi   
websocket-server-8585946c55-qzcqh   1m     27Mi   
websocket-server-8585946c55-s8s95   21m    27Mi   
websocket-server-8585946c55-w8wsd   21m    28Mi   
websocket-server-8585946c55-xlxv5   187m   48Mi   
1781204561
websocket-server-8585946c55-62m6p   29m    30Mi   
websocket-server-8585946c55-ldw54   3m     28Mi   
websocket-server-8585946c55-ms6q5   195m   49Mi   
websocket-server-8585946c55-qzcqh   1m     27Mi   
websocket-server-8585946c55-s8s95   21m    27Mi   
websocket-server-8585946c55-w8wsd   21m    28Mi   
websocket-server-8585946c55-xlxv5   187m   48Mi   
1781204566
websocket-server-8585946c55-62m6p   29m    30Mi   
websocket-server-8585946c55-ldw54   3m     28Mi   
websocket-server-8585946c55-ms6q5   195m   49Mi   
websocket-server-8585946c55-qzcqh   1m     27Mi   
websocket-server-8585946c55-s8s95   21m    27Mi   
websocket-server-8585946c55-w8wsd   21m    28Mi   
websocket-server-8585946c55-xlxv5   187m   48Mi   
1781204571
websocket-server-8585946c55-62m6p   15m    30Mi   
websocket-server-8585946c55-ldw54   2m     28Mi   
websocket-server-8585946c55-ms6q5   139m   49Mi   
websocket-server-8585946c55-qzcqh   0m     27Mi   
websocket-server-8585946c55-s8s95   1m     27Mi   
websocket-server-8585946c55-w8wsd   16m    28Mi   
websocket-server-8585946c55-xlxv5   87m    48Mi   
1781204576
websocket-server-8585946c55-62m6p   15m    30Mi   
websocket-server-8585946c55-ldw54   2m     28Mi   
websocket-server-8585946c55-ms6q5   139m   49Mi   
websocket-server-8585946c55-qzcqh   0m     27Mi   
websocket-server-8585946c55-s8s95   1m     27Mi   
websocket-server-8585946c55-w8wsd   16m    28Mi   
websocket-server-8585946c55-xlxv5   87m    48Mi   
1781204581
websocket-server-8585946c55-62m6p   15m    30Mi   
websocket-server-8585946c55-ldw54   2m     28Mi   
websocket-server-8585946c55-ms6q5   139m   49Mi   
websocket-server-8585946c55-qzcqh   0m     27Mi   
websocket-server-8585946c55-s8s95   1m     27Mi   
websocket-server-8585946c55-w8wsd   16m    28Mi   
websocket-server-8585946c55-xlxv5   87m    48Mi   
