1781207239
websocket-server-8585946c55-4s7wr   1m    27Mi   
websocket-server-8585946c55-925vp   16m   27Mi   
1781207244
websocket-server-8585946c55-4s7wr   0m    27Mi   
websocket-server-8585946c55-925vp   1m    27Mi   
1781207249
websocket-server-8585946c55-4s7wr   0m    27Mi   
websocket-server-8585946c55-925vp   1m    27Mi   
1781207254
websocket-server-8585946c55-4s7wr   0m    27Mi   
websocket-server-8585946c55-925vp   1m    27Mi   
1781207259
websocket-server-8585946c55-4s7wr   1m    27Mi   
websocket-server-8585946c55-925vp   1m    27Mi   
1781207264
websocket-server-8585946c55-4s7wr   1m    27Mi   
websocket-server-8585946c55-925vp   1m    27Mi   
1781207269
websocket-server-8585946c55-4s7wr   1m    27Mi   
websocket-server-8585946c55-925vp   1m    27Mi   
1781207274
websocket-server-8585946c55-4s7wr   11m   28Mi   
websocket-server-8585946c55-925vp   22m   31Mi   
1781207279
websocket-server-8585946c55-4s7wr   11m   28Mi   
websocket-server-8585946c55-925vp   22m   31Mi   
1781207285
websocket-server-8585946c55-4s7wr   11m   28Mi   
websocket-server-8585946c55-925vp   22m   31Mi   
1781207290
websocket-server-8585946c55-4s7wr   37m   33Mi   
websocket-server-8585946c55-925vp   56m   34Mi   
1781207295
websocket-server-8585946c55-4s7wr   37m   33Mi   
websocket-server-8585946c55-925vp   56m   34Mi   
1781207300
websocket-server-8585946c55-4s7wr   37m   33Mi   
websocket-server-8585946c55-925vp   56m   34Mi   
1781207305
websocket-server-8585946c55-4s7wr   73m   36Mi   
websocket-server-8585946c55-925vp   90m   39Mi   
1781207310
websocket-server-8585946c55-4s7wr   73m   36Mi   
websocket-server-8585946c55-925vp   90m   39Mi   
1781207315
websocket-server-8585946c55-4s7wr   73m   36Mi   
websocket-server-8585946c55-925vp   90m   39Mi   
1781207320
websocket-server-8585946c55-4s7wr   109m   41Mi   
websocket-server-8585946c55-925vp   134m   43Mi   
1781207325
websocket-server-8585946c55-4s7wr   109m   41Mi   
websocket-server-8585946c55-925vp   134m   43Mi   
1781207330
websocket-server-8585946c55-4s7wr   109m   41Mi   
websocket-server-8585946c55-925vp   134m   43Mi   
1781207335
websocket-server-8585946c55-4s7wr   142m   44Mi   
websocket-server-8585946c55-925vp   155m   45Mi   
websocket-server-8585946c55-pjhws   33m    29Mi   
1781207340
websocket-server-8585946c55-4s7wr   142m   44Mi   
websocket-server-8585946c55-925vp   155m   45Mi   
websocket-server-8585946c55-pjhws   33m    29Mi   
1781207345
websocket-server-8585946c55-4s7wr   142m   44Mi   
websocket-server-8585946c55-925vp   155m   45Mi   
websocket-server-8585946c55-pjhws   33m    29Mi   
1781207350
websocket-server-8585946c55-4s7wr   163m   45Mi   
websocket-server-8585946c55-925vp   166m   46Mi   
websocket-server-8585946c55-blffk   14m    28Mi   
websocket-server-8585946c55-pjhws   32m    31Mi   
websocket-server-8585946c55-v8grm   13m    29Mi   
1781207355
websocket-server-8585946c55-4s7wr   163m   45Mi   
websocket-server-8585946c55-925vp   166m   46Mi   
websocket-server-8585946c55-blffk   14m    28Mi   
websocket-server-8585946c55-pjhws   32m    31Mi   
websocket-server-8585946c55-v8grm   13m    29Mi   
1781207360
websocket-server-8585946c55-4s7wr   163m   45Mi   
websocket-server-8585946c55-925vp   166m   46Mi   
websocket-server-8585946c55-blffk   14m    28Mi   
websocket-server-8585946c55-pjhws   32m    31Mi   
websocket-server-8585946c55-v8grm   13m    29Mi   
1781207365
websocket-server-8585946c55-4s7wr   167m   47Mi   
websocket-server-8585946c55-925vp   171m   47Mi   
websocket-server-8585946c55-blffk   14m    28Mi   
websocket-server-8585946c55-pjhws   42m    31Mi   
websocket-server-8585946c55-v8grm   18m    28Mi   
1781207370
websocket-server-8585946c55-4s7wr   167m   47Mi   
websocket-server-8585946c55-925vp   171m   47Mi   
websocket-server-8585946c55-blffk   14m    28Mi   
websocket-server-8585946c55-pjhws   42m    31Mi   
websocket-server-8585946c55-v8grm   18m    28Mi   
1781207375
websocket-server-8585946c55-4s7wr   167m   47Mi   
websocket-server-8585946c55-925vp   171m   47Mi   
websocket-server-8585946c55-blffk   14m    28Mi   
websocket-server-8585946c55-pjhws   42m    31Mi   
websocket-server-8585946c55-v8grm   18m    28Mi   
1781207380
websocket-server-8585946c55-4s7wr   173m   46Mi   
websocket-server-8585946c55-925vp   177m   47Mi   
websocket-server-8585946c55-blffk   19m    29Mi   
websocket-server-8585946c55-f6mxp   1m     27Mi   
websocket-server-8585946c55-njbrt   1m     27Mi   
websocket-server-8585946c55-pjhws   43m    32Mi   
websocket-server-8585946c55-v8grm   17m    28Mi   
1781207386
websocket-server-8585946c55-4s7wr   173m   46Mi   
websocket-server-8585946c55-925vp   177m   47Mi   
websocket-server-8585946c55-blffk   19m    29Mi   
websocket-server-8585946c55-f6mxp   1m     27Mi   
websocket-server-8585946c55-njbrt   1m     27Mi   
websocket-server-8585946c55-pjhws   43m    32Mi   
websocket-server-8585946c55-v8grm   17m    28Mi   
1781207391
websocket-server-8585946c55-4s7wr   173m   46Mi   
websocket-server-8585946c55-925vp   177m   47Mi   
websocket-server-8585946c55-blffk   19m    29Mi   
websocket-server-8585946c55-f6mxp   1m     27Mi   
websocket-server-8585946c55-njbrt   1m     27Mi   
websocket-server-8585946c55-pjhws   43m    32Mi   
websocket-server-8585946c55-v8grm   17m    28Mi   
1781207396
websocket-server-8585946c55-4s7wr   95m    46Mi   
websocket-server-8585946c55-925vp   109m   47Mi   
websocket-server-8585946c55-blffk   19m    29Mi   
websocket-server-8585946c55-f6mxp   0m     27Mi   
websocket-server-8585946c55-njbrt   1m     27Mi   
websocket-server-8585946c55-pjhws   7m     31Mi   
websocket-server-8585946c55-v8grm   6m     28Mi   
1781207401
websocket-server-8585946c55-4s7wr   95m    46Mi   
websocket-server-8585946c55-925vp   109m   47Mi   
websocket-server-8585946c55-blffk   19m    29Mi   
websocket-server-8585946c55-f6mxp   0m     27Mi   
websocket-server-8585946c55-njbrt   1m     27Mi   
websocket-server-8585946c55-pjhws   7m     31Mi   
websocket-server-8585946c55-v8grm   6m     28Mi   
1781207406
websocket-server-8585946c55-4s7wr   95m    46Mi   
websocket-server-8585946c55-925vp   109m   47Mi   
websocket-server-8585946c55-blffk   19m    29Mi   
websocket-server-8585946c55-f6mxp   0m     27Mi   
websocket-server-8585946c55-njbrt   1m     27Mi   
websocket-server-8585946c55-pjhws   7m     31Mi   
websocket-server-8585946c55-v8grm   6m     28Mi   
1781207411
websocket-server-8585946c55-4s7wr   5m    46Mi   
websocket-server-8585946c55-925vp   5m    46Mi   
websocket-server-8585946c55-blffk   1m    29Mi   
websocket-server-8585946c55-f6mxp   1m    27Mi   
websocket-server-8585946c55-njbrt   1m    27Mi   
websocket-server-8585946c55-pjhws   1m    31Mi   
websocket-server-8585946c55-v8grm   1m    28Mi   
1781207416
websocket-server-8585946c55-4s7wr   5m    46Mi   
websocket-server-8585946c55-925vp   5m    46Mi   
websocket-server-8585946c55-blffk   1m    29Mi   
websocket-server-8585946c55-f6mxp   1m    27Mi   
websocket-server-8585946c55-njbrt   1m    27Mi   
websocket-server-8585946c55-pjhws   1m    31Mi   
websocket-server-8585946c55-v8grm   1m    28Mi   
1781207421
websocket-server-8585946c55-4s7wr   5m    46Mi   
websocket-server-8585946c55-925vp   5m    46Mi   
websocket-server-8585946c55-blffk   1m    29Mi   
websocket-server-8585946c55-f6mxp   1m    27Mi   
websocket-server-8585946c55-njbrt   1m    27Mi   
websocket-server-8585946c55-pjhws   1m    31Mi   
websocket-server-8585946c55-v8grm   1m    28Mi   
1781207426
websocket-server-8585946c55-4s7wr   4m    46Mi   
websocket-server-8585946c55-925vp   5m    46Mi   
websocket-server-8585946c55-blffk   1m    29Mi   
websocket-server-8585946c55-f6mxp   1m    27Mi   
websocket-server-8585946c55-njbrt   1m    27Mi   
websocket-server-8585946c55-pjhws   2m    31Mi   
websocket-server-8585946c55-v8grm   1m    28Mi   
1781207431
websocket-server-8585946c55-4s7wr   4m    46Mi   
websocket-server-8585946c55-925vp   5m    46Mi   
websocket-server-8585946c55-blffk   1m    29Mi   
websocket-server-8585946c55-f6mxp   1m    27Mi   
websocket-server-8585946c55-njbrt   1m    27Mi   
websocket-server-8585946c55-pjhws   2m    31Mi   
websocket-server-8585946c55-v8grm   1m    28Mi   
1781207436
websocket-server-8585946c55-4s7wr   4m    46Mi   
websocket-server-8585946c55-925vp   5m    46Mi   
websocket-server-8585946c55-blffk   1m    29Mi   
websocket-server-8585946c55-f6mxp   1m    27Mi   
websocket-server-8585946c55-njbrt   1m    27Mi   
websocket-server-8585946c55-pjhws   2m    31Mi   
websocket-server-8585946c55-v8grm   1m    28Mi   
1781207441
websocket-server-8585946c55-4s7wr   5m    46Mi   
websocket-server-8585946c55-925vp   5m    47Mi   
websocket-server-8585946c55-blffk   1m    29Mi   
websocket-server-8585946c55-f6mxp   1m    27Mi   
websocket-server-8585946c55-njbrt   1m    27Mi   
websocket-server-8585946c55-pjhws   2m    31Mi   
websocket-server-8585946c55-v8grm   1m    28Mi   
1781207446
websocket-server-8585946c55-4s7wr   5m    46Mi   
websocket-server-8585946c55-925vp   5m    47Mi   
websocket-server-8585946c55-blffk   1m    29Mi   
websocket-server-8585946c55-f6mxp   1m    27Mi   
websocket-server-8585946c55-njbrt   1m    27Mi   
websocket-server-8585946c55-pjhws   2m    31Mi   
websocket-server-8585946c55-v8grm   1m    28Mi   
1781207451
websocket-server-8585946c55-4s7wr   5m    46Mi   
websocket-server-8585946c55-925vp   5m    47Mi   
websocket-server-8585946c55-blffk   1m    29Mi   
websocket-server-8585946c55-f6mxp   1m    27Mi   
websocket-server-8585946c55-njbrt   1m    27Mi   
websocket-server-8585946c55-pjhws   2m    31Mi   
websocket-server-8585946c55-v8grm   1m    28Mi   
1781207456
websocket-server-8585946c55-4s7wr   5m    46Mi   
websocket-server-8585946c55-925vp   5m    47Mi   
websocket-server-8585946c55-blffk   1m    29Mi   
websocket-server-8585946c55-f6mxp   1m    27Mi   
websocket-server-8585946c55-njbrt   1m    27Mi   
websocket-server-8585946c55-pjhws   2m    31Mi   
websocket-server-8585946c55-v8grm   1m    28Mi   
1781207461
websocket-server-8585946c55-4s7wr   5m    46Mi   
websocket-server-8585946c55-925vp   5m    47Mi   
websocket-server-8585946c55-blffk   1m    29Mi   
websocket-server-8585946c55-f6mxp   1m    27Mi   
websocket-server-8585946c55-njbrt   1m    27Mi   
websocket-server-8585946c55-pjhws   2m    31Mi   
websocket-server-8585946c55-v8grm   1m    28Mi   
1781207466
websocket-server-8585946c55-4s7wr   5m    46Mi   
websocket-server-8585946c55-925vp   5m    47Mi   
websocket-server-8585946c55-blffk   1m    29Mi   
websocket-server-8585946c55-f6mxp   1m    27Mi   
websocket-server-8585946c55-njbrt   1m    27Mi   
websocket-server-8585946c55-pjhws   2m    31Mi   
websocket-server-8585946c55-v8grm   1m    28Mi   
1781207471
websocket-server-8585946c55-4s7wr   5m    46Mi   
websocket-server-8585946c55-925vp   5m    47Mi   
websocket-server-8585946c55-blffk   1m    29Mi   
websocket-server-8585946c55-f6mxp   1m    27Mi   
websocket-server-8585946c55-njbrt   1m    27Mi   
websocket-server-8585946c55-pjhws   2m    31Mi   
websocket-server-8585946c55-v8grm   1m    29Mi   
1781207476
websocket-server-8585946c55-4s7wr   5m    46Mi   
websocket-server-8585946c55-925vp   5m    47Mi   
websocket-server-8585946c55-blffk   1m    29Mi   
websocket-server-8585946c55-f6mxp   1m    27Mi   
websocket-server-8585946c55-njbrt   1m    27Mi   
websocket-server-8585946c55-pjhws   2m    31Mi   
websocket-server-8585946c55-v8grm   1m    29Mi   
1781207481
websocket-server-8585946c55-4s7wr   5m    46Mi   
websocket-server-8585946c55-925vp   5m    47Mi   
websocket-server-8585946c55-f6mxp   1m    27Mi   
websocket-server-8585946c55-njbrt   1m    27Mi   
1781207486
websocket-server-8585946c55-4s7wr   5m    46Mi   
websocket-server-8585946c55-925vp   5m    47Mi   
websocket-server-8585946c55-f6mxp   1m    27Mi   
websocket-server-8585946c55-njbrt   1m    27Mi   
1781207491
websocket-server-8585946c55-4s7wr   5m    46Mi   
websocket-server-8585946c55-925vp   5m    47Mi   
websocket-server-8585946c55-f6mxp   1m    27Mi   
websocket-server-8585946c55-njbrt   1m    27Mi   
1781207496
websocket-server-8585946c55-4s7wr   5m    46Mi   
websocket-server-8585946c55-925vp   5m    47Mi   
websocket-server-8585946c55-f6mxp   1m    27Mi   
1781207502
websocket-server-8585946c55-4s7wr   5m    46Mi   
websocket-server-8585946c55-925vp   5m    47Mi   
websocket-server-8585946c55-f6mxp   1m    27Mi   
1781207507
websocket-server-8585946c55-4s7wr   5m    46Mi   
websocket-server-8585946c55-925vp   5m    47Mi   
websocket-server-8585946c55-f6mxp   1m    27Mi   
1781207512
websocket-server-8585946c55-4s7wr   5m    46Mi   
websocket-server-8585946c55-925vp   5m    47Mi   
websocket-server-8585946c55-f6mxp   1m    27Mi   
