2026/04/29 03:53:03 maxprocs: Updating GOMAXPROCS=1: determined from CPU quota
2026-04-29T03:53:03Z	INFO	setup	Starting manager
2026-04-29T03:53:03Z	INFO	setup	KEDA Version: 2.13.0
2026-04-29T03:53:03Z	INFO	setup	Git Commit: 367fcd32f1e72be504ada53165d07c33d75fc0f7
2026-04-29T03:53:03Z	INFO	setup	Go Version: go1.21.6
2026-04-29T03:53:03Z	INFO	setup	Go OS/Arch: linux/amd64
2026-04-29T03:53:03Z	INFO	setup	Running on Kubernetes 1.31	{"version": "v1.31.6"}
2026-04-29T03:53:03Z	INFO	setup	WARNING: KEDA 2.13.0 hasn't been tested on Kubernetes v1.31.6
2026-04-29T03:53:03Z	INFO	setup	You can check recommended versions on https://keda.sh
2026-04-29T03:53:03Z	INFO	starting server	{"kind": "health probe", "addr": "[::]:8081"}
I0429 03:53:03.195301       1 leaderelection.go:250] attempting to acquire leader lease keda/operator.keda.sh...
I0429 03:53:21.478401       1 leaderelection.go:260] successfully acquired lease keda/operator.keda.sh
2026-04-29T03:53:21Z	INFO	Starting EventSource	{"controller": "scaledobject", "controllerGroup": "keda.sh", "controllerKind": "ScaledObject", "source": "kind source: *v1alpha1.ScaledObject"}
2026-04-29T03:53:21Z	INFO	Starting EventSource	{"controller": "scaledobject", "controllerGroup": "keda.sh", "controllerKind": "ScaledObject", "source": "kind source: *v2.HorizontalPodAutoscaler"}
2026-04-29T03:53:21Z	INFO	Starting Controller	{"controller": "scaledobject", "controllerGroup": "keda.sh", "controllerKind": "ScaledObject"}
2026-04-29T03:53:21Z	INFO	Starting EventSource	{"controller": "triggerauthentication", "controllerGroup": "keda.sh", "controllerKind": "TriggerAuthentication", "source": "kind source: *v1alpha1.TriggerAuthentication"}
2026-04-29T03:53:21Z	INFO	Starting Controller	{"controller": "triggerauthentication", "controllerGroup": "keda.sh", "controllerKind": "TriggerAuthentication"}
2026-04-29T03:53:21Z	INFO	Starting EventSource	{"controller": "scaledjob", "controllerGroup": "keda.sh", "controllerKind": "ScaledJob", "source": "kind source: *v1alpha1.ScaledJob"}
2026-04-29T03:53:21Z	INFO	Starting Controller	{"controller": "scaledjob", "controllerGroup": "keda.sh", "controllerKind": "ScaledJob"}
2026-04-29T03:53:21Z	INFO	Starting EventSource	{"controller": "cloudeventsource", "controllerGroup": "eventing.keda.sh", "controllerKind": "CloudEventSource", "source": "kind source: *v1alpha1.CloudEventSource"}
2026-04-29T03:53:21Z	INFO	Starting Controller	{"controller": "cloudeventsource", "controllerGroup": "eventing.keda.sh", "controllerKind": "CloudEventSource"}
2026-04-29T03:53:21Z	INFO	Starting EventSource	{"controller": "clustertriggerauthentication", "controllerGroup": "keda.sh", "controllerKind": "ClusterTriggerAuthentication", "source": "kind source: *v1alpha1.ClusterTriggerAuthentication"}
2026-04-29T03:53:21Z	INFO	Starting Controller	{"controller": "clustertriggerauthentication", "controllerGroup": "keda.sh", "controllerKind": "ClusterTriggerAuthentication"}
2026-04-29T03:53:21Z	INFO	cert-rotation	starting cert rotator controller
2026-04-29T03:53:21Z	INFO	Starting EventSource	{"controller": "cert-rotator", "source": "kind source: *v1.Secret"}
2026-04-29T03:53:21Z	INFO	Starting EventSource	{"controller": "cert-rotator", "source": "kind source: *unstructured.Unstructured"}
2026-04-29T03:53:21Z	INFO	Starting EventSource	{"controller": "cert-rotator", "source": "kind source: *unstructured.Unstructured"}
2026-04-29T03:53:21Z	INFO	Starting Controller	{"controller": "cert-rotator"}
2026-04-29T03:53:21Z	INFO	cert-rotation	no cert refresh needed
2026-04-29T03:53:21Z	INFO	cert-rotation	certs are ready in /certs
2026-04-29T03:53:21Z	INFO	Starting workers	{"controller": "scaledjob", "controllerGroup": "keda.sh", "controllerKind": "ScaledJob", "worker count": 1}
2026-04-29T03:53:21Z	INFO	Starting workers	{"controller": "triggerauthentication", "controllerGroup": "keda.sh", "controllerKind": "TriggerAuthentication", "worker count": 1}
2026-04-29T03:53:21Z	INFO	Starting workers	{"controller": "scaledobject", "controllerGroup": "keda.sh", "controllerKind": "ScaledObject", "worker count": 5}
2026-04-29T03:53:21Z	INFO	Starting workers	{"controller": "cloudeventsource", "controllerGroup": "eventing.keda.sh", "controllerKind": "CloudEventSource", "worker count": 1}
2026-04-29T03:53:21Z	INFO	Starting workers	{"controller": "clustertriggerauthentication", "controllerGroup": "keda.sh", "controllerKind": "ClusterTriggerAuthentication", "worker count": 1}
2026-04-29T03:53:21Z	INFO	Starting workers	{"controller": "cert-rotator", "worker count": 1}
2026-04-29T03:53:21Z	INFO	cert-rotation	no cert refresh needed
2026-04-29T03:53:21Z	INFO	cert-rotation	Ensuring CA cert	{"name": "keda-admission", "gvk": "admissionregistration.k8s.io/v1, Kind=ValidatingWebhookConfiguration", "name": "keda-admission", "gvk": "admissionregistration.k8s.io/v1, Kind=ValidatingWebhookConfiguration"}
2026-04-29T03:53:21Z	INFO	cert-rotation	Ensuring CA cert	{"name": "v1beta1.external.metrics.k8s.io", "gvk": "apiregistration.k8s.io/v1, Kind=APIService", "name": "v1beta1.external.metrics.k8s.io", "gvk": "apiregistration.k8s.io/v1, Kind=APIService"}
2026-04-29T03:53:21Z	INFO	cert-rotation	no cert refresh needed
2026-04-29T03:53:21Z	INFO	cert-rotation	Ensuring CA cert	{"name": "keda-admission", "gvk": "admissionregistration.k8s.io/v1, Kind=ValidatingWebhookConfiguration", "name": "keda-admission", "gvk": "admissionregistration.k8s.io/v1, Kind=ValidatingWebhookConfiguration"}
2026-04-29T03:53:21Z	INFO	cert-rotation	Ensuring CA cert	{"name": "v1beta1.external.metrics.k8s.io", "gvk": "apiregistration.k8s.io/v1, Kind=APIService", "name": "v1beta1.external.metrics.k8s.io", "gvk": "apiregistration.k8s.io/v1, Kind=APIService"}
2026-04-29T03:53:21Z	INFO	cert-rotation	no cert refresh needed
2026-04-29T03:53:21Z	INFO	cert-rotation	Ensuring CA cert	{"name": "keda-admission", "gvk": "admissionregistration.k8s.io/v1, Kind=ValidatingWebhookConfiguration", "name": "keda-admission", "gvk": "admissionregistration.k8s.io/v1, Kind=ValidatingWebhookConfiguration"}
2026-04-29T03:53:21Z	INFO	cert-rotation	Ensuring CA cert	{"name": "v1beta1.external.metrics.k8s.io", "gvk": "apiregistration.k8s.io/v1, Kind=APIService", "name": "v1beta1.external.metrics.k8s.io", "gvk": "apiregistration.k8s.io/v1, Kind=APIService"}
2026-04-29T03:53:23Z	INFO	cert-rotation	CA certs are injected to webhooks
2026-04-29T03:53:23Z	INFO	grpc_server	Starting Metrics Service gRPC Server	{"address": ":9666"}
2026-04-29T03:53:29Z	INFO	cert-rotation	no cert refresh needed
2026-04-29T03:53:29Z	INFO	cert-rotation	Ensuring CA cert	{"name": "keda-admission", "gvk": "admissionregistration.k8s.io/v1, Kind=ValidatingWebhookConfiguration", "name": "keda-admission", "gvk": "admissionregistration.k8s.io/v1, Kind=ValidatingWebhookConfiguration"}
2026-04-29T03:53:29Z	INFO	cert-rotation	Ensuring CA cert	{"name": "v1beta1.external.metrics.k8s.io", "gvk": "apiregistration.k8s.io/v1, Kind=APIService", "name": "v1beta1.external.metrics.k8s.io", "gvk": "apiregistration.k8s.io/v1, Kind=APIService"}
2026-04-29T03:53:34Z	INFO	cert-rotation	no cert refresh needed
2026-04-29T03:53:34Z	INFO	cert-rotation	Ensuring CA cert	{"name": "keda-admission", "gvk": "admissionregistration.k8s.io/v1, Kind=ValidatingWebhookConfiguration", "name": "keda-admission", "gvk": "admissionregistration.k8s.io/v1, Kind=ValidatingWebhookConfiguration"}
2026-04-29T03:53:34Z	INFO	cert-rotation	Ensuring CA cert	{"name": "v1beta1.external.metrics.k8s.io", "gvk": "apiregistration.k8s.io/v1, Kind=APIService", "name": "v1beta1.external.metrics.k8s.io", "gvk": "apiregistration.k8s.io/v1, Kind=APIService"}
2026-04-29T03:53:34Z	INFO	cert-rotation	no cert refresh needed
2026-04-29T03:53:34Z	INFO	cert-rotation	Ensuring CA cert	{"name": "keda-admission", "gvk": "admissionregistration.k8s.io/v1, Kind=ValidatingWebhookConfiguration", "name": "keda-admission", "gvk": "admissionregistration.k8s.io/v1, Kind=ValidatingWebhookConfiguration"}
2026-04-29T03:53:34Z	INFO	cert-rotation	Ensuring CA cert	{"name": "v1beta1.external.metrics.k8s.io", "gvk": "apiregistration.k8s.io/v1, Kind=APIService", "name": "v1beta1.external.metrics.k8s.io", "gvk": "apiregistration.k8s.io/v1, Kind=APIService"}
2026-04-29T03:53:39Z	INFO	Reconciling ScaledObject	{"controller": "scaledobject", "controllerGroup": "keda.sh", "controllerKind": "ScaledObject", "ScaledObject": {"name":"websocket-keda-scaler","namespace":"default"}, "namespace": "default", "name": "websocket-keda-scaler", "reconcileID": "5db9e8d5-6d76-49f9-ba7e-db24ae0ef3cf"}
2026-04-29T03:53:39Z	INFO	Adding Finalizer for the ScaledObject	{"controller": "scaledobject", "controllerGroup": "keda.sh", "controllerKind": "ScaledObject", "ScaledObject": {"name":"websocket-keda-scaler","namespace":"default"}, "namespace": "default", "name": "websocket-keda-scaler", "reconcileID": "5db9e8d5-6d76-49f9-ba7e-db24ae0ef3cf"}
2026-04-29T03:53:39Z	INFO	KubeAPIWarningLogger	metadata.finalizers: "finalizer.keda.sh": prefer a domain-qualified finalizer name to avoid accidental conflicts with other finalizer writers
2026-04-29T03:53:39Z	INFO	Detected resource targeted for scaling	{"controller": "scaledobject", "controllerGroup": "keda.sh", "controllerKind": "ScaledObject", "ScaledObject": {"name":"websocket-keda-scaler","namespace":"default"}, "namespace": "default", "name": "websocket-keda-scaler", "reconcileID": "5db9e8d5-6d76-49f9-ba7e-db24ae0ef3cf", "resource": "apps/v1.Deployment", "name": "websocket-server"}
2026-04-29T03:53:39Z	INFO	Creating a new HPA	{"controller": "scaledobject", "controllerGroup": "keda.sh", "controllerKind": "ScaledObject", "ScaledObject": {"name":"websocket-keda-scaler","namespace":"default"}, "namespace": "default", "name": "websocket-keda-scaler", "reconcileID": "5db9e8d5-6d76-49f9-ba7e-db24ae0ef3cf", "HPA.Namespace": "default", "HPA.Name": "keda-hpa-websocket-keda-scaler"}
2026-04-29T03:53:39Z	INFO	Initializing Scaling logic according to ScaledObject Specification	{"controller": "scaledobject", "controllerGroup": "keda.sh", "controllerKind": "ScaledObject", "ScaledObject": {"name":"websocket-keda-scaler","namespace":"default"}, "namespace": "default", "name": "websocket-keda-scaler", "reconcileID": "5db9e8d5-6d76-49f9-ba7e-db24ae0ef3cf"}
2026-04-29T03:53:39Z	INFO	Reconciling ScaledObject	{"controller": "scaledobject", "controllerGroup": "keda.sh", "controllerKind": "ScaledObject", "ScaledObject": {"name":"websocket-keda-scaler","namespace":"default"}, "namespace": "default", "name": "websocket-keda-scaler", "reconcileID": "c6fb6651-4e51-4981-9a7c-ca422e71c8e9"}
2026-04-29T03:53:39Z	INFO	Detected resource targeted for scaling	{"controller": "scaledobject", "controllerGroup": "keda.sh", "controllerKind": "ScaledObject", "ScaledObject": {"name":"websocket-keda-scaler","namespace":"default"}, "namespace": "default", "name": "websocket-keda-scaler", "reconcileID": "c6fb6651-4e51-4981-9a7c-ca422e71c8e9", "resource": "apps/v1.Deployment", "name": "websocket-server"}
2026-04-29T03:53:39Z	INFO	Reconciling ScaledObject	{"controller": "scaledobject", "controllerGroup": "keda.sh", "controllerKind": "ScaledObject", "ScaledObject": {"name":"websocket-keda-scaler","namespace":"default"}, "namespace": "default", "name": "websocket-keda-scaler", "reconcileID": "048827f7-002a-4700-8386-8c6d7b9117ff"}
2026-04-29T03:53:39Z	INFO	Detected resource targeted for scaling	{"controller": "scaledobject", "controllerGroup": "keda.sh", "controllerKind": "ScaledObject", "ScaledObject": {"name":"websocket-keda-scaler","namespace":"default"}, "namespace": "default", "name": "websocket-keda-scaler", "reconcileID": "048827f7-002a-4700-8386-8c6d7b9117ff", "resource": "apps/v1.Deployment", "name": "websocket-server"}
2026-04-29T03:53:54Z	INFO	Reconciling ScaledObject	{"controller": "scaledobject", "controllerGroup": "keda.sh", "controllerKind": "ScaledObject", "ScaledObject": {"name":"websocket-keda-scaler","namespace":"default"}, "namespace": "default", "name": "websocket-keda-scaler", "reconcileID": "6b603121-b35e-432e-8311-3c32197dfe80"}
2026-04-29T03:53:54Z	INFO	Detected resource targeted for scaling	{"controller": "scaledobject", "controllerGroup": "keda.sh", "controllerKind": "ScaledObject", "ScaledObject": {"name":"websocket-keda-scaler","namespace":"default"}, "namespace": "default", "name": "websocket-keda-scaler", "reconcileID": "6b603121-b35e-432e-8311-3c32197dfe80", "resource": "apps/v1.Deployment", "name": "websocket-server"}
