1783192462
active_connections 0
1783192467
active_connections 17
1783192472
active_connections 42
1783192477
active_connections 63
1783192482
active_connections 90
1783192487
active_connections 109
1783192492
active_connections 133
1783192497
active_connections 155
1783192502
active_connections 173
1783192507
active_connections 191
1783192512
active_connections 201
1783192517
active_connections 208
1783192522
active_connections 221
1783192527
active_connections 233
1783192532
active_connections 238
1783192537
active_connections 244
1783192542
active_connections 251
1783192547
active_connections 256
1783192552
active_connections 0
1783192558
active_connections 5
1783192563
active_connections 11
1783192568
active_connections 16
1783192573
active_connections 20
1783192578
active_connections 21
1783192583
active_connections 26
1783192588
active_connections 30
1783192593
active_connections 37
1783192598
active_connections 43
1783192603
active_connections 50
1783192608
active_connections 55
1783192613
active_connections 61
1783192618
active_connections 69
1783192623
active_connections 75
1783192628
active_connections 81
1783192633
active_connections 83
1783192638
active_connections 89
1783192643
active_connections 0
1783192648
active_connections 2
1783192653
active_connections 5
1783192658
active_connections 13
1783192663
active_connections 18
1783192668
active_connections 22
1783192673
active_connections 26
1783192678
active_connections 30
1783192683
active_connections 35
1783192688
active_connections 36
1783192693
active_connections 42
1783192698
active_connections 46
1783192703
active_connections 53
1783192708
active_connections 57
1783192713
active_connections 61
1783192718
active_connections 67
1783192723
active_connections 71
1783192728
active_connections 80
1783192733
active_connections 0
1783192738
active_connections 2
1783192743
active_connections 5
1783192748
active_connections 9
1783192753
active_connections 10
1783192758
active_connections 17
1783192763
active_connections 26
1783192768
active_connections 29
1783192773
active_connections 31
1783192778
active_connections 36
1783192783
active_connections 40
1783192789
active_connections 41
1783192794
active_connections 44
1783192799
active_connections 46
1783192804
active_connections 49
1783192809
active_connections 57
1783192814
active_connections 61
1783192819
active_connections 64
1783192824
active_connections 0
1783192829
active_connections 3
1783192834
active_connections 9
1783192839
active_connections 12
1783192844
active_connections 15
1783192849
active_connections 20
1783192854
active_connections 22
1783192859
active_connections 26
1783192864
active_connections 29
1783192869
active_connections 32
1783192874
active_connections 38
1783192879
active_connections 46
1783192884
active_connections 49
1783192889
active_connections 53
1783192894
active_connections 59
1783192899
active_connections 60
1783192904
active_connections 65
1783192909
active_connections 70
1783192914
active_connections 0
1783192919
active_connections 0
1783192924
active_connections 0
1783192929
active_connections 0
1783192934
active_connections 0
1783192939
active_connections 0
1783192944
active_connections 0
1783192949
active_connections 0
1783192954
active_connections 0
1783192959
active_connections 0
1783192964
active_connections 0
1783192969
active_connections 0
1783192974
active_connections 0
1783192979
active_connections 0
1783192984
active_connections 0
1783192989
active_connections 0
1783192994
active_connections 0
1783192999
active_connections 0
1783193004
active_connections 0
1783193009
active_connections 0
1783193014
active_connections 0
1783193019
active_connections 0
1783193024
active_connections 0
1783193030
active_connections 0
1783193035
active_connections 0
1783193040
active_connections 0
1783193045
active_connections 0
1783193050
active_connections 0
1783193055
active_connections 0
1783193060
active_connections 0
1783193065
active_connections 0
1783193070
active_connections 0
1783193075
active_connections 0
1783193080
active_connections 0
1783193085
active_connections 0
1783193090
active_connections 0
1783193095
active_connections 0
1783193100
active_connections 0
1783193105
active_connections 0
1783193110
active_connections 0
1783193115
active_connections 0
1783193120
active_connections 0
1783193125
active_connections 0
1783193130
active_connections 0
1783193135
active_connections 0
1783193140
active_connections 0
1783193145
active_connections 0
1783193150
active_connections 0
1783193155
active_connections 0
1783193160
active_connections 0
1783193165
active_connections 0
1783193170
active_connections 0
1783193175
active_connections 0
1783193180
active_connections 0
1783193185
active_connections 0
1783193190
active_connections 0
1783193195
active_connections 0
1783193200
active_connections 0
1783193205
active_connections 0
1783193210
active_connections 0
1783193215
active_connections 0
1783193220
active_connections 0
1783193225
active_connections 0
1783193230
active_connections 0
1783193235
active_connections 0
1783193240
active_connections 0
1783193245
active_connections 0
1783193250
active_connections 0
1783193255
active_connections 0
1783193260
