1783192457
websocket-server-5d44fc8b6-5glcn   0m    37Mi   
websocket-server-5d44fc8b6-ctvwb   0m    36Mi   
1783192462
websocket-server-5d44fc8b6-5glcn   0m    37Mi   
websocket-server-5d44fc8b6-ctvwb   0m    36Mi   
1783192467
websocket-server-5d44fc8b6-5glcn   0m    37Mi   
websocket-server-5d44fc8b6-ctvwb   0m    36Mi   
1783192473
websocket-server-5d44fc8b6-5glcn   0m    37Mi   
websocket-server-5d44fc8b6-ctvwb   0m    36Mi   
1783192478
websocket-server-5d44fc8b6-5glcn   0m    37Mi   
websocket-server-5d44fc8b6-ctvwb   0m    36Mi   
1783192483
websocket-loadgen-pjqpc            36m   32Mi   
websocket-server-5d44fc8b6-bdvrk   67m   29Mi   
websocket-server-5d44fc8b6-sdbwm   65m   27Mi   
1783192488
websocket-loadgen-pjqpc            36m   32Mi   
websocket-server-5d44fc8b6-bdvrk   67m   29Mi   
websocket-server-5d44fc8b6-sdbwm   65m   27Mi   
1783192493
websocket-loadgen-pjqpc            36m   32Mi   
websocket-server-5d44fc8b6-bdvrk   67m   29Mi   
websocket-server-5d44fc8b6-sdbwm   65m   27Mi   
1783192498
websocket-loadgen-pjqpc            49m    34Mi   
websocket-server-5d44fc8b6-bdvrk   169m   33Mi   
websocket-server-5d44fc8b6-sdbwm   141m   32Mi   
1783192503
websocket-loadgen-pjqpc            49m    34Mi   
websocket-server-5d44fc8b6-bdvrk   169m   33Mi   
websocket-server-5d44fc8b6-sdbwm   141m   32Mi   
1783192508
websocket-loadgen-pjqpc            49m    34Mi   
websocket-server-5d44fc8b6-bdvrk   169m   33Mi   
websocket-server-5d44fc8b6-sdbwm   141m   32Mi   
1783192513
websocket-loadgen-pjqpc            58m    43Mi   
websocket-server-5d44fc8b6-bdvrk   169m   33Mi   
websocket-server-5d44fc8b6-sdbwm   230m   35Mi   
websocket-server-5d44fc8b6-tnrnw   81m    27Mi   
1783192519
websocket-loadgen-pjqpc            58m    43Mi   
websocket-server-5d44fc8b6-bdvrk   169m   33Mi   
websocket-server-5d44fc8b6-sdbwm   230m   35Mi   
websocket-server-5d44fc8b6-tnrnw   81m    27Mi   
1783192524
websocket-loadgen-pjqpc            73m    50Mi   
websocket-server-5d44fc8b6-bdvrk   273m   37Mi   
websocket-server-5d44fc8b6-drj5f   73m    27Mi   
websocket-server-5d44fc8b6-sdbwm   288m   36Mi   
websocket-server-5d44fc8b6-tnrnw   97m    29Mi   
1783192529
websocket-loadgen-pjqpc            73m    50Mi   
websocket-server-5d44fc8b6-bdvrk   273m   37Mi   
websocket-server-5d44fc8b6-drj5f   73m    27Mi   
websocket-server-5d44fc8b6-sdbwm   288m   36Mi   
websocket-server-5d44fc8b6-tnrnw   97m    29Mi   
1783192534
websocket-loadgen-pjqpc            73m    50Mi   
websocket-server-5d44fc8b6-bdvrk   273m   37Mi   
websocket-server-5d44fc8b6-drj5f   73m    27Mi   
websocket-server-5d44fc8b6-sdbwm   288m   36Mi   
websocket-server-5d44fc8b6-tnrnw   97m    29Mi   
1783192539
websocket-loadgen-pjqpc            96m    64Mi   
websocket-server-5d44fc8b6-bdvrk   364m   40Mi   
websocket-server-5d44fc8b6-drj5f   67m    27Mi   
websocket-server-5d44fc8b6-jqbxm   68m    26Mi   
websocket-server-5d44fc8b6-mmrg4   70m    26Mi   
websocket-server-5d44fc8b6-sdbwm   341m   39Mi   
websocket-server-5d44fc8b6-tnrnw   153m   31Mi   
1783192544
websocket-loadgen-pjqpc            96m    64Mi   
websocket-server-5d44fc8b6-bdvrk   364m   40Mi   
websocket-server-5d44fc8b6-drj5f   67m    27Mi   
websocket-server-5d44fc8b6-jqbxm   68m    26Mi   
websocket-server-5d44fc8b6-mmrg4   70m    26Mi   
websocket-server-5d44fc8b6-sdbwm   341m   39Mi   
websocket-server-5d44fc8b6-tnrnw   153m   31Mi   
1783192549
websocket-loadgen-pjqpc            96m    64Mi   
websocket-server-5d44fc8b6-bdvrk   364m   40Mi   
websocket-server-5d44fc8b6-drj5f   67m    27Mi   
websocket-server-5d44fc8b6-jqbxm   68m    26Mi   
websocket-server-5d44fc8b6-mmrg4   70m    26Mi   
websocket-server-5d44fc8b6-sdbwm   341m   39Mi   
websocket-server-5d44fc8b6-tnrnw   153m   31Mi   
1783192554
websocket-server-5d44fc8b6-6j9qg   63m    26Mi   
websocket-server-5d44fc8b6-7zd4n   73m    25Mi   
websocket-server-5d44fc8b6-bdvrk   390m   40Mi   
websocket-server-5d44fc8b6-drj5f   106m   30Mi   
websocket-server-5d44fc8b6-jqbxm   53m    27Mi   
websocket-server-5d44fc8b6-mmrg4   53m    27Mi   
websocket-server-5d44fc8b6-sdbwm   363m   39Mi   
websocket-server-5d44fc8b6-tnrnw   180m   32Mi   
1783192560
websocket-server-5d44fc8b6-6j9qg   63m    26Mi   
websocket-server-5d44fc8b6-7zd4n   73m    25Mi   
websocket-server-5d44fc8b6-bdvrk   390m   40Mi   
websocket-server-5d44fc8b6-drj5f   106m   30Mi   
websocket-server-5d44fc8b6-jqbxm   53m    27Mi   
websocket-server-5d44fc8b6-mmrg4   53m    27Mi   
websocket-server-5d44fc8b6-sdbwm   363m   39Mi   
websocket-server-5d44fc8b6-tnrnw   180m   32Mi   
1783192565
websocket-server-5d44fc8b6-6j9qg   63m    26Mi   
websocket-server-5d44fc8b6-7zd4n   73m    25Mi   
websocket-server-5d44fc8b6-bdvrk   390m   40Mi   
websocket-server-5d44fc8b6-drj5f   106m   30Mi   
websocket-server-5d44fc8b6-jqbxm   53m    27Mi   
websocket-server-5d44fc8b6-mmrg4   53m    27Mi   
websocket-server-5d44fc8b6-sdbwm   363m   39Mi   
websocket-server-5d44fc8b6-tnrnw   180m   32Mi   
1783192570
websocket-loadgen-hbd7g            107m   32Mi   
websocket-server-5d44fc8b6-6j9qg   5m     26Mi   
websocket-server-5d44fc8b6-7gmjr   50m    25Mi   
websocket-server-5d44fc8b6-7zd4n   14m    27Mi   
websocket-server-5d44fc8b6-bdvrk   149m   40Mi   
websocket-server-5d44fc8b6-drj5f   7m     30Mi   
websocket-server-5d44fc8b6-jqbxm   11m    28Mi   
websocket-server-5d44fc8b6-mmrg4   14m    28Mi   
websocket-server-5d44fc8b6-sdbwm   19m    39Mi   
websocket-server-5d44fc8b6-tnrnw   67m    33Mi   
websocket-server-5d44fc8b6-wjrlf   49m    26Mi   
1783192575
websocket-loadgen-hbd7g            107m   32Mi   
websocket-server-5d44fc8b6-6j9qg   5m     26Mi   
websocket-server-5d44fc8b6-7gmjr   50m    25Mi   
websocket-server-5d44fc8b6-7zd4n   14m    27Mi   
websocket-server-5d44fc8b6-bdvrk   149m   40Mi   
websocket-server-5d44fc8b6-drj5f   7m     30Mi   
websocket-server-5d44fc8b6-jqbxm   11m    28Mi   
websocket-server-5d44fc8b6-mmrg4   14m    28Mi   
websocket-server-5d44fc8b6-sdbwm   19m    39Mi   
websocket-server-5d44fc8b6-tnrnw   67m    33Mi   
websocket-server-5d44fc8b6-wjrlf   49m    26Mi   
1783192580
websocket-loadgen-hbd7g            107m   32Mi   
websocket-server-5d44fc8b6-6j9qg   5m     26Mi   
websocket-server-5d44fc8b6-7gmjr   50m    25Mi   
websocket-server-5d44fc8b6-7zd4n   14m    27Mi   
websocket-server-5d44fc8b6-bdvrk   149m   40Mi   
websocket-server-5d44fc8b6-drj5f   7m     30Mi   
websocket-server-5d44fc8b6-jqbxm   11m    28Mi   
websocket-server-5d44fc8b6-mmrg4   14m    28Mi   
websocket-server-5d44fc8b6-sdbwm   19m    39Mi   
websocket-server-5d44fc8b6-tnrnw   67m    33Mi   
websocket-server-5d44fc8b6-wjrlf   49m    26Mi   
1783192585
websocket-loadgen-hbd7g            49m    38Mi   
websocket-server-5d44fc8b6-6j9qg   18m    27Mi   
websocket-server-5d44fc8b6-7gmjr   50m    25Mi   
websocket-server-5d44fc8b6-7zd4n   26m    27Mi   
websocket-server-5d44fc8b6-bdvrk   149m   40Mi   
websocket-server-5d44fc8b6-drj5f   21m    30Mi   
websocket-server-5d44fc8b6-jqbxm   32m    29Mi   
websocket-server-5d44fc8b6-mmrg4   23m    28Mi   
websocket-server-5d44fc8b6-sdbwm   46m    40Mi   
websocket-server-5d44fc8b6-tnrnw   24m    33Mi   
websocket-server-5d44fc8b6-wjrlf   46m    26Mi   
1783192590
websocket-loadgen-hbd7g            49m    38Mi   
websocket-server-5d44fc8b6-6j9qg   18m    27Mi   
websocket-server-5d44fc8b6-7gmjr   50m    25Mi   
websocket-server-5d44fc8b6-7zd4n   26m    27Mi   
websocket-server-5d44fc8b6-bdvrk   149m   40Mi   
websocket-server-5d44fc8b6-drj5f   21m    30Mi   
websocket-server-5d44fc8b6-jqbxm   32m    29Mi   
websocket-server-5d44fc8b6-mmrg4   23m    28Mi   
websocket-server-5d44fc8b6-sdbwm   46m    40Mi   
websocket-server-5d44fc8b6-tnrnw   24m    33Mi   
websocket-server-5d44fc8b6-wjrlf   46m    26Mi   
1783192596
websocket-loadgen-hbd7g            49m    38Mi   
websocket-server-5d44fc8b6-6j9qg   18m    27Mi   
websocket-server-5d44fc8b6-7gmjr   50m    25Mi   
websocket-server-5d44fc8b6-7zd4n   26m    27Mi   
websocket-server-5d44fc8b6-bdvrk   149m   40Mi   
websocket-server-5d44fc8b6-drj5f   21m    30Mi   
websocket-server-5d44fc8b6-jqbxm   32m    29Mi   
websocket-server-5d44fc8b6-mmrg4   23m    28Mi   
websocket-server-5d44fc8b6-sdbwm   46m    40Mi   
websocket-server-5d44fc8b6-tnrnw   24m    33Mi   
websocket-server-5d44fc8b6-wjrlf   46m    26Mi   
1783192601
websocket-loadgen-hbd7g            68m   45Mi   
websocket-server-5d44fc8b6-6j9qg   38m   27Mi   
websocket-server-5d44fc8b6-7gmjr   31m   27Mi   
websocket-server-5d44fc8b6-7zd4n   46m   27Mi   
websocket-server-5d44fc8b6-bdvrk   38m   41Mi   
websocket-server-5d44fc8b6-drj5f   50m   31Mi   
websocket-server-5d44fc8b6-jqbxm   32m   29Mi   
websocket-server-5d44fc8b6-mmrg4   40m   29Mi   
websocket-server-5d44fc8b6-sdbwm   72m   41Mi   
websocket-server-5d44fc8b6-tnrnw   49m   33Mi   
websocket-server-5d44fc8b6-wjrlf   44m   28Mi   
1783192606
websocket-loadgen-hbd7g            68m   45Mi   
websocket-server-5d44fc8b6-6j9qg   38m   27Mi   
websocket-server-5d44fc8b6-7gmjr   31m   27Mi   
websocket-server-5d44fc8b6-7zd4n   46m   27Mi   
websocket-server-5d44fc8b6-bdvrk   38m   41Mi   
websocket-server-5d44fc8b6-drj5f   50m   31Mi   
websocket-server-5d44fc8b6-jqbxm   32m   29Mi   
websocket-server-5d44fc8b6-mmrg4   40m   29Mi   
websocket-server-5d44fc8b6-sdbwm   72m   41Mi   
websocket-server-5d44fc8b6-tnrnw   49m   33Mi   
websocket-server-5d44fc8b6-wjrlf   44m   28Mi   
1783192611
websocket-loadgen-hbd7g            68m   45Mi   
websocket-server-5d44fc8b6-6j9qg   38m   27Mi   
websocket-server-5d44fc8b6-7gmjr   31m   27Mi   
websocket-server-5d44fc8b6-7zd4n   46m   27Mi   
websocket-server-5d44fc8b6-bdvrk   38m   41Mi   
websocket-server-5d44fc8b6-drj5f   50m   31Mi   
websocket-server-5d44fc8b6-jqbxm   32m   29Mi   
websocket-server-5d44fc8b6-mmrg4   40m   29Mi   
websocket-server-5d44fc8b6-sdbwm   72m   41Mi   
websocket-server-5d44fc8b6-tnrnw   49m   33Mi   
websocket-server-5d44fc8b6-wjrlf   44m   28Mi   
1783192616
websocket-loadgen-hbd7g            84m   54Mi   
websocket-server-5d44fc8b6-6j9qg   64m   28Mi   
websocket-server-5d44fc8b6-7gmjr   77m   28Mi   
websocket-server-5d44fc8b6-7zd4n   70m   29Mi   
websocket-server-5d44fc8b6-bdvrk   73m   42Mi   
websocket-server-5d44fc8b6-drj5f   50m   31Mi   
websocket-server-5d44fc8b6-jqbxm   61m   29Mi   
websocket-server-5d44fc8b6-mmrg4   40m   29Mi   
websocket-server-5d44fc8b6-sdbwm   95m   41Mi   
websocket-server-5d44fc8b6-tnrnw   65m   34Mi   
websocket-server-5d44fc8b6-wjrlf   86m   29Mi   
1783192621
websocket-loadgen-hbd7g            84m   54Mi   
websocket-server-5d44fc8b6-6j9qg   64m   28Mi   
websocket-server-5d44fc8b6-7gmjr   77m   28Mi   
websocket-server-5d44fc8b6-7zd4n   70m   29Mi   
websocket-server-5d44fc8b6-bdvrk   73m   42Mi   
websocket-server-5d44fc8b6-drj5f   50m   31Mi   
websocket-server-5d44fc8b6-jqbxm   61m   29Mi   
websocket-server-5d44fc8b6-mmrg4   40m   29Mi   
websocket-server-5d44fc8b6-sdbwm   95m   41Mi   
websocket-server-5d44fc8b6-tnrnw   65m   34Mi   
websocket-server-5d44fc8b6-wjrlf   86m   29Mi   
1783192626
websocket-loadgen-hbd7g            84m   54Mi   
websocket-server-5d44fc8b6-6j9qg   64m   28Mi   
websocket-server-5d44fc8b6-7gmjr   77m   28Mi   
websocket-server-5d44fc8b6-7zd4n   70m   29Mi   
websocket-server-5d44fc8b6-bdvrk   73m   42Mi   
websocket-server-5d44fc8b6-drj5f   50m   31Mi   
websocket-server-5d44fc8b6-jqbxm   61m   29Mi   
websocket-server-5d44fc8b6-mmrg4   40m   29Mi   
websocket-server-5d44fc8b6-sdbwm   95m   41Mi   
websocket-server-5d44fc8b6-tnrnw   65m   34Mi   
websocket-server-5d44fc8b6-wjrlf   86m   29Mi   
1783192631
websocket-loadgen-hbd7g            89m    61Mi   
websocket-server-5d44fc8b6-6j9qg   81m    28Mi   
websocket-server-5d44fc8b6-7gmjr   92m    29Mi   
websocket-server-5d44fc8b6-7zd4n   92m    29Mi   
websocket-server-5d44fc8b6-bdvrk   92m    42Mi   
websocket-server-5d44fc8b6-drj5f   70m    32Mi   
websocket-server-5d44fc8b6-jqbxm   80m    30Mi   
websocket-server-5d44fc8b6-mmrg4   57m    30Mi   
websocket-server-5d44fc8b6-sdbwm   104m   41Mi   
websocket-server-5d44fc8b6-tnrnw   84m    35Mi   
websocket-server-5d44fc8b6-wjrlf   106m   29Mi   
1783192637
websocket-loadgen-hbd7g            89m    61Mi   
websocket-server-5d44fc8b6-6j9qg   81m    28Mi   
websocket-server-5d44fc8b6-7gmjr   92m    29Mi   
websocket-server-5d44fc8b6-7zd4n   92m    29Mi   
websocket-server-5d44fc8b6-bdvrk   92m    42Mi   
websocket-server-5d44fc8b6-drj5f   70m    32Mi   
websocket-server-5d44fc8b6-jqbxm   80m    30Mi   
websocket-server-5d44fc8b6-mmrg4   57m    30Mi   
websocket-server-5d44fc8b6-sdbwm   104m   41Mi   
websocket-server-5d44fc8b6-tnrnw   84m    35Mi   
websocket-server-5d44fc8b6-wjrlf   106m   29Mi   
1783192642
websocket-loadgen-hbd7g            89m    61Mi   
websocket-server-5d44fc8b6-6j9qg   81m    28Mi   
websocket-server-5d44fc8b6-7gmjr   92m    29Mi   
websocket-server-5d44fc8b6-7zd4n   92m    29Mi   
websocket-server-5d44fc8b6-bdvrk   92m    42Mi   
websocket-server-5d44fc8b6-drj5f   70m    32Mi   
websocket-server-5d44fc8b6-jqbxm   80m    30Mi   
websocket-server-5d44fc8b6-mmrg4   57m    30Mi   
websocket-server-5d44fc8b6-sdbwm   104m   41Mi   
websocket-server-5d44fc8b6-tnrnw   84m    35Mi   
websocket-server-5d44fc8b6-wjrlf   106m   29Mi   
1783192647
websocket-server-5d44fc8b6-6j9qg   99m    29Mi   
websocket-server-5d44fc8b6-7gmjr   113m   30Mi   
websocket-server-5d44fc8b6-7zd4n   111m   29Mi   
websocket-server-5d44fc8b6-bdvrk   121m   42Mi   
websocket-server-5d44fc8b6-drj5f   86m    33Mi   
websocket-server-5d44fc8b6-jqbxm   89m    31Mi   
websocket-server-5d44fc8b6-mmrg4   86m    31Mi   
websocket-server-5d44fc8b6-sdbwm   126m   42Mi   
websocket-server-5d44fc8b6-tnrnw   110m   36Mi   
websocket-server-5d44fc8b6-wjrlf   114m   30Mi   
1783192652
websocket-server-5d44fc8b6-6j9qg   99m    29Mi   
websocket-server-5d44fc8b6-7gmjr   113m   30Mi   
websocket-server-5d44fc8b6-7zd4n   111m   29Mi   
websocket-server-5d44fc8b6-bdvrk   121m   42Mi   
websocket-server-5d44fc8b6-drj5f   86m    33Mi   
websocket-server-5d44fc8b6-jqbxm   89m    31Mi   
websocket-server-5d44fc8b6-mmrg4   86m    31Mi   
websocket-server-5d44fc8b6-sdbwm   126m   42Mi   
websocket-server-5d44fc8b6-tnrnw   110m   36Mi   
websocket-server-5d44fc8b6-wjrlf   114m   30Mi   
1783192657
websocket-server-5d44fc8b6-6j9qg   99m    29Mi   
websocket-server-5d44fc8b6-7gmjr   113m   30Mi   
websocket-server-5d44fc8b6-7zd4n   111m   29Mi   
websocket-server-5d44fc8b6-bdvrk   121m   42Mi   
websocket-server-5d44fc8b6-drj5f   86m    33Mi   
websocket-server-5d44fc8b6-jqbxm   89m    31Mi   
websocket-server-5d44fc8b6-mmrg4   86m    31Mi   
websocket-server-5d44fc8b6-sdbwm   126m   42Mi   
websocket-server-5d44fc8b6-tnrnw   110m   36Mi   
websocket-server-5d44fc8b6-wjrlf   114m   30Mi   
1783192662
websocket-loadgen-nj664            96m    32Mi   
websocket-server-5d44fc8b6-6j9qg   44m    30Mi   
websocket-server-5d44fc8b6-7gmjr   11m    30Mi   
websocket-server-5d44fc8b6-7zd4n   85m    30Mi   
websocket-server-5d44fc8b6-bdvrk   77m    42Mi   
websocket-server-5d44fc8b6-drj5f   83m    32Mi   
websocket-server-5d44fc8b6-jqbxm   68m    31Mi   
websocket-server-5d44fc8b6-mmrg4   49m    31Mi   
websocket-server-5d44fc8b6-sdbwm   35m    41Mi   
websocket-server-5d44fc8b6-tnrnw   54m    36Mi   
websocket-server-5d44fc8b6-wjrlf   103m   31Mi   
1783192667
websocket-loadgen-nj664            96m    32Mi   
websocket-server-5d44fc8b6-6j9qg   44m    30Mi   
websocket-server-5d44fc8b6-7gmjr   11m    30Mi   
websocket-server-5d44fc8b6-7zd4n   85m    30Mi   
websocket-server-5d44fc8b6-bdvrk   77m    42Mi   
websocket-server-5d44fc8b6-drj5f   83m    32Mi   
websocket-server-5d44fc8b6-jqbxm   68m    31Mi   
websocket-server-5d44fc8b6-mmrg4   49m    31Mi   
websocket-server-5d44fc8b6-sdbwm   35m    41Mi   
websocket-server-5d44fc8b6-tnrnw   54m    36Mi   
websocket-server-5d44fc8b6-wjrlf   103m   31Mi   
1783192672
websocket-loadgen-nj664            96m    32Mi   
websocket-server-5d44fc8b6-6j9qg   44m    30Mi   
websocket-server-5d44fc8b6-7gmjr   11m    30Mi   
websocket-server-5d44fc8b6-7zd4n   85m    30Mi   
websocket-server-5d44fc8b6-bdvrk   77m    42Mi   
websocket-server-5d44fc8b6-drj5f   83m    32Mi   
websocket-server-5d44fc8b6-jqbxm   68m    31Mi   
websocket-server-5d44fc8b6-mmrg4   49m    31Mi   
websocket-server-5d44fc8b6-sdbwm   35m    41Mi   
websocket-server-5d44fc8b6-tnrnw   54m    36Mi   
websocket-server-5d44fc8b6-wjrlf   103m   31Mi   
1783192677
websocket-loadgen-nj664            46m   33Mi   
websocket-server-5d44fc8b6-6j9qg   34m   31Mi   
websocket-server-5d44fc8b6-7gmjr   30m   31Mi   
websocket-server-5d44fc8b6-7zd4n   25m   31Mi   
websocket-server-5d44fc8b6-bdvrk   28m   42Mi   
websocket-server-5d44fc8b6-drj5f   26m   33Mi   
websocket-server-5d44fc8b6-jqbxm   21m   32Mi   
websocket-server-5d44fc8b6-mmrg4   49m   31Mi   
websocket-server-5d44fc8b6-sdbwm   20m   42Mi   
websocket-server-5d44fc8b6-tnrnw   36m   37Mi   
websocket-server-5d44fc8b6-wjrlf   12m   30Mi   
1783192683
websocket-loadgen-nj664            46m   33Mi   
websocket-server-5d44fc8b6-6j9qg   34m   31Mi   
websocket-server-5d44fc8b6-7gmjr   30m   31Mi   
websocket-server-5d44fc8b6-7zd4n   25m   31Mi   
websocket-server-5d44fc8b6-bdvrk   28m   42Mi   
websocket-server-5d44fc8b6-drj5f   26m   33Mi   
websocket-server-5d44fc8b6-jqbxm   21m   32Mi   
websocket-server-5d44fc8b6-mmrg4   49m   31Mi   
websocket-server-5d44fc8b6-sdbwm   20m   42Mi   
websocket-server-5d44fc8b6-tnrnw   36m   37Mi   
websocket-server-5d44fc8b6-wjrlf   12m   30Mi   
1783192688
websocket-loadgen-nj664            46m   33Mi   
websocket-server-5d44fc8b6-6j9qg   34m   31Mi   
websocket-server-5d44fc8b6-7gmjr   30m   31Mi   
websocket-server-5d44fc8b6-7zd4n   25m   31Mi   
websocket-server-5d44fc8b6-bdvrk   28m   42Mi   
websocket-server-5d44fc8b6-drj5f   26m   33Mi   
websocket-server-5d44fc8b6-jqbxm   21m   32Mi   
websocket-server-5d44fc8b6-mmrg4   49m   31Mi   
websocket-server-5d44fc8b6-sdbwm   20m   42Mi   
websocket-server-5d44fc8b6-tnrnw   36m   37Mi   
websocket-server-5d44fc8b6-wjrlf   12m   30Mi   
1783192693
websocket-loadgen-nj664            59m   48Mi   
websocket-server-5d44fc8b6-6j9qg   67m   32Mi   
websocket-server-5d44fc8b6-7gmjr   40m   31Mi   
websocket-server-5d44fc8b6-7zd4n   47m   32Mi   
websocket-server-5d44fc8b6-bdvrk   39m   43Mi   
websocket-server-5d44fc8b6-drj5f   50m   33Mi   
websocket-server-5d44fc8b6-jqbxm   38m   33Mi   
websocket-server-5d44fc8b6-mmrg4   32m   32Mi   
websocket-server-5d44fc8b6-sdbwm   39m   42Mi   
websocket-server-5d44fc8b6-tnrnw   54m   37Mi   
websocket-server-5d44fc8b6-wjrlf   34m   31Mi   
1783192698
websocket-loadgen-nj664            59m   48Mi   
websocket-server-5d44fc8b6-6j9qg   67m   32Mi   
websocket-server-5d44fc8b6-7gmjr   40m   31Mi   
websocket-server-5d44fc8b6-7zd4n   47m   32Mi   
websocket-server-5d44fc8b6-bdvrk   39m   43Mi   
websocket-server-5d44fc8b6-drj5f   50m   33Mi   
websocket-server-5d44fc8b6-jqbxm   38m   33Mi   
websocket-server-5d44fc8b6-mmrg4   32m   32Mi   
websocket-server-5d44fc8b6-sdbwm   39m   42Mi   
websocket-server-5d44fc8b6-tnrnw   54m   37Mi   
websocket-server-5d44fc8b6-wjrlf   34m   31Mi   
1783192703
websocket-loadgen-nj664            59m   48Mi   
websocket-server-5d44fc8b6-6j9qg   67m   32Mi   
websocket-server-5d44fc8b6-7gmjr   40m   31Mi   
websocket-server-5d44fc8b6-7zd4n   47m   32Mi   
websocket-server-5d44fc8b6-bdvrk   39m   43Mi   
websocket-server-5d44fc8b6-drj5f   50m   33Mi   
websocket-server-5d44fc8b6-jqbxm   38m   33Mi   
websocket-server-5d44fc8b6-mmrg4   32m   32Mi   
websocket-server-5d44fc8b6-sdbwm   39m   42Mi   
websocket-server-5d44fc8b6-tnrnw   54m   37Mi   
websocket-server-5d44fc8b6-wjrlf   34m   31Mi   
1783192708
websocket-loadgen-nj664            59m   48Mi   
websocket-server-5d44fc8b6-6j9qg   85m   32Mi   
websocket-server-5d44fc8b6-7gmjr   62m   33Mi   
websocket-server-5d44fc8b6-7zd4n   67m   32Mi   
websocket-server-5d44fc8b6-bdvrk   62m   42Mi   
websocket-server-5d44fc8b6-drj5f   79m   35Mi   
websocket-server-5d44fc8b6-jqbxm   74m   32Mi   
websocket-server-5d44fc8b6-mmrg4   48m   32Mi   
websocket-server-5d44fc8b6-sdbwm   54m   42Mi   
websocket-server-5d44fc8b6-tnrnw   64m   37Mi   
websocket-server-5d44fc8b6-wjrlf   55m   32Mi   
1783192713
websocket-loadgen-nj664            59m   48Mi   
websocket-server-5d44fc8b6-6j9qg   85m   32Mi   
websocket-server-5d44fc8b6-7gmjr   62m   33Mi   
websocket-server-5d44fc8b6-7zd4n   67m   32Mi   
websocket-server-5d44fc8b6-bdvrk   62m   42Mi   
websocket-server-5d44fc8b6-drj5f   79m   35Mi   
websocket-server-5d44fc8b6-jqbxm   74m   32Mi   
websocket-server-5d44fc8b6-mmrg4   48m   32Mi   
websocket-server-5d44fc8b6-sdbwm   54m   42Mi   
websocket-server-5d44fc8b6-tnrnw   64m   37Mi   
websocket-server-5d44fc8b6-wjrlf   55m   32Mi   
1783192718
websocket-loadgen-nj664            59m   48Mi   
websocket-server-5d44fc8b6-6j9qg   85m   32Mi   
websocket-server-5d44fc8b6-7gmjr   62m   33Mi   
websocket-server-5d44fc8b6-7zd4n   67m   32Mi   
websocket-server-5d44fc8b6-bdvrk   62m   42Mi   
websocket-server-5d44fc8b6-drj5f   79m   35Mi   
websocket-server-5d44fc8b6-jqbxm   74m   32Mi   
websocket-server-5d44fc8b6-mmrg4   48m   32Mi   
websocket-server-5d44fc8b6-sdbwm   54m   42Mi   
websocket-server-5d44fc8b6-tnrnw   64m   37Mi   
websocket-server-5d44fc8b6-wjrlf   55m   32Mi   
1783192724
websocket-loadgen-nj664            86m    62Mi   
websocket-server-5d44fc8b6-6j9qg   111m   33Mi   
websocket-server-5d44fc8b6-7gmjr   79m    33Mi   
websocket-server-5d44fc8b6-7zd4n   79m    33Mi   
websocket-server-5d44fc8b6-bdvrk   87m    43Mi   
websocket-server-5d44fc8b6-drj5f   102m   35Mi   
websocket-server-5d44fc8b6-jqbxm   98m    33Mi   
websocket-server-5d44fc8b6-mmrg4   70m    33Mi   
websocket-server-5d44fc8b6-sdbwm   95m    42Mi   
websocket-server-5d44fc8b6-tnrnw   79m    37Mi   
websocket-server-5d44fc8b6-wjrlf   78m    33Mi   
1783192729
websocket-loadgen-nj664            86m    62Mi   
websocket-server-5d44fc8b6-6j9qg   111m   33Mi   
websocket-server-5d44fc8b6-7gmjr   79m    33Mi   
websocket-server-5d44fc8b6-7zd4n   79m    33Mi   
websocket-server-5d44fc8b6-bdvrk   87m    43Mi   
websocket-server-5d44fc8b6-drj5f   102m   35Mi   
websocket-server-5d44fc8b6-jqbxm   98m    33Mi   
websocket-server-5d44fc8b6-mmrg4   70m    33Mi   
websocket-server-5d44fc8b6-sdbwm   95m    42Mi   
websocket-server-5d44fc8b6-tnrnw   79m    37Mi   
websocket-server-5d44fc8b6-wjrlf   78m    33Mi   
1783192734
websocket-server-5d44fc8b6-6j9qg   124m   33Mi   
websocket-server-5d44fc8b6-7gmjr   98m    32Mi   
websocket-server-5d44fc8b6-7zd4n   103m   33Mi   
websocket-server-5d44fc8b6-bdvrk   107m   43Mi   
websocket-server-5d44fc8b6-drj5f   119m   36Mi   
websocket-server-5d44fc8b6-jqbxm   106m   33Mi   
websocket-server-5d44fc8b6-mmrg4   95m    33Mi   
websocket-server-5d44fc8b6-sdbwm   122m   43Mi   
websocket-server-5d44fc8b6-tnrnw   106m   38Mi   
websocket-server-5d44fc8b6-wjrlf   78m    33Mi   
1783192739
websocket-server-5d44fc8b6-6j9qg   124m   33Mi   
websocket-server-5d44fc8b6-7gmjr   98m    32Mi   
websocket-server-5d44fc8b6-7zd4n   103m   33Mi   
websocket-server-5d44fc8b6-bdvrk   107m   43Mi   
websocket-server-5d44fc8b6-drj5f   119m   36Mi   
websocket-server-5d44fc8b6-jqbxm   106m   33Mi   
websocket-server-5d44fc8b6-mmrg4   95m    33Mi   
websocket-server-5d44fc8b6-sdbwm   122m   43Mi   
websocket-server-5d44fc8b6-tnrnw   106m   38Mi   
websocket-server-5d44fc8b6-wjrlf   78m    33Mi   
1783192744
websocket-server-5d44fc8b6-6j9qg   124m   33Mi   
websocket-server-5d44fc8b6-7gmjr   98m    32Mi   
websocket-server-5d44fc8b6-7zd4n   103m   33Mi   
websocket-server-5d44fc8b6-bdvrk   107m   43Mi   
websocket-server-5d44fc8b6-drj5f   119m   36Mi   
websocket-server-5d44fc8b6-jqbxm   106m   33Mi   
websocket-server-5d44fc8b6-mmrg4   95m    33Mi   
websocket-server-5d44fc8b6-sdbwm   122m   43Mi   
websocket-server-5d44fc8b6-tnrnw   106m   38Mi   
websocket-server-5d44fc8b6-wjrlf   78m    33Mi   
1783192749
websocket-loadgen-shqxt            123m   30Mi   
websocket-server-5d44fc8b6-6j9qg   124m   33Mi   
websocket-server-5d44fc8b6-7gmjr   48m    32Mi   
websocket-server-5d44fc8b6-7zd4n   72m    32Mi   
websocket-server-5d44fc8b6-bdvrk   88m    42Mi   
websocket-server-5d44fc8b6-drj5f   119m   36Mi   
websocket-server-5d44fc8b6-jqbxm   80m    33Mi   
websocket-server-5d44fc8b6-mmrg4   39m    33Mi   
websocket-server-5d44fc8b6-sdbwm   57m    42Mi   
websocket-server-5d44fc8b6-tnrnw   60m    38Mi   
websocket-server-5d44fc8b6-wjrlf   89m    32Mi   
1783192754
websocket-loadgen-shqxt            123m   30Mi   
websocket-server-5d44fc8b6-6j9qg   124m   33Mi   
websocket-server-5d44fc8b6-7gmjr   48m    32Mi   
websocket-server-5d44fc8b6-7zd4n   72m    32Mi   
websocket-server-5d44fc8b6-bdvrk   88m    42Mi   
websocket-server-5d44fc8b6-drj5f   119m   36Mi   
websocket-server-5d44fc8b6-jqbxm   80m    33Mi   
websocket-server-5d44fc8b6-mmrg4   39m    33Mi   
websocket-server-5d44fc8b6-sdbwm   57m    42Mi   
websocket-server-5d44fc8b6-tnrnw   60m    38Mi   
websocket-server-5d44fc8b6-wjrlf   89m    32Mi   
1783192759
websocket-loadgen-shqxt            123m   30Mi   
websocket-server-5d44fc8b6-6j9qg   124m   33Mi   
websocket-server-5d44fc8b6-7gmjr   48m    32Mi   
websocket-server-5d44fc8b6-7zd4n   72m    32Mi   
websocket-server-5d44fc8b6-bdvrk   88m    42Mi   
websocket-server-5d44fc8b6-drj5f   119m   36Mi   
websocket-server-5d44fc8b6-jqbxm   80m    33Mi   
websocket-server-5d44fc8b6-mmrg4   39m    33Mi   
websocket-server-5d44fc8b6-sdbwm   57m    42Mi   
websocket-server-5d44fc8b6-tnrnw   60m    38Mi   
websocket-server-5d44fc8b6-wjrlf   89m    32Mi   
1783192764
websocket-loadgen-shqxt            46m   38Mi   
websocket-server-5d44fc8b6-6j9qg   36m   33Mi   
websocket-server-5d44fc8b6-7gmjr   48m   32Mi   
websocket-server-5d44fc8b6-7zd4n   37m   33Mi   
websocket-server-5d44fc8b6-bdvrk   15m   42Mi   
websocket-server-5d44fc8b6-drj5f   29m   36Mi   
websocket-server-5d44fc8b6-jqbxm   26m   34Mi   
websocket-server-5d44fc8b6-mmrg4   27m   32Mi   
websocket-server-5d44fc8b6-sdbwm   35m   43Mi   
websocket-server-5d44fc8b6-tnrnw   25m   38Mi   
websocket-server-5d44fc8b6-wjrlf   3m    32Mi   
1783192770
websocket-loadgen-shqxt            46m   38Mi   
websocket-server-5d44fc8b6-6j9qg   36m   33Mi   
websocket-server-5d44fc8b6-7gmjr   48m   32Mi   
websocket-server-5d44fc8b6-7zd4n   37m   33Mi   
websocket-server-5d44fc8b6-bdvrk   15m   42Mi   
websocket-server-5d44fc8b6-drj5f   29m   36Mi   
websocket-server-5d44fc8b6-jqbxm   26m   34Mi   
websocket-server-5d44fc8b6-mmrg4   27m   32Mi   
websocket-server-5d44fc8b6-sdbwm   35m   43Mi   
websocket-server-5d44fc8b6-tnrnw   25m   38Mi   
websocket-server-5d44fc8b6-wjrlf   3m    32Mi   
1783192775
websocket-loadgen-shqxt            46m   38Mi   
websocket-server-5d44fc8b6-6j9qg   36m   33Mi   
websocket-server-5d44fc8b6-7gmjr   48m   32Mi   
websocket-server-5d44fc8b6-7zd4n   37m   33Mi   
websocket-server-5d44fc8b6-bdvrk   15m   42Mi   
websocket-server-5d44fc8b6-drj5f   29m   36Mi   
websocket-server-5d44fc8b6-jqbxm   26m   34Mi   
websocket-server-5d44fc8b6-mmrg4   27m   32Mi   
websocket-server-5d44fc8b6-sdbwm   35m   43Mi   
websocket-server-5d44fc8b6-tnrnw   25m   38Mi   
websocket-server-5d44fc8b6-wjrlf   3m    32Mi   
1783192780
websocket-loadgen-shqxt            67m   44Mi   
websocket-server-5d44fc8b6-6j9qg   47m   33Mi   
websocket-server-5d44fc8b6-7gmjr   45m   33Mi   
websocket-server-5d44fc8b6-7zd4n   71m   34Mi   
websocket-server-5d44fc8b6-bdvrk   40m   43Mi   
websocket-server-5d44fc8b6-drj5f   43m   37Mi   
websocket-server-5d44fc8b6-jqbxm   45m   34Mi   
websocket-server-5d44fc8b6-mmrg4   54m   33Mi   
websocket-server-5d44fc8b6-sdbwm   35m   43Mi   
websocket-server-5d44fc8b6-tnrnw   42m   38Mi   
websocket-server-5d44fc8b6-wjrlf   23m   33Mi   
1783192785
websocket-loadgen-shqxt            67m   44Mi   
websocket-server-5d44fc8b6-6j9qg   47m   33Mi   
websocket-server-5d44fc8b6-7gmjr   45m   33Mi   
websocket-server-5d44fc8b6-7zd4n   71m   34Mi   
websocket-server-5d44fc8b6-bdvrk   40m   43Mi   
websocket-server-5d44fc8b6-drj5f   43m   37Mi   
websocket-server-5d44fc8b6-jqbxm   45m   34Mi   
websocket-server-5d44fc8b6-mmrg4   54m   33Mi   
websocket-server-5d44fc8b6-sdbwm   35m   43Mi   
websocket-server-5d44fc8b6-tnrnw   42m   38Mi   
websocket-server-5d44fc8b6-wjrlf   23m   33Mi   
1783192790
websocket-loadgen-shqxt            67m   44Mi   
websocket-server-5d44fc8b6-6j9qg   47m   33Mi   
websocket-server-5d44fc8b6-7gmjr   45m   33Mi   
websocket-server-5d44fc8b6-7zd4n   71m   34Mi   
websocket-server-5d44fc8b6-bdvrk   40m   43Mi   
websocket-server-5d44fc8b6-drj5f   43m   37Mi   
websocket-server-5d44fc8b6-jqbxm   45m   34Mi   
websocket-server-5d44fc8b6-mmrg4   54m   33Mi   
websocket-server-5d44fc8b6-sdbwm   35m   43Mi   
websocket-server-5d44fc8b6-tnrnw   42m   38Mi   
websocket-server-5d44fc8b6-wjrlf   23m   33Mi   
1783192795
websocket-loadgen-shqxt            78m   55Mi   
websocket-server-5d44fc8b6-6j9qg   76m   34Mi   
websocket-server-5d44fc8b6-7gmjr   74m   34Mi   
websocket-server-5d44fc8b6-7zd4n   91m   35Mi   
websocket-server-5d44fc8b6-bdvrk   62m   43Mi   
websocket-server-5d44fc8b6-drj5f   65m   38Mi   
websocket-server-5d44fc8b6-jqbxm   69m   35Mi   
websocket-server-5d44fc8b6-mmrg4   69m   34Mi   
websocket-server-5d44fc8b6-sdbwm   77m   43Mi   
websocket-server-5d44fc8b6-tnrnw   57m   39Mi   
websocket-server-5d44fc8b6-wjrlf   50m   33Mi   
1783192800
websocket-loadgen-shqxt            78m   55Mi   
websocket-server-5d44fc8b6-6j9qg   76m   34Mi   
websocket-server-5d44fc8b6-7gmjr   74m   34Mi   
websocket-server-5d44fc8b6-7zd4n   91m   35Mi   
websocket-server-5d44fc8b6-bdvrk   62m   43Mi   
websocket-server-5d44fc8b6-drj5f   65m   38Mi   
websocket-server-5d44fc8b6-jqbxm   69m   35Mi   
websocket-server-5d44fc8b6-mmrg4   69m   34Mi   
websocket-server-5d44fc8b6-sdbwm   77m   43Mi   
websocket-server-5d44fc8b6-tnrnw   57m   39Mi   
websocket-server-5d44fc8b6-wjrlf   50m   33Mi   
1783192805
websocket-loadgen-shqxt            78m   55Mi   
websocket-server-5d44fc8b6-6j9qg   76m   34Mi   
websocket-server-5d44fc8b6-7gmjr   74m   34Mi   
websocket-server-5d44fc8b6-7zd4n   91m   35Mi   
websocket-server-5d44fc8b6-bdvrk   62m   43Mi   
websocket-server-5d44fc8b6-drj5f   65m   38Mi   
websocket-server-5d44fc8b6-jqbxm   69m   35Mi   
websocket-server-5d44fc8b6-mmrg4   69m   34Mi   
websocket-server-5d44fc8b6-sdbwm   77m   43Mi   
websocket-server-5d44fc8b6-tnrnw   57m   39Mi   
websocket-server-5d44fc8b6-wjrlf   50m   33Mi   
1783192811
websocket-loadgen-shqxt            99m    62Mi   
websocket-server-5d44fc8b6-6j9qg   111m   36Mi   
websocket-server-5d44fc8b6-7gmjr   93m    34Mi   
websocket-server-5d44fc8b6-7zd4n   126m   36Mi   
websocket-server-5d44fc8b6-bdvrk   80m    43Mi   
websocket-server-5d44fc8b6-drj5f   65m    38Mi   
websocket-server-5d44fc8b6-jqbxm   102m   35Mi   
websocket-server-5d44fc8b6-mmrg4   88m    34Mi   
websocket-server-5d44fc8b6-sdbwm   114m   43Mi   
websocket-server-5d44fc8b6-tnrnw   77m    39Mi   
websocket-server-5d44fc8b6-wjrlf   85m    35Mi   
1783192816
websocket-loadgen-shqxt            99m    62Mi   
websocket-server-5d44fc8b6-6j9qg   111m   36Mi   
websocket-server-5d44fc8b6-7gmjr   93m    34Mi   
websocket-server-5d44fc8b6-7zd4n   126m   36Mi   
websocket-server-5d44fc8b6-bdvrk   80m    43Mi   
websocket-server-5d44fc8b6-drj5f   65m    38Mi   
websocket-server-5d44fc8b6-jqbxm   102m   35Mi   
websocket-server-5d44fc8b6-mmrg4   88m    34Mi   
websocket-server-5d44fc8b6-sdbwm   114m   43Mi   
websocket-server-5d44fc8b6-tnrnw   77m    39Mi   
websocket-server-5d44fc8b6-wjrlf   85m    35Mi   
1783192821
websocket-loadgen-shqxt            99m    62Mi   
websocket-server-5d44fc8b6-6j9qg   111m   36Mi   
websocket-server-5d44fc8b6-7gmjr   93m    34Mi   
websocket-server-5d44fc8b6-7zd4n   126m   36Mi   
websocket-server-5d44fc8b6-bdvrk   80m    43Mi   
websocket-server-5d44fc8b6-drj5f   65m    38Mi   
websocket-server-5d44fc8b6-jqbxm   102m   35Mi   
websocket-server-5d44fc8b6-mmrg4   88m    34Mi   
websocket-server-5d44fc8b6-sdbwm   114m   43Mi   
websocket-server-5d44fc8b6-tnrnw   77m    39Mi   
websocket-server-5d44fc8b6-wjrlf   85m    35Mi   
1783192826
websocket-server-5d44fc8b6-6j9qg   132m   36Mi   
websocket-server-5d44fc8b6-7gmjr   117m   35Mi   
websocket-server-5d44fc8b6-7zd4n   147m   36Mi   
websocket-server-5d44fc8b6-bdvrk   80m    43Mi   
websocket-server-5d44fc8b6-drj5f   105m   39Mi   
websocket-server-5d44fc8b6-jqbxm   119m   35Mi   
websocket-server-5d44fc8b6-mmrg4   113m   35Mi   
websocket-server-5d44fc8b6-sdbwm   134m   44Mi   
websocket-server-5d44fc8b6-tnrnw   101m   40Mi   
websocket-server-5d44fc8b6-wjrlf   101m   35Mi   
1783192831
websocket-server-5d44fc8b6-6j9qg   132m   36Mi   
websocket-server-5d44fc8b6-7gmjr   117m   35Mi   
websocket-server-5d44fc8b6-7zd4n   147m   36Mi   
websocket-server-5d44fc8b6-bdvrk   80m    43Mi   
websocket-server-5d44fc8b6-drj5f   105m   39Mi   
websocket-server-5d44fc8b6-jqbxm   119m   35Mi   
websocket-server-5d44fc8b6-mmrg4   113m   35Mi   
websocket-server-5d44fc8b6-sdbwm   134m   44Mi   
websocket-server-5d44fc8b6-tnrnw   101m   40Mi   
websocket-server-5d44fc8b6-wjrlf   101m   35Mi   
1783192836
websocket-server-5d44fc8b6-6j9qg   132m   36Mi   
websocket-server-5d44fc8b6-7gmjr   117m   35Mi   
websocket-server-5d44fc8b6-7zd4n   147m   36Mi   
websocket-server-5d44fc8b6-bdvrk   80m    43Mi   
websocket-server-5d44fc8b6-drj5f   105m   39Mi   
websocket-server-5d44fc8b6-jqbxm   119m   35Mi   
websocket-server-5d44fc8b6-mmrg4   113m   35Mi   
websocket-server-5d44fc8b6-sdbwm   134m   44Mi   
websocket-server-5d44fc8b6-tnrnw   101m   40Mi   
websocket-server-5d44fc8b6-wjrlf   101m   35Mi   
1783192841
websocket-loadgen-jb8w5            109m   31Mi   
websocket-server-5d44fc8b6-6j9qg   30m    35Mi   
websocket-server-5d44fc8b6-7gmjr   117m   35Mi   
websocket-server-5d44fc8b6-7zd4n   105m   36Mi   
websocket-server-5d44fc8b6-bdvrk   92m    43Mi   
websocket-server-5d44fc8b6-drj5f   21m    40Mi   
websocket-server-5d44fc8b6-jqbxm   75m    35Mi   
websocket-server-5d44fc8b6-mmrg4   19m    35Mi   
websocket-server-5d44fc8b6-sdbwm   68m    43Mi   
websocket-server-5d44fc8b6-tnrnw   30m    40Mi   
websocket-server-5d44fc8b6-wjrlf   101m   35Mi   
1783192846
websocket-loadgen-jb8w5            109m   31Mi   
websocket-server-5d44fc8b6-6j9qg   30m    35Mi   
websocket-server-5d44fc8b6-7gmjr   117m   35Mi   
websocket-server-5d44fc8b6-7zd4n   105m   36Mi   
websocket-server-5d44fc8b6-bdvrk   92m    43Mi   
websocket-server-5d44fc8b6-drj5f   21m    40Mi   
websocket-server-5d44fc8b6-jqbxm   75m    35Mi   
websocket-server-5d44fc8b6-mmrg4   19m    35Mi   
websocket-server-5d44fc8b6-sdbwm   68m    43Mi   
websocket-server-5d44fc8b6-tnrnw   30m    40Mi   
websocket-server-5d44fc8b6-wjrlf   101m   35Mi   
1783192852
websocket-loadgen-jb8w5            109m   31Mi   
websocket-server-5d44fc8b6-6j9qg   30m    35Mi   
websocket-server-5d44fc8b6-7gmjr   117m   35Mi   
websocket-server-5d44fc8b6-7zd4n   105m   36Mi   
websocket-server-5d44fc8b6-bdvrk   92m    43Mi   
websocket-server-5d44fc8b6-drj5f   21m    40Mi   
websocket-server-5d44fc8b6-jqbxm   75m    35Mi   
websocket-server-5d44fc8b6-mmrg4   19m    35Mi   
websocket-server-5d44fc8b6-sdbwm   68m    43Mi   
websocket-server-5d44fc8b6-tnrnw   30m    40Mi   
websocket-server-5d44fc8b6-wjrlf   101m   35Mi   
1783192857
websocket-loadgen-jb8w5            42m   32Mi   
websocket-server-5d44fc8b6-6j9qg   24m   35Mi   
websocket-server-5d44fc8b6-7gmjr   34m   36Mi   
websocket-server-5d44fc8b6-7zd4n   26m   36Mi   
websocket-server-5d44fc8b6-bdvrk   17m   43Mi   
websocket-server-5d44fc8b6-drj5f   27m   39Mi   
websocket-server-5d44fc8b6-jqbxm   24m   35Mi   
websocket-server-5d44fc8b6-mmrg4   25m   35Mi   
websocket-server-5d44fc8b6-sdbwm   26m   43Mi   
websocket-server-5d44fc8b6-tnrnw   36m   40Mi   
websocket-server-5d44fc8b6-wjrlf   32m   36Mi   
1783192862
websocket-loadgen-jb8w5            42m   32Mi   
websocket-server-5d44fc8b6-6j9qg   24m   35Mi   
websocket-server-5d44fc8b6-7gmjr   34m   36Mi   
websocket-server-5d44fc8b6-7zd4n   26m   36Mi   
websocket-server-5d44fc8b6-bdvrk   17m   43Mi   
websocket-server-5d44fc8b6-drj5f   27m   39Mi   
websocket-server-5d44fc8b6-jqbxm   24m   35Mi   
websocket-server-5d44fc8b6-mmrg4   25m   35Mi   
websocket-server-5d44fc8b6-sdbwm   26m   43Mi   
websocket-server-5d44fc8b6-tnrnw   36m   40Mi   
websocket-server-5d44fc8b6-wjrlf   32m   36Mi   
1783192867
websocket-loadgen-jb8w5            42m   32Mi   
websocket-server-5d44fc8b6-6j9qg   24m   35Mi   
websocket-server-5d44fc8b6-7gmjr   34m   36Mi   
websocket-server-5d44fc8b6-7zd4n   26m   36Mi   
websocket-server-5d44fc8b6-bdvrk   17m   43Mi   
websocket-server-5d44fc8b6-drj5f   27m   39Mi   
websocket-server-5d44fc8b6-jqbxm   24m   35Mi   
websocket-server-5d44fc8b6-mmrg4   25m   35Mi   
websocket-server-5d44fc8b6-sdbwm   26m   43Mi   
websocket-server-5d44fc8b6-tnrnw   36m   40Mi   
websocket-server-5d44fc8b6-wjrlf   32m   36Mi   
1783192872
websocket-loadgen-jb8w5            56m   42Mi   
websocket-server-5d44fc8b6-6j9qg   24m   35Mi   
websocket-server-5d44fc8b6-7gmjr   34m   36Mi   
websocket-server-5d44fc8b6-7zd4n   50m   37Mi   
websocket-server-5d44fc8b6-bdvrk   36m   43Mi   
websocket-server-5d44fc8b6-drj5f   43m   40Mi   
websocket-server-5d44fc8b6-jqbxm   38m   35Mi   
websocket-server-5d44fc8b6-mmrg4   44m   35Mi   
websocket-server-5d44fc8b6-sdbwm   46m   43Mi   
websocket-server-5d44fc8b6-tnrnw   62m   40Mi   
websocket-server-5d44fc8b6-wjrlf   41m   36Mi   
1783192877
websocket-loadgen-jb8w5            56m   42Mi   
websocket-server-5d44fc8b6-6j9qg   24m   35Mi   
websocket-server-5d44fc8b6-7gmjr   34m   36Mi   
websocket-server-5d44fc8b6-7zd4n   50m   37Mi   
websocket-server-5d44fc8b6-bdvrk   36m   43Mi   
websocket-server-5d44fc8b6-drj5f   43m   40Mi   
websocket-server-5d44fc8b6-jqbxm   38m   35Mi   
websocket-server-5d44fc8b6-mmrg4   44m   35Mi   
websocket-server-5d44fc8b6-sdbwm   46m   43Mi   
websocket-server-5d44fc8b6-tnrnw   62m   40Mi   
websocket-server-5d44fc8b6-wjrlf   41m   36Mi   
1783192882
websocket-loadgen-jb8w5            56m   42Mi   
websocket-server-5d44fc8b6-6j9qg   24m   35Mi   
websocket-server-5d44fc8b6-7gmjr   34m   36Mi   
websocket-server-5d44fc8b6-7zd4n   50m   37Mi   
websocket-server-5d44fc8b6-bdvrk   36m   43Mi   
websocket-server-5d44fc8b6-drj5f   43m   40Mi   
websocket-server-5d44fc8b6-jqbxm   38m   35Mi   
websocket-server-5d44fc8b6-mmrg4   44m   35Mi   
websocket-server-5d44fc8b6-sdbwm   46m   43Mi   
websocket-server-5d44fc8b6-tnrnw   62m   40Mi   
websocket-server-5d44fc8b6-wjrlf   41m   36Mi   
1783192888
websocket-loadgen-jb8w5            74m   53Mi   
websocket-server-5d44fc8b6-6j9qg   50m   37Mi   
websocket-server-5d44fc8b6-7gmjr   55m   37Mi   
websocket-server-5d44fc8b6-7zd4n   76m   38Mi   
websocket-server-5d44fc8b6-bdvrk   36m   43Mi   
websocket-server-5d44fc8b6-drj5f   43m   40Mi   
websocket-server-5d44fc8b6-jqbxm   71m   36Mi   
websocket-server-5d44fc8b6-mmrg4   67m   36Mi   
websocket-server-5d44fc8b6-sdbwm   67m   44Mi   
websocket-server-5d44fc8b6-tnrnw   86m   40Mi   
websocket-server-5d44fc8b6-wjrlf   82m   36Mi   
1783192893
websocket-loadgen-jb8w5            74m   53Mi   
websocket-server-5d44fc8b6-6j9qg   50m   37Mi   
websocket-server-5d44fc8b6-7gmjr   55m   37Mi   
websocket-server-5d44fc8b6-7zd4n   76m   38Mi   
websocket-server-5d44fc8b6-bdvrk   36m   43Mi   
websocket-server-5d44fc8b6-drj5f   43m   40Mi   
websocket-server-5d44fc8b6-jqbxm   71m   36Mi   
websocket-server-5d44fc8b6-mmrg4   67m   36Mi   
websocket-server-5d44fc8b6-sdbwm   67m   44Mi   
websocket-server-5d44fc8b6-tnrnw   86m   40Mi   
websocket-server-5d44fc8b6-wjrlf   82m   36Mi   
1783192898
websocket-loadgen-jb8w5            74m   53Mi   
websocket-server-5d44fc8b6-6j9qg   50m   37Mi   
websocket-server-5d44fc8b6-7gmjr   55m   37Mi   
websocket-server-5d44fc8b6-7zd4n   76m   38Mi   
websocket-server-5d44fc8b6-bdvrk   36m   43Mi   
websocket-server-5d44fc8b6-drj5f   43m   40Mi   
websocket-server-5d44fc8b6-jqbxm   71m   36Mi   
websocket-server-5d44fc8b6-mmrg4   67m   36Mi   
websocket-server-5d44fc8b6-sdbwm   67m   44Mi   
websocket-server-5d44fc8b6-tnrnw   86m   40Mi   
websocket-server-5d44fc8b6-wjrlf   82m   36Mi   
1783192903
websocket-loadgen-jb8w5            89m   63Mi   
websocket-server-5d44fc8b6-6j9qg   66m   37Mi   
websocket-server-5d44fc8b6-7gmjr   85m   36Mi   
websocket-server-5d44fc8b6-7zd4n   96m   38Mi   
websocket-server-5d44fc8b6-bdvrk   71m   43Mi   
websocket-server-5d44fc8b6-drj5f   63m   41Mi   
websocket-server-5d44fc8b6-jqbxm   90m   38Mi   
websocket-server-5d44fc8b6-mmrg4   90m   35Mi   
websocket-server-5d44fc8b6-sdbwm   84m   43Mi   
websocket-server-5d44fc8b6-tnrnw   96m   41Mi   
websocket-server-5d44fc8b6-wjrlf   82m   36Mi   
1783192908
websocket-loadgen-jb8w5            89m   63Mi   
websocket-server-5d44fc8b6-6j9qg   66m   37Mi   
websocket-server-5d44fc8b6-7gmjr   85m   36Mi   
websocket-server-5d44fc8b6-7zd4n   96m   38Mi   
websocket-server-5d44fc8b6-bdvrk   71m   43Mi   
websocket-server-5d44fc8b6-drj5f   63m   41Mi   
websocket-server-5d44fc8b6-jqbxm   90m   38Mi   
websocket-server-5d44fc8b6-mmrg4   90m   35Mi   
websocket-server-5d44fc8b6-sdbwm   84m   43Mi   
websocket-server-5d44fc8b6-tnrnw   96m   41Mi   
websocket-server-5d44fc8b6-wjrlf   82m   36Mi   
1783192913
websocket-loadgen-jb8w5            89m   63Mi   
websocket-server-5d44fc8b6-6j9qg   66m   37Mi   
websocket-server-5d44fc8b6-7gmjr   85m   36Mi   
websocket-server-5d44fc8b6-7zd4n   96m   38Mi   
websocket-server-5d44fc8b6-bdvrk   71m   43Mi   
websocket-server-5d44fc8b6-drj5f   63m   41Mi   
websocket-server-5d44fc8b6-jqbxm   90m   38Mi   
websocket-server-5d44fc8b6-mmrg4   90m   35Mi   
websocket-server-5d44fc8b6-sdbwm   84m   43Mi   
websocket-server-5d44fc8b6-tnrnw   96m   41Mi   
websocket-server-5d44fc8b6-wjrlf   82m   36Mi   
1783192918
websocket-server-5d44fc8b6-6j9qg   96m    38Mi   
websocket-server-5d44fc8b6-7gmjr   118m   37Mi   
websocket-server-5d44fc8b6-7zd4n   122m   39Mi   
websocket-server-5d44fc8b6-bdvrk   97m    43Mi   
websocket-server-5d44fc8b6-drj5f   96m    40Mi   
websocket-server-5d44fc8b6-jqbxm   90m    38Mi   
websocket-server-5d44fc8b6-mmrg4   90m    35Mi   
websocket-server-5d44fc8b6-sdbwm   115m   44Mi   
websocket-server-5d44fc8b6-tnrnw   122m   40Mi   
websocket-server-5d44fc8b6-wjrlf   125m   37Mi   
1783192924
websocket-server-5d44fc8b6-6j9qg   96m    38Mi   
websocket-server-5d44fc8b6-7gmjr   118m   37Mi   
websocket-server-5d44fc8b6-7zd4n   122m   39Mi   
websocket-server-5d44fc8b6-bdvrk   97m    43Mi   
websocket-server-5d44fc8b6-drj5f   96m    40Mi   
websocket-server-5d44fc8b6-jqbxm   90m    38Mi   
websocket-server-5d44fc8b6-mmrg4   90m    35Mi   
websocket-server-5d44fc8b6-sdbwm   115m   44Mi   
websocket-server-5d44fc8b6-tnrnw   122m   40Mi   
websocket-server-5d44fc8b6-wjrlf   125m   37Mi   
1783192929
websocket-server-5d44fc8b6-6j9qg   96m    38Mi   
websocket-server-5d44fc8b6-7gmjr   118m   37Mi   
websocket-server-5d44fc8b6-7zd4n   115m   39Mi   
websocket-server-5d44fc8b6-bdvrk   74m    43Mi   
websocket-server-5d44fc8b6-drj5f   66m    40Mi   
websocket-server-5d44fc8b6-jqbxm   134m   37Mi   
websocket-server-5d44fc8b6-mmrg4   121m   35Mi   
websocket-server-5d44fc8b6-sdbwm   58m    43Mi   
websocket-server-5d44fc8b6-tnrnw   72m    40Mi   
websocket-server-5d44fc8b6-wjrlf   114m   36Mi   
1783192934
websocket-server-5d44fc8b6-6j9qg   96m    38Mi   
websocket-server-5d44fc8b6-7gmjr   118m   37Mi   
websocket-server-5d44fc8b6-7zd4n   115m   39Mi   
websocket-server-5d44fc8b6-bdvrk   74m    43Mi   
websocket-server-5d44fc8b6-drj5f   66m    40Mi   
websocket-server-5d44fc8b6-jqbxm   134m   37Mi   
websocket-server-5d44fc8b6-mmrg4   121m   35Mi   
websocket-server-5d44fc8b6-sdbwm   58m    43Mi   
websocket-server-5d44fc8b6-tnrnw   72m    40Mi   
websocket-server-5d44fc8b6-wjrlf   114m   36Mi   
1783192939
websocket-server-5d44fc8b6-6j9qg   96m    38Mi   
websocket-server-5d44fc8b6-7gmjr   118m   37Mi   
websocket-server-5d44fc8b6-7zd4n   115m   39Mi   
websocket-server-5d44fc8b6-bdvrk   74m    43Mi   
websocket-server-5d44fc8b6-drj5f   66m    40Mi   
websocket-server-5d44fc8b6-jqbxm   134m   37Mi   
websocket-server-5d44fc8b6-mmrg4   121m   35Mi   
websocket-server-5d44fc8b6-sdbwm   58m    43Mi   
websocket-server-5d44fc8b6-tnrnw   72m    40Mi   
websocket-server-5d44fc8b6-wjrlf   114m   36Mi   
1783192944
websocket-server-5d44fc8b6-6j9qg   17m   37Mi   
websocket-server-5d44fc8b6-7gmjr   24m   36Mi   
websocket-server-5d44fc8b6-7zd4n   0m    39Mi   
websocket-server-5d44fc8b6-bdvrk   1m    43Mi   
websocket-server-5d44fc8b6-drj5f   0m    40Mi   
websocket-server-5d44fc8b6-jqbxm   0m    37Mi   
websocket-server-5d44fc8b6-mmrg4   0m    35Mi   
websocket-server-5d44fc8b6-sdbwm   58m   43Mi   
websocket-server-5d44fc8b6-tnrnw   0m    40Mi   
websocket-server-5d44fc8b6-wjrlf   0m    36Mi   
1783192949
websocket-server-5d44fc8b6-6j9qg   17m   37Mi   
websocket-server-5d44fc8b6-7gmjr   24m   36Mi   
websocket-server-5d44fc8b6-7zd4n   0m    39Mi   
websocket-server-5d44fc8b6-bdvrk   1m    43Mi   
websocket-server-5d44fc8b6-drj5f   0m    40Mi   
websocket-server-5d44fc8b6-jqbxm   0m    37Mi   
websocket-server-5d44fc8b6-mmrg4   0m    35Mi   
websocket-server-5d44fc8b6-sdbwm   58m   43Mi   
websocket-server-5d44fc8b6-tnrnw   0m    40Mi   
websocket-server-5d44fc8b6-wjrlf   0m    36Mi   
1783192954
websocket-server-5d44fc8b6-6j9qg   17m   37Mi   
websocket-server-5d44fc8b6-7gmjr   24m   36Mi   
websocket-server-5d44fc8b6-7zd4n   0m    39Mi   
websocket-server-5d44fc8b6-bdvrk   1m    43Mi   
websocket-server-5d44fc8b6-drj5f   0m    40Mi   
websocket-server-5d44fc8b6-jqbxm   0m    37Mi   
websocket-server-5d44fc8b6-mmrg4   0m    35Mi   
websocket-server-5d44fc8b6-sdbwm   58m   43Mi   
websocket-server-5d44fc8b6-tnrnw   0m    40Mi   
websocket-server-5d44fc8b6-wjrlf   0m    36Mi   
1783192959
websocket-server-5d44fc8b6-6j9qg   0m    37Mi   
websocket-server-5d44fc8b6-7gmjr   0m    36Mi   
websocket-server-5d44fc8b6-7zd4n   0m    39Mi   
websocket-server-5d44fc8b6-bdvrk   1m    43Mi   
websocket-server-5d44fc8b6-drj5f   0m    40Mi   
websocket-server-5d44fc8b6-jqbxm   0m    37Mi   
websocket-server-5d44fc8b6-mmrg4   0m    35Mi   
websocket-server-5d44fc8b6-sdbwm   0m    43Mi   
websocket-server-5d44fc8b6-tnrnw   0m    40Mi   
websocket-server-5d44fc8b6-wjrlf   0m    36Mi   
1783192965
websocket-server-5d44fc8b6-6j9qg   0m    37Mi   
websocket-server-5d44fc8b6-7gmjr   0m    36Mi   
websocket-server-5d44fc8b6-7zd4n   0m    39Mi   
websocket-server-5d44fc8b6-bdvrk   1m    43Mi   
websocket-server-5d44fc8b6-drj5f   0m    40Mi   
websocket-server-5d44fc8b6-jqbxm   0m    37Mi   
websocket-server-5d44fc8b6-mmrg4   0m    35Mi   
websocket-server-5d44fc8b6-sdbwm   0m    43Mi   
websocket-server-5d44fc8b6-tnrnw   0m    40Mi   
websocket-server-5d44fc8b6-wjrlf   0m    36Mi   
1783192970
websocket-server-5d44fc8b6-6j9qg   0m    37Mi   
websocket-server-5d44fc8b6-7gmjr   0m    36Mi   
websocket-server-5d44fc8b6-7zd4n   0m    39Mi   
websocket-server-5d44fc8b6-bdvrk   1m    43Mi   
websocket-server-5d44fc8b6-drj5f   0m    40Mi   
websocket-server-5d44fc8b6-jqbxm   0m    37Mi   
websocket-server-5d44fc8b6-mmrg4   0m    35Mi   
websocket-server-5d44fc8b6-sdbwm   0m    43Mi   
websocket-server-5d44fc8b6-tnrnw   0m    40Mi   
websocket-server-5d44fc8b6-wjrlf   0m    36Mi   
1783192975
websocket-server-5d44fc8b6-6j9qg   0m    37Mi   
websocket-server-5d44fc8b6-7gmjr   0m    36Mi   
websocket-server-5d44fc8b6-7zd4n   0m    39Mi   
websocket-server-5d44fc8b6-bdvrk   1m    43Mi   
websocket-server-5d44fc8b6-drj5f   0m    40Mi   
websocket-server-5d44fc8b6-jqbxm   0m    37Mi   
websocket-server-5d44fc8b6-mmrg4   0m    35Mi   
websocket-server-5d44fc8b6-sdbwm   0m    43Mi   
websocket-server-5d44fc8b6-tnrnw   0m    40Mi   
websocket-server-5d44fc8b6-wjrlf   0m    36Mi   
1783192980
websocket-server-5d44fc8b6-6j9qg   0m    37Mi   
websocket-server-5d44fc8b6-7gmjr   0m    36Mi   
websocket-server-5d44fc8b6-7zd4n   0m    39Mi   
websocket-server-5d44fc8b6-bdvrk   1m    43Mi   
websocket-server-5d44fc8b6-drj5f   0m    40Mi   
websocket-server-5d44fc8b6-jqbxm   0m    37Mi   
websocket-server-5d44fc8b6-mmrg4   0m    35Mi   
websocket-server-5d44fc8b6-sdbwm   0m    43Mi   
websocket-server-5d44fc8b6-tnrnw   0m    40Mi   
websocket-server-5d44fc8b6-wjrlf   0m    36Mi   
1783192985
websocket-server-5d44fc8b6-6j9qg   0m    37Mi   
websocket-server-5d44fc8b6-7gmjr   0m    36Mi   
websocket-server-5d44fc8b6-7zd4n   0m    39Mi   
websocket-server-5d44fc8b6-bdvrk   1m    43Mi   
websocket-server-5d44fc8b6-drj5f   0m    40Mi   
websocket-server-5d44fc8b6-jqbxm   0m    37Mi   
websocket-server-5d44fc8b6-mmrg4   0m    35Mi   
websocket-server-5d44fc8b6-sdbwm   0m    43Mi   
websocket-server-5d44fc8b6-tnrnw   0m    40Mi   
websocket-server-5d44fc8b6-wjrlf   0m    36Mi   
1783192990
websocket-server-5d44fc8b6-6j9qg   0m    37Mi   
websocket-server-5d44fc8b6-7gmjr   0m    36Mi   
websocket-server-5d44fc8b6-7zd4n   0m    39Mi   
websocket-server-5d44fc8b6-bdvrk   1m    43Mi   
websocket-server-5d44fc8b6-drj5f   0m    40Mi   
websocket-server-5d44fc8b6-jqbxm   0m    37Mi   
websocket-server-5d44fc8b6-mmrg4   0m    35Mi   
websocket-server-5d44fc8b6-sdbwm   0m    43Mi   
websocket-server-5d44fc8b6-tnrnw   0m    40Mi   
websocket-server-5d44fc8b6-wjrlf   0m    36Mi   
1783192995
websocket-server-5d44fc8b6-6j9qg   0m    37Mi   
websocket-server-5d44fc8b6-7gmjr   0m    36Mi   
websocket-server-5d44fc8b6-7zd4n   0m    39Mi   
websocket-server-5d44fc8b6-bdvrk   1m    43Mi   
websocket-server-5d44fc8b6-drj5f   0m    40Mi   
websocket-server-5d44fc8b6-jqbxm   0m    37Mi   
websocket-server-5d44fc8b6-mmrg4   0m    35Mi   
websocket-server-5d44fc8b6-sdbwm   0m    43Mi   
websocket-server-5d44fc8b6-tnrnw   0m    40Mi   
websocket-server-5d44fc8b6-wjrlf   0m    36Mi   
1783193000
websocket-server-5d44fc8b6-6j9qg   0m    37Mi   
websocket-server-5d44fc8b6-7gmjr   0m    36Mi   
websocket-server-5d44fc8b6-7zd4n   0m    39Mi   
websocket-server-5d44fc8b6-bdvrk   1m    43Mi   
websocket-server-5d44fc8b6-drj5f   0m    40Mi   
websocket-server-5d44fc8b6-jqbxm   0m    37Mi   
websocket-server-5d44fc8b6-mmrg4   0m    35Mi   
websocket-server-5d44fc8b6-sdbwm   0m    43Mi   
websocket-server-5d44fc8b6-tnrnw   0m    40Mi   
websocket-server-5d44fc8b6-wjrlf   0m    36Mi   
1783193005
websocket-server-5d44fc8b6-6j9qg   0m    37Mi   
websocket-server-5d44fc8b6-7gmjr   0m    36Mi   
websocket-server-5d44fc8b6-7zd4n   0m    39Mi   
websocket-server-5d44fc8b6-bdvrk   1m    43Mi   
websocket-server-5d44fc8b6-drj5f   0m    40Mi   
websocket-server-5d44fc8b6-jqbxm   0m    37Mi   
websocket-server-5d44fc8b6-mmrg4   0m    35Mi   
websocket-server-5d44fc8b6-sdbwm   0m    43Mi   
websocket-server-5d44fc8b6-tnrnw   0m    40Mi   
websocket-server-5d44fc8b6-wjrlf   0m    36Mi   
1783193011
websocket-server-5d44fc8b6-6j9qg   0m    37Mi   
websocket-server-5d44fc8b6-7gmjr   0m    36Mi   
websocket-server-5d44fc8b6-7zd4n   0m    39Mi   
websocket-server-5d44fc8b6-bdvrk   1m    43Mi   
websocket-server-5d44fc8b6-drj5f   0m    40Mi   
websocket-server-5d44fc8b6-jqbxm   0m    37Mi   
websocket-server-5d44fc8b6-mmrg4   0m    35Mi   
websocket-server-5d44fc8b6-sdbwm   0m    43Mi   
websocket-server-5d44fc8b6-tnrnw   0m    40Mi   
websocket-server-5d44fc8b6-wjrlf   0m    36Mi   
1783193016
websocket-server-5d44fc8b6-6j9qg   0m    37Mi   
websocket-server-5d44fc8b6-7gmjr   0m    36Mi   
websocket-server-5d44fc8b6-7zd4n   0m    39Mi   
websocket-server-5d44fc8b6-bdvrk   1m    43Mi   
websocket-server-5d44fc8b6-drj5f   0m    40Mi   
websocket-server-5d44fc8b6-jqbxm   0m    37Mi   
websocket-server-5d44fc8b6-mmrg4   0m    35Mi   
websocket-server-5d44fc8b6-sdbwm   0m    43Mi   
websocket-server-5d44fc8b6-tnrnw   0m    40Mi   
websocket-server-5d44fc8b6-wjrlf   0m    36Mi   
1783193021
websocket-server-5d44fc8b6-6j9qg   0m    37Mi   
websocket-server-5d44fc8b6-7gmjr   0m    36Mi   
websocket-server-5d44fc8b6-7zd4n   0m    39Mi   
websocket-server-5d44fc8b6-bdvrk   1m    43Mi   
websocket-server-5d44fc8b6-drj5f   0m    40Mi   
websocket-server-5d44fc8b6-jqbxm   0m    37Mi   
websocket-server-5d44fc8b6-mmrg4   0m    35Mi   
websocket-server-5d44fc8b6-sdbwm   0m    43Mi   
websocket-server-5d44fc8b6-tnrnw   0m    40Mi   
websocket-server-5d44fc8b6-wjrlf   0m    36Mi   
1783193026
websocket-server-5d44fc8b6-6j9qg   0m    37Mi   
websocket-server-5d44fc8b6-7gmjr   0m    36Mi   
websocket-server-5d44fc8b6-7zd4n   0m    39Mi   
websocket-server-5d44fc8b6-bdvrk   1m    43Mi   
websocket-server-5d44fc8b6-drj5f   0m    40Mi   
websocket-server-5d44fc8b6-jqbxm   0m    37Mi   
websocket-server-5d44fc8b6-mmrg4   0m    35Mi   
websocket-server-5d44fc8b6-sdbwm   0m    43Mi   
websocket-server-5d44fc8b6-tnrnw   0m    40Mi   
websocket-server-5d44fc8b6-wjrlf   0m    36Mi   
1783193031
websocket-server-5d44fc8b6-6j9qg   0m    37Mi   
websocket-server-5d44fc8b6-7gmjr   0m    36Mi   
websocket-server-5d44fc8b6-7zd4n   0m    39Mi   
websocket-server-5d44fc8b6-bdvrk   1m    43Mi   
websocket-server-5d44fc8b6-drj5f   0m    40Mi   
websocket-server-5d44fc8b6-jqbxm   0m    37Mi   
websocket-server-5d44fc8b6-mmrg4   0m    35Mi   
websocket-server-5d44fc8b6-sdbwm   0m    43Mi   
websocket-server-5d44fc8b6-tnrnw   0m    40Mi   
websocket-server-5d44fc8b6-wjrlf   0m    36Mi   
1783193036
websocket-server-5d44fc8b6-6j9qg   0m    37Mi   
websocket-server-5d44fc8b6-7gmjr   0m    36Mi   
websocket-server-5d44fc8b6-7zd4n   0m    39Mi   
websocket-server-5d44fc8b6-bdvrk   1m    43Mi   
websocket-server-5d44fc8b6-drj5f   0m    40Mi   
websocket-server-5d44fc8b6-jqbxm   0m    37Mi   
websocket-server-5d44fc8b6-mmrg4   0m    35Mi   
websocket-server-5d44fc8b6-sdbwm   0m    43Mi   
websocket-server-5d44fc8b6-tnrnw   0m    40Mi   
websocket-server-5d44fc8b6-wjrlf   0m    36Mi   
1783193041
websocket-server-5d44fc8b6-6j9qg   0m    37Mi   
websocket-server-5d44fc8b6-7gmjr   0m    36Mi   
websocket-server-5d44fc8b6-7zd4n   0m    39Mi   
websocket-server-5d44fc8b6-bdvrk   1m    43Mi   
websocket-server-5d44fc8b6-drj5f   0m    40Mi   
websocket-server-5d44fc8b6-jqbxm   0m    37Mi   
websocket-server-5d44fc8b6-mmrg4   0m    35Mi   
websocket-server-5d44fc8b6-sdbwm   0m    43Mi   
websocket-server-5d44fc8b6-tnrnw   0m    40Mi   
websocket-server-5d44fc8b6-wjrlf   0m    36Mi   
1783193046
websocket-server-5d44fc8b6-6j9qg   0m    37Mi   
websocket-server-5d44fc8b6-7gmjr   0m    36Mi   
websocket-server-5d44fc8b6-7zd4n   0m    39Mi   
websocket-server-5d44fc8b6-bdvrk   1m    43Mi   
websocket-server-5d44fc8b6-drj5f   0m    40Mi   
websocket-server-5d44fc8b6-jqbxm   0m    37Mi   
websocket-server-5d44fc8b6-mmrg4   0m    35Mi   
websocket-server-5d44fc8b6-sdbwm   0m    43Mi   
websocket-server-5d44fc8b6-tnrnw   0m    40Mi   
websocket-server-5d44fc8b6-wjrlf   0m    36Mi   
1783193052
websocket-server-5d44fc8b6-6j9qg   0m    37Mi   
websocket-server-5d44fc8b6-7gmjr   0m    36Mi   
websocket-server-5d44fc8b6-7zd4n   0m    39Mi   
websocket-server-5d44fc8b6-bdvrk   1m    43Mi   
websocket-server-5d44fc8b6-drj5f   0m    40Mi   
websocket-server-5d44fc8b6-jqbxm   0m    37Mi   
websocket-server-5d44fc8b6-mmrg4   0m    35Mi   
websocket-server-5d44fc8b6-sdbwm   0m    43Mi   
websocket-server-5d44fc8b6-tnrnw   0m    40Mi   
websocket-server-5d44fc8b6-wjrlf   0m    36Mi   
1783193057
websocket-server-5d44fc8b6-6j9qg   0m    37Mi   
websocket-server-5d44fc8b6-7gmjr   0m    36Mi   
websocket-server-5d44fc8b6-7zd4n   0m    39Mi   
websocket-server-5d44fc8b6-bdvrk   1m    43Mi   
websocket-server-5d44fc8b6-drj5f   0m    40Mi   
websocket-server-5d44fc8b6-jqbxm   0m    37Mi   
websocket-server-5d44fc8b6-mmrg4   0m    35Mi   
websocket-server-5d44fc8b6-sdbwm   0m    43Mi   
websocket-server-5d44fc8b6-tnrnw   0m    40Mi   
websocket-server-5d44fc8b6-wjrlf   0m    36Mi   
1783193062
websocket-server-5d44fc8b6-6j9qg   0m    37Mi   
websocket-server-5d44fc8b6-7gmjr   0m    36Mi   
websocket-server-5d44fc8b6-7zd4n   0m    39Mi   
websocket-server-5d44fc8b6-bdvrk   1m    43Mi   
websocket-server-5d44fc8b6-drj5f   0m    40Mi   
websocket-server-5d44fc8b6-jqbxm   0m    37Mi   
websocket-server-5d44fc8b6-mmrg4   0m    35Mi   
websocket-server-5d44fc8b6-sdbwm   0m    43Mi   
websocket-server-5d44fc8b6-tnrnw   0m    40Mi   
websocket-server-5d44fc8b6-wjrlf   0m    36Mi   
1783193067
websocket-server-5d44fc8b6-6j9qg   0m    37Mi   
websocket-server-5d44fc8b6-7gmjr   0m    36Mi   
websocket-server-5d44fc8b6-7zd4n   0m    39Mi   
websocket-server-5d44fc8b6-bdvrk   1m    43Mi   
websocket-server-5d44fc8b6-drj5f   0m    40Mi   
websocket-server-5d44fc8b6-jqbxm   0m    37Mi   
websocket-server-5d44fc8b6-mmrg4   0m    35Mi   
websocket-server-5d44fc8b6-sdbwm   0m    43Mi   
websocket-server-5d44fc8b6-tnrnw   0m    40Mi   
websocket-server-5d44fc8b6-wjrlf   0m    36Mi   
1783193072
websocket-server-5d44fc8b6-6j9qg   0m    37Mi   
websocket-server-5d44fc8b6-7gmjr   0m    36Mi   
websocket-server-5d44fc8b6-7zd4n   0m    39Mi   
websocket-server-5d44fc8b6-bdvrk   1m    43Mi   
websocket-server-5d44fc8b6-drj5f   0m    40Mi   
websocket-server-5d44fc8b6-jqbxm   0m    37Mi   
websocket-server-5d44fc8b6-mmrg4   0m    35Mi   
websocket-server-5d44fc8b6-sdbwm   0m    43Mi   
websocket-server-5d44fc8b6-tnrnw   0m    40Mi   
websocket-server-5d44fc8b6-wjrlf   0m    36Mi   
1783193077
websocket-server-5d44fc8b6-6j9qg   0m    37Mi   
websocket-server-5d44fc8b6-7gmjr   0m    36Mi   
websocket-server-5d44fc8b6-7zd4n   0m    39Mi   
websocket-server-5d44fc8b6-bdvrk   1m    43Mi   
websocket-server-5d44fc8b6-drj5f   0m    40Mi   
websocket-server-5d44fc8b6-jqbxm   0m    37Mi   
websocket-server-5d44fc8b6-mmrg4   0m    35Mi   
websocket-server-5d44fc8b6-sdbwm   0m    43Mi   
websocket-server-5d44fc8b6-tnrnw   0m    40Mi   
websocket-server-5d44fc8b6-wjrlf   0m    36Mi   
1783193082
websocket-server-5d44fc8b6-6j9qg   0m    37Mi   
websocket-server-5d44fc8b6-7gmjr   0m    36Mi   
websocket-server-5d44fc8b6-7zd4n   0m    39Mi   
websocket-server-5d44fc8b6-bdvrk   1m    43Mi   
websocket-server-5d44fc8b6-drj5f   0m    40Mi   
websocket-server-5d44fc8b6-jqbxm   0m    37Mi   
websocket-server-5d44fc8b6-mmrg4   0m    35Mi   
websocket-server-5d44fc8b6-sdbwm   0m    43Mi   
websocket-server-5d44fc8b6-tnrnw   0m    40Mi   
websocket-server-5d44fc8b6-wjrlf   0m    36Mi   
1783193087
websocket-server-5d44fc8b6-6j9qg   0m    37Mi   
websocket-server-5d44fc8b6-7gmjr   0m    36Mi   
websocket-server-5d44fc8b6-7zd4n   0m    39Mi   
websocket-server-5d44fc8b6-bdvrk   1m    43Mi   
websocket-server-5d44fc8b6-drj5f   0m    40Mi   
websocket-server-5d44fc8b6-jqbxm   0m    37Mi   
websocket-server-5d44fc8b6-mmrg4   0m    35Mi   
websocket-server-5d44fc8b6-sdbwm   0m    43Mi   
websocket-server-5d44fc8b6-tnrnw   0m    40Mi   
websocket-server-5d44fc8b6-wjrlf   0m    36Mi   
1783193092
websocket-server-5d44fc8b6-6j9qg   0m    37Mi   
websocket-server-5d44fc8b6-7gmjr   0m    36Mi   
websocket-server-5d44fc8b6-7zd4n   0m    39Mi   
websocket-server-5d44fc8b6-bdvrk   1m    43Mi   
websocket-server-5d44fc8b6-drj5f   0m    40Mi   
websocket-server-5d44fc8b6-jqbxm   0m    37Mi   
websocket-server-5d44fc8b6-mmrg4   0m    35Mi   
websocket-server-5d44fc8b6-sdbwm   0m    43Mi   
websocket-server-5d44fc8b6-tnrnw   0m    40Mi   
websocket-server-5d44fc8b6-wjrlf   0m    36Mi   
1783193097
websocket-server-5d44fc8b6-6j9qg   0m    37Mi   
websocket-server-5d44fc8b6-7gmjr   0m    36Mi   
websocket-server-5d44fc8b6-7zd4n   0m    39Mi   
websocket-server-5d44fc8b6-bdvrk   1m    43Mi   
websocket-server-5d44fc8b6-drj5f   0m    40Mi   
websocket-server-5d44fc8b6-jqbxm   0m    37Mi   
websocket-server-5d44fc8b6-mmrg4   0m    35Mi   
websocket-server-5d44fc8b6-sdbwm   0m    43Mi   
websocket-server-5d44fc8b6-tnrnw   0m    40Mi   
websocket-server-5d44fc8b6-wjrlf   0m    36Mi   
1783193103
websocket-server-5d44fc8b6-6j9qg   0m    37Mi   
websocket-server-5d44fc8b6-7gmjr   0m    36Mi   
websocket-server-5d44fc8b6-7zd4n   0m    39Mi   
websocket-server-5d44fc8b6-bdvrk   1m    43Mi   
websocket-server-5d44fc8b6-drj5f   0m    40Mi   
websocket-server-5d44fc8b6-jqbxm   0m    37Mi   
websocket-server-5d44fc8b6-mmrg4   0m    35Mi   
websocket-server-5d44fc8b6-sdbwm   0m    43Mi   
websocket-server-5d44fc8b6-tnrnw   0m    40Mi   
websocket-server-5d44fc8b6-wjrlf   0m    36Mi   
1783193108
websocket-server-5d44fc8b6-6j9qg   0m    37Mi   
websocket-server-5d44fc8b6-7gmjr   0m    36Mi   
websocket-server-5d44fc8b6-7zd4n   0m    39Mi   
websocket-server-5d44fc8b6-bdvrk   1m    43Mi   
websocket-server-5d44fc8b6-drj5f   0m    40Mi   
websocket-server-5d44fc8b6-jqbxm   0m    37Mi   
websocket-server-5d44fc8b6-mmrg4   0m    35Mi   
websocket-server-5d44fc8b6-sdbwm   0m    43Mi   
websocket-server-5d44fc8b6-tnrnw   0m    40Mi   
websocket-server-5d44fc8b6-wjrlf   0m    36Mi   
1783193113
websocket-server-5d44fc8b6-6j9qg   0m    37Mi   
websocket-server-5d44fc8b6-7gmjr   0m    36Mi   
websocket-server-5d44fc8b6-7zd4n   0m    39Mi   
websocket-server-5d44fc8b6-bdvrk   1m    43Mi   
websocket-server-5d44fc8b6-drj5f   0m    40Mi   
websocket-server-5d44fc8b6-jqbxm   0m    37Mi   
websocket-server-5d44fc8b6-mmrg4   0m    35Mi   
websocket-server-5d44fc8b6-sdbwm   0m    43Mi   
websocket-server-5d44fc8b6-tnrnw   0m    40Mi   
websocket-server-5d44fc8b6-wjrlf   0m    36Mi   
1783193118
websocket-server-5d44fc8b6-6j9qg   0m    37Mi   
websocket-server-5d44fc8b6-7gmjr   0m    36Mi   
websocket-server-5d44fc8b6-7zd4n   0m    39Mi   
websocket-server-5d44fc8b6-bdvrk   1m    43Mi   
websocket-server-5d44fc8b6-drj5f   0m    40Mi   
websocket-server-5d44fc8b6-jqbxm   0m    37Mi   
websocket-server-5d44fc8b6-mmrg4   0m    35Mi   
websocket-server-5d44fc8b6-sdbwm   0m    43Mi   
websocket-server-5d44fc8b6-tnrnw   0m    40Mi   
websocket-server-5d44fc8b6-wjrlf   0m    36Mi   
1783193123
websocket-server-5d44fc8b6-6j9qg   0m    37Mi   
websocket-server-5d44fc8b6-7gmjr   0m    36Mi   
websocket-server-5d44fc8b6-7zd4n   0m    39Mi   
websocket-server-5d44fc8b6-bdvrk   1m    43Mi   
websocket-server-5d44fc8b6-drj5f   0m    40Mi   
websocket-server-5d44fc8b6-jqbxm   0m    37Mi   
websocket-server-5d44fc8b6-mmrg4   0m    35Mi   
websocket-server-5d44fc8b6-sdbwm   0m    43Mi   
websocket-server-5d44fc8b6-tnrnw   0m    40Mi   
websocket-server-5d44fc8b6-wjrlf   0m    36Mi   
1783193128
websocket-server-5d44fc8b6-6j9qg   0m    37Mi   
websocket-server-5d44fc8b6-7gmjr   0m    36Mi   
websocket-server-5d44fc8b6-7zd4n   0m    39Mi   
websocket-server-5d44fc8b6-bdvrk   1m    43Mi   
websocket-server-5d44fc8b6-drj5f   0m    40Mi   
websocket-server-5d44fc8b6-jqbxm   0m    37Mi   
websocket-server-5d44fc8b6-mmrg4   0m    35Mi   
websocket-server-5d44fc8b6-sdbwm   0m    43Mi   
websocket-server-5d44fc8b6-tnrnw   0m    40Mi   
websocket-server-5d44fc8b6-wjrlf   0m    36Mi   
1783193133
websocket-server-5d44fc8b6-6j9qg   0m    37Mi   
websocket-server-5d44fc8b6-7gmjr   0m    36Mi   
websocket-server-5d44fc8b6-7zd4n   0m    39Mi   
websocket-server-5d44fc8b6-bdvrk   1m    43Mi   
websocket-server-5d44fc8b6-drj5f   0m    40Mi   
websocket-server-5d44fc8b6-jqbxm   0m    37Mi   
websocket-server-5d44fc8b6-mmrg4   0m    35Mi   
websocket-server-5d44fc8b6-sdbwm   0m    43Mi   
websocket-server-5d44fc8b6-tnrnw   0m    40Mi   
websocket-server-5d44fc8b6-wjrlf   0m    36Mi   
1783193138
websocket-server-5d44fc8b6-6j9qg   0m    37Mi   
websocket-server-5d44fc8b6-7gmjr   0m    36Mi   
websocket-server-5d44fc8b6-7zd4n   0m    39Mi   
websocket-server-5d44fc8b6-bdvrk   1m    43Mi   
websocket-server-5d44fc8b6-drj5f   0m    40Mi   
websocket-server-5d44fc8b6-jqbxm   0m    37Mi   
websocket-server-5d44fc8b6-mmrg4   0m    35Mi   
websocket-server-5d44fc8b6-sdbwm   0m    43Mi   
websocket-server-5d44fc8b6-tnrnw   0m    40Mi   
websocket-server-5d44fc8b6-wjrlf   0m    36Mi   
1783193144
websocket-server-5d44fc8b6-6j9qg   0m    37Mi   
websocket-server-5d44fc8b6-7gmjr   0m    36Mi   
websocket-server-5d44fc8b6-7zd4n   0m    39Mi   
websocket-server-5d44fc8b6-bdvrk   1m    43Mi   
websocket-server-5d44fc8b6-drj5f   0m    40Mi   
websocket-server-5d44fc8b6-jqbxm   0m    37Mi   
websocket-server-5d44fc8b6-mmrg4   0m    35Mi   
websocket-server-5d44fc8b6-sdbwm   0m    43Mi   
websocket-server-5d44fc8b6-tnrnw   0m    40Mi   
websocket-server-5d44fc8b6-wjrlf   0m    36Mi   
1783193149
websocket-server-5d44fc8b6-6j9qg   0m    37Mi   
websocket-server-5d44fc8b6-7gmjr   0m    36Mi   
websocket-server-5d44fc8b6-7zd4n   0m    39Mi   
websocket-server-5d44fc8b6-bdvrk   1m    43Mi   
websocket-server-5d44fc8b6-drj5f   0m    40Mi   
websocket-server-5d44fc8b6-jqbxm   0m    37Mi   
websocket-server-5d44fc8b6-mmrg4   0m    35Mi   
websocket-server-5d44fc8b6-sdbwm   0m    43Mi   
websocket-server-5d44fc8b6-tnrnw   0m    40Mi   
websocket-server-5d44fc8b6-wjrlf   0m    36Mi   
1783193154
websocket-server-5d44fc8b6-6j9qg   0m    37Mi   
websocket-server-5d44fc8b6-7gmjr   0m    36Mi   
websocket-server-5d44fc8b6-7zd4n   0m    39Mi   
websocket-server-5d44fc8b6-bdvrk   1m    43Mi   
websocket-server-5d44fc8b6-drj5f   0m    40Mi   
websocket-server-5d44fc8b6-jqbxm   0m    37Mi   
websocket-server-5d44fc8b6-mmrg4   0m    35Mi   
websocket-server-5d44fc8b6-sdbwm   0m    43Mi   
websocket-server-5d44fc8b6-tnrnw   0m    40Mi   
websocket-server-5d44fc8b6-wjrlf   0m    36Mi   
1783193159
websocket-server-5d44fc8b6-6j9qg   0m    37Mi   
websocket-server-5d44fc8b6-7gmjr   0m    36Mi   
websocket-server-5d44fc8b6-7zd4n   0m    39Mi   
websocket-server-5d44fc8b6-bdvrk   1m    43Mi   
websocket-server-5d44fc8b6-drj5f   0m    40Mi   
websocket-server-5d44fc8b6-jqbxm   0m    37Mi   
websocket-server-5d44fc8b6-mmrg4   0m    35Mi   
websocket-server-5d44fc8b6-sdbwm   0m    43Mi   
websocket-server-5d44fc8b6-tnrnw   0m    40Mi   
1783193164
websocket-server-5d44fc8b6-6j9qg   0m    37Mi   
websocket-server-5d44fc8b6-7gmjr   0m    36Mi   
websocket-server-5d44fc8b6-7zd4n   0m    39Mi   
websocket-server-5d44fc8b6-bdvrk   1m    43Mi   
websocket-server-5d44fc8b6-drj5f   0m    40Mi   
websocket-server-5d44fc8b6-jqbxm   0m    37Mi   
websocket-server-5d44fc8b6-mmrg4   0m    35Mi   
websocket-server-5d44fc8b6-sdbwm   0m    43Mi   
websocket-server-5d44fc8b6-tnrnw   0m    40Mi   
1783193169
websocket-server-5d44fc8b6-6j9qg   0m    37Mi   
websocket-server-5d44fc8b6-7gmjr   0m    36Mi   
websocket-server-5d44fc8b6-7zd4n   0m    39Mi   
websocket-server-5d44fc8b6-bdvrk   1m    43Mi   
websocket-server-5d44fc8b6-drj5f   0m    40Mi   
websocket-server-5d44fc8b6-jqbxm   0m    37Mi   
websocket-server-5d44fc8b6-mmrg4   0m    35Mi   
websocket-server-5d44fc8b6-sdbwm   0m    43Mi   
websocket-server-5d44fc8b6-tnrnw   0m    40Mi   
1783193174
websocket-server-5d44fc8b6-6j9qg   0m    37Mi   
websocket-server-5d44fc8b6-7gmjr   0m    36Mi   
websocket-server-5d44fc8b6-7zd4n   0m    39Mi   
websocket-server-5d44fc8b6-bdvrk   1m    43Mi   
websocket-server-5d44fc8b6-drj5f   0m    40Mi   
websocket-server-5d44fc8b6-jqbxm   0m    37Mi   
websocket-server-5d44fc8b6-mmrg4   0m    35Mi   
websocket-server-5d44fc8b6-sdbwm   0m    43Mi   
websocket-server-5d44fc8b6-tnrnw   0m    40Mi   
1783193179
websocket-server-5d44fc8b6-6j9qg   0m    37Mi   
websocket-server-5d44fc8b6-7gmjr   0m    36Mi   
websocket-server-5d44fc8b6-7zd4n   0m    39Mi   
websocket-server-5d44fc8b6-bdvrk   1m    43Mi   
websocket-server-5d44fc8b6-drj5f   0m    40Mi   
websocket-server-5d44fc8b6-jqbxm   0m    37Mi   
websocket-server-5d44fc8b6-mmrg4   0m    35Mi   
websocket-server-5d44fc8b6-sdbwm   0m    43Mi   
websocket-server-5d44fc8b6-tnrnw   0m    40Mi   
1783193185
websocket-server-5d44fc8b6-6j9qg   0m    37Mi   
websocket-server-5d44fc8b6-7gmjr   0m    36Mi   
websocket-server-5d44fc8b6-7zd4n   0m    39Mi   
websocket-server-5d44fc8b6-bdvrk   1m    43Mi   
websocket-server-5d44fc8b6-drj5f   0m    40Mi   
websocket-server-5d44fc8b6-jqbxm   0m    37Mi   
websocket-server-5d44fc8b6-mmrg4   0m    35Mi   
websocket-server-5d44fc8b6-sdbwm   0m    43Mi   
websocket-server-5d44fc8b6-tnrnw   0m    40Mi   
1783193190
websocket-server-5d44fc8b6-6j9qg   0m    37Mi   
websocket-server-5d44fc8b6-7gmjr   0m    36Mi   
websocket-server-5d44fc8b6-7zd4n   0m    39Mi   
websocket-server-5d44fc8b6-bdvrk   1m    43Mi   
websocket-server-5d44fc8b6-drj5f   0m    40Mi   
websocket-server-5d44fc8b6-jqbxm   0m    37Mi   
websocket-server-5d44fc8b6-mmrg4   0m    35Mi   
websocket-server-5d44fc8b6-sdbwm   0m    43Mi   
websocket-server-5d44fc8b6-tnrnw   0m    40Mi   
1783193195
websocket-server-5d44fc8b6-6j9qg   0m    37Mi   
websocket-server-5d44fc8b6-7gmjr   0m    36Mi   
websocket-server-5d44fc8b6-7zd4n   0m    39Mi   
websocket-server-5d44fc8b6-bdvrk   1m    43Mi   
websocket-server-5d44fc8b6-drj5f   0m    40Mi   
websocket-server-5d44fc8b6-jqbxm   0m    37Mi   
websocket-server-5d44fc8b6-mmrg4   0m    35Mi   
websocket-server-5d44fc8b6-sdbwm   0m    43Mi   
websocket-server-5d44fc8b6-tnrnw   0m    40Mi   
1783193200
websocket-server-5d44fc8b6-6j9qg   0m    37Mi   
websocket-server-5d44fc8b6-7gmjr   0m    36Mi   
websocket-server-5d44fc8b6-7zd4n   0m    39Mi   
websocket-server-5d44fc8b6-bdvrk   1m    43Mi   
websocket-server-5d44fc8b6-drj5f   0m    40Mi   
websocket-server-5d44fc8b6-jqbxm   0m    37Mi   
websocket-server-5d44fc8b6-mmrg4   0m    35Mi   
websocket-server-5d44fc8b6-sdbwm   0m    43Mi   
websocket-server-5d44fc8b6-tnrnw   0m    40Mi   
1783193205
websocket-server-5d44fc8b6-6j9qg   0m    37Mi   
websocket-server-5d44fc8b6-7gmjr   0m    36Mi   
websocket-server-5d44fc8b6-7zd4n   0m    39Mi   
websocket-server-5d44fc8b6-bdvrk   1m    43Mi   
websocket-server-5d44fc8b6-drj5f   0m    40Mi   
websocket-server-5d44fc8b6-jqbxm   0m    37Mi   
websocket-server-5d44fc8b6-mmrg4   0m    35Mi   
websocket-server-5d44fc8b6-sdbwm   0m    43Mi   
websocket-server-5d44fc8b6-tnrnw   0m    40Mi   
1783193210
websocket-server-5d44fc8b6-6j9qg   0m    37Mi   
websocket-server-5d44fc8b6-7gmjr   0m    36Mi   
websocket-server-5d44fc8b6-7zd4n   0m    39Mi   
websocket-server-5d44fc8b6-bdvrk   1m    43Mi   
websocket-server-5d44fc8b6-drj5f   0m    40Mi   
websocket-server-5d44fc8b6-jqbxm   0m    37Mi   
websocket-server-5d44fc8b6-mmrg4   0m    35Mi   
websocket-server-5d44fc8b6-sdbwm   0m    43Mi   
websocket-server-5d44fc8b6-tnrnw   0m    40Mi   
1783193215
websocket-server-5d44fc8b6-6j9qg   0m    37Mi   
websocket-server-5d44fc8b6-7gmjr   0m    36Mi   
websocket-server-5d44fc8b6-7zd4n   0m    39Mi   
websocket-server-5d44fc8b6-bdvrk   1m    43Mi   
websocket-server-5d44fc8b6-drj5f   0m    40Mi   
websocket-server-5d44fc8b6-jqbxm   0m    37Mi   
websocket-server-5d44fc8b6-mmrg4   0m    35Mi   
websocket-server-5d44fc8b6-sdbwm   0m    43Mi   
websocket-server-5d44fc8b6-tnrnw   0m    40Mi   
1783193220
websocket-server-5d44fc8b6-6j9qg   0m    37Mi   
websocket-server-5d44fc8b6-7gmjr   0m    36Mi   
websocket-server-5d44fc8b6-7zd4n   0m    39Mi   
websocket-server-5d44fc8b6-bdvrk   1m    43Mi   
websocket-server-5d44fc8b6-drj5f   0m    40Mi   
websocket-server-5d44fc8b6-jqbxm   0m    37Mi   
websocket-server-5d44fc8b6-mmrg4   0m    35Mi   
websocket-server-5d44fc8b6-sdbwm   0m    43Mi   
websocket-server-5d44fc8b6-tnrnw   0m    40Mi   
1783193225
websocket-server-5d44fc8b6-6j9qg   0m    37Mi   
websocket-server-5d44fc8b6-7gmjr   0m    36Mi   
websocket-server-5d44fc8b6-7zd4n   0m    39Mi   
websocket-server-5d44fc8b6-bdvrk   1m    43Mi   
websocket-server-5d44fc8b6-drj5f   0m    40Mi   
websocket-server-5d44fc8b6-jqbxm   0m    37Mi   
websocket-server-5d44fc8b6-mmrg4   0m    35Mi   
websocket-server-5d44fc8b6-sdbwm   0m    43Mi   
websocket-server-5d44fc8b6-tnrnw   0m    40Mi   
1783193231
websocket-server-5d44fc8b6-6j9qg   0m    37Mi   
websocket-server-5d44fc8b6-7gmjr   0m    36Mi   
websocket-server-5d44fc8b6-7zd4n   0m    39Mi   
websocket-server-5d44fc8b6-bdvrk   1m    43Mi   
websocket-server-5d44fc8b6-drj5f   0m    40Mi   
websocket-server-5d44fc8b6-jqbxm   0m    37Mi   
websocket-server-5d44fc8b6-mmrg4   0m    35Mi   
websocket-server-5d44fc8b6-sdbwm   0m    43Mi   
websocket-server-5d44fc8b6-tnrnw   0m    40Mi   
1783193236
websocket-server-5d44fc8b6-6j9qg   0m    37Mi   
websocket-server-5d44fc8b6-7gmjr   0m    36Mi   
websocket-server-5d44fc8b6-7zd4n   0m    39Mi   
websocket-server-5d44fc8b6-bdvrk   1m    43Mi   
websocket-server-5d44fc8b6-drj5f   0m    40Mi   
websocket-server-5d44fc8b6-jqbxm   0m    37Mi   
websocket-server-5d44fc8b6-mmrg4   0m    35Mi   
websocket-server-5d44fc8b6-sdbwm   0m    43Mi   
websocket-server-5d44fc8b6-tnrnw   0m    40Mi   
1783193241
websocket-server-5d44fc8b6-6j9qg   0m    37Mi   
websocket-server-5d44fc8b6-7gmjr   0m    36Mi   
websocket-server-5d44fc8b6-7zd4n   0m    39Mi   
websocket-server-5d44fc8b6-bdvrk   1m    43Mi   
websocket-server-5d44fc8b6-drj5f   0m    40Mi   
websocket-server-5d44fc8b6-jqbxm   0m    37Mi   
websocket-server-5d44fc8b6-mmrg4   0m    35Mi   
websocket-server-5d44fc8b6-sdbwm   0m    43Mi   
websocket-server-5d44fc8b6-tnrnw   0m    40Mi   
1783193246
websocket-server-5d44fc8b6-6j9qg   0m    37Mi   
websocket-server-5d44fc8b6-7gmjr   0m    36Mi   
websocket-server-5d44fc8b6-7zd4n   0m    39Mi   
websocket-server-5d44fc8b6-bdvrk   1m    43Mi   
websocket-server-5d44fc8b6-drj5f   0m    40Mi   
websocket-server-5d44fc8b6-jqbxm   0m    37Mi   
websocket-server-5d44fc8b6-mmrg4   0m    35Mi   
websocket-server-5d44fc8b6-tnrnw   0m    40Mi   
1783193251
websocket-server-5d44fc8b6-6j9qg   0m    37Mi   
websocket-server-5d44fc8b6-7gmjr   0m    36Mi   
websocket-server-5d44fc8b6-7zd4n   0m    39Mi   
websocket-server-5d44fc8b6-bdvrk   1m    43Mi   
websocket-server-5d44fc8b6-drj5f   0m    40Mi   
websocket-server-5d44fc8b6-jqbxm   0m    37Mi   
websocket-server-5d44fc8b6-mmrg4   0m    35Mi   
websocket-server-5d44fc8b6-tnrnw   0m    40Mi   
1783193256
websocket-server-5d44fc8b6-6j9qg   0m    37Mi   
websocket-server-5d44fc8b6-7gmjr   0m    36Mi   
websocket-server-5d44fc8b6-7zd4n   0m    39Mi   
websocket-server-5d44fc8b6-bdvrk   1m    43Mi   
websocket-server-5d44fc8b6-drj5f   0m    40Mi   
websocket-server-5d44fc8b6-jqbxm   0m    37Mi   
websocket-server-5d44fc8b6-mmrg4   0m    35Mi   
websocket-server-5d44fc8b6-tnrnw   0m    40Mi   
