1783192462,CYCLE_1_HIGH_START
1783192522,CYCLE_1_HIGH_END
1783192522,CYCLE_1_LOW_START
1783192552,CYCLE_1_LOW_END
1783192552,CYCLE_2_HIGH_START
1783192612,CYCLE_2_HIGH_END
1783192613,CYCLE_2_LOW_START
1783192643,CYCLE_2_LOW_END
1783192643,CYCLE_3_HIGH_START
1783192703,CYCLE_3_HIGH_END
1783192703,CYCLE_3_LOW_START
1783192733,CYCLE_3_LOW_END
1783192733,CYCLE_4_HIGH_START
1783192793,CYCLE_4_HIGH_END
1783192793,CYCLE_4_LOW_START
1783192823,CYCLE_4_LOW_END
1783192823,CYCLE_5_HIGH_START
1783192884,CYCLE_5_HIGH_END
1783192884,CYCLE_5_LOW_START
1783192914,CYCLE_5_LOW_END
