1781209686
websocket-server-8585946c55-d92p9   1m    27Mi   
websocket-server-8585946c55-kwc49   16m   27Mi   
1781209691
websocket-server-8585946c55-d92p9   1m    27Mi   
websocket-server-8585946c55-kwc49   1m    27Mi   
1781209696
websocket-server-8585946c55-d92p9   1m    27Mi   
websocket-server-8585946c55-kwc49   1m    27Mi   
1781209701
websocket-server-8585946c55-d92p9   1m    27Mi   
websocket-server-8585946c55-kwc49   1m    27Mi   
1781209706
websocket-server-8585946c55-d92p9   1m    27Mi   
websocket-server-8585946c55-kwc49   1m    28Mi   
1781209711
websocket-server-8585946c55-d92p9   1m    27Mi   
websocket-server-8585946c55-kwc49   1m    28Mi   
1781209716
websocket-server-8585946c55-d92p9   1m    27Mi   
websocket-server-8585946c55-kwc49   1m    28Mi   
1781209721
websocket-server-8585946c55-d92p9   11m   29Mi   
websocket-server-8585946c55-kwc49   29m   32Mi   
1781209726
websocket-server-8585946c55-d92p9   11m   29Mi   
websocket-server-8585946c55-kwc49   29m   32Mi   
1781209731
websocket-server-8585946c55-d92p9   11m   29Mi   
websocket-server-8585946c55-kwc49   29m   32Mi   
1781209736
websocket-server-8585946c55-d92p9   41m   33Mi   
websocket-server-8585946c55-kwc49   29m   32Mi   
1781209741
websocket-server-8585946c55-d92p9   41m   33Mi   
websocket-server-8585946c55-kwc49   29m   32Mi   
1781209746
websocket-server-8585946c55-d92p9   41m   33Mi   
websocket-server-8585946c55-kwc49   29m   32Mi   
1781209751
websocket-server-8585946c55-d92p9   72m   35Mi   
websocket-server-8585946c55-kwc49   74m   37Mi   
1781209756
websocket-server-8585946c55-d92p9   72m   35Mi   
websocket-server-8585946c55-kwc49   74m   37Mi   
1781209761
websocket-server-8585946c55-d92p9   72m   35Mi   
websocket-server-8585946c55-kwc49   74m   37Mi   
1781209766
websocket-server-8585946c55-d92p9   102m   40Mi   
websocket-server-8585946c55-kwc49   121m   42Mi   
1781209771
websocket-server-8585946c55-d92p9   102m   40Mi   
websocket-server-8585946c55-kwc49   121m   42Mi   
1781209776
websocket-server-8585946c55-d92p9   102m   40Mi   
websocket-server-8585946c55-kwc49   121m   42Mi   
1781209781
websocket-server-8585946c55-d92p9   134m   42Mi   
websocket-server-8585946c55-ftdlx   20m    30Mi   
websocket-server-8585946c55-kwc49   152m   44Mi   
1781209787
websocket-server-8585946c55-d92p9   134m   42Mi   
websocket-server-8585946c55-ftdlx   20m    30Mi   
websocket-server-8585946c55-kwc49   152m   44Mi   
1781209792
websocket-server-8585946c55-d92p9   134m   42Mi   
websocket-server-8585946c55-ftdlx   20m    30Mi   
websocket-server-8585946c55-kwc49   152m   44Mi   
1781209797
websocket-server-8585946c55-d92p9   155m   45Mi   
websocket-server-8585946c55-ftdlx   38m    32Mi   
websocket-server-8585946c55-kwc49   181m   49Mi   
websocket-server-8585946c55-s9xbn   28m    28Mi   
1781209802
websocket-server-8585946c55-d92p9   155m   45Mi   
websocket-server-8585946c55-ftdlx   38m    32Mi   
websocket-server-8585946c55-kwc49   181m   49Mi   
websocket-server-8585946c55-s9xbn   28m    28Mi   
1781209807
websocket-server-8585946c55-d92p9   155m   45Mi   
websocket-server-8585946c55-ftdlx   38m    32Mi   
websocket-server-8585946c55-kwc49   181m   49Mi   
websocket-server-8585946c55-s9xbn   28m    28Mi   
1781209812
websocket-server-8585946c55-5cwvs   27m    27Mi   
websocket-server-8585946c55-d92p9   163m   45Mi   
websocket-server-8585946c55-dr992   23m    28Mi   
websocket-server-8585946c55-ftdlx   38m    32Mi   
websocket-server-8585946c55-kwc49   195m   50Mi   
websocket-server-8585946c55-s9xbn   20m    29Mi   
1781209817
websocket-server-8585946c55-5cwvs   27m    27Mi   
websocket-server-8585946c55-d92p9   163m   45Mi   
websocket-server-8585946c55-dr992   23m    28Mi   
websocket-server-8585946c55-ftdlx   38m    32Mi   
websocket-server-8585946c55-kwc49   195m   50Mi   
websocket-server-8585946c55-s9xbn   20m    29Mi   
1781209822
websocket-server-8585946c55-5cwvs   27m    27Mi   
websocket-server-8585946c55-d92p9   163m   45Mi   
websocket-server-8585946c55-dr992   23m    28Mi   
websocket-server-8585946c55-ftdlx   38m    32Mi   
websocket-server-8585946c55-kwc49   195m   50Mi   
websocket-server-8585946c55-s9xbn   20m    29Mi   
1781209827
websocket-server-8585946c55-5cwvs   2m     27Mi   
websocket-server-8585946c55-d92p9   165m   45Mi   
websocket-server-8585946c55-dr992   3m     28Mi   
websocket-server-8585946c55-ftdlx   40m    31Mi   
websocket-server-8585946c55-jwxh4   22m    27Mi   
websocket-server-8585946c55-kwc49   197m   49Mi   
websocket-server-8585946c55-s9xbn   21m    29Mi   
1781209832
websocket-server-8585946c55-5cwvs   2m     27Mi   
websocket-server-8585946c55-d92p9   165m   45Mi   
websocket-server-8585946c55-dr992   3m     28Mi   
websocket-server-8585946c55-ftdlx   40m    31Mi   
websocket-server-8585946c55-jwxh4   22m    27Mi   
websocket-server-8585946c55-kwc49   197m   49Mi   
websocket-server-8585946c55-s9xbn   21m    29Mi   
1781209837
websocket-server-8585946c55-5cwvs   2m     27Mi   
websocket-server-8585946c55-d92p9   165m   45Mi   
websocket-server-8585946c55-dr992   3m     28Mi   
websocket-server-8585946c55-ftdlx   40m    31Mi   
websocket-server-8585946c55-jwxh4   22m    27Mi   
websocket-server-8585946c55-kwc49   197m   49Mi   
websocket-server-8585946c55-s9xbn   21m    29Mi   
1781209842
websocket-server-8585946c55-5cwvs   1m    27Mi   
websocket-server-8585946c55-d92p9   42m   45Mi   
websocket-server-8585946c55-dr992   2m    28Mi   
websocket-server-8585946c55-ftdlx   40m   31Mi   
websocket-server-8585946c55-jwxh4   0m    27Mi   
websocket-server-8585946c55-kwc49   59m   49Mi   
websocket-server-8585946c55-s9xbn   6m    29Mi   
1781209847
websocket-server-8585946c55-5cwvs   1m    27Mi   
websocket-server-8585946c55-d92p9   42m   45Mi   
websocket-server-8585946c55-dr992   2m    28Mi   
websocket-server-8585946c55-ftdlx   40m   31Mi   
websocket-server-8585946c55-jwxh4   0m    27Mi   
websocket-server-8585946c55-kwc49   59m   49Mi   
websocket-server-8585946c55-s9xbn   6m    29Mi   
1781209852
websocket-server-8585946c55-5cwvs   1m    27Mi   
websocket-server-8585946c55-d92p9   42m   45Mi   
websocket-server-8585946c55-dr992   2m    28Mi   
websocket-server-8585946c55-ftdlx   40m   31Mi   
websocket-server-8585946c55-jwxh4   0m    27Mi   
websocket-server-8585946c55-kwc49   59m   49Mi   
websocket-server-8585946c55-s9xbn   6m    29Mi   
1781209857
websocket-server-8585946c55-5cwvs   1m    27Mi   
websocket-server-8585946c55-d92p9   42m   45Mi   
websocket-server-8585946c55-dr992   1m    28Mi   
websocket-server-8585946c55-ftdlx   2m    31Mi   
websocket-server-8585946c55-jwxh4   1m    27Mi   
websocket-server-8585946c55-kwc49   59m   49Mi   
websocket-server-8585946c55-s9xbn   1m    29Mi   
1781209862
websocket-server-8585946c55-5cwvs   1m    27Mi   
websocket-server-8585946c55-d92p9   42m   45Mi   
websocket-server-8585946c55-dr992   1m    28Mi   
websocket-server-8585946c55-ftdlx   2m    31Mi   
websocket-server-8585946c55-jwxh4   1m    27Mi   
websocket-server-8585946c55-kwc49   59m   49Mi   
websocket-server-8585946c55-s9xbn   1m    29Mi   
1781209867
websocket-server-8585946c55-5cwvs   1m    27Mi   
websocket-server-8585946c55-d92p9   42m   45Mi   
websocket-server-8585946c55-dr992   1m    28Mi   
websocket-server-8585946c55-ftdlx   2m    31Mi   
websocket-server-8585946c55-jwxh4   1m    27Mi   
websocket-server-8585946c55-kwc49   59m   49Mi   
websocket-server-8585946c55-s9xbn   1m    29Mi   
1781209872
websocket-server-8585946c55-5cwvs   1m    27Mi   
websocket-server-8585946c55-d92p9   5m    45Mi   
websocket-server-8585946c55-dr992   1m    28Mi   
websocket-server-8585946c55-ftdlx   2m    31Mi   
websocket-server-8585946c55-jwxh4   0m    27Mi   
websocket-server-8585946c55-kwc49   5m    49Mi   
websocket-server-8585946c55-s9xbn   1m    29Mi   
1781209877
websocket-server-8585946c55-5cwvs   1m    27Mi   
websocket-server-8585946c55-d92p9   5m    45Mi   
websocket-server-8585946c55-dr992   1m    28Mi   
websocket-server-8585946c55-ftdlx   2m    31Mi   
websocket-server-8585946c55-jwxh4   0m    27Mi   
websocket-server-8585946c55-kwc49   5m    49Mi   
websocket-server-8585946c55-s9xbn   1m    29Mi   
1781209882
websocket-server-8585946c55-5cwvs   1m    27Mi   
websocket-server-8585946c55-d92p9   5m    45Mi   
websocket-server-8585946c55-dr992   1m    28Mi   
websocket-server-8585946c55-ftdlx   2m    31Mi   
websocket-server-8585946c55-jwxh4   0m    27Mi   
websocket-server-8585946c55-kwc49   5m    49Mi   
websocket-server-8585946c55-s9xbn   1m    29Mi   
1781209887
websocket-server-8585946c55-5cwvs   1m    27Mi   
websocket-server-8585946c55-d92p9   5m    45Mi   
websocket-server-8585946c55-dr992   1m    28Mi   
websocket-server-8585946c55-ftdlx   2m    31Mi   
websocket-server-8585946c55-jwxh4   1m    27Mi   
websocket-server-8585946c55-kwc49   5m    49Mi   
websocket-server-8585946c55-s9xbn   1m    29Mi   
1781209893
websocket-server-8585946c55-5cwvs   1m    27Mi   
websocket-server-8585946c55-d92p9   5m    45Mi   
websocket-server-8585946c55-dr992   1m    28Mi   
websocket-server-8585946c55-ftdlx   2m    31Mi   
websocket-server-8585946c55-jwxh4   1m    27Mi   
websocket-server-8585946c55-kwc49   5m    49Mi   
websocket-server-8585946c55-s9xbn   1m    29Mi   
1781209898
websocket-server-8585946c55-5cwvs   1m    27Mi   
websocket-server-8585946c55-d92p9   5m    45Mi   
websocket-server-8585946c55-dr992   1m    28Mi   
websocket-server-8585946c55-ftdlx   2m    31Mi   
websocket-server-8585946c55-jwxh4   1m    27Mi   
websocket-server-8585946c55-kwc49   5m    49Mi   
websocket-server-8585946c55-s9xbn   1m    29Mi   
1781209903
websocket-server-8585946c55-5cwvs   1m    27Mi   
websocket-server-8585946c55-d92p9   5m    45Mi   
websocket-server-8585946c55-dr992   1m    28Mi   
websocket-server-8585946c55-ftdlx   2m    31Mi   
websocket-server-8585946c55-jwxh4   1m    27Mi   
websocket-server-8585946c55-kwc49   6m    49Mi   
websocket-server-8585946c55-s9xbn   1m    29Mi   
1781209908
websocket-server-8585946c55-5cwvs   1m    27Mi   
websocket-server-8585946c55-d92p9   5m    45Mi   
websocket-server-8585946c55-dr992   1m    28Mi   
websocket-server-8585946c55-ftdlx   2m    31Mi   
websocket-server-8585946c55-jwxh4   1m    27Mi   
websocket-server-8585946c55-kwc49   6m    49Mi   
websocket-server-8585946c55-s9xbn   1m    29Mi   
1781209913
websocket-server-8585946c55-5cwvs   1m    27Mi   
websocket-server-8585946c55-d92p9   5m    45Mi   
websocket-server-8585946c55-dr992   1m    28Mi   
websocket-server-8585946c55-ftdlx   2m    31Mi   
websocket-server-8585946c55-jwxh4   1m    27Mi   
websocket-server-8585946c55-kwc49   6m    49Mi   
websocket-server-8585946c55-s9xbn   1m    29Mi   
1781209918
websocket-server-8585946c55-5cwvs   1m    27Mi   
websocket-server-8585946c55-d92p9   5m    45Mi   
websocket-server-8585946c55-dr992   1m    28Mi   
websocket-server-8585946c55-ftdlx   1m    31Mi   
websocket-server-8585946c55-jwxh4   1m    27Mi   
websocket-server-8585946c55-kwc49   5m    49Mi   
websocket-server-8585946c55-s9xbn   1m    29Mi   
1781209923
websocket-server-8585946c55-5cwvs   1m    27Mi   
websocket-server-8585946c55-d92p9   5m    45Mi   
websocket-server-8585946c55-dr992   1m    28Mi   
websocket-server-8585946c55-ftdlx   1m    31Mi   
websocket-server-8585946c55-jwxh4   1m    27Mi   
websocket-server-8585946c55-kwc49   5m    49Mi   
websocket-server-8585946c55-s9xbn   1m    29Mi   
1781209928
websocket-server-8585946c55-5cwvs   1m    27Mi   
websocket-server-8585946c55-d92p9   5m    45Mi   
websocket-server-8585946c55-dr992   1m    28Mi   
websocket-server-8585946c55-ftdlx   1m    31Mi   
websocket-server-8585946c55-jwxh4   1m    27Mi   
websocket-server-8585946c55-kwc49   5m    49Mi   
websocket-server-8585946c55-s9xbn   1m    29Mi   
1781209933
websocket-server-8585946c55-5cwvs   1m    27Mi   
websocket-server-8585946c55-d92p9   4m    45Mi   
websocket-server-8585946c55-dr992   1m    28Mi   
websocket-server-8585946c55-ftdlx   1m    31Mi   
websocket-server-8585946c55-jwxh4   0m    27Mi   
websocket-server-8585946c55-kwc49   5m    49Mi   
websocket-server-8585946c55-s9xbn   1m    29Mi   
1781209938
websocket-server-8585946c55-5cwvs   1m    27Mi   
websocket-server-8585946c55-d92p9   4m    45Mi   
websocket-server-8585946c55-dr992   1m    28Mi   
websocket-server-8585946c55-ftdlx   1m    31Mi   
websocket-server-8585946c55-jwxh4   0m    27Mi   
websocket-server-8585946c55-kwc49   5m    49Mi   
websocket-server-8585946c55-s9xbn   1m    29Mi   
1781209943
websocket-server-8585946c55-5cwvs   1m    27Mi   
websocket-server-8585946c55-d92p9   4m    45Mi   
websocket-server-8585946c55-dr992   1m    28Mi   
websocket-server-8585946c55-ftdlx   1m    31Mi   
websocket-server-8585946c55-jwxh4   0m    27Mi   
websocket-server-8585946c55-kwc49   5m    49Mi   
websocket-server-8585946c55-s9xbn   1m    29Mi   
1781209948
websocket-server-8585946c55-5cwvs   1m    27Mi   
websocket-server-8585946c55-d92p9   5m    45Mi   
websocket-server-8585946c55-dr992   1m    28Mi   
websocket-server-8585946c55-ftdlx   2m    31Mi   
websocket-server-8585946c55-jwxh4   1m    27Mi   
websocket-server-8585946c55-kwc49   5m    49Mi   
websocket-server-8585946c55-s9xbn   1m    29Mi   
1781209953
websocket-server-8585946c55-5cwvs   1m    27Mi   
websocket-server-8585946c55-d92p9   5m    45Mi   
websocket-server-8585946c55-dr992   1m    28Mi   
websocket-server-8585946c55-ftdlx   2m    31Mi   
websocket-server-8585946c55-jwxh4   1m    27Mi   
websocket-server-8585946c55-kwc49   5m    49Mi   
websocket-server-8585946c55-s9xbn   1m    29Mi   
1781209958
websocket-server-8585946c55-5cwvs   1m    27Mi   
websocket-server-8585946c55-d92p9   5m    45Mi   
websocket-server-8585946c55-dr992   1m    28Mi   
websocket-server-8585946c55-ftdlx   2m    31Mi   
websocket-server-8585946c55-jwxh4   1m    27Mi   
websocket-server-8585946c55-kwc49   5m    49Mi   
websocket-server-8585946c55-s9xbn   1m    29Mi   
1781209963
websocket-server-8585946c55-5cwvs   1m    27Mi   
websocket-server-8585946c55-d92p9   5m    45Mi   
websocket-server-8585946c55-dr992   1m    28Mi   
websocket-server-8585946c55-ftdlx   1m    31Mi   
websocket-server-8585946c55-jwxh4   1m    27Mi   
websocket-server-8585946c55-kwc49   5m    49Mi   
websocket-server-8585946c55-s9xbn   1m    29Mi   
1781209968
websocket-server-8585946c55-5cwvs   1m    27Mi   
websocket-server-8585946c55-d92p9   5m    45Mi   
websocket-server-8585946c55-dr992   1m    28Mi   
websocket-server-8585946c55-ftdlx   1m    31Mi   
websocket-server-8585946c55-jwxh4   1m    27Mi   
websocket-server-8585946c55-kwc49   5m    49Mi   
websocket-server-8585946c55-s9xbn   1m    29Mi   
1781209973
websocket-server-8585946c55-5cwvs   1m    27Mi   
websocket-server-8585946c55-d92p9   5m    45Mi   
websocket-server-8585946c55-dr992   1m    28Mi   
websocket-server-8585946c55-ftdlx   1m    31Mi   
websocket-server-8585946c55-jwxh4   1m    27Mi   
websocket-server-8585946c55-kwc49   5m    49Mi   
websocket-server-8585946c55-s9xbn   1m    29Mi   
1781209978
websocket-server-8585946c55-5cwvs   1m    27Mi   
websocket-server-8585946c55-d92p9   5m    45Mi   
websocket-server-8585946c55-dr992   1m    28Mi   
websocket-server-8585946c55-ftdlx   2m    31Mi   
websocket-server-8585946c55-jwxh4   0m    27Mi   
websocket-server-8585946c55-kwc49   5m    49Mi   
websocket-server-8585946c55-s9xbn   1m    29Mi   
1781209983
websocket-server-8585946c55-5cwvs   1m    27Mi   
websocket-server-8585946c55-d92p9   5m    45Mi   
websocket-server-8585946c55-dr992   1m    28Mi   
websocket-server-8585946c55-ftdlx   2m    31Mi   
websocket-server-8585946c55-jwxh4   0m    27Mi   
websocket-server-8585946c55-kwc49   5m    49Mi   
websocket-server-8585946c55-s9xbn   1m    29Mi   
1781209988
websocket-server-8585946c55-d92p9   5m    45Mi   
websocket-server-8585946c55-jwxh4   0m    27Mi   
websocket-server-8585946c55-kwc49   5m    49Mi   
1781209993
websocket-server-8585946c55-d92p9   5m    45Mi   
websocket-server-8585946c55-jwxh4   1m    27Mi   
websocket-server-8585946c55-kwc49   5m    49Mi   
1781209999
websocket-server-8585946c55-d92p9   5m    45Mi   
websocket-server-8585946c55-jwxh4   1m    27Mi   
websocket-server-8585946c55-kwc49   5m    49Mi   
1781210004
websocket-server-8585946c55-d92p9   5m    45Mi   
websocket-server-8585946c55-jwxh4   1m    27Mi   
websocket-server-8585946c55-kwc49   5m    49Mi   
1781210009
websocket-server-8585946c55-d92p9   4m    45Mi   
websocket-server-8585946c55-jwxh4   0m    27Mi   
websocket-server-8585946c55-kwc49   6m    49Mi   
1781210014
websocket-server-8585946c55-d92p9   4m    45Mi   
websocket-server-8585946c55-jwxh4   0m    27Mi   
websocket-server-8585946c55-kwc49   6m    49Mi   
1781210019
websocket-server-8585946c55-d92p9   4m    45Mi   
websocket-server-8585946c55-jwxh4   0m    27Mi   
websocket-server-8585946c55-kwc49   6m    49Mi   
