1781204103
websocket-server-8585946c55-pjqj6   0m    27Mi   
websocket-server-8585946c55-snfwm   18m   27Mi   
1781204108
websocket-server-8585946c55-pjqj6   0m    27Mi   
websocket-server-8585946c55-snfwm   18m   27Mi   
1781204113
websocket-server-8585946c55-pjqj6   1m    27Mi   
websocket-server-8585946c55-snfwm   1m    27Mi   
1781204118
websocket-server-8585946c55-pjqj6   1m    27Mi   
websocket-server-8585946c55-snfwm   1m    27Mi   
1781204123
websocket-server-8585946c55-pjqj6   1m    27Mi   
websocket-server-8585946c55-snfwm   1m    27Mi   
1781204128
websocket-server-8585946c55-pjqj6   2m    28Mi   
websocket-server-8585946c55-snfwm   1m    28Mi   
1781204133
websocket-server-8585946c55-pjqj6   2m    28Mi   
websocket-server-8585946c55-snfwm   1m    28Mi   
1781204138
websocket-server-8585946c55-pjqj6   2m    28Mi   
websocket-server-8585946c55-snfwm   1m    28Mi   
1781204143
websocket-server-8585946c55-pjqj6   33m   32Mi   
websocket-server-8585946c55-snfwm   6m    28Mi   
1781204148
websocket-server-8585946c55-pjqj6   33m   32Mi   
websocket-server-8585946c55-snfwm   6m    28Mi   
1781204153
websocket-server-8585946c55-pjqj6   33m   32Mi   
websocket-server-8585946c55-snfwm   6m    28Mi   
1781204158
websocket-server-8585946c55-pjqj6   65m   35Mi   
websocket-server-8585946c55-snfwm   46m   34Mi   
1781204163
websocket-server-8585946c55-pjqj6   65m   35Mi   
websocket-server-8585946c55-snfwm   46m   34Mi   
1781204168
websocket-server-8585946c55-pjqj6   65m   35Mi   
websocket-server-8585946c55-snfwm   46m   34Mi   
1781204173
websocket-server-8585946c55-pjqj6   89m   38Mi   
websocket-server-8585946c55-snfwm   90m   38Mi   
1781204178
websocket-server-8585946c55-pjqj6   89m   38Mi   
websocket-server-8585946c55-snfwm   90m   38Mi   
1781204183
websocket-server-8585946c55-pjqj6   89m   38Mi   
websocket-server-8585946c55-snfwm   90m   38Mi   
1781204188
websocket-server-8585946c55-pjqj6   122m   42Mi   
websocket-server-8585946c55-snfwm   122m   41Mi   
1781204193
websocket-server-8585946c55-pjqj6   122m   42Mi   
websocket-server-8585946c55-snfwm   122m   41Mi   
1781204198
websocket-server-8585946c55-pjqj6   122m   42Mi   
websocket-server-8585946c55-snfwm   122m   41Mi   
1781204204
websocket-server-8585946c55-k5688   28m    30Mi   
websocket-server-8585946c55-pjqj6   151m   44Mi   
websocket-server-8585946c55-snfwm   149m   44Mi   
1781204209
websocket-server-8585946c55-k5688   28m    30Mi   
websocket-server-8585946c55-pjqj6   151m   44Mi   
websocket-server-8585946c55-snfwm   149m   44Mi   
1781204214
websocket-server-8585946c55-k5688   28m    30Mi   
websocket-server-8585946c55-pjqj6   151m   44Mi   
websocket-server-8585946c55-snfwm   149m   44Mi   
1781204219
websocket-server-8585946c55-jfjk6   12m    29Mi   
websocket-server-8585946c55-k5688   42m    32Mi   
websocket-server-8585946c55-pjqj6   163m   46Mi   
websocket-server-8585946c55-snfwm   163m   46Mi   
websocket-server-8585946c55-w9fv4   14m    29Mi   
1781204224
websocket-server-8585946c55-jfjk6   12m    29Mi   
websocket-server-8585946c55-k5688   42m    32Mi   
websocket-server-8585946c55-pjqj6   163m   46Mi   
websocket-server-8585946c55-snfwm   163m   46Mi   
websocket-server-8585946c55-w9fv4   14m    29Mi   
1781204229
websocket-server-8585946c55-jfjk6   12m    29Mi   
websocket-server-8585946c55-k5688   42m    32Mi   
websocket-server-8585946c55-pjqj6   163m   46Mi   
websocket-server-8585946c55-snfwm   163m   46Mi   
websocket-server-8585946c55-w9fv4   14m    29Mi   
1781204234
websocket-server-8585946c55-jfjk6   16m    28Mi   
websocket-server-8585946c55-k5688   46m    32Mi   
websocket-server-8585946c55-pjqj6   169m   46Mi   
websocket-server-8585946c55-snfwm   173m   47Mi   
websocket-server-8585946c55-w9fv4   17m    29Mi   
1781204239
websocket-server-8585946c55-jfjk6   16m    28Mi   
websocket-server-8585946c55-k5688   46m    32Mi   
websocket-server-8585946c55-pjqj6   169m   46Mi   
websocket-server-8585946c55-snfwm   173m   47Mi   
websocket-server-8585946c55-w9fv4   17m    29Mi   
1781204244
websocket-server-8585946c55-jfjk6   16m    28Mi   
websocket-server-8585946c55-k5688   46m    32Mi   
websocket-server-8585946c55-pjqj6   169m   46Mi   
websocket-server-8585946c55-snfwm   173m   47Mi   
websocket-server-8585946c55-w9fv4   17m    29Mi   
1781204249
websocket-server-8585946c55-gkfsb   0m     27Mi   
websocket-server-8585946c55-jfjk6   15m    28Mi   
websocket-server-8585946c55-k5688   46m    32Mi   
websocket-server-8585946c55-kkx88   0m     27Mi   
websocket-server-8585946c55-pjqj6   171m   46Mi   
websocket-server-8585946c55-snfwm   173m   47Mi   
websocket-server-8585946c55-w9fv4   15m    28Mi   
1781204254
websocket-server-8585946c55-gkfsb   0m     27Mi   
websocket-server-8585946c55-jfjk6   15m    28Mi   
websocket-server-8585946c55-k5688   46m    32Mi   
websocket-server-8585946c55-kkx88   0m     27Mi   
websocket-server-8585946c55-pjqj6   171m   46Mi   
websocket-server-8585946c55-snfwm   173m   47Mi   
websocket-server-8585946c55-w9fv4   15m    28Mi   
1781204259
websocket-server-8585946c55-gkfsb   0m     27Mi   
websocket-server-8585946c55-jfjk6   15m    28Mi   
websocket-server-8585946c55-k5688   46m    32Mi   
websocket-server-8585946c55-kkx88   0m     27Mi   
websocket-server-8585946c55-pjqj6   171m   46Mi   
websocket-server-8585946c55-snfwm   173m   47Mi   
websocket-server-8585946c55-w9fv4   15m    28Mi   
1781204264
websocket-server-8585946c55-gkfsb   1m    27Mi   
websocket-server-8585946c55-jfjk6   5m    28Mi   
websocket-server-8585946c55-k5688   2m    32Mi   
websocket-server-8585946c55-kkx88   1m    27Mi   
websocket-server-8585946c55-pjqj6   70m   46Mi   
websocket-server-8585946c55-snfwm   62m   46Mi   
websocket-server-8585946c55-w9fv4   7m    29Mi   
1781204269
websocket-server-8585946c55-gkfsb   1m    27Mi   
websocket-server-8585946c55-jfjk6   5m    28Mi   
websocket-server-8585946c55-k5688   2m    32Mi   
websocket-server-8585946c55-kkx88   1m    27Mi   
websocket-server-8585946c55-pjqj6   70m   46Mi   
websocket-server-8585946c55-snfwm   62m   46Mi   
websocket-server-8585946c55-w9fv4   7m    29Mi   
