1781206544
websocket-server-8585946c55-9ls5x   1m    27Mi   
websocket-server-8585946c55-g46vk   22m   27Mi   
1781206549
websocket-server-8585946c55-9ls5x   1m    27Mi   
websocket-server-8585946c55-g46vk   1m    27Mi   
1781206554
websocket-server-8585946c55-9ls5x   1m    27Mi   
websocket-server-8585946c55-g46vk   1m    27Mi   
1781206559
websocket-server-8585946c55-9ls5x   1m    27Mi   
websocket-server-8585946c55-g46vk   1m    27Mi   
1781206564
websocket-server-8585946c55-9ls5x   1m    27Mi   
websocket-server-8585946c55-g46vk   1m    27Mi   
1781206569
websocket-server-8585946c55-9ls5x   1m    27Mi   
websocket-server-8585946c55-g46vk   1m    27Mi   
1781206574
websocket-server-8585946c55-9ls5x   1m    27Mi   
websocket-server-8585946c55-g46vk   1m    27Mi   
1781206579
websocket-server-8585946c55-9ls5x   1m    27Mi   
websocket-server-8585946c55-g46vk   22m   32Mi   
1781206584
websocket-server-8585946c55-9ls5x   1m    27Mi   
websocket-server-8585946c55-g46vk   22m   32Mi   
1781206589
websocket-server-8585946c55-9ls5x   1m    27Mi   
websocket-server-8585946c55-g46vk   22m   32Mi   
1781206594
websocket-server-8585946c55-9ls5x   21m   31Mi   
websocket-server-8585946c55-g46vk   65m   35Mi   
1781206599
websocket-server-8585946c55-9ls5x   21m   31Mi   
websocket-server-8585946c55-g46vk   65m   35Mi   
1781206604
websocket-server-8585946c55-9ls5x   21m   31Mi   
websocket-server-8585946c55-g46vk   65m   35Mi   
1781206609
websocket-server-8585946c55-9ls5x   64m   36Mi   
websocket-server-8585946c55-g46vk   96m   39Mi   
1781206614
websocket-server-8585946c55-9ls5x   64m   36Mi   
websocket-server-8585946c55-g46vk   96m   39Mi   
1781206619
websocket-server-8585946c55-9ls5x   64m   36Mi   
websocket-server-8585946c55-g46vk   96m   39Mi   
1781206624
websocket-server-8585946c55-9ls5x   109m   41Mi   
websocket-server-8585946c55-g46vk   133m   43Mi   
1781206629
websocket-server-8585946c55-9ls5x   109m   41Mi   
websocket-server-8585946c55-g46vk   133m   43Mi   
1781206634
websocket-server-8585946c55-9ls5x   109m   41Mi   
websocket-server-8585946c55-g46vk   133m   43Mi   
1781206639
websocket-server-8585946c55-9ls5x   140m   44Mi   
websocket-server-8585946c55-g46vk   157m   45Mi   
websocket-server-8585946c55-kv7bc   20m    29Mi   
1781206645
websocket-server-8585946c55-9ls5x   140m   44Mi   
websocket-server-8585946c55-g46vk   157m   45Mi   
websocket-server-8585946c55-kv7bc   20m    29Mi   
1781206650
websocket-server-8585946c55-9ls5x   140m   44Mi   
websocket-server-8585946c55-g46vk   157m   45Mi   
websocket-server-8585946c55-kv7bc   20m    29Mi   
1781206655
websocket-server-8585946c55-9ls5x   160m   45Mi   
websocket-server-8585946c55-g46vk   175m   47Mi   
websocket-server-8585946c55-kv7bc   32m    31Mi   
websocket-server-8585946c55-qjtpt   31m    28Mi   
1781206660
websocket-server-8585946c55-9ls5x   160m   45Mi   
websocket-server-8585946c55-g46vk   175m   47Mi   
websocket-server-8585946c55-kv7bc   32m    31Mi   
websocket-server-8585946c55-qjtpt   31m    28Mi   
1781206665
websocket-server-8585946c55-9ls5x   160m   45Mi   
websocket-server-8585946c55-g46vk   175m   47Mi   
websocket-server-8585946c55-kv7bc   32m    31Mi   
websocket-server-8585946c55-qjtpt   31m    28Mi   
1781206670
websocket-server-8585946c55-9ls5x   172m   47Mi   
websocket-server-8585946c55-d59zh   4m     28Mi   
websocket-server-8585946c55-g46vk   181m   47Mi   
websocket-server-8585946c55-kv7bc   42m    31Mi   
websocket-server-8585946c55-qjtpt   27m    29Mi   
websocket-server-8585946c55-qzmxl   4m     28Mi   
1781206675
websocket-server-8585946c55-9ls5x   172m   47Mi   
websocket-server-8585946c55-d59zh   4m     28Mi   
websocket-server-8585946c55-g46vk   181m   47Mi   
websocket-server-8585946c55-kv7bc   42m    31Mi   
websocket-server-8585946c55-qjtpt   27m    29Mi   
websocket-server-8585946c55-qzmxl   4m     28Mi   
1781206680
websocket-server-8585946c55-9ls5x   172m   47Mi   
websocket-server-8585946c55-d59zh   4m     28Mi   
websocket-server-8585946c55-g46vk   181m   47Mi   
websocket-server-8585946c55-kv7bc   42m    31Mi   
websocket-server-8585946c55-qjtpt   27m    29Mi   
websocket-server-8585946c55-qzmxl   4m     28Mi   
1781206685
websocket-server-8585946c55-9ls5x   176m   46Mi   
websocket-server-8585946c55-d59zh   4m     28Mi   
websocket-server-8585946c55-g46vk   181m   47Mi   
websocket-server-8585946c55-kv7bc   42m    32Mi   
websocket-server-8585946c55-qjtpt   26m    30Mi   
websocket-server-8585946c55-qzmxl   4m     28Mi   
1781206690
websocket-server-8585946c55-9ls5x   176m   46Mi   
websocket-server-8585946c55-d59zh   4m     28Mi   
websocket-server-8585946c55-g46vk   181m   47Mi   
websocket-server-8585946c55-kv7bc   42m    32Mi   
websocket-server-8585946c55-qjtpt   26m    30Mi   
websocket-server-8585946c55-qzmxl   4m     28Mi   
1781206695
websocket-server-8585946c55-9ls5x   176m   46Mi   
websocket-server-8585946c55-d59zh   4m     28Mi   
websocket-server-8585946c55-g46vk   181m   47Mi   
websocket-server-8585946c55-kv7bc   42m    32Mi   
websocket-server-8585946c55-qjtpt   26m    30Mi   
websocket-server-8585946c55-qzmxl   4m     28Mi   
1781206700
websocket-server-8585946c55-9ls5x   114m   46Mi   
websocket-server-8585946c55-d59zh   2m     28Mi   
websocket-server-8585946c55-dgdxf   1m     28Mi   
websocket-server-8585946c55-g46vk   87m    47Mi   
websocket-server-8585946c55-kv7bc   18m    31Mi   
websocket-server-8585946c55-ngffz   22m    27Mi   
websocket-server-8585946c55-qjtpt   15m    29Mi   
websocket-server-8585946c55-qzmxl   1m     28Mi   
1781206705
websocket-server-8585946c55-9ls5x   114m   46Mi   
websocket-server-8585946c55-d59zh   2m     28Mi   
websocket-server-8585946c55-dgdxf   1m     28Mi   
websocket-server-8585946c55-g46vk   87m    47Mi   
websocket-server-8585946c55-kv7bc   18m    31Mi   
websocket-server-8585946c55-ngffz   22m    27Mi   
websocket-server-8585946c55-qjtpt   15m    29Mi   
websocket-server-8585946c55-qzmxl   1m     28Mi   
1781206710
websocket-server-8585946c55-9ls5x   114m   46Mi   
websocket-server-8585946c55-d59zh   2m     28Mi   
websocket-server-8585946c55-dgdxf   1m     28Mi   
websocket-server-8585946c55-g46vk   87m    47Mi   
websocket-server-8585946c55-kv7bc   18m    31Mi   
websocket-server-8585946c55-ngffz   22m    27Mi   
websocket-server-8585946c55-qjtpt   15m    29Mi   
websocket-server-8585946c55-qzmxl   1m     28Mi   
1781206715
websocket-server-8585946c55-9ls5x   5m    46Mi   
websocket-server-8585946c55-d59zh   1m    28Mi   
websocket-server-8585946c55-dgdxf   0m    27Mi   
websocket-server-8585946c55-g46vk   5m    47Mi   
websocket-server-8585946c55-kv7bc   2m    31Mi   
websocket-server-8585946c55-ngffz   1m    27Mi   
websocket-server-8585946c55-qjtpt   1m    29Mi   
websocket-server-8585946c55-qzmxl   1m    28Mi   
1781206720
websocket-server-8585946c55-9ls5x   5m    46Mi   
websocket-server-8585946c55-d59zh   1m    28Mi   
websocket-server-8585946c55-dgdxf   0m    27Mi   
websocket-server-8585946c55-g46vk   5m    47Mi   
websocket-server-8585946c55-kv7bc   2m    31Mi   
websocket-server-8585946c55-ngffz   1m    27Mi   
websocket-server-8585946c55-qjtpt   1m    29Mi   
websocket-server-8585946c55-qzmxl   1m    28Mi   
1781206725
websocket-server-8585946c55-9ls5x   5m    46Mi   
websocket-server-8585946c55-d59zh   1m    28Mi   
websocket-server-8585946c55-dgdxf   0m    27Mi   
websocket-server-8585946c55-g46vk   5m    47Mi   
websocket-server-8585946c55-kv7bc   2m    31Mi   
websocket-server-8585946c55-ngffz   1m    27Mi   
websocket-server-8585946c55-qjtpt   1m    29Mi   
websocket-server-8585946c55-qzmxl   1m    28Mi   
1781206730
websocket-server-8585946c55-9ls5x   5m    46Mi   
websocket-server-8585946c55-d59zh   1m    28Mi   
websocket-server-8585946c55-dgdxf   1m    27Mi   
websocket-server-8585946c55-g46vk   5m    47Mi   
websocket-server-8585946c55-kv7bc   2m    31Mi   
websocket-server-8585946c55-ngffz   1m    27Mi   
websocket-server-8585946c55-qjtpt   1m    29Mi   
websocket-server-8585946c55-qzmxl   1m    28Mi   
1781206735
websocket-server-8585946c55-9ls5x   5m    46Mi   
websocket-server-8585946c55-d59zh   1m    28Mi   
websocket-server-8585946c55-dgdxf   1m    27Mi   
websocket-server-8585946c55-g46vk   5m    47Mi   
websocket-server-8585946c55-kv7bc   2m    31Mi   
websocket-server-8585946c55-ngffz   1m    27Mi   
websocket-server-8585946c55-qjtpt   1m    29Mi   
websocket-server-8585946c55-qzmxl   1m    28Mi   
1781206740
websocket-server-8585946c55-9ls5x   5m    46Mi   
websocket-server-8585946c55-d59zh   1m    28Mi   
websocket-server-8585946c55-dgdxf   1m    27Mi   
websocket-server-8585946c55-g46vk   5m    47Mi   
websocket-server-8585946c55-kv7bc   2m    31Mi   
websocket-server-8585946c55-ngffz   1m    27Mi   
websocket-server-8585946c55-qjtpt   1m    29Mi   
websocket-server-8585946c55-qzmxl   1m    28Mi   
