1781206201
websocket-server-8585946c55-bt2xc   22m   27Mi   
websocket-server-8585946c55-sd5p2   19m   27Mi   
1781206206
websocket-server-8585946c55-bt2xc   1m    27Mi   
websocket-server-8585946c55-sd5p2   1m    27Mi   
1781206211
websocket-server-8585946c55-bt2xc   1m    27Mi   
websocket-server-8585946c55-sd5p2   1m    27Mi   
1781206216
websocket-server-8585946c55-bt2xc   1m    27Mi   
websocket-server-8585946c55-sd5p2   1m    27Mi   
1781206221
websocket-server-8585946c55-bt2xc   1m    27Mi   
websocket-server-8585946c55-sd5p2   1m    27Mi   
1781206226
websocket-server-8585946c55-bt2xc   1m    27Mi   
websocket-server-8585946c55-sd5p2   1m    27Mi   
1781206231
websocket-server-8585946c55-bt2xc   1m    27Mi   
websocket-server-8585946c55-sd5p2   1m    27Mi   
1781206236
websocket-server-8585946c55-bt2xc   12m   29Mi   
websocket-server-8585946c55-sd5p2   1m    27Mi   
1781206241
websocket-server-8585946c55-bt2xc   12m   29Mi   
websocket-server-8585946c55-sd5p2   1m    27Mi   
1781206246
websocket-server-8585946c55-bt2xc   12m   29Mi   
websocket-server-8585946c55-sd5p2   1m    27Mi   
1781206252
websocket-server-8585946c55-bt2xc   53m   34Mi   
websocket-server-8585946c55-sd5p2   42m   35Mi   
1781206257
websocket-server-8585946c55-bt2xc   53m   34Mi   
websocket-server-8585946c55-sd5p2   42m   35Mi   
1781206262
websocket-server-8585946c55-bt2xc   53m   34Mi   
websocket-server-8585946c55-sd5p2   42m   35Mi   
1781206267
websocket-server-8585946c55-bt2xc   53m    34Mi   
websocket-server-8585946c55-sd5p2   100m   39Mi   
1781206272
websocket-server-8585946c55-bt2xc   53m    34Mi   
websocket-server-8585946c55-sd5p2   100m   39Mi   
1781206277
websocket-server-8585946c55-bt2xc   53m    34Mi   
websocket-server-8585946c55-sd5p2   100m   39Mi   
1781206282
websocket-server-8585946c55-bt2xc   112m   42Mi   
websocket-server-8585946c55-sd5p2   100m   39Mi   
1781206287
websocket-server-8585946c55-bt2xc   112m   42Mi   
websocket-server-8585946c55-sd5p2   100m   39Mi   
1781206292
websocket-server-8585946c55-bt2xc   112m   42Mi   
websocket-server-8585946c55-sd5p2   100m   39Mi   
1781206297
websocket-server-8585946c55-bt2xc   112m   42Mi   
websocket-server-8585946c55-s2dtb   21m    29Mi   
websocket-server-8585946c55-sd5p2   148m   45Mi   
1781206302
websocket-server-8585946c55-bt2xc   112m   42Mi   
websocket-server-8585946c55-s2dtb   21m    29Mi   
websocket-server-8585946c55-sd5p2   148m   45Mi   
1781206307
websocket-server-8585946c55-bt2xc   112m   42Mi   
websocket-server-8585946c55-s2dtb   21m    29Mi   
websocket-server-8585946c55-sd5p2   148m   45Mi   
1781206312
websocket-server-8585946c55-bt2xc   162m   45Mi   
websocket-server-8585946c55-s2dtb   40m    32Mi   
websocket-server-8585946c55-sd5p2   171m   46Mi   
websocket-server-8585946c55-vjz6r   17m    29Mi   
1781206317
websocket-server-8585946c55-bt2xc   162m   45Mi   
websocket-server-8585946c55-s2dtb   40m    32Mi   
websocket-server-8585946c55-sd5p2   171m   46Mi   
websocket-server-8585946c55-vjz6r   17m    29Mi   
1781206322
websocket-server-8585946c55-bt2xc   162m   45Mi   
websocket-server-8585946c55-s2dtb   40m    32Mi   
websocket-server-8585946c55-sd5p2   171m   46Mi   
websocket-server-8585946c55-vjz6r   17m    29Mi   
1781206327
websocket-server-8585946c55-2cmfb   4m     28Mi   
websocket-server-8585946c55-bt2xc   176m   47Mi   
websocket-server-8585946c55-s2dtb   51m    32Mi   
websocket-server-8585946c55-sd5p2   176m   47Mi   
websocket-server-8585946c55-vjz6r   22m    29Mi   
1781206332
websocket-server-8585946c55-2cmfb   4m     28Mi   
websocket-server-8585946c55-bt2xc   176m   47Mi   
websocket-server-8585946c55-s2dtb   51m    32Mi   
websocket-server-8585946c55-sd5p2   176m   47Mi   
websocket-server-8585946c55-vjz6r   22m    29Mi   
1781206337
websocket-server-8585946c55-2cmfb   4m     28Mi   
websocket-server-8585946c55-bt2xc   176m   47Mi   
websocket-server-8585946c55-s2dtb   51m    32Mi   
websocket-server-8585946c55-sd5p2   176m   47Mi   
websocket-server-8585946c55-vjz6r   22m    29Mi   
1781206342
websocket-server-8585946c55-2cmfb   4m     28Mi   
websocket-server-8585946c55-bt2xc   184m   47Mi   
websocket-server-8585946c55-s2dtb   51m    33Mi   
websocket-server-8585946c55-sd5p2   172m   46Mi   
websocket-server-8585946c55-t7gdn   1m     27Mi   
websocket-server-8585946c55-vjz6r   21m    29Mi   
websocket-server-8585946c55-w5b67   18m    27Mi   
1781206347
websocket-server-8585946c55-2cmfb   4m     28Mi   
websocket-server-8585946c55-bt2xc   184m   47Mi   
websocket-server-8585946c55-s2dtb   51m    33Mi   
websocket-server-8585946c55-sd5p2   172m   46Mi   
websocket-server-8585946c55-t7gdn   1m     27Mi   
websocket-server-8585946c55-vjz6r   21m    29Mi   
websocket-server-8585946c55-w5b67   18m    27Mi   
1781206352
websocket-server-8585946c55-2cmfb   4m     28Mi   
websocket-server-8585946c55-bt2xc   184m   47Mi   
websocket-server-8585946c55-s2dtb   51m    33Mi   
websocket-server-8585946c55-sd5p2   172m   46Mi   
websocket-server-8585946c55-t7gdn   1m     27Mi   
websocket-server-8585946c55-vjz6r   21m    29Mi   
websocket-server-8585946c55-w5b67   18m    27Mi   
1781206358
websocket-server-8585946c55-2cmfb   4m    28Mi   
websocket-server-8585946c55-bt2xc   90m   47Mi   
websocket-server-8585946c55-s2dtb   23m   32Mi   
websocket-server-8585946c55-sd5p2   93m   46Mi   
websocket-server-8585946c55-t7gdn   1m    27Mi   
websocket-server-8585946c55-vjz6r   11m   29Mi   
websocket-server-8585946c55-w5b67   0m    27Mi   
1781206363
websocket-server-8585946c55-2cmfb   4m    28Mi   
websocket-server-8585946c55-bt2xc   90m   47Mi   
websocket-server-8585946c55-s2dtb   23m   32Mi   
websocket-server-8585946c55-sd5p2   93m   46Mi   
websocket-server-8585946c55-t7gdn   1m    27Mi   
websocket-server-8585946c55-vjz6r   11m   29Mi   
websocket-server-8585946c55-w5b67   0m    27Mi   
1781206368
websocket-server-8585946c55-2cmfb   4m    28Mi   
websocket-server-8585946c55-bt2xc   90m   47Mi   
websocket-server-8585946c55-s2dtb   23m   32Mi   
websocket-server-8585946c55-sd5p2   93m   46Mi   
websocket-server-8585946c55-t7gdn   1m    27Mi   
websocket-server-8585946c55-vjz6r   11m   29Mi   
websocket-server-8585946c55-w5b67   0m    27Mi   
1781206373
websocket-server-8585946c55-2cmfb   1m    28Mi   
websocket-server-8585946c55-bt2xc   5m    47Mi   
websocket-server-8585946c55-s2dtb   2m    32Mi   
websocket-server-8585946c55-sd5p2   5m    46Mi   
websocket-server-8585946c55-t7gdn   1m    27Mi   
websocket-server-8585946c55-vjz6r   1m    29Mi   
websocket-server-8585946c55-w5b67   1m    27Mi   
1781206378
websocket-server-8585946c55-2cmfb   1m    28Mi   
websocket-server-8585946c55-bt2xc   5m    47Mi   
websocket-server-8585946c55-s2dtb   2m    32Mi   
websocket-server-8585946c55-sd5p2   5m    46Mi   
websocket-server-8585946c55-t7gdn   1m    27Mi   
websocket-server-8585946c55-vjz6r   1m    29Mi   
websocket-server-8585946c55-w5b67   1m    27Mi   
1781206383
websocket-server-8585946c55-2cmfb   1m    28Mi   
websocket-server-8585946c55-bt2xc   5m    47Mi   
websocket-server-8585946c55-s2dtb   2m    32Mi   
websocket-server-8585946c55-sd5p2   5m    46Mi   
websocket-server-8585946c55-t7gdn   1m    27Mi   
websocket-server-8585946c55-vjz6r   1m    29Mi   
websocket-server-8585946c55-w5b67   1m    27Mi   
1781206388
websocket-server-8585946c55-2cmfb   1m    28Mi   
websocket-server-8585946c55-bt2xc   5m    47Mi   
websocket-server-8585946c55-s2dtb   2m    32Mi   
websocket-server-8585946c55-sd5p2   5m    46Mi   
websocket-server-8585946c55-t7gdn   1m    27Mi   
websocket-server-8585946c55-vjz6r   1m    29Mi   
websocket-server-8585946c55-w5b67   1m    27Mi   
1781206393
websocket-server-8585946c55-2cmfb   1m    28Mi   
websocket-server-8585946c55-bt2xc   5m    47Mi   
websocket-server-8585946c55-s2dtb   2m    32Mi   
websocket-server-8585946c55-sd5p2   5m    46Mi   
websocket-server-8585946c55-t7gdn   1m    27Mi   
websocket-server-8585946c55-vjz6r   1m    29Mi   
websocket-server-8585946c55-w5b67   1m    27Mi   
1781206398
websocket-server-8585946c55-2cmfb   1m    28Mi   
websocket-server-8585946c55-bt2xc   5m    47Mi   
websocket-server-8585946c55-s2dtb   2m    32Mi   
websocket-server-8585946c55-sd5p2   5m    46Mi   
websocket-server-8585946c55-t7gdn   1m    27Mi   
websocket-server-8585946c55-vjz6r   1m    29Mi   
websocket-server-8585946c55-w5b67   1m    27Mi   
