1782835908
active_connections 0
1782835913
active_connections 21
1782835918
active_connections 42
1782835923
active_connections 62
1782835928
active_connections 79
1782835933
active_connections 91
1782835938
active_connections 109
1782835943
active_connections 130
1782835948
active_connections 152
1782835953
active_connections 179
1782835958
active_connections 202
1782835963
active_connections 226
1782835968
active_connections 249
1782835973
active_connections 266
1782835978
active_connections 288
1782835983
active_connections 309
1782835988
active_connections 321
1782835993
active_connections 338
1782835998
active_connections 0
1782836003
active_connections 10
1782836008
active_connections 20
1782836013
active_connections 34
1782836018
active_connections 49
1782836023
active_connections 67
1782836028
active_connections 80
1782836033
active_connections 99
1782836038
active_connections 118
1782836043
active_connections 136
1782836048
active_connections 150
1782836053
active_connections 165
1782836058
active_connections 175
1782836063
active_connections 197
1782836068
active_connections 213
1782836073
active_connections 227
1782836078
active_connections 238
1782836083
active_connections 255
1782836088
active_connections 0
1782836093
active_connections 9
1782836098
active_connections 24
1782836103
active_connections 31
1782836108
active_connections 39
1782836113
active_connections 45
1782836119
active_connections 57
1782836124
active_connections 71
1782836129
active_connections 86
1782836134
active_connections 94
1782836139
active_connections 105
1782836144
active_connections 109
1782836149
active_connections 122
1782836154
active_connections 131
1782836159
active_connections 138
1782836164
active_connections 146
1782836169
active_connections 155
1782836174
active_connections 162
1782836179
active_connections 0
1782836184
active_connections 6
