1782835903
websocket-server-5d44fc8b6-c7f4p   0m    55Mi   
websocket-server-5d44fc8b6-rf95c   0m    79Mi   
1782835908
websocket-server-5d44fc8b6-c7f4p   0m    55Mi   
websocket-server-5d44fc8b6-rf95c   0m    79Mi   
1782835913
websocket-server-5d44fc8b6-c7f4p   0m    55Mi   
websocket-server-5d44fc8b6-rf95c   0m    79Mi   
1782835918
websocket-server-5d44fc8b6-c7f4p   0m    55Mi   
websocket-server-5d44fc8b6-rf95c   0m    79Mi   
websocket-server-5d44fc8b6-rkpcm   13m   27Mi   
websocket-server-5d44fc8b6-xhhs2   12m   27Mi   
1782835923
websocket-server-5d44fc8b6-c7f4p   0m    55Mi   
websocket-server-5d44fc8b6-rf95c   0m    79Mi   
websocket-server-5d44fc8b6-rkpcm   13m   27Mi   
websocket-server-5d44fc8b6-xhhs2   12m   27Mi   
1782835928
websocket-server-5d44fc8b6-rkpcm   13m   27Mi   
websocket-server-5d44fc8b6-xhhs2   12m   27Mi   
1782835933
websocket-loadgen-bz598            20m   33Mi   
websocket-server-5d44fc8b6-rkpcm   25m   28Mi   
websocket-server-5d44fc8b6-xhhs2   12m   27Mi   
1782835938
websocket-loadgen-bz598            20m   33Mi   
websocket-server-5d44fc8b6-rkpcm   25m   28Mi   
websocket-server-5d44fc8b6-xhhs2   12m   27Mi   
1782835943
websocket-loadgen-bz598            20m   33Mi   
websocket-server-5d44fc8b6-rkpcm   25m   28Mi   
websocket-server-5d44fc8b6-xhhs2   12m   27Mi   
1782835948
websocket-loadgen-bz598            28m   42Mi   
websocket-server-5d44fc8b6-rkpcm   48m   32Mi   
websocket-server-5d44fc8b6-xhhs2   60m   34Mi   
1782835953
websocket-loadgen-bz598            28m   42Mi   
websocket-server-5d44fc8b6-rkpcm   48m   32Mi   
websocket-server-5d44fc8b6-xhhs2   60m   34Mi   
1782835958
websocket-loadgen-bz598            28m   42Mi   
websocket-server-5d44fc8b6-rkpcm   48m   32Mi   
websocket-server-5d44fc8b6-xhhs2   60m   34Mi   
1782835963
websocket-loadgen-bz598            43m    51Mi   
websocket-server-5d44fc8b6-rkpcm   106m   38Mi   
websocket-server-5d44fc8b6-xhhs2   126m   38Mi   
1782835968
websocket-loadgen-bz598            43m    51Mi   
websocket-server-5d44fc8b6-rkpcm   106m   38Mi   
websocket-server-5d44fc8b6-xhhs2   126m   38Mi   
1782835974
websocket-loadgen-bz598            43m    51Mi   
websocket-server-5d44fc8b6-rkpcm   106m   38Mi   
websocket-server-5d44fc8b6-xhhs2   126m   38Mi   
1782835979
websocket-loadgen-bz598            50m    58Mi   
websocket-server-5d44fc8b6-rkpcm   162m   42Mi   
websocket-server-5d44fc8b6-xhhs2   165m   43Mi   
1782835984
websocket-loadgen-bz598            50m    58Mi   
websocket-server-5d44fc8b6-rkpcm   162m   42Mi   
websocket-server-5d44fc8b6-xhhs2   165m   43Mi   
1782835989
websocket-loadgen-bz598            50m    58Mi   
websocket-server-5d44fc8b6-rkpcm   162m   42Mi   
websocket-server-5d44fc8b6-xhhs2   165m   43Mi   
1782835994
websocket-loadgen-bz598            46m    65Mi   
websocket-server-5d44fc8b6-rkpcm   181m   46Mi   
websocket-server-5d44fc8b6-sk54l   33m    27Mi   
websocket-server-5d44fc8b6-xhhs2   192m   46Mi   
1782835999
websocket-server-5d44fc8b6-rkpcm   181m   46Mi   
websocket-server-5d44fc8b6-sk54l   33m    27Mi   
websocket-server-5d44fc8b6-xhhs2   192m   46Mi   
1782836004
websocket-server-5d44fc8b6-rkpcm   181m   46Mi   
websocket-server-5d44fc8b6-sk54l   33m    27Mi   
websocket-server-5d44fc8b6-xhhs2   192m   46Mi   
1782836009
websocket-server-5d44fc8b6-rkpcm   111m   46Mi   
websocket-server-5d44fc8b6-sk54l   28m    28Mi   
websocket-server-5d44fc8b6-xhhs2   211m   49Mi   
1782836014
websocket-server-5d44fc8b6-rkpcm   111m   46Mi   
websocket-server-5d44fc8b6-sk54l   28m    28Mi   
websocket-server-5d44fc8b6-xhhs2   211m   49Mi   
1782836019
websocket-server-5d44fc8b6-rkpcm   111m   46Mi   
websocket-server-5d44fc8b6-sk54l   28m    28Mi   
websocket-server-5d44fc8b6-xhhs2   211m   49Mi   
1782836024
websocket-loadgen-rrf75            82m   31Mi   
websocket-server-5d44fc8b6-rkpcm   23m   47Mi   
websocket-server-5d44fc8b6-sk54l   33m   32Mi   
websocket-server-5d44fc8b6-xhhs2   67m   49Mi   
1782836029
websocket-loadgen-rrf75            82m   31Mi   
websocket-server-5d44fc8b6-rkpcm   23m   47Mi   
websocket-server-5d44fc8b6-sk54l   33m   32Mi   
websocket-server-5d44fc8b6-xhhs2   67m   49Mi   
1782836034
websocket-loadgen-rrf75            82m   31Mi   
websocket-server-5d44fc8b6-rkpcm   23m   47Mi   
websocket-server-5d44fc8b6-sk54l   33m   32Mi   
websocket-server-5d44fc8b6-xhhs2   67m   49Mi   
1782836039
websocket-loadgen-rrf75            26m   39Mi   
websocket-server-5d44fc8b6-rkpcm   45m   48Mi   
websocket-server-5d44fc8b6-sk54l   59m   35Mi   
websocket-server-5d44fc8b6-xhhs2   34m   51Mi   
1782836044
websocket-loadgen-rrf75            26m   39Mi   
websocket-server-5d44fc8b6-rkpcm   45m   48Mi   
websocket-server-5d44fc8b6-sk54l   59m   35Mi   
websocket-server-5d44fc8b6-xhhs2   34m   51Mi   
1782836049
websocket-loadgen-rrf75            26m   39Mi   
websocket-server-5d44fc8b6-rkpcm   45m   48Mi   
websocket-server-5d44fc8b6-sk54l   59m   35Mi   
websocket-server-5d44fc8b6-xhhs2   34m   51Mi   
1782836054
websocket-loadgen-rrf75            36m   46Mi   
websocket-server-5d44fc8b6-rkpcm   75m   50Mi   
websocket-server-5d44fc8b6-sk54l   91m   36Mi   
websocket-server-5d44fc8b6-xhhs2   63m   53Mi   
1782836059
websocket-loadgen-rrf75            36m   46Mi   
websocket-server-5d44fc8b6-rkpcm   75m   50Mi   
websocket-server-5d44fc8b6-sk54l   91m   36Mi   
websocket-server-5d44fc8b6-xhhs2   63m   53Mi   
1782836065
websocket-loadgen-rrf75            36m   46Mi   
websocket-server-5d44fc8b6-rkpcm   75m   50Mi   
websocket-server-5d44fc8b6-sk54l   91m   36Mi   
websocket-server-5d44fc8b6-xhhs2   63m   53Mi   
1782836070
websocket-loadgen-rrf75            44m    56Mi   
websocket-server-5d44fc8b6-rkpcm   112m   53Mi   
websocket-server-5d44fc8b6-sk54l   116m   40Mi   
websocket-server-5d44fc8b6-xhhs2   90m    56Mi   
1782836075
websocket-loadgen-rrf75            44m    56Mi   
websocket-server-5d44fc8b6-rkpcm   112m   53Mi   
websocket-server-5d44fc8b6-sk54l   116m   40Mi   
websocket-server-5d44fc8b6-xhhs2   90m    56Mi   
1782836080
websocket-loadgen-rrf75            44m    56Mi   
websocket-server-5d44fc8b6-rkpcm   112m   53Mi   
websocket-server-5d44fc8b6-sk54l   116m   40Mi   
websocket-server-5d44fc8b6-xhhs2   90m    56Mi   
1782836085
websocket-loadgen-rrf75            58m    65Mi   
websocket-server-5d44fc8b6-rkpcm   150m   56Mi   
websocket-server-5d44fc8b6-sk54l   166m   43Mi   
websocket-server-5d44fc8b6-xhhs2   125m   58Mi   
1782836090
websocket-server-5d44fc8b6-rkpcm   150m   56Mi   
websocket-server-5d44fc8b6-sk54l   166m   43Mi   
websocket-server-5d44fc8b6-xhhs2   125m   58Mi   
1782836095
websocket-server-5d44fc8b6-rkpcm   150m   56Mi   
websocket-server-5d44fc8b6-sk54l   166m   43Mi   
websocket-server-5d44fc8b6-xhhs2   125m   58Mi   
1782836100
websocket-server-5d44fc8b6-6v6ql   31m    27Mi   
websocket-server-5d44fc8b6-rkpcm   114m   57Mi   
websocket-server-5d44fc8b6-sk54l   101m   42Mi   
websocket-server-5d44fc8b6-xhhs2   151m   59Mi   
1782836105
websocket-server-5d44fc8b6-6v6ql   31m    27Mi   
websocket-server-5d44fc8b6-rkpcm   114m   57Mi   
websocket-server-5d44fc8b6-sk54l   101m   42Mi   
websocket-server-5d44fc8b6-xhhs2   151m   59Mi   
1782836111
websocket-server-5d44fc8b6-6v6ql   31m    27Mi   
websocket-server-5d44fc8b6-rkpcm   114m   57Mi   
websocket-server-5d44fc8b6-sk54l   101m   42Mi   
websocket-server-5d44fc8b6-xhhs2   151m   59Mi   
1782836116
websocket-loadgen-z4nq4            22m   33Mi   
websocket-server-5d44fc8b6-6v6ql   19m   27Mi   
websocket-server-5d44fc8b6-rkpcm   20m   58Mi   
websocket-server-5d44fc8b6-sk54l   38m   45Mi   
websocket-server-5d44fc8b6-xhhs2   13m   60Mi   
1782836121
websocket-loadgen-z4nq4            22m   33Mi   
websocket-server-5d44fc8b6-6v6ql   19m   27Mi   
websocket-server-5d44fc8b6-rkpcm   20m   58Mi   
websocket-server-5d44fc8b6-sk54l   38m   45Mi   
websocket-server-5d44fc8b6-xhhs2   13m   60Mi   
1782836126
websocket-loadgen-z4nq4            22m   33Mi   
websocket-server-5d44fc8b6-6v6ql   19m   27Mi   
websocket-server-5d44fc8b6-rkpcm   20m   58Mi   
websocket-server-5d44fc8b6-sk54l   38m   45Mi   
websocket-server-5d44fc8b6-xhhs2   13m   60Mi   
1782836131
websocket-loadgen-z4nq4            66m    44Mi   
websocket-server-5d44fc8b6-6v6ql   159m   29Mi   
websocket-server-5d44fc8b6-rkpcm   133m   59Mi   
websocket-server-5d44fc8b6-sk54l   168m   46Mi   
websocket-server-5d44fc8b6-xhhs2   148m   61Mi   
1782836136
websocket-loadgen-z4nq4            66m    44Mi   
websocket-server-5d44fc8b6-6v6ql   159m   29Mi   
websocket-server-5d44fc8b6-rkpcm   133m   59Mi   
websocket-server-5d44fc8b6-sk54l   168m   46Mi   
websocket-server-5d44fc8b6-xhhs2   148m   61Mi   
1782836141
websocket-loadgen-z4nq4            66m    44Mi   
websocket-server-5d44fc8b6-6v6ql   159m   29Mi   
websocket-server-5d44fc8b6-rkpcm   133m   59Mi   
websocket-server-5d44fc8b6-sk54l   168m   46Mi   
websocket-server-5d44fc8b6-xhhs2   148m   61Mi   
1782836146
websocket-loadgen-z4nq4            39m   51Mi   
websocket-server-5d44fc8b6-6v6ql   62m   32Mi   
websocket-server-5d44fc8b6-j6qht   33m   26Mi   
websocket-server-5d44fc8b6-l8rld   31m   26Mi   
websocket-server-5d44fc8b6-rkpcm   51m   60Mi   
websocket-server-5d44fc8b6-sk54l   64m   47Mi   
websocket-server-5d44fc8b6-xhhs2   51m   62Mi   
1782836151
websocket-loadgen-z4nq4            39m   51Mi   
websocket-server-5d44fc8b6-6v6ql   62m   32Mi   
websocket-server-5d44fc8b6-j6qht   33m   26Mi   
websocket-server-5d44fc8b6-l8rld   31m   26Mi   
websocket-server-5d44fc8b6-rkpcm   51m   60Mi   
websocket-server-5d44fc8b6-sk54l   64m   47Mi   
websocket-server-5d44fc8b6-xhhs2   51m   62Mi   
1782836156
websocket-loadgen-z4nq4            39m   51Mi   
websocket-server-5d44fc8b6-6v6ql   62m   32Mi   
websocket-server-5d44fc8b6-j6qht   33m   26Mi   
websocket-server-5d44fc8b6-l8rld   31m   26Mi   
websocket-server-5d44fc8b6-rkpcm   51m   60Mi   
websocket-server-5d44fc8b6-sk54l   64m   47Mi   
websocket-server-5d44fc8b6-xhhs2   51m   62Mi   
1782836162
websocket-loadgen-z4nq4            45m   59Mi   
websocket-server-5d44fc8b6-6v6ql   72m   32Mi   
websocket-server-5d44fc8b6-j6qht   14m   26Mi   
websocket-server-5d44fc8b6-l8rld   14m   27Mi   
websocket-server-5d44fc8b6-rkpcm   68m   61Mi   
websocket-server-5d44fc8b6-sk54l   80m   48Mi   
websocket-server-5d44fc8b6-xhhs2   63m   62Mi   
1782836167
websocket-loadgen-z4nq4            45m   59Mi   
websocket-server-5d44fc8b6-6v6ql   72m   32Mi   
websocket-server-5d44fc8b6-j6qht   14m   26Mi   
websocket-server-5d44fc8b6-l8rld   14m   27Mi   
websocket-server-5d44fc8b6-rkpcm   68m   61Mi   
websocket-server-5d44fc8b6-sk54l   80m   48Mi   
websocket-server-5d44fc8b6-xhhs2   63m   62Mi   
1782836172
websocket-loadgen-z4nq4            45m   59Mi   
websocket-server-5d44fc8b6-6v6ql   72m   32Mi   
websocket-server-5d44fc8b6-j6qht   14m   26Mi   
websocket-server-5d44fc8b6-l8rld   14m   27Mi   
websocket-server-5d44fc8b6-rkpcm   68m   61Mi   
websocket-server-5d44fc8b6-sk54l   80m   48Mi   
websocket-server-5d44fc8b6-xhhs2   63m   62Mi   
1782836177
websocket-loadgen-z4nq4            53m   65Mi   
websocket-server-5d44fc8b6-6v6ql   86m   34Mi   
websocket-server-5d44fc8b6-j6qht   26m   28Mi   
websocket-server-5d44fc8b6-l8rld   25m   28Mi   
websocket-server-5d44fc8b6-rkpcm   83m   63Mi   
websocket-server-5d44fc8b6-sk54l   80m   48Mi   
websocket-server-5d44fc8b6-xhhs2   78m   64Mi   
1782836182
websocket-server-5d44fc8b6-6v6ql   86m   34Mi   
websocket-server-5d44fc8b6-j6qht   26m   28Mi   
websocket-server-5d44fc8b6-l8rld   25m   28Mi   
websocket-server-5d44fc8b6-rkpcm   83m   63Mi   
websocket-server-5d44fc8b6-sk54l   80m   48Mi   
websocket-server-5d44fc8b6-xhhs2   78m   64Mi   
