1782835903
NAME            REFERENCE                     TARGETS              MINPODS   MAXPODS   REPLICAS   AGE
websocket-hpa   Deployment/websocket-server   cpu: <unknown>/60%   2         15        0          2s
1782835908
NAME            REFERENCE                     TARGETS              MINPODS   MAXPODS   REPLICAS   AGE
websocket-hpa   Deployment/websocket-server   cpu: <unknown>/60%   2         15        2          7s
1782835913
NAME            REFERENCE                     TARGETS              MINPODS   MAXPODS   REPLICAS   AGE
websocket-hpa   Deployment/websocket-server   cpu: <unknown>/60%   2         15        2          12s
1782835918
NAME            REFERENCE                     TARGETS              MINPODS   MAXPODS   REPLICAS   AGE
websocket-hpa   Deployment/websocket-server   cpu: <unknown>/60%   2         15        2          17s
1782835923
NAME            REFERENCE                     TARGETS              MINPODS   MAXPODS   REPLICAS   AGE
websocket-hpa   Deployment/websocket-server   cpu: <unknown>/60%   2         15        2          22s
1782835928
NAME            REFERENCE                     TARGETS              MINPODS   MAXPODS   REPLICAS   AGE
websocket-hpa   Deployment/websocket-server   cpu: <unknown>/60%   2         15        2          27s
1782835933
NAME            REFERENCE                     TARGETS              MINPODS   MAXPODS   REPLICAS   AGE
websocket-hpa   Deployment/websocket-server   cpu: <unknown>/60%   2         15        2          32s
1782835938
NAME            REFERENCE                     TARGETS        MINPODS   MAXPODS   REPLICAS   AGE
websocket-hpa   Deployment/websocket-server   cpu: 12%/60%   2         15        2          37s
1782835943
NAME            REFERENCE                     TARGETS        MINPODS   MAXPODS   REPLICAS   AGE
websocket-hpa   Deployment/websocket-server   cpu: 12%/60%   2         15        2          42s
1782835948
NAME            REFERENCE                     TARGETS        MINPODS   MAXPODS   REPLICAS   AGE
websocket-hpa   Deployment/websocket-server   cpu: 12%/60%   2         15        2          47s
1782835953
NAME            REFERENCE                     TARGETS        MINPODS   MAXPODS   REPLICAS   AGE
websocket-hpa   Deployment/websocket-server   cpu: 27%/60%   2         15        2          52s
1782835958
NAME            REFERENCE                     TARGETS        MINPODS   MAXPODS   REPLICAS   AGE
websocket-hpa   Deployment/websocket-server   cpu: 27%/60%   2         15        2          57s
1782835963
NAME            REFERENCE                     TARGETS        MINPODS   MAXPODS   REPLICAS   AGE
websocket-hpa   Deployment/websocket-server   cpu: 27%/60%   2         15        2          62s
1782835968
NAME            REFERENCE                     TARGETS        MINPODS   MAXPODS   REPLICAS   AGE
websocket-hpa   Deployment/websocket-server   cpu: 58%/60%   2         15        2          67s
1782835973
NAME            REFERENCE                     TARGETS        MINPODS   MAXPODS   REPLICAS   AGE
websocket-hpa   Deployment/websocket-server   cpu: 58%/60%   2         15        2          73s
1782835979
NAME            REFERENCE                     TARGETS        MINPODS   MAXPODS   REPLICAS   AGE
websocket-hpa   Deployment/websocket-server   cpu: 58%/60%   2         15        2          78s
1782835984
NAME            REFERENCE                     TARGETS        MINPODS   MAXPODS   REPLICAS   AGE
websocket-hpa   Deployment/websocket-server   cpu: 81%/60%   2         15        2          83s
1782835989
NAME            REFERENCE                     TARGETS        MINPODS   MAXPODS   REPLICAS   AGE
websocket-hpa   Deployment/websocket-server   cpu: 81%/60%   2         15        2          88s
1782835994
NAME            REFERENCE                     TARGETS        MINPODS   MAXPODS   REPLICAS   AGE
websocket-hpa   Deployment/websocket-server   cpu: 81%/60%   2         15        2          93s
1782835999
NAME            REFERENCE                     TARGETS        MINPODS   MAXPODS   REPLICAS   AGE
websocket-hpa   Deployment/websocket-server   cpu: 93%/60%   2         15        3          98s
1782836004
NAME            REFERENCE                     TARGETS        MINPODS   MAXPODS   REPLICAS   AGE
websocket-hpa   Deployment/websocket-server   cpu: 93%/60%   2         15        3          103s
1782836009
NAME            REFERENCE                     TARGETS        MINPODS   MAXPODS   REPLICAS   AGE
websocket-hpa   Deployment/websocket-server   cpu: 93%/60%   2         15        3          108s
1782836014
NAME            REFERENCE                     TARGETS        MINPODS   MAXPODS   REPLICAS   AGE
websocket-hpa   Deployment/websocket-server   cpu: 58%/60%   2         15        3          113s
1782836019
NAME            REFERENCE                     TARGETS        MINPODS   MAXPODS   REPLICAS   AGE
websocket-hpa   Deployment/websocket-server   cpu: 58%/60%   2         15        3          118s
1782836024
NAME            REFERENCE                     TARGETS        MINPODS   MAXPODS   REPLICAS   AGE
websocket-hpa   Deployment/websocket-server   cpu: 58%/60%   2         15        3          2m3s
1782836029
NAME            REFERENCE                     TARGETS        MINPODS   MAXPODS   REPLICAS   AGE
websocket-hpa   Deployment/websocket-server   cpu: 20%/60%   2         15        3          2m8s
1782836034
NAME            REFERENCE                     TARGETS        MINPODS   MAXPODS   REPLICAS   AGE
websocket-hpa   Deployment/websocket-server   cpu: 20%/60%   2         15        3          2m13s
1782836039
NAME            REFERENCE                     TARGETS        MINPODS   MAXPODS   REPLICAS   AGE
websocket-hpa   Deployment/websocket-server   cpu: 20%/60%   2         15        3          2m18s
1782836044
NAME            REFERENCE                     TARGETS        MINPODS   MAXPODS   REPLICAS   AGE
websocket-hpa   Deployment/websocket-server   cpu: 23%/60%   2         15        3          2m23s
1782836049
NAME            REFERENCE                     TARGETS        MINPODS   MAXPODS   REPLICAS   AGE
websocket-hpa   Deployment/websocket-server   cpu: 23%/60%   2         15        3          2m28s
1782836054
NAME            REFERENCE                     TARGETS        MINPODS   MAXPODS   REPLICAS   AGE
websocket-hpa   Deployment/websocket-server   cpu: 23%/60%   2         15        3          2m33s
1782836059
NAME            REFERENCE                     TARGETS        MINPODS   MAXPODS   REPLICAS   AGE
websocket-hpa   Deployment/websocket-server   cpu: 38%/60%   2         15        3          2m38s
1782836064
NAME            REFERENCE                     TARGETS        MINPODS   MAXPODS   REPLICAS   AGE
websocket-hpa   Deployment/websocket-server   cpu: 38%/60%   2         15        3          2m43s
1782836069
NAME            REFERENCE                     TARGETS        MINPODS   MAXPODS   REPLICAS   AGE
websocket-hpa   Deployment/websocket-server   cpu: 38%/60%   2         15        3          2m49s
1782836075
NAME            REFERENCE                     TARGETS        MINPODS   MAXPODS   REPLICAS   AGE
websocket-hpa   Deployment/websocket-server   cpu: 53%/60%   2         15        3          2m54s
1782836080
NAME            REFERENCE                     TARGETS        MINPODS   MAXPODS   REPLICAS   AGE
websocket-hpa   Deployment/websocket-server   cpu: 53%/60%   2         15        3          2m59s
1782836085
NAME            REFERENCE                     TARGETS        MINPODS   MAXPODS   REPLICAS   AGE
websocket-hpa   Deployment/websocket-server   cpu: 53%/60%   2         15        3          3m4s
1782836090
NAME            REFERENCE                     TARGETS        MINPODS   MAXPODS   REPLICAS   AGE
websocket-hpa   Deployment/websocket-server   cpu: 73%/60%   2         15        3          3m9s
1782836095
NAME            REFERENCE                     TARGETS        MINPODS   MAXPODS   REPLICAS   AGE
websocket-hpa   Deployment/websocket-server   cpu: 73%/60%   2         15        3          3m14s
1782836100
NAME            REFERENCE                     TARGETS        MINPODS   MAXPODS   REPLICAS   AGE
websocket-hpa   Deployment/websocket-server   cpu: 73%/60%   2         15        3          3m19s
1782836105
NAME            REFERENCE                     TARGETS        MINPODS   MAXPODS   REPLICAS   AGE
websocket-hpa   Deployment/websocket-server   cpu: 61%/60%   2         15        4          3m24s
1782836110
NAME            REFERENCE                     TARGETS        MINPODS   MAXPODS   REPLICAS   AGE
websocket-hpa   Deployment/websocket-server   cpu: 61%/60%   2         15        4          3m29s
1782836115
NAME            REFERENCE                     TARGETS        MINPODS   MAXPODS   REPLICAS   AGE
websocket-hpa   Deployment/websocket-server   cpu: 11%/60%   2         15        4          3m34s
1782836120
NAME            REFERENCE                     TARGETS        MINPODS   MAXPODS   REPLICAS   AGE
websocket-hpa   Deployment/websocket-server   cpu: 11%/60%   2         15        4          3m39s
1782836125
NAME            REFERENCE                     TARGETS        MINPODS   MAXPODS   REPLICAS   AGE
websocket-hpa   Deployment/websocket-server   cpu: 11%/60%   2         15        4          3m45s
1782836131
NAME            REFERENCE                     TARGETS        MINPODS   MAXPODS   REPLICAS   AGE
websocket-hpa   Deployment/websocket-server   cpu: 76%/60%   2         15        4          3m50s
1782836136
NAME            REFERENCE                     TARGETS        MINPODS   MAXPODS   REPLICAS   AGE
websocket-hpa   Deployment/websocket-server   cpu: 76%/60%   2         15        4          3m55s
1782836141
NAME            REFERENCE                     TARGETS        MINPODS   MAXPODS   REPLICAS   AGE
websocket-hpa   Deployment/websocket-server   cpu: 76%/60%   2         15        4          4m
1782836146
NAME            REFERENCE                     TARGETS        MINPODS   MAXPODS   REPLICAS   AGE
websocket-hpa   Deployment/websocket-server   cpu: 28%/60%   2         15        6          4m5s
1782836151
NAME            REFERENCE                     TARGETS        MINPODS   MAXPODS   REPLICAS   AGE
websocket-hpa   Deployment/websocket-server   cpu: 28%/60%   2         15        6          4m10s
1782836156
NAME            REFERENCE                     TARGETS        MINPODS   MAXPODS   REPLICAS   AGE
websocket-hpa   Deployment/websocket-server   cpu: 28%/60%   2         15        6          4m15s
1782836161
NAME            REFERENCE                     TARGETS        MINPODS   MAXPODS   REPLICAS   AGE
websocket-hpa   Deployment/websocket-server   cpu: 25%/60%   2         15        6          4m20s
1782836166
NAME            REFERENCE                     TARGETS        MINPODS   MAXPODS   REPLICAS   AGE
websocket-hpa   Deployment/websocket-server   cpu: 25%/60%   2         15        6          4m25s
1782836171
NAME            REFERENCE                     TARGETS        MINPODS   MAXPODS   REPLICAS   AGE
websocket-hpa   Deployment/websocket-server   cpu: 25%/60%   2         15        6          4m30s
1782836176
NAME            REFERENCE                     TARGETS        MINPODS   MAXPODS   REPLICAS   AGE
websocket-hpa   Deployment/websocket-server   cpu: 31%/60%   2         15        6          4m35s
1782836181
NAME            REFERENCE                     TARGETS        MINPODS   MAXPODS   REPLICAS   AGE
websocket-hpa   Deployment/websocket-server   cpu: 31%/60%   2         15        6          4m40s
