1783196437
active_connections 0
1783196442
active_connections 20
1783196447
active_connections 48
1783196452
active_connections 65
1783196457
active_connections 90
1783196462
active_connections 110
1783196467
active_connections 137
1783196472
active_connections 159
1783196477
active_connections 178
1783196482
active_connections 200
1783196487
active_connections 227
1783196492
active_connections 243
1783196497
active_connections 261
1783196502
active_connections 274
1783196507
active_connections 292
1783196514
active_connections 305
1783196519
active_connections 311
1783196524
active_connections 322
1783196530
active_connections 0
1783196535
active_connections 0
1783196540
active_connections 0
1783196545
active_connections 0
1783196550
active_connections 0
1783196555
active_connections 0
1783196560
active_connections 0
1783196565
active_connections 0
1783196571
active_connections 0
1783196576
active_connections 0
1783196581
active_connections 0
1783196586
active_connections 0
1783196591
active_connections 2
1783196596
active_connections 8
1783196601
active_connections 11
1783196606
active_connections 13
1783196611
active_connections 19
1783196616
active_connections 42
1783196621
active_connections 63
1783196626
active_connections 81
1783196631
active_connections 101
1783196636
active_connections 123
1783196641
active_connections 153
1783196646
active_connections 249
1783196651
active_connections 294
1783196656
active_connections 314
1783196662
active_connections 335
1783196669
active_connections 353
1783196676
active_connections 307
1783196684
active_connections 0
1783196689
active_connections 0
1783196694
active_connections 0
1783196699
active_connections 0
1783196704
active_connections 0
1783196709
active_connections 0
1783196714
active_connections 0
1783196719
active_connections 0
1783196724
active_connections 0
1783196729
active_connections 0
1783196734
active_connections 0
1783196739
active_connections 0
1783196744
active_connections 9
1783196749
active_connections 12
1783196754
active_connections 17
1783196759
active_connections 21
1783196764
active_connections 37
1783196769
active_connections 59
1783196774
active_connections 80
1783196779
active_connections 104
1783196784
active_connections 125
1783196789
active_connections 146
1783196794
active_connections 200
1783196799
active_connections 275
1783196804
active_connections 298
1783196810
active_connections 312
1783196815
active_connections 324
1783196820
active_connections 331
1783196825
active_connections 340
1783196832
active_connections 0
1783196837
active_connections 0
1783196842
active_connections 0
1783196847
active_connections 0
1783196852
active_connections 0
1783196857
active_connections 0
1783196862
active_connections 0
1783196867
active_connections 0
1783196872
active_connections 0
1783196877
active_connections 0
1783196882
active_connections 0
1783196887
active_connections 0
1783196892
active_connections 4
1783196897
active_connections 7
1783196902
active_connections 8
1783196907
active_connections 11
1783196912
active_connections 19
1783196917
active_connections 42
1783196922
active_connections 66
1783196927
active_connections 91
1783196932
active_connections 110
1783196937
active_connections 139
1783196942
active_connections 158
1783196947
active_connections 254
1783196952
active_connections 278
1783196957
active_connections 297
1783196964
active_connections 319
1783196969
active_connections 326
1783196976
active_connections 341
1783196983
active_connections 0
1783196989
active_connections 0
1783196994
active_connections 0
1783196999
active_connections 0
1783197004
active_connections 0
1783197009
active_connections 0
1783197014
active_connections 0
1783197019
active_connections 0
1783197024
active_connections 0
1783197029
active_connections 0
1783197034
active_connections 0
1783197039
active_connections 0
1783197044
active_connections 5
1783197049
active_connections 8
1783197054
active_connections 16
1783197059
active_connections 20
1783197064
active_connections 32
1783197069
active_connections 48
1783197074
active_connections 64
1783197079
active_connections 90
1783197084
active_connections 112
1783197089
active_connections 139
1783197094
active_connections 177
1783197099
active_connections 266
1783197104
active_connections 287
1783197109
active_connections 310
1783197115
active_connections 326
1783197122
active_connections 345
1783197129
active_connections 0
1783197135
active_connections 0
1783197140
active_connections 0
1783197145
active_connections 0
1783197150
active_connections 0
1783197155
active_connections 0
1783197160
active_connections 0
1783197165
active_connections 0
1783197170
active_connections 0
1783197175
active_connections 0
1783197180
active_connections 0
1783197185
active_connections 0
1783197190
active_connections 0
1783197195
active_connections 0
1783197200
active_connections 0
1783197205
active_connections 0
1783197210
active_connections 0
1783197215
active_connections 0
1783197221
active_connections 0
1783197226
active_connections 0
1783197231
active_connections 0
1783197236
active_connections 0
1783197241
active_connections 0
1783197246
active_connections 0
1783197251
active_connections 0
1783197256
active_connections 0
1783197261
active_connections 0
1783197266
active_connections 0
1783197271
active_connections 0
