1783196452
websocket-loadgen-q9cb5            133m   30Mi   
websocket-server-5d44fc8b6-np5l9   64m    27Mi   
websocket-server-5d44fc8b6-z8bhc   60m    26Mi   
1783196457
websocket-loadgen-q9cb5            133m   30Mi   
websocket-server-5d44fc8b6-np5l9   64m    27Mi   
websocket-server-5d44fc8b6-z8bhc   60m    26Mi   
1783196463
websocket-loadgen-q9cb5            133m   30Mi   
websocket-server-5d44fc8b6-np5l9   64m    27Mi   
websocket-server-5d44fc8b6-z8bhc   60m    26Mi   
1783196468
websocket-loadgen-q9cb5            40m    34Mi   
websocket-server-5d44fc8b6-np5l9   88m    30Mi   
websocket-server-5d44fc8b6-z8bhc   101m   31Mi   
1783196473
websocket-loadgen-q9cb5            40m    34Mi   
websocket-server-5d44fc8b6-np5l9   88m    30Mi   
websocket-server-5d44fc8b6-z8bhc   101m   31Mi   
1783196478
websocket-loadgen-q9cb5            53m    42Mi   
websocket-server-5d44fc8b6-np5l9   179m   35Mi   
websocket-server-5d44fc8b6-z8bhc   101m   31Mi   
1783196483
websocket-loadgen-q9cb5            53m    42Mi   
websocket-server-5d44fc8b6-np5l9   179m   35Mi   
websocket-server-5d44fc8b6-z8bhc   101m   31Mi   
1783196488
websocket-loadgen-q9cb5            53m    42Mi   
websocket-server-5d44fc8b6-np5l9   179m   35Mi   
websocket-server-5d44fc8b6-z8bhc   101m   31Mi   
1783196493
websocket-loadgen-q9cb5            65m    50Mi   
websocket-server-5d44fc8b6-np5l9   285m   39Mi   
websocket-server-5d44fc8b6-z8bhc   223m   36Mi   
1783196498
websocket-loadgen-q9cb5            65m    50Mi   
websocket-server-5d44fc8b6-np5l9   285m   39Mi   
websocket-server-5d44fc8b6-z8bhc   223m   36Mi   
1783196504
websocket-loadgen-q9cb5            65m    50Mi   
websocket-server-5d44fc8b6-np5l9   285m   39Mi   
websocket-server-5d44fc8b6-z8bhc   223m   36Mi   
1783196509
websocket-loadgen-q9cb5            75m    56Mi   
websocket-server-5d44fc8b6-764kp   63m    28Mi   
websocket-server-5d44fc8b6-np5l9   377m   41Mi   
websocket-server-5d44fc8b6-z8bhc   386m   42Mi   
1783196514
websocket-loadgen-q9cb5            75m    56Mi   
websocket-server-5d44fc8b6-764kp   63m    28Mi   
websocket-server-5d44fc8b6-np5l9   377m   41Mi   
websocket-server-5d44fc8b6-z8bhc   386m   42Mi   
1783196519
websocket-loadgen-q9cb5            75m    56Mi   
websocket-server-5d44fc8b6-764kp   63m    28Mi   
websocket-server-5d44fc8b6-np5l9   377m   41Mi   
websocket-server-5d44fc8b6-z8bhc   386m   42Mi   
1783196524
websocket-loadgen-q9cb5            111m   65Mi   
websocket-server-5d44fc8b6-2ssnz   79m    26Mi   
websocket-server-5d44fc8b6-764kp   97m    28Mi   
websocket-server-5d44fc8b6-hx7fr   75m    26Mi   
websocket-server-5d44fc8b6-np5l9   492m   44Mi   
websocket-server-5d44fc8b6-z8bhc   386m   42Mi   
1783196529
websocket-server-5d44fc8b6-2ssnz   79m    26Mi   
websocket-server-5d44fc8b6-764kp   97m    28Mi   
websocket-server-5d44fc8b6-hx7fr   75m    26Mi   
websocket-server-5d44fc8b6-np5l9   492m   44Mi   
websocket-server-5d44fc8b6-z8bhc   386m   42Mi   
1783196534
websocket-server-5d44fc8b6-2ssnz   79m    26Mi   
websocket-server-5d44fc8b6-764kp   97m    28Mi   
websocket-server-5d44fc8b6-hx7fr   75m    26Mi   
websocket-server-5d44fc8b6-np5l9   492m   44Mi   
websocket-server-5d44fc8b6-z8bhc   386m   42Mi   
1783196540
websocket-server-5d44fc8b6-2ssnz   44m    27Mi   
websocket-server-5d44fc8b6-764kp   131m   30Mi   
websocket-server-5d44fc8b6-857jp   4m     25Mi   
websocket-server-5d44fc8b6-ft9r4   5m     25Mi   
websocket-server-5d44fc8b6-hx7fr   31m    27Mi   
websocket-server-5d44fc8b6-np5l9   430m   45Mi   
websocket-server-5d44fc8b6-z8bhc   490m   45Mi   
1783196545
websocket-server-5d44fc8b6-2ssnz   44m    27Mi   
websocket-server-5d44fc8b6-764kp   131m   30Mi   
websocket-server-5d44fc8b6-857jp   4m     25Mi   
websocket-server-5d44fc8b6-ft9r4   5m     25Mi   
websocket-server-5d44fc8b6-hx7fr   31m    27Mi   
websocket-server-5d44fc8b6-np5l9   430m   45Mi   
websocket-server-5d44fc8b6-z8bhc   490m   45Mi   
1783196550
websocket-server-5d44fc8b6-2ssnz   44m    27Mi   
websocket-server-5d44fc8b6-764kp   131m   30Mi   
websocket-server-5d44fc8b6-857jp   4m     25Mi   
websocket-server-5d44fc8b6-ft9r4   5m     25Mi   
websocket-server-5d44fc8b6-hx7fr   31m    27Mi   
websocket-server-5d44fc8b6-np5l9   430m   45Mi   
websocket-server-5d44fc8b6-z8bhc   490m   45Mi   
1783196555
websocket-server-5d44fc8b6-2ssnz   0m    27Mi   
websocket-server-5d44fc8b6-2zj28   53m   25Mi   
websocket-server-5d44fc8b6-764kp   19m   30Mi   
websocket-server-5d44fc8b6-857jp   0m    25Mi   
websocket-server-5d44fc8b6-ft9r4   0m    25Mi   
websocket-server-5d44fc8b6-hx7fr   0m    27Mi   
websocket-server-5d44fc8b6-np5l9   1m    45Mi   
websocket-server-5d44fc8b6-z8bhc   61m   43Mi   
websocket-server-5d44fc8b6-zdfss   46m   25Mi   
1783196560
websocket-server-5d44fc8b6-2ssnz   0m    27Mi   
websocket-server-5d44fc8b6-2zj28   53m   25Mi   
websocket-server-5d44fc8b6-764kp   19m   30Mi   
websocket-server-5d44fc8b6-857jp   0m    25Mi   
websocket-server-5d44fc8b6-ft9r4   0m    25Mi   
websocket-server-5d44fc8b6-hx7fr   0m    27Mi   
websocket-server-5d44fc8b6-np5l9   1m    45Mi   
websocket-server-5d44fc8b6-z8bhc   61m   43Mi   
websocket-server-5d44fc8b6-zdfss   46m   25Mi   
1783196565
websocket-server-5d44fc8b6-2ssnz   0m    27Mi   
websocket-server-5d44fc8b6-2zj28   53m   25Mi   
websocket-server-5d44fc8b6-764kp   19m   30Mi   
websocket-server-5d44fc8b6-857jp   0m    25Mi   
websocket-server-5d44fc8b6-ft9r4   0m    25Mi   
websocket-server-5d44fc8b6-hx7fr   0m    27Mi   
websocket-server-5d44fc8b6-np5l9   1m    45Mi   
websocket-server-5d44fc8b6-z8bhc   61m   43Mi   
websocket-server-5d44fc8b6-zdfss   46m   25Mi   
1783196570
websocket-server-5d44fc8b6-2ssnz   0m    27Mi   
websocket-server-5d44fc8b6-2zj28   0m    25Mi   
websocket-server-5d44fc8b6-764kp   0m    30Mi   
websocket-server-5d44fc8b6-857jp   0m    25Mi   
websocket-server-5d44fc8b6-ft9r4   0m    25Mi   
websocket-server-5d44fc8b6-hx7fr   0m    27Mi   
websocket-server-5d44fc8b6-np5l9   1m    46Mi   
websocket-server-5d44fc8b6-z8bhc   0m    43Mi   
websocket-server-5d44fc8b6-zdfss   46m   25Mi   
1783196575
websocket-server-5d44fc8b6-2ssnz   0m    27Mi   
websocket-server-5d44fc8b6-2zj28   0m    25Mi   
websocket-server-5d44fc8b6-764kp   0m    30Mi   
websocket-server-5d44fc8b6-857jp   0m    25Mi   
websocket-server-5d44fc8b6-ft9r4   0m    25Mi   
websocket-server-5d44fc8b6-hx7fr   0m    27Mi   
websocket-server-5d44fc8b6-np5l9   1m    46Mi   
websocket-server-5d44fc8b6-z8bhc   0m    43Mi   
websocket-server-5d44fc8b6-zdfss   46m   25Mi   
1783196581
websocket-server-5d44fc8b6-2ssnz   0m    27Mi   
websocket-server-5d44fc8b6-2zj28   0m    25Mi   
websocket-server-5d44fc8b6-764kp   0m    30Mi   
websocket-server-5d44fc8b6-857jp   0m    25Mi   
websocket-server-5d44fc8b6-ft9r4   0m    25Mi   
websocket-server-5d44fc8b6-hx7fr   0m    27Mi   
websocket-server-5d44fc8b6-np5l9   1m    46Mi   
websocket-server-5d44fc8b6-z8bhc   0m    43Mi   
websocket-server-5d44fc8b6-zdfss   46m   25Mi   
1783196586
websocket-server-5d44fc8b6-2ssnz   0m    27Mi   
websocket-server-5d44fc8b6-2zj28   0m    25Mi   
websocket-server-5d44fc8b6-764kp   0m    30Mi   
websocket-server-5d44fc8b6-857jp   0m    25Mi   
websocket-server-5d44fc8b6-ft9r4   0m    25Mi   
websocket-server-5d44fc8b6-hx7fr   0m    27Mi   
websocket-server-5d44fc8b6-np5l9   1m    45Mi   
websocket-server-5d44fc8b6-z8bhc   0m    43Mi   
websocket-server-5d44fc8b6-zdfss   0m    25Mi   
1783196591
websocket-server-5d44fc8b6-2ssnz   0m    27Mi   
websocket-server-5d44fc8b6-2zj28   0m    25Mi   
websocket-server-5d44fc8b6-764kp   0m    30Mi   
websocket-server-5d44fc8b6-857jp   0m    25Mi   
websocket-server-5d44fc8b6-ft9r4   0m    25Mi   
websocket-server-5d44fc8b6-hx7fr   0m    27Mi   
websocket-server-5d44fc8b6-np5l9   1m    45Mi   
websocket-server-5d44fc8b6-z8bhc   0m    43Mi   
websocket-server-5d44fc8b6-zdfss   0m    25Mi   
1783196596
websocket-server-5d44fc8b6-2ssnz   0m    27Mi   
websocket-server-5d44fc8b6-2zj28   0m    25Mi   
websocket-server-5d44fc8b6-764kp   0m    30Mi   
websocket-server-5d44fc8b6-857jp   0m    25Mi   
websocket-server-5d44fc8b6-ft9r4   0m    25Mi   
websocket-server-5d44fc8b6-hx7fr   0m    27Mi   
websocket-server-5d44fc8b6-np5l9   1m    45Mi   
websocket-server-5d44fc8b6-z8bhc   0m    43Mi   
websocket-server-5d44fc8b6-zdfss   0m    25Mi   
1783196601
websocket-server-5d44fc8b6-2ssnz   2m    27Mi   
websocket-server-5d44fc8b6-2zj28   6m    26Mi   
websocket-server-5d44fc8b6-764kp   1m    30Mi   
websocket-server-5d44fc8b6-857jp   0m    25Mi   
websocket-server-5d44fc8b6-ft9r4   0m    25Mi   
websocket-server-5d44fc8b6-hx7fr   1m    27Mi   
websocket-server-5d44fc8b6-np5l9   7m    46Mi   
websocket-server-5d44fc8b6-z8bhc   0m    43Mi   
websocket-server-5d44fc8b6-zdfss   0m    25Mi   
1783196606
websocket-server-5d44fc8b6-2ssnz   2m    27Mi   
websocket-server-5d44fc8b6-2zj28   6m    26Mi   
websocket-server-5d44fc8b6-764kp   1m    30Mi   
websocket-server-5d44fc8b6-857jp   0m    25Mi   
websocket-server-5d44fc8b6-ft9r4   0m    25Mi   
websocket-server-5d44fc8b6-hx7fr   1m    27Mi   
websocket-server-5d44fc8b6-np5l9   7m    46Mi   
websocket-server-5d44fc8b6-z8bhc   0m    43Mi   
websocket-server-5d44fc8b6-zdfss   0m    25Mi   
1783196611
websocket-server-5d44fc8b6-2ssnz   2m    27Mi   
websocket-server-5d44fc8b6-2zj28   6m    26Mi   
websocket-server-5d44fc8b6-764kp   1m    30Mi   
websocket-server-5d44fc8b6-857jp   0m    25Mi   
websocket-server-5d44fc8b6-ft9r4   0m    25Mi   
websocket-server-5d44fc8b6-hx7fr   1m    27Mi   
websocket-server-5d44fc8b6-np5l9   7m    46Mi   
websocket-server-5d44fc8b6-z8bhc   0m    43Mi   
websocket-server-5d44fc8b6-zdfss   0m    25Mi   
1783196617
websocket-loadgen-rdvw5            51m   36Mi   
websocket-server-5d44fc8b6-2ssnz   25m   27Mi   
websocket-server-5d44fc8b6-2zj28   19m   26Mi   
websocket-server-5d44fc8b6-764kp   30m   31Mi   
websocket-server-5d44fc8b6-857jp   23m   26Mi   
websocket-server-5d44fc8b6-ft9r4   25m   27Mi   
websocket-server-5d44fc8b6-hx7fr   21m   27Mi   
websocket-server-5d44fc8b6-np5l9   7m    46Mi   
websocket-server-5d44fc8b6-z8bhc   18m   44Mi   
websocket-server-5d44fc8b6-zdfss   14m   26Mi   
1783196622
websocket-loadgen-rdvw5            51m   36Mi   
websocket-server-5d44fc8b6-2ssnz   25m   27Mi   
websocket-server-5d44fc8b6-2zj28   19m   26Mi   
websocket-server-5d44fc8b6-764kp   30m   31Mi   
websocket-server-5d44fc8b6-857jp   23m   26Mi   
websocket-server-5d44fc8b6-ft9r4   25m   27Mi   
websocket-server-5d44fc8b6-hx7fr   21m   27Mi   
websocket-server-5d44fc8b6-np5l9   7m    46Mi   
websocket-server-5d44fc8b6-z8bhc   18m   44Mi   
websocket-server-5d44fc8b6-zdfss   14m   26Mi   
1783196627
websocket-loadgen-rdvw5            51m   36Mi   
websocket-server-5d44fc8b6-2ssnz   25m   27Mi   
websocket-server-5d44fc8b6-2zj28   19m   26Mi   
websocket-server-5d44fc8b6-764kp   30m   31Mi   
websocket-server-5d44fc8b6-857jp   23m   26Mi   
websocket-server-5d44fc8b6-ft9r4   25m   27Mi   
websocket-server-5d44fc8b6-hx7fr   21m   27Mi   
websocket-server-5d44fc8b6-np5l9   7m    46Mi   
websocket-server-5d44fc8b6-z8bhc   18m   44Mi   
websocket-server-5d44fc8b6-zdfss   14m   26Mi   
1783196632
websocket-loadgen-rdvw5            51m   36Mi   
websocket-server-5d44fc8b6-2ssnz   36m   27Mi   
websocket-server-5d44fc8b6-2zj28   28m   26Mi   
websocket-server-5d44fc8b6-764kp   53m   31Mi   
websocket-server-5d44fc8b6-857jp   42m   27Mi   
websocket-server-5d44fc8b6-ft9r4   50m   27Mi   
websocket-server-5d44fc8b6-hx7fr   35m   27Mi   
websocket-server-5d44fc8b6-np5l9   49m   48Mi   
websocket-server-5d44fc8b6-z8bhc   18m   44Mi   
websocket-server-5d44fc8b6-zdfss   46m   27Mi   
1783196637
websocket-loadgen-rdvw5            51m   36Mi   
websocket-server-5d44fc8b6-2ssnz   36m   27Mi   
websocket-server-5d44fc8b6-2zj28   28m   26Mi   
websocket-server-5d44fc8b6-764kp   53m   31Mi   
websocket-server-5d44fc8b6-857jp   42m   27Mi   
websocket-server-5d44fc8b6-ft9r4   50m   27Mi   
websocket-server-5d44fc8b6-hx7fr   35m   27Mi   
websocket-server-5d44fc8b6-np5l9   49m   48Mi   
websocket-server-5d44fc8b6-z8bhc   18m   44Mi   
websocket-server-5d44fc8b6-zdfss   46m   27Mi   
1783196642
websocket-loadgen-rdvw5            51m   36Mi   
websocket-server-5d44fc8b6-np5l9   49m   48Mi   
websocket-server-5d44fc8b6-z8bhc   18m   44Mi   
1783196648
websocket-loadgen-rdvw5            76m    46Mi   
websocket-server-5d44fc8b6-np5l9   164m   50Mi   
websocket-server-5d44fc8b6-z8bhc   127m   48Mi   
1783196653
websocket-loadgen-rdvw5            76m    46Mi   
websocket-server-5d44fc8b6-np5l9   164m   50Mi   
websocket-server-5d44fc8b6-z8bhc   127m   48Mi   
1783196658
websocket-loadgen-rdvw5            114m   62Mi   
websocket-server-5d44fc8b6-np5l9   395m   61Mi   
websocket-server-5d44fc8b6-z8bhc   276m   54Mi   
1783196663
websocket-loadgen-rdvw5            114m   62Mi   
websocket-server-5d44fc8b6-np5l9   395m   61Mi   
websocket-server-5d44fc8b6-z8bhc   276m   54Mi   
1783196668
websocket-loadgen-rdvw5            114m   62Mi   
websocket-server-5d44fc8b6-np5l9   395m   61Mi   
websocket-server-5d44fc8b6-z8bhc   276m   54Mi   
1783196673
websocket-loadgen-rdvw5            108m   74Mi   
websocket-server-5d44fc8b6-hv9dj   73m    28Mi   
websocket-server-5d44fc8b6-np5l9   501m   62Mi   
websocket-server-5d44fc8b6-z8bhc   476m   60Mi   
1783196678
websocket-server-5d44fc8b6-hv9dj   73m    28Mi   
websocket-server-5d44fc8b6-np5l9   501m   62Mi   
websocket-server-5d44fc8b6-z8bhc   476m   60Mi   
1783196684
websocket-server-5d44fc8b6-hv9dj   73m    28Mi   
websocket-server-5d44fc8b6-np5l9   501m   62Mi   
websocket-server-5d44fc8b6-z8bhc   476m   60Mi   
1783196689
websocket-server-5d44fc8b6-4hb5l   25m    25Mi   
websocket-server-5d44fc8b6-9shnr   23m    25Mi   
websocket-server-5d44fc8b6-hv9dj   0m     28Mi   
websocket-server-5d44fc8b6-njfrj   76m    26Mi   
websocket-server-5d44fc8b6-np5l9   487m   64Mi   
websocket-server-5d44fc8b6-z8bhc   500m   63Mi   
1783196694
websocket-server-5d44fc8b6-4hb5l   25m    25Mi   
websocket-server-5d44fc8b6-9shnr   23m    25Mi   
websocket-server-5d44fc8b6-hv9dj   0m     28Mi   
websocket-server-5d44fc8b6-njfrj   76m    26Mi   
websocket-server-5d44fc8b6-np5l9   487m   64Mi   
websocket-server-5d44fc8b6-z8bhc   500m   63Mi   
1783196699
websocket-server-5d44fc8b6-4hb5l   25m    25Mi   
websocket-server-5d44fc8b6-9shnr   23m    25Mi   
websocket-server-5d44fc8b6-hv9dj   0m     28Mi   
websocket-server-5d44fc8b6-njfrj   76m    26Mi   
websocket-server-5d44fc8b6-np5l9   487m   64Mi   
websocket-server-5d44fc8b6-z8bhc   500m   63Mi   
1783196704
websocket-server-5d44fc8b6-4hb5l   0m    25Mi   
websocket-server-5d44fc8b6-9shnr   0m    25Mi   
websocket-server-5d44fc8b6-hv9dj   20m   28Mi   
websocket-server-5d44fc8b6-njfrj   0m    26Mi   
websocket-server-5d44fc8b6-np5l9   1m    64Mi   
websocket-server-5d44fc8b6-pb2xf   20m   25Mi   
websocket-server-5d44fc8b6-w77hh   20m   25Mi   
websocket-server-5d44fc8b6-wrc7p   54m   25Mi   
websocket-server-5d44fc8b6-z8bhc   2m    63Mi   
1783196709
websocket-server-5d44fc8b6-4hb5l   0m    25Mi   
websocket-server-5d44fc8b6-9shnr   0m    25Mi   
websocket-server-5d44fc8b6-hv9dj   20m   28Mi   
websocket-server-5d44fc8b6-njfrj   0m    26Mi   
websocket-server-5d44fc8b6-np5l9   1m    64Mi   
websocket-server-5d44fc8b6-pb2xf   20m   25Mi   
websocket-server-5d44fc8b6-w77hh   20m   25Mi   
websocket-server-5d44fc8b6-wrc7p   54m   25Mi   
websocket-server-5d44fc8b6-z8bhc   2m    63Mi   
1783196714
websocket-server-5d44fc8b6-4hb5l   0m    25Mi   
websocket-server-5d44fc8b6-9shnr   0m    25Mi   
websocket-server-5d44fc8b6-hv9dj   20m   28Mi   
websocket-server-5d44fc8b6-njfrj   0m    26Mi   
websocket-server-5d44fc8b6-np5l9   1m    64Mi   
websocket-server-5d44fc8b6-pb2xf   20m   25Mi   
websocket-server-5d44fc8b6-w77hh   20m   25Mi   
websocket-server-5d44fc8b6-wrc7p   54m   25Mi   
websocket-server-5d44fc8b6-z8bhc   2m    63Mi   
1783196719
websocket-server-5d44fc8b6-4hb5l   0m    25Mi   
websocket-server-5d44fc8b6-9shnr   0m    25Mi   
websocket-server-5d44fc8b6-hv9dj   0m    28Mi   
websocket-server-5d44fc8b6-njfrj   0m    26Mi   
websocket-server-5d44fc8b6-np5l9   1m    64Mi   
websocket-server-5d44fc8b6-pb2xf   0m    25Mi   
websocket-server-5d44fc8b6-w77hh   0m    25Mi   
websocket-server-5d44fc8b6-wrc7p   0m    25Mi   
websocket-server-5d44fc8b6-z8bhc   0m    63Mi   
1783196725
websocket-server-5d44fc8b6-4hb5l   0m    25Mi   
websocket-server-5d44fc8b6-9shnr   0m    25Mi   
websocket-server-5d44fc8b6-hv9dj   0m    28Mi   
websocket-server-5d44fc8b6-njfrj   0m    26Mi   
websocket-server-5d44fc8b6-np5l9   1m    64Mi   
websocket-server-5d44fc8b6-pb2xf   0m    25Mi   
websocket-server-5d44fc8b6-w77hh   0m    25Mi   
websocket-server-5d44fc8b6-wrc7p   0m    25Mi   
websocket-server-5d44fc8b6-z8bhc   0m    63Mi   
1783196730
websocket-server-5d44fc8b6-4hb5l   0m    25Mi   
websocket-server-5d44fc8b6-9shnr   0m    25Mi   
websocket-server-5d44fc8b6-hv9dj   0m    28Mi   
websocket-server-5d44fc8b6-njfrj   0m    26Mi   
websocket-server-5d44fc8b6-np5l9   1m    64Mi   
websocket-server-5d44fc8b6-pb2xf   0m    25Mi   
websocket-server-5d44fc8b6-w77hh   0m    25Mi   
websocket-server-5d44fc8b6-wrc7p   0m    25Mi   
websocket-server-5d44fc8b6-z8bhc   0m    63Mi   
1783196735
websocket-server-5d44fc8b6-4hb5l   0m    25Mi   
websocket-server-5d44fc8b6-9shnr   0m    25Mi   
websocket-server-5d44fc8b6-hv9dj   0m    28Mi   
websocket-server-5d44fc8b6-njfrj   0m    26Mi   
websocket-server-5d44fc8b6-np5l9   1m    64Mi   
websocket-server-5d44fc8b6-pb2xf   0m    25Mi   
websocket-server-5d44fc8b6-w77hh   0m    25Mi   
websocket-server-5d44fc8b6-wrc7p   0m    25Mi   
websocket-server-5d44fc8b6-z8bhc   0m    63Mi   
1783196740
websocket-server-5d44fc8b6-4hb5l   0m    25Mi   
websocket-server-5d44fc8b6-9shnr   0m    25Mi   
websocket-server-5d44fc8b6-hv9dj   0m    28Mi   
websocket-server-5d44fc8b6-njfrj   0m    26Mi   
websocket-server-5d44fc8b6-np5l9   1m    64Mi   
websocket-server-5d44fc8b6-pb2xf   0m    25Mi   
websocket-server-5d44fc8b6-w77hh   0m    25Mi   
websocket-server-5d44fc8b6-wrc7p   0m    25Mi   
websocket-server-5d44fc8b6-z8bhc   0m    63Mi   
1783196745
websocket-server-5d44fc8b6-4hb5l   0m    25Mi   
websocket-server-5d44fc8b6-9shnr   0m    25Mi   
websocket-server-5d44fc8b6-hv9dj   0m    28Mi   
websocket-server-5d44fc8b6-njfrj   0m    26Mi   
websocket-server-5d44fc8b6-np5l9   1m    64Mi   
websocket-server-5d44fc8b6-pb2xf   0m    25Mi   
websocket-server-5d44fc8b6-w77hh   0m    25Mi   
websocket-server-5d44fc8b6-wrc7p   0m    25Mi   
websocket-server-5d44fc8b6-z8bhc   0m    63Mi   
1783196750
websocket-server-5d44fc8b6-4hb5l   0m    25Mi   
websocket-server-5d44fc8b6-9shnr   5m    26Mi   
websocket-server-5d44fc8b6-hv9dj   0m    28Mi   
websocket-server-5d44fc8b6-njfrj   0m    26Mi   
websocket-server-5d44fc8b6-np5l9   9m    65Mi   
websocket-server-5d44fc8b6-pb2xf   0m    25Mi   
websocket-server-5d44fc8b6-w77hh   8m    25Mi   
websocket-server-5d44fc8b6-wrc7p   0m    25Mi   
websocket-server-5d44fc8b6-z8bhc   3m    63Mi   
1783196755
websocket-server-5d44fc8b6-4hb5l   0m    25Mi   
websocket-server-5d44fc8b6-9shnr   5m    26Mi   
websocket-server-5d44fc8b6-hv9dj   0m    28Mi   
websocket-server-5d44fc8b6-njfrj   0m    26Mi   
websocket-server-5d44fc8b6-np5l9   9m    65Mi   
websocket-server-5d44fc8b6-pb2xf   0m    25Mi   
websocket-server-5d44fc8b6-w77hh   8m    25Mi   
websocket-server-5d44fc8b6-wrc7p   0m    25Mi   
websocket-server-5d44fc8b6-z8bhc   3m    63Mi   
1783196761
websocket-server-5d44fc8b6-4hb5l   0m    25Mi   
websocket-server-5d44fc8b6-9shnr   5m    26Mi   
websocket-server-5d44fc8b6-hv9dj   0m    28Mi   
websocket-server-5d44fc8b6-njfrj   0m    26Mi   
websocket-server-5d44fc8b6-np5l9   9m    65Mi   
websocket-server-5d44fc8b6-pb2xf   0m    25Mi   
websocket-server-5d44fc8b6-w77hh   8m    25Mi   
websocket-server-5d44fc8b6-wrc7p   0m    25Mi   
websocket-server-5d44fc8b6-z8bhc   3m    63Mi   
1783196766
websocket-loadgen-lmsgl            49m   34Mi   
websocket-server-5d44fc8b6-4hb5l   15m   26Mi   
websocket-server-5d44fc8b6-9shnr   22m   26Mi   
websocket-server-5d44fc8b6-hv9dj   16m   29Mi   
websocket-server-5d44fc8b6-njfrj   11m   26Mi   
websocket-server-5d44fc8b6-np5l9   32m   65Mi   
websocket-server-5d44fc8b6-pb2xf   9m    26Mi   
websocket-server-5d44fc8b6-w77hh   32m   27Mi   
websocket-server-5d44fc8b6-wrc7p   21m   26Mi   
websocket-server-5d44fc8b6-z8bhc   22m   64Mi   
1783196771
websocket-loadgen-lmsgl            49m   34Mi   
websocket-server-5d44fc8b6-4hb5l   15m   26Mi   
websocket-server-5d44fc8b6-9shnr   22m   26Mi   
websocket-server-5d44fc8b6-hv9dj   16m   29Mi   
websocket-server-5d44fc8b6-njfrj   11m   26Mi   
websocket-server-5d44fc8b6-np5l9   32m   65Mi   
websocket-server-5d44fc8b6-pb2xf   9m    26Mi   
websocket-server-5d44fc8b6-w77hh   32m   27Mi   
websocket-server-5d44fc8b6-wrc7p   21m   26Mi   
websocket-server-5d44fc8b6-z8bhc   22m   64Mi   
1783196776
websocket-loadgen-lmsgl            49m   34Mi   
websocket-server-5d44fc8b6-4hb5l   15m   26Mi   
websocket-server-5d44fc8b6-9shnr   22m   26Mi   
websocket-server-5d44fc8b6-hv9dj   16m   29Mi   
websocket-server-5d44fc8b6-njfrj   11m   26Mi   
websocket-server-5d44fc8b6-np5l9   32m   65Mi   
websocket-server-5d44fc8b6-pb2xf   9m    26Mi   
websocket-server-5d44fc8b6-w77hh   32m   27Mi   
websocket-server-5d44fc8b6-wrc7p   21m   26Mi   
websocket-server-5d44fc8b6-z8bhc   22m   64Mi   
1783196781
websocket-loadgen-lmsgl            72m    44Mi   
websocket-server-5d44fc8b6-4hb5l   31m    27Mi   
websocket-server-5d44fc8b6-9shnr   35m    26Mi   
websocket-server-5d44fc8b6-hv9dj   42m    29Mi   
websocket-server-5d44fc8b6-njfrj   54m    27Mi   
websocket-server-5d44fc8b6-np5l9   104m   67Mi   
websocket-server-5d44fc8b6-pb2xf   24m    26Mi   
websocket-server-5d44fc8b6-w77hh   47m    27Mi   
websocket-server-5d44fc8b6-wrc7p   47m    26Mi   
websocket-server-5d44fc8b6-z8bhc   64m    65Mi   
1783196786
websocket-loadgen-lmsgl            72m    44Mi   
websocket-server-5d44fc8b6-4hb5l   31m    27Mi   
websocket-server-5d44fc8b6-9shnr   35m    26Mi   
websocket-server-5d44fc8b6-hv9dj   42m    29Mi   
websocket-server-5d44fc8b6-njfrj   54m    27Mi   
websocket-server-5d44fc8b6-np5l9   104m   67Mi   
websocket-server-5d44fc8b6-pb2xf   24m    26Mi   
websocket-server-5d44fc8b6-w77hh   47m    27Mi   
websocket-server-5d44fc8b6-wrc7p   47m    26Mi   
websocket-server-5d44fc8b6-z8bhc   64m    65Mi   
1783196791
websocket-loadgen-lmsgl            72m    44Mi   
websocket-server-5d44fc8b6-4hb5l   31m    27Mi   
websocket-server-5d44fc8b6-9shnr   35m    26Mi   
websocket-server-5d44fc8b6-hv9dj   42m    29Mi   
websocket-server-5d44fc8b6-njfrj   54m    27Mi   
websocket-server-5d44fc8b6-np5l9   104m   67Mi   
websocket-server-5d44fc8b6-pb2xf   24m    26Mi   
websocket-server-5d44fc8b6-w77hh   47m    27Mi   
websocket-server-5d44fc8b6-wrc7p   47m    26Mi   
websocket-server-5d44fc8b6-z8bhc   64m    65Mi   
1783196797
websocket-loadgen-lmsgl            90m    52Mi   
websocket-server-5d44fc8b6-np5l9   216m   70Mi   
websocket-server-5d44fc8b6-z8bhc   188m   69Mi   
1783196802
websocket-loadgen-lmsgl            90m    52Mi   
websocket-server-5d44fc8b6-np5l9   216m   70Mi   
websocket-server-5d44fc8b6-z8bhc   188m   69Mi   
1783196807
websocket-loadgen-lmsgl            90m    52Mi   
websocket-server-5d44fc8b6-np5l9   216m   70Mi   
websocket-server-5d44fc8b6-z8bhc   188m   69Mi   
1783196812
websocket-loadgen-lmsgl            134m   65Mi   
websocket-server-5d44fc8b6-np5l9   396m   76Mi   
websocket-server-5d44fc8b6-z8bhc   317m   71Mi   
1783196817
websocket-loadgen-lmsgl            134m   65Mi   
websocket-server-5d44fc8b6-np5l9   396m   76Mi   
websocket-server-5d44fc8b6-z8bhc   317m   71Mi   
1783196822
websocket-loadgen-lmsgl            134m   65Mi   
websocket-server-5d44fc8b6-np5l9   396m   76Mi   
websocket-server-5d44fc8b6-z8bhc   317m   71Mi   
1783196827
websocket-loadgen-lmsgl            94m    71Mi   
websocket-server-5d44fc8b6-9x2v4   57m    28Mi   
websocket-server-5d44fc8b6-lv76p   69m    26Mi   
websocket-server-5d44fc8b6-np5l9   483m   79Mi   
websocket-server-5d44fc8b6-z8bhc   469m   78Mi   
1783196833
websocket-server-5d44fc8b6-9x2v4   57m    28Mi   
websocket-server-5d44fc8b6-lv76p   69m    26Mi   
websocket-server-5d44fc8b6-np5l9   483m   79Mi   
websocket-server-5d44fc8b6-z8bhc   469m   78Mi   
1783196838
websocket-server-5d44fc8b6-9x2v4   57m    28Mi   
websocket-server-5d44fc8b6-lv76p   69m    26Mi   
websocket-server-5d44fc8b6-np5l9   483m   79Mi   
websocket-server-5d44fc8b6-z8bhc   469m   78Mi   
1783196843
websocket-server-5d44fc8b6-9x2v4   41m    27Mi   
websocket-server-5d44fc8b6-lv76p   33m    27Mi   
websocket-server-5d44fc8b6-np5l9   359m   80Mi   
websocket-server-5d44fc8b6-pc4w4   31m    26Mi   
websocket-server-5d44fc8b6-xmqc9   47m    26Mi   
websocket-server-5d44fc8b6-z8bhc   462m   80Mi   
1783196848
websocket-server-5d44fc8b6-9x2v4   41m    27Mi   
websocket-server-5d44fc8b6-lv76p   33m    27Mi   
websocket-server-5d44fc8b6-np5l9   359m   80Mi   
websocket-server-5d44fc8b6-pc4w4   31m    26Mi   
websocket-server-5d44fc8b6-xmqc9   47m    26Mi   
websocket-server-5d44fc8b6-z8bhc   462m   80Mi   
1783196853
websocket-server-5d44fc8b6-9x2v4   26m   28Mi   
websocket-server-5d44fc8b6-kz7rk   45m   25Mi   
websocket-server-5d44fc8b6-l9lk9   19m   25Mi   
websocket-server-5d44fc8b6-lv76p   0m    27Mi   
websocket-server-5d44fc8b6-np5l9   1m    80Mi   
websocket-server-5d44fc8b6-pc4w4   0m    26Mi   
websocket-server-5d44fc8b6-xmqc9   0m    26Mi   
websocket-server-5d44fc8b6-z8bhc   0m    80Mi   
websocket-server-5d44fc8b6-z9n52   43m   25Mi   
1783196858
websocket-server-5d44fc8b6-9x2v4   26m   28Mi   
websocket-server-5d44fc8b6-kz7rk   45m   25Mi   
websocket-server-5d44fc8b6-l9lk9   19m   25Mi   
websocket-server-5d44fc8b6-lv76p   0m    27Mi   
websocket-server-5d44fc8b6-np5l9   1m    80Mi   
websocket-server-5d44fc8b6-pc4w4   0m    26Mi   
websocket-server-5d44fc8b6-xmqc9   0m    26Mi   
websocket-server-5d44fc8b6-z8bhc   0m    80Mi   
websocket-server-5d44fc8b6-z9n52   43m   25Mi   
1783196863
websocket-server-5d44fc8b6-9x2v4   26m   28Mi   
websocket-server-5d44fc8b6-kz7rk   45m   25Mi   
websocket-server-5d44fc8b6-l9lk9   19m   25Mi   
websocket-server-5d44fc8b6-lv76p   0m    27Mi   
websocket-server-5d44fc8b6-np5l9   1m    80Mi   
websocket-server-5d44fc8b6-pc4w4   0m    26Mi   
websocket-server-5d44fc8b6-xmqc9   0m    26Mi   
websocket-server-5d44fc8b6-z8bhc   0m    80Mi   
websocket-server-5d44fc8b6-z9n52   43m   25Mi   
1783196868
websocket-server-5d44fc8b6-9x2v4   0m    28Mi   
websocket-server-5d44fc8b6-kz7rk   0m    25Mi   
websocket-server-5d44fc8b6-l9lk9   0m    25Mi   
websocket-server-5d44fc8b6-lv76p   0m    27Mi   
websocket-server-5d44fc8b6-np5l9   1m    80Mi   
websocket-server-5d44fc8b6-pc4w4   0m    26Mi   
websocket-server-5d44fc8b6-xmqc9   0m    26Mi   
websocket-server-5d44fc8b6-z8bhc   0m    80Mi   
websocket-server-5d44fc8b6-z9n52   43m   25Mi   
1783196873
websocket-server-5d44fc8b6-9x2v4   0m    28Mi   
websocket-server-5d44fc8b6-kz7rk   0m    25Mi   
websocket-server-5d44fc8b6-l9lk9   0m    25Mi   
websocket-server-5d44fc8b6-lv76p   0m    27Mi   
websocket-server-5d44fc8b6-np5l9   1m    80Mi   
websocket-server-5d44fc8b6-pc4w4   0m    26Mi   
websocket-server-5d44fc8b6-xmqc9   0m    26Mi   
websocket-server-5d44fc8b6-z8bhc   0m    80Mi   
websocket-server-5d44fc8b6-z9n52   43m   25Mi   
1783196878
websocket-server-5d44fc8b6-9x2v4   0m    28Mi   
websocket-server-5d44fc8b6-kz7rk   0m    25Mi   
websocket-server-5d44fc8b6-l9lk9   0m    25Mi   
websocket-server-5d44fc8b6-lv76p   0m    27Mi   
websocket-server-5d44fc8b6-np5l9   1m    80Mi   
websocket-server-5d44fc8b6-pc4w4   0m    26Mi   
websocket-server-5d44fc8b6-xmqc9   0m    26Mi   
websocket-server-5d44fc8b6-z8bhc   0m    80Mi   
websocket-server-5d44fc8b6-z9n52   43m   25Mi   
1783196884
websocket-server-5d44fc8b6-9x2v4   0m    28Mi   
websocket-server-5d44fc8b6-kz7rk   0m    25Mi   
websocket-server-5d44fc8b6-l9lk9   0m    25Mi   
websocket-server-5d44fc8b6-lv76p   0m    27Mi   
websocket-server-5d44fc8b6-np5l9   1m    80Mi   
websocket-server-5d44fc8b6-pc4w4   0m    26Mi   
websocket-server-5d44fc8b6-xmqc9   0m    26Mi   
websocket-server-5d44fc8b6-z8bhc   0m    80Mi   
websocket-server-5d44fc8b6-z9n52   0m    25Mi   
1783196889
websocket-server-5d44fc8b6-9x2v4   0m    28Mi   
websocket-server-5d44fc8b6-kz7rk   0m    25Mi   
websocket-server-5d44fc8b6-l9lk9   0m    25Mi   
websocket-server-5d44fc8b6-lv76p   0m    27Mi   
websocket-server-5d44fc8b6-np5l9   1m    80Mi   
websocket-server-5d44fc8b6-pc4w4   0m    26Mi   
websocket-server-5d44fc8b6-xmqc9   0m    26Mi   
websocket-server-5d44fc8b6-z8bhc   0m    80Mi   
websocket-server-5d44fc8b6-z9n52   0m    25Mi   
1783196894
websocket-server-5d44fc8b6-9x2v4   0m    28Mi   
websocket-server-5d44fc8b6-kz7rk   0m    25Mi   
websocket-server-5d44fc8b6-l9lk9   0m    25Mi   
websocket-server-5d44fc8b6-lv76p   0m    27Mi   
websocket-server-5d44fc8b6-np5l9   1m    80Mi   
websocket-server-5d44fc8b6-pc4w4   0m    26Mi   
websocket-server-5d44fc8b6-xmqc9   0m    26Mi   
websocket-server-5d44fc8b6-z8bhc   0m    80Mi   
websocket-server-5d44fc8b6-z9n52   0m    25Mi   
1783196899
websocket-server-5d44fc8b6-9x2v4   0m    28Mi   
websocket-server-5d44fc8b6-kz7rk   2m    25Mi   
websocket-server-5d44fc8b6-l9lk9   4m    26Mi   
websocket-server-5d44fc8b6-lv76p   0m    27Mi   
websocket-server-5d44fc8b6-np5l9   3m    80Mi   
websocket-server-5d44fc8b6-pc4w4   0m    26Mi   
websocket-server-5d44fc8b6-xmqc9   2m    26Mi   
websocket-server-5d44fc8b6-z8bhc   0m    80Mi   
websocket-server-5d44fc8b6-z9n52   3m    25Mi   
1783196904
websocket-server-5d44fc8b6-9x2v4   0m    28Mi   
websocket-server-5d44fc8b6-kz7rk   2m    25Mi   
websocket-server-5d44fc8b6-l9lk9   4m    26Mi   
websocket-server-5d44fc8b6-lv76p   0m    27Mi   
websocket-server-5d44fc8b6-np5l9   3m    80Mi   
websocket-server-5d44fc8b6-pc4w4   0m    26Mi   
websocket-server-5d44fc8b6-xmqc9   2m    26Mi   
websocket-server-5d44fc8b6-z8bhc   0m    80Mi   
websocket-server-5d44fc8b6-z9n52   3m    25Mi   
1783196909
websocket-server-5d44fc8b6-9x2v4   0m    28Mi   
websocket-server-5d44fc8b6-kz7rk   2m    25Mi   
websocket-server-5d44fc8b6-l9lk9   4m    26Mi   
websocket-server-5d44fc8b6-lv76p   0m    27Mi   
websocket-server-5d44fc8b6-np5l9   3m    80Mi   
websocket-server-5d44fc8b6-pc4w4   0m    26Mi   
websocket-server-5d44fc8b6-xmqc9   2m    26Mi   
websocket-server-5d44fc8b6-z8bhc   0m    80Mi   
websocket-server-5d44fc8b6-z9n52   3m    25Mi   
1783196914
websocket-loadgen-qmhsb            48m   34Mi   
websocket-server-5d44fc8b6-9x2v4   9m    28Mi   
websocket-server-5d44fc8b6-kz7rk   29m   27Mi   
websocket-server-5d44fc8b6-l9lk9   4m    26Mi   
websocket-server-5d44fc8b6-lv76p   19m   28Mi   
websocket-server-5d44fc8b6-np5l9   14m   80Mi   
websocket-server-5d44fc8b6-pc4w4   13m   27Mi   
websocket-server-5d44fc8b6-xmqc9   24m   27Mi   
websocket-server-5d44fc8b6-z8bhc   13m   81Mi   
websocket-server-5d44fc8b6-z9n52   31m   26Mi   
1783196920
websocket-loadgen-qmhsb            48m   34Mi   
websocket-server-5d44fc8b6-9x2v4   9m    28Mi   
websocket-server-5d44fc8b6-kz7rk   29m   27Mi   
websocket-server-5d44fc8b6-l9lk9   4m    26Mi   
websocket-server-5d44fc8b6-lv76p   19m   28Mi   
websocket-server-5d44fc8b6-np5l9   14m   80Mi   
websocket-server-5d44fc8b6-pc4w4   13m   27Mi   
websocket-server-5d44fc8b6-xmqc9   24m   27Mi   
websocket-server-5d44fc8b6-z8bhc   13m   81Mi   
websocket-server-5d44fc8b6-z9n52   31m   26Mi   
1783196925
websocket-loadgen-qmhsb            48m   34Mi   
websocket-server-5d44fc8b6-9x2v4   9m    28Mi   
websocket-server-5d44fc8b6-kz7rk   29m   27Mi   
websocket-server-5d44fc8b6-l9lk9   4m    26Mi   
websocket-server-5d44fc8b6-lv76p   19m   28Mi   
websocket-server-5d44fc8b6-np5l9   14m   80Mi   
websocket-server-5d44fc8b6-pc4w4   13m   27Mi   
websocket-server-5d44fc8b6-xmqc9   24m   27Mi   
websocket-server-5d44fc8b6-z8bhc   13m   81Mi   
websocket-server-5d44fc8b6-z9n52   31m   26Mi   
1783196930
websocket-loadgen-qmhsb            71m   44Mi   
websocket-server-5d44fc8b6-9x2v4   45m   29Mi   
websocket-server-5d44fc8b6-kz7rk   29m   27Mi   
websocket-server-5d44fc8b6-l9lk9   44m   27Mi   
websocket-server-5d44fc8b6-lv76p   40m   28Mi   
websocket-server-5d44fc8b6-np5l9   67m   83Mi   
websocket-server-5d44fc8b6-pc4w4   40m   27Mi   
websocket-server-5d44fc8b6-xmqc9   34m   27Mi   
websocket-server-5d44fc8b6-z8bhc   53m   82Mi   
websocket-server-5d44fc8b6-z9n52   39m   26Mi   
1783196935
websocket-loadgen-qmhsb            71m   44Mi   
websocket-server-5d44fc8b6-9x2v4   45m   29Mi   
websocket-server-5d44fc8b6-kz7rk   29m   27Mi   
websocket-server-5d44fc8b6-l9lk9   44m   27Mi   
websocket-server-5d44fc8b6-lv76p   40m   28Mi   
websocket-server-5d44fc8b6-np5l9   67m   83Mi   
websocket-server-5d44fc8b6-pc4w4   40m   27Mi   
websocket-server-5d44fc8b6-xmqc9   34m   27Mi   
websocket-server-5d44fc8b6-z8bhc   53m   82Mi   
websocket-server-5d44fc8b6-z9n52   39m   26Mi   
1783196940
websocket-loadgen-qmhsb            71m   44Mi   
websocket-server-5d44fc8b6-9x2v4   45m   29Mi   
websocket-server-5d44fc8b6-kz7rk   29m   27Mi   
websocket-server-5d44fc8b6-l9lk9   44m   27Mi   
websocket-server-5d44fc8b6-lv76p   40m   28Mi   
websocket-server-5d44fc8b6-np5l9   67m   83Mi   
websocket-server-5d44fc8b6-pc4w4   40m   27Mi   
websocket-server-5d44fc8b6-xmqc9   34m   27Mi   
websocket-server-5d44fc8b6-z8bhc   53m   82Mi   
websocket-server-5d44fc8b6-z9n52   39m   26Mi   
1783196945
websocket-loadgen-qmhsb            89m    50Mi   
websocket-server-5d44fc8b6-np5l9   189m   86Mi   
websocket-server-5d44fc8b6-z8bhc   179m   86Mi   
1783196950
websocket-loadgen-qmhsb            89m    50Mi   
websocket-server-5d44fc8b6-np5l9   189m   86Mi   
websocket-server-5d44fc8b6-z8bhc   179m   86Mi   
1783196956
websocket-loadgen-qmhsb            89m    50Mi   
websocket-server-5d44fc8b6-np5l9   189m   86Mi   
websocket-server-5d44fc8b6-z8bhc   179m   86Mi   
1783196961
websocket-loadgen-qmhsb            129m   67Mi   
websocket-server-5d44fc8b6-np5l9   341m   90Mi   
websocket-server-5d44fc8b6-z8bhc   441m   94Mi   
1783196966
websocket-loadgen-qmhsb            129m   67Mi   
websocket-server-5d44fc8b6-np5l9   341m   90Mi   
websocket-server-5d44fc8b6-z8bhc   441m   94Mi   
1783196971
websocket-loadgen-qmhsb            129m   67Mi   
websocket-server-5d44fc8b6-np5l9   341m   90Mi   
websocket-server-5d44fc8b6-z8bhc   441m   94Mi   
1783196976
websocket-loadgen-qmhsb            107m   76Mi   
websocket-server-5d44fc8b6-4rntc   90m    27Mi   
websocket-server-5d44fc8b6-np5l9   484m   92Mi   
websocket-server-5d44fc8b6-z8bhc   500m   94Mi   
1783196981
websocket-server-5d44fc8b6-4rntc   90m    27Mi   
websocket-server-5d44fc8b6-np5l9   484m   92Mi   
websocket-server-5d44fc8b6-z8bhc   500m   94Mi   
1783196987
websocket-server-5d44fc8b6-4rntc   90m    27Mi   
websocket-server-5d44fc8b6-np5l9   484m   92Mi   
websocket-server-5d44fc8b6-z8bhc   500m   94Mi   
1783196992
websocket-server-5d44fc8b6-4bszw   72m    26Mi   
websocket-server-5d44fc8b6-4rntc   52m    28Mi   
websocket-server-5d44fc8b6-np5l9   413m   92Mi   
websocket-server-5d44fc8b6-tf4ds   59m    27Mi   
websocket-server-5d44fc8b6-z8bhc   477m   95Mi   
websocket-server-5d44fc8b6-zm7d6   41m    26Mi   
1783196997
websocket-server-5d44fc8b6-4bszw   72m    26Mi   
websocket-server-5d44fc8b6-4rntc   52m    28Mi   
websocket-server-5d44fc8b6-np5l9   413m   92Mi   
websocket-server-5d44fc8b6-tf4ds   59m    27Mi   
websocket-server-5d44fc8b6-z8bhc   477m   95Mi   
websocket-server-5d44fc8b6-zm7d6   41m    26Mi   
1783197002
websocket-server-5d44fc8b6-4bszw   72m    26Mi   
websocket-server-5d44fc8b6-4rntc   52m    28Mi   
websocket-server-5d44fc8b6-np5l9   413m   92Mi   
websocket-server-5d44fc8b6-tf4ds   59m    27Mi   
websocket-server-5d44fc8b6-z8bhc   477m   95Mi   
websocket-server-5d44fc8b6-zm7d6   41m    26Mi   
1783197007
websocket-server-5d44fc8b6-4bszw   0m    26Mi   
websocket-server-5d44fc8b6-4rntc   0m    28Mi   
websocket-server-5d44fc8b6-6qg5c   32m   25Mi   
websocket-server-5d44fc8b6-bzs6p   0m    25Mi   
websocket-server-5d44fc8b6-gngkf   59m   25Mi   
websocket-server-5d44fc8b6-np5l9   1m    92Mi   
websocket-server-5d44fc8b6-tf4ds   18m   27Mi   
websocket-server-5d44fc8b6-z8bhc   0m    95Mi   
websocket-server-5d44fc8b6-zm7d6   0m    26Mi   
1783197012
websocket-server-5d44fc8b6-4bszw   0m    26Mi   
websocket-server-5d44fc8b6-4rntc   0m    28Mi   
websocket-server-5d44fc8b6-6qg5c   32m   25Mi   
websocket-server-5d44fc8b6-bzs6p   0m    25Mi   
websocket-server-5d44fc8b6-gngkf   59m   25Mi   
websocket-server-5d44fc8b6-np5l9   1m    92Mi   
websocket-server-5d44fc8b6-tf4ds   18m   27Mi   
websocket-server-5d44fc8b6-z8bhc   0m    95Mi   
websocket-server-5d44fc8b6-zm7d6   0m    26Mi   
1783197017
websocket-server-5d44fc8b6-4bszw   0m    26Mi   
websocket-server-5d44fc8b6-4rntc   0m    28Mi   
websocket-server-5d44fc8b6-6qg5c   32m   25Mi   
websocket-server-5d44fc8b6-bzs6p   0m    25Mi   
websocket-server-5d44fc8b6-gngkf   59m   25Mi   
websocket-server-5d44fc8b6-np5l9   1m    92Mi   
websocket-server-5d44fc8b6-tf4ds   18m   27Mi   
websocket-server-5d44fc8b6-z8bhc   0m    95Mi   
websocket-server-5d44fc8b6-zm7d6   0m    26Mi   
1783197023
websocket-server-5d44fc8b6-4bszw   0m    26Mi   
websocket-server-5d44fc8b6-4rntc   0m    28Mi   
websocket-server-5d44fc8b6-6qg5c   0m    25Mi   
websocket-server-5d44fc8b6-bzs6p   0m    25Mi   
websocket-server-5d44fc8b6-gngkf   0m    25Mi   
websocket-server-5d44fc8b6-np5l9   1m    92Mi   
websocket-server-5d44fc8b6-tf4ds   0m    27Mi   
websocket-server-5d44fc8b6-z8bhc   0m    95Mi   
websocket-server-5d44fc8b6-zm7d6   0m    26Mi   
1783197028
websocket-server-5d44fc8b6-4bszw   0m    26Mi   
websocket-server-5d44fc8b6-4rntc   0m    28Mi   
websocket-server-5d44fc8b6-6qg5c   0m    25Mi   
websocket-server-5d44fc8b6-bzs6p   0m    25Mi   
websocket-server-5d44fc8b6-gngkf   0m    25Mi   
websocket-server-5d44fc8b6-np5l9   1m    92Mi   
websocket-server-5d44fc8b6-tf4ds   0m    27Mi   
websocket-server-5d44fc8b6-z8bhc   0m    95Mi   
websocket-server-5d44fc8b6-zm7d6   0m    26Mi   
1783197033
websocket-server-5d44fc8b6-4bszw   0m    26Mi   
websocket-server-5d44fc8b6-4rntc   0m    28Mi   
websocket-server-5d44fc8b6-6qg5c   0m    25Mi   
websocket-server-5d44fc8b6-bzs6p   0m    25Mi   
websocket-server-5d44fc8b6-gngkf   0m    25Mi   
websocket-server-5d44fc8b6-np5l9   1m    92Mi   
websocket-server-5d44fc8b6-tf4ds   0m    27Mi   
websocket-server-5d44fc8b6-z8bhc   0m    95Mi   
websocket-server-5d44fc8b6-zm7d6   0m    26Mi   
1783197038
websocket-server-5d44fc8b6-4bszw   0m    26Mi   
websocket-server-5d44fc8b6-4rntc   0m    28Mi   
websocket-server-5d44fc8b6-6qg5c   0m    25Mi   
websocket-server-5d44fc8b6-bzs6p   0m    25Mi   
websocket-server-5d44fc8b6-gngkf   0m    25Mi   
websocket-server-5d44fc8b6-np5l9   1m    92Mi   
websocket-server-5d44fc8b6-tf4ds   0m    27Mi   
websocket-server-5d44fc8b6-z8bhc   0m    95Mi   
websocket-server-5d44fc8b6-zm7d6   0m    26Mi   
1783197043
websocket-server-5d44fc8b6-4bszw   0m    26Mi   
websocket-server-5d44fc8b6-4rntc   0m    28Mi   
websocket-server-5d44fc8b6-6qg5c   0m    25Mi   
websocket-server-5d44fc8b6-bzs6p   0m    25Mi   
websocket-server-5d44fc8b6-gngkf   0m    25Mi   
websocket-server-5d44fc8b6-np5l9   1m    92Mi   
websocket-server-5d44fc8b6-tf4ds   0m    27Mi   
websocket-server-5d44fc8b6-z8bhc   0m    95Mi   
websocket-server-5d44fc8b6-zm7d6   0m    26Mi   
1783197048
websocket-server-5d44fc8b6-4bszw   0m    26Mi   
websocket-server-5d44fc8b6-4rntc   0m    28Mi   
websocket-server-5d44fc8b6-6qg5c   0m    25Mi   
websocket-server-5d44fc8b6-bzs6p   6m    26Mi   
websocket-server-5d44fc8b6-gngkf   1m    25Mi   
websocket-server-5d44fc8b6-np5l9   2m    92Mi   
websocket-server-5d44fc8b6-tf4ds   3m    27Mi   
websocket-server-5d44fc8b6-z8bhc   3m    95Mi   
websocket-server-5d44fc8b6-zm7d6   0m    26Mi   
1783197053
websocket-server-5d44fc8b6-4bszw   0m    26Mi   
websocket-server-5d44fc8b6-4rntc   0m    28Mi   
websocket-server-5d44fc8b6-6qg5c   0m    25Mi   
websocket-server-5d44fc8b6-bzs6p   6m    26Mi   
websocket-server-5d44fc8b6-gngkf   1m    25Mi   
websocket-server-5d44fc8b6-np5l9   2m    92Mi   
websocket-server-5d44fc8b6-tf4ds   3m    27Mi   
websocket-server-5d44fc8b6-z8bhc   3m    95Mi   
websocket-server-5d44fc8b6-zm7d6   0m    26Mi   
1783197058
websocket-server-5d44fc8b6-4bszw   0m    26Mi   
websocket-server-5d44fc8b6-4rntc   0m    28Mi   
websocket-server-5d44fc8b6-6qg5c   0m    25Mi   
websocket-server-5d44fc8b6-bzs6p   6m    26Mi   
websocket-server-5d44fc8b6-gngkf   1m    25Mi   
websocket-server-5d44fc8b6-np5l9   2m    92Mi   
websocket-server-5d44fc8b6-tf4ds   3m    27Mi   
websocket-server-5d44fc8b6-z8bhc   3m    95Mi   
websocket-server-5d44fc8b6-zm7d6   0m    26Mi   
1783197063
websocket-loadgen-cbj9t            40m   34Mi   
websocket-server-5d44fc8b6-4bszw   14m   27Mi   
websocket-server-5d44fc8b6-4rntc   15m   29Mi   
websocket-server-5d44fc8b6-6qg5c   8m    26Mi   
websocket-server-5d44fc8b6-bzs6p   24m   27Mi   
websocket-server-5d44fc8b6-gngkf   13m   26Mi   
websocket-server-5d44fc8b6-np5l9   24m   92Mi   
websocket-server-5d44fc8b6-tf4ds   22m   29Mi   
websocket-server-5d44fc8b6-z8bhc   16m   95Mi   
websocket-server-5d44fc8b6-zm7d6   12m   27Mi   
1783197068
websocket-loadgen-cbj9t            40m   34Mi   
websocket-server-5d44fc8b6-4bszw   14m   27Mi   
websocket-server-5d44fc8b6-4rntc   15m   29Mi   
websocket-server-5d44fc8b6-6qg5c   8m    26Mi   
websocket-server-5d44fc8b6-bzs6p   24m   27Mi   
websocket-server-5d44fc8b6-gngkf   13m   26Mi   
websocket-server-5d44fc8b6-np5l9   24m   92Mi   
websocket-server-5d44fc8b6-tf4ds   22m   29Mi   
websocket-server-5d44fc8b6-z8bhc   16m   95Mi   
websocket-server-5d44fc8b6-zm7d6   12m   27Mi   
1783197074
websocket-loadgen-cbj9t            40m   34Mi   
websocket-server-5d44fc8b6-4bszw   14m   27Mi   
websocket-server-5d44fc8b6-4rntc   15m   29Mi   
websocket-server-5d44fc8b6-6qg5c   8m    26Mi   
websocket-server-5d44fc8b6-bzs6p   24m   27Mi   
websocket-server-5d44fc8b6-gngkf   13m   26Mi   
websocket-server-5d44fc8b6-np5l9   24m   92Mi   
websocket-server-5d44fc8b6-tf4ds   22m   29Mi   
websocket-server-5d44fc8b6-z8bhc   16m   95Mi   
websocket-server-5d44fc8b6-zm7d6   12m   27Mi   
1783197079
websocket-loadgen-cbj9t            55m   44Mi   
websocket-server-5d44fc8b6-4bszw   33m   27Mi   
websocket-server-5d44fc8b6-4rntc   34m   29Mi   
websocket-server-5d44fc8b6-6qg5c   26m   26Mi   
websocket-server-5d44fc8b6-bzs6p   35m   27Mi   
websocket-server-5d44fc8b6-gngkf   32m   26Mi   
websocket-server-5d44fc8b6-np5l9   71m   93Mi   
websocket-server-5d44fc8b6-tf4ds   35m   28Mi   
websocket-server-5d44fc8b6-z8bhc   57m   96Mi   
websocket-server-5d44fc8b6-zm7d6   40m   27Mi   
1783197084
websocket-loadgen-cbj9t            55m   44Mi   
websocket-server-5d44fc8b6-4bszw   33m   27Mi   
websocket-server-5d44fc8b6-4rntc   34m   29Mi   
websocket-server-5d44fc8b6-6qg5c   26m   26Mi   
websocket-server-5d44fc8b6-bzs6p   35m   27Mi   
websocket-server-5d44fc8b6-gngkf   32m   26Mi   
websocket-server-5d44fc8b6-np5l9   71m   93Mi   
websocket-server-5d44fc8b6-tf4ds   35m   28Mi   
websocket-server-5d44fc8b6-z8bhc   57m   96Mi   
websocket-server-5d44fc8b6-zm7d6   40m   27Mi   
1783197089
websocket-loadgen-cbj9t            55m   44Mi   
websocket-server-5d44fc8b6-4bszw   33m   27Mi   
websocket-server-5d44fc8b6-4rntc   34m   29Mi   
websocket-server-5d44fc8b6-6qg5c   26m   26Mi   
websocket-server-5d44fc8b6-bzs6p   35m   27Mi   
websocket-server-5d44fc8b6-gngkf   32m   26Mi   
websocket-server-5d44fc8b6-np5l9   71m   93Mi   
websocket-server-5d44fc8b6-tf4ds   35m   28Mi   
websocket-server-5d44fc8b6-z8bhc   57m   96Mi   
websocket-server-5d44fc8b6-zm7d6   40m   27Mi   
1783197094
websocket-loadgen-cbj9t            55m    44Mi   
websocket-server-5d44fc8b6-np5l9   184m   94Mi   
websocket-server-5d44fc8b6-z8bhc   193m   96Mi   
1783197099
websocket-loadgen-cbj9t            55m    44Mi   
websocket-server-5d44fc8b6-np5l9   184m   94Mi   
websocket-server-5d44fc8b6-z8bhc   193m   96Mi   
1783197104
websocket-loadgen-cbj9t            55m    44Mi   
websocket-server-5d44fc8b6-np5l9   184m   94Mi   
websocket-server-5d44fc8b6-z8bhc   193m   96Mi   
1783197109
websocket-loadgen-cbj9t            107m   69Mi   
websocket-server-5d44fc8b6-np5l9   367m   94Mi   
websocket-server-5d44fc8b6-z8bhc   415m   98Mi   
1783197115
websocket-loadgen-cbj9t            107m   69Mi   
websocket-server-5d44fc8b6-np5l9   367m   94Mi   
websocket-server-5d44fc8b6-z8bhc   415m   98Mi   
1783197120
websocket-loadgen-cbj9t            107m   69Mi   
websocket-server-5d44fc8b6-np5l9   367m   94Mi   
websocket-server-5d44fc8b6-z8bhc   415m   98Mi   
1783197125
websocket-loadgen-cbj9t            107m   69Mi   
websocket-server-5d44fc8b6-np5l9   501m   94Mi   
websocket-server-5d44fc8b6-z8bhc   415m   98Mi   
1783197130
websocket-server-5d44fc8b6-np5l9   501m   94Mi   
websocket-server-5d44fc8b6-z8bhc   415m   98Mi   
1783197135
websocket-server-5d44fc8b6-np5l9   501m   94Mi   
websocket-server-5d44fc8b6-z8bhc   415m   98Mi   
1783197140
websocket-server-5d44fc8b6-5km2k   35m    27Mi   
websocket-server-5d44fc8b6-fwbpw   74m    26Mi   
websocket-server-5d44fc8b6-np5l9   491m   95Mi   
websocket-server-5d44fc8b6-z8bhc   498m   98Mi   
1783197145
websocket-server-5d44fc8b6-5km2k   35m    27Mi   
websocket-server-5d44fc8b6-fwbpw   74m    26Mi   
websocket-server-5d44fc8b6-np5l9   491m   95Mi   
websocket-server-5d44fc8b6-z8bhc   498m   98Mi   
1783197151
websocket-server-5d44fc8b6-5km2k   35m    27Mi   
websocket-server-5d44fc8b6-fwbpw   74m    26Mi   
websocket-server-5d44fc8b6-np5l9   491m   95Mi   
websocket-server-5d44fc8b6-z8bhc   498m   98Mi   
1783197156
websocket-server-5d44fc8b6-5km2k   0m     27Mi   
websocket-server-5d44fc8b6-dqljt   0m     25Mi   
websocket-server-5d44fc8b6-fdqb8   0m     25Mi   
websocket-server-5d44fc8b6-fwbpw   0m     26Mi   
websocket-server-5d44fc8b6-jdhw4   25m    27Mi   
websocket-server-5d44fc8b6-np5l9   1m     95Mi   
websocket-server-5d44fc8b6-z8bhc   102m   98Mi   
1783197161
websocket-server-5d44fc8b6-5km2k   0m     27Mi   
websocket-server-5d44fc8b6-dqljt   0m     25Mi   
websocket-server-5d44fc8b6-fdqb8   0m     25Mi   
websocket-server-5d44fc8b6-fwbpw   0m     26Mi   
websocket-server-5d44fc8b6-jdhw4   25m    27Mi   
websocket-server-5d44fc8b6-np5l9   1m     95Mi   
websocket-server-5d44fc8b6-z8bhc   102m   98Mi   
1783197166
websocket-server-5d44fc8b6-5km2k   0m     27Mi   
websocket-server-5d44fc8b6-dqljt   0m     25Mi   
websocket-server-5d44fc8b6-fdqb8   0m     25Mi   
websocket-server-5d44fc8b6-fwbpw   0m     26Mi   
websocket-server-5d44fc8b6-jdhw4   25m    27Mi   
websocket-server-5d44fc8b6-np5l9   1m     95Mi   
websocket-server-5d44fc8b6-z8bhc   102m   98Mi   
1783197171
websocket-server-5d44fc8b6-5km2k   0m     27Mi   
websocket-server-5d44fc8b6-7m46x   50m    25Mi   
websocket-server-5d44fc8b6-dqljt   0m     25Mi   
websocket-server-5d44fc8b6-fdqb8   0m     25Mi   
websocket-server-5d44fc8b6-fwbpw   0m     26Mi   
websocket-server-5d44fc8b6-jdhw4   0m     27Mi   
websocket-server-5d44fc8b6-np5l9   1m     95Mi   
websocket-server-5d44fc8b6-z8bhc   102m   98Mi   
1783197176
websocket-server-5d44fc8b6-5km2k   0m     27Mi   
websocket-server-5d44fc8b6-7m46x   50m    25Mi   
websocket-server-5d44fc8b6-dqljt   0m     25Mi   
websocket-server-5d44fc8b6-fdqb8   0m     25Mi   
websocket-server-5d44fc8b6-fwbpw   0m     26Mi   
websocket-server-5d44fc8b6-jdhw4   0m     27Mi   
websocket-server-5d44fc8b6-np5l9   1m     95Mi   
websocket-server-5d44fc8b6-z8bhc   102m   98Mi   
1783197181
websocket-server-5d44fc8b6-5km2k   0m     27Mi   
websocket-server-5d44fc8b6-7m46x   50m    25Mi   
websocket-server-5d44fc8b6-dqljt   0m     25Mi   
websocket-server-5d44fc8b6-fdqb8   0m     25Mi   
websocket-server-5d44fc8b6-fwbpw   0m     26Mi   
websocket-server-5d44fc8b6-jdhw4   0m     27Mi   
websocket-server-5d44fc8b6-np5l9   1m     95Mi   
websocket-server-5d44fc8b6-z8bhc   102m   98Mi   
1783197186
websocket-server-5d44fc8b6-5km2k   0m    27Mi   
websocket-server-5d44fc8b6-7m46x   0m    25Mi   
websocket-server-5d44fc8b6-dqljt   0m    25Mi   
websocket-server-5d44fc8b6-fdqb8   0m    25Mi   
websocket-server-5d44fc8b6-fwbpw   0m    26Mi   
websocket-server-5d44fc8b6-jdhw4   0m    27Mi   
websocket-server-5d44fc8b6-np5l9   1m    95Mi   
websocket-server-5d44fc8b6-xgm2g   0m    25Mi   
websocket-server-5d44fc8b6-z8bhc   0m    98Mi   
1783197192
websocket-server-5d44fc8b6-5km2k   0m    27Mi   
websocket-server-5d44fc8b6-7m46x   0m    25Mi   
websocket-server-5d44fc8b6-dqljt   0m    25Mi   
websocket-server-5d44fc8b6-fdqb8   0m    25Mi   
websocket-server-5d44fc8b6-fwbpw   0m    26Mi   
websocket-server-5d44fc8b6-jdhw4   0m    27Mi   
websocket-server-5d44fc8b6-np5l9   1m    95Mi   
websocket-server-5d44fc8b6-xgm2g   0m    25Mi   
websocket-server-5d44fc8b6-z8bhc   0m    98Mi   
1783197197
websocket-server-5d44fc8b6-5km2k   0m    27Mi   
websocket-server-5d44fc8b6-7m46x   0m    25Mi   
websocket-server-5d44fc8b6-dqljt   0m    25Mi   
websocket-server-5d44fc8b6-fdqb8   0m    25Mi   
websocket-server-5d44fc8b6-fwbpw   0m    26Mi   
websocket-server-5d44fc8b6-jdhw4   0m    27Mi   
websocket-server-5d44fc8b6-np5l9   1m    95Mi   
websocket-server-5d44fc8b6-xgm2g   0m    25Mi   
websocket-server-5d44fc8b6-z8bhc   0m    98Mi   
1783197202
websocket-server-5d44fc8b6-5km2k   0m    27Mi   
websocket-server-5d44fc8b6-7m46x   0m    25Mi   
websocket-server-5d44fc8b6-dqljt   0m    25Mi   
websocket-server-5d44fc8b6-fdqb8   0m    25Mi   
websocket-server-5d44fc8b6-fwbpw   0m    26Mi   
websocket-server-5d44fc8b6-jdhw4   0m    27Mi   
websocket-server-5d44fc8b6-np5l9   1m    95Mi   
websocket-server-5d44fc8b6-xgm2g   0m    25Mi   
websocket-server-5d44fc8b6-z8bhc   0m    98Mi   
1783197207
websocket-server-5d44fc8b6-5km2k   0m    27Mi   
websocket-server-5d44fc8b6-7m46x   0m    25Mi   
websocket-server-5d44fc8b6-dqljt   0m    25Mi   
websocket-server-5d44fc8b6-fdqb8   0m    25Mi   
websocket-server-5d44fc8b6-fwbpw   0m    26Mi   
websocket-server-5d44fc8b6-jdhw4   0m    27Mi   
websocket-server-5d44fc8b6-np5l9   1m    95Mi   
websocket-server-5d44fc8b6-xgm2g   0m    25Mi   
websocket-server-5d44fc8b6-z8bhc   0m    98Mi   
1783197212
websocket-server-5d44fc8b6-5km2k   0m    27Mi   
websocket-server-5d44fc8b6-7m46x   0m    25Mi   
websocket-server-5d44fc8b6-dqljt   0m    25Mi   
websocket-server-5d44fc8b6-fdqb8   0m    25Mi   
websocket-server-5d44fc8b6-fwbpw   0m    26Mi   
websocket-server-5d44fc8b6-jdhw4   0m    27Mi   
websocket-server-5d44fc8b6-np5l9   1m    95Mi   
websocket-server-5d44fc8b6-xgm2g   0m    25Mi   
websocket-server-5d44fc8b6-z8bhc   0m    98Mi   
1783197217
websocket-server-5d44fc8b6-5km2k   0m    27Mi   
websocket-server-5d44fc8b6-7m46x   0m    25Mi   
websocket-server-5d44fc8b6-dqljt   0m    25Mi   
websocket-server-5d44fc8b6-fdqb8   0m    25Mi   
websocket-server-5d44fc8b6-fwbpw   0m    26Mi   
websocket-server-5d44fc8b6-jdhw4   0m    27Mi   
websocket-server-5d44fc8b6-np5l9   1m    95Mi   
websocket-server-5d44fc8b6-xgm2g   0m    25Mi   
websocket-server-5d44fc8b6-z8bhc   0m    98Mi   
1783197222
websocket-server-5d44fc8b6-5km2k   0m    27Mi   
websocket-server-5d44fc8b6-7m46x   0m    25Mi   
websocket-server-5d44fc8b6-dqljt   0m    25Mi   
websocket-server-5d44fc8b6-fdqb8   0m    25Mi   
websocket-server-5d44fc8b6-fwbpw   0m    26Mi   
websocket-server-5d44fc8b6-jdhw4   0m    27Mi   
websocket-server-5d44fc8b6-np5l9   1m    95Mi   
websocket-server-5d44fc8b6-xgm2g   0m    25Mi   
websocket-server-5d44fc8b6-z8bhc   0m    98Mi   
1783197227
websocket-server-5d44fc8b6-5km2k   0m    27Mi   
websocket-server-5d44fc8b6-7m46x   0m    25Mi   
websocket-server-5d44fc8b6-dqljt   0m    25Mi   
websocket-server-5d44fc8b6-fdqb8   0m    25Mi   
websocket-server-5d44fc8b6-fwbpw   0m    26Mi   
websocket-server-5d44fc8b6-jdhw4   0m    27Mi   
websocket-server-5d44fc8b6-np5l9   1m    95Mi   
websocket-server-5d44fc8b6-xgm2g   0m    25Mi   
websocket-server-5d44fc8b6-z8bhc   0m    98Mi   
1783197233
websocket-server-5d44fc8b6-5km2k   0m    27Mi   
websocket-server-5d44fc8b6-7m46x   0m    25Mi   
websocket-server-5d44fc8b6-dqljt   0m    25Mi   
websocket-server-5d44fc8b6-fdqb8   0m    25Mi   
websocket-server-5d44fc8b6-fwbpw   0m    26Mi   
websocket-server-5d44fc8b6-jdhw4   0m    27Mi   
websocket-server-5d44fc8b6-np5l9   1m    95Mi   
websocket-server-5d44fc8b6-xgm2g   0m    25Mi   
websocket-server-5d44fc8b6-z8bhc   0m    98Mi   
1783197238
websocket-server-5d44fc8b6-5km2k   0m    27Mi   
websocket-server-5d44fc8b6-7m46x   0m    25Mi   
websocket-server-5d44fc8b6-dqljt   0m    25Mi   
websocket-server-5d44fc8b6-fdqb8   0m    25Mi   
websocket-server-5d44fc8b6-fwbpw   0m    26Mi   
websocket-server-5d44fc8b6-jdhw4   0m    27Mi   
websocket-server-5d44fc8b6-np5l9   1m    95Mi   
websocket-server-5d44fc8b6-xgm2g   0m    25Mi   
websocket-server-5d44fc8b6-z8bhc   0m    98Mi   
1783197243
websocket-server-5d44fc8b6-5km2k   0m    27Mi   
websocket-server-5d44fc8b6-fdqb8   0m    25Mi   
websocket-server-5d44fc8b6-jdhw4   0m    27Mi   
websocket-server-5d44fc8b6-np5l9   1m    95Mi   
websocket-server-5d44fc8b6-z8bhc   0m    98Mi   
1783197248
websocket-server-5d44fc8b6-5km2k   0m    27Mi   
websocket-server-5d44fc8b6-fdqb8   0m    25Mi   
websocket-server-5d44fc8b6-jdhw4   0m    27Mi   
websocket-server-5d44fc8b6-np5l9   1m    95Mi   
websocket-server-5d44fc8b6-z8bhc   0m    98Mi   
1783197253
websocket-server-5d44fc8b6-5km2k   0m    27Mi   
websocket-server-5d44fc8b6-fdqb8   0m    25Mi   
websocket-server-5d44fc8b6-jdhw4   0m    27Mi   
websocket-server-5d44fc8b6-np5l9   1m    95Mi   
websocket-server-5d44fc8b6-z8bhc   0m    98Mi   
1783197258
websocket-server-5d44fc8b6-jdhw4   0m    27Mi   
websocket-server-5d44fc8b6-np5l9   1m    93Mi   
websocket-server-5d44fc8b6-z8bhc   0m    96Mi   
1783197263
websocket-server-5d44fc8b6-jdhw4   0m    27Mi   
websocket-server-5d44fc8b6-np5l9   1m    93Mi   
websocket-server-5d44fc8b6-z8bhc   0m    96Mi   
1783197268
websocket-server-5d44fc8b6-jdhw4   0m    27Mi   
websocket-server-5d44fc8b6-np5l9   1m    93Mi   
websocket-server-5d44fc8b6-z8bhc   0m    96Mi   
1783197274
websocket-server-5d44fc8b6-np5l9   1m    93Mi   
websocket-server-5d44fc8b6-z8bhc   0m    96Mi   
