1781206897
websocket-server-8585946c55-7h9jz   17m   27Mi   
websocket-server-8585946c55-gkdhl   22m   27Mi   
1781206902
websocket-server-8585946c55-7h9jz   17m   27Mi   
websocket-server-8585946c55-gkdhl   22m   27Mi   
1781206907
websocket-server-8585946c55-7h9jz   17m   27Mi   
websocket-server-8585946c55-gkdhl   22m   27Mi   
1781206912
websocket-server-8585946c55-7h9jz   1m    27Mi   
websocket-server-8585946c55-gkdhl   1m    27Mi   
1781206917
websocket-server-8585946c55-7h9jz   1m    27Mi   
websocket-server-8585946c55-gkdhl   1m    27Mi   
1781206922
websocket-server-8585946c55-7h9jz   1m    27Mi   
websocket-server-8585946c55-gkdhl   1m    27Mi   
1781206927
websocket-server-8585946c55-7h9jz   6m    28Mi   
websocket-server-8585946c55-gkdhl   2m    28Mi   
1781206932
websocket-server-8585946c55-7h9jz   6m    28Mi   
websocket-server-8585946c55-gkdhl   2m    28Mi   
1781206937
websocket-server-8585946c55-7h9jz   6m    28Mi   
websocket-server-8585946c55-gkdhl   2m    28Mi   
1781206942
websocket-server-8585946c55-7h9jz   36m   32Mi   
websocket-server-8585946c55-gkdhl   25m   31Mi   
1781206947
websocket-server-8585946c55-7h9jz   36m   32Mi   
websocket-server-8585946c55-gkdhl   25m   31Mi   
1781206952
websocket-server-8585946c55-7h9jz   36m   32Mi   
websocket-server-8585946c55-gkdhl   25m   31Mi   
1781206957
websocket-server-8585946c55-7h9jz   76m   38Mi   
websocket-server-8585946c55-gkdhl   60m   34Mi   
1781206962
websocket-server-8585946c55-7h9jz   76m   38Mi   
websocket-server-8585946c55-gkdhl   60m   34Mi   
1781206967
websocket-server-8585946c55-7h9jz   76m   38Mi   
websocket-server-8585946c55-gkdhl   60m   34Mi   
1781206973
websocket-server-8585946c55-7h9jz   76m    38Mi   
websocket-server-8585946c55-gkdhl   102m   41Mi   
1781206978
websocket-server-8585946c55-7h9jz   76m    38Mi   
websocket-server-8585946c55-gkdhl   102m   41Mi   
1781206983
websocket-server-8585946c55-7h9jz   76m    38Mi   
websocket-server-8585946c55-gkdhl   102m   41Mi   
1781206988
websocket-server-8585946c55-7h9jz   125m   42Mi   
websocket-server-8585946c55-gkdhl   139m   42Mi   
websocket-server-8585946c55-q4zjl   30m    29Mi   
1781206993
websocket-server-8585946c55-7h9jz   125m   42Mi   
websocket-server-8585946c55-gkdhl   139m   42Mi   
websocket-server-8585946c55-q4zjl   30m    29Mi   
1781206998
websocket-server-8585946c55-7h9jz   125m   42Mi   
websocket-server-8585946c55-gkdhl   139m   42Mi   
websocket-server-8585946c55-q4zjl   30m    29Mi   
1781207003
websocket-server-8585946c55-7h9jz   155m   45Mi   
websocket-server-8585946c55-gkdhl   159m   46Mi   
websocket-server-8585946c55-q4zjl   40m    32Mi   
1781207008
websocket-server-8585946c55-7h9jz   155m   45Mi   
websocket-server-8585946c55-gkdhl   159m   46Mi   
websocket-server-8585946c55-q4zjl   40m    32Mi   
1781207013
websocket-server-8585946c55-7h9jz   155m   45Mi   
websocket-server-8585946c55-gkdhl   159m   46Mi   
websocket-server-8585946c55-q4zjl   40m    32Mi   
1781207018
websocket-server-8585946c55-7h9jz   176m   47Mi   
websocket-server-8585946c55-gkdhl   176m   46Mi   
websocket-server-8585946c55-gv8b4   22m    28Mi   
websocket-server-8585946c55-j2tgm   7m     28Mi   
websocket-server-8585946c55-q4zjl   60m    33Mi   
1781207023
websocket-server-8585946c55-7h9jz   176m   47Mi   
websocket-server-8585946c55-gkdhl   176m   46Mi   
websocket-server-8585946c55-gv8b4   22m    28Mi   
websocket-server-8585946c55-j2tgm   7m     28Mi   
websocket-server-8585946c55-q4zjl   60m    33Mi   
1781207028
websocket-server-8585946c55-7h9jz   176m   47Mi   
websocket-server-8585946c55-gkdhl   176m   46Mi   
websocket-server-8585946c55-gv8b4   22m    28Mi   
websocket-server-8585946c55-j2tgm   7m     28Mi   
websocket-server-8585946c55-q4zjl   60m    33Mi   
1781207033
websocket-server-8585946c55-7h9jz   182m   47Mi   
websocket-server-8585946c55-bbm29   1m     27Mi   
websocket-server-8585946c55-gkdhl   181m   47Mi   
websocket-server-8585946c55-gv8b4   7m     28Mi   
websocket-server-8585946c55-j2tgm   7m     28Mi   
websocket-server-8585946c55-q4zjl   63m    34Mi   
1781207038
websocket-server-8585946c55-7h9jz   182m   47Mi   
websocket-server-8585946c55-bbm29   1m     27Mi   
websocket-server-8585946c55-gkdhl   181m   47Mi   
websocket-server-8585946c55-gv8b4   7m     28Mi   
websocket-server-8585946c55-j2tgm   7m     28Mi   
websocket-server-8585946c55-q4zjl   63m    34Mi   
1781207043
websocket-server-8585946c55-7h9jz   182m   47Mi   
websocket-server-8585946c55-bbm29   1m     27Mi   
websocket-server-8585946c55-gkdhl   181m   47Mi   
websocket-server-8585946c55-gv8b4   7m     28Mi   
websocket-server-8585946c55-j2tgm   7m     28Mi   
websocket-server-8585946c55-q4zjl   63m    34Mi   
1781207048
websocket-server-8585946c55-7h9jz   164m   47Mi   
websocket-server-8585946c55-bbm29   0m     27Mi   
websocket-server-8585946c55-gkdhl   114m   46Mi   
websocket-server-8585946c55-gv8b4   7m     28Mi   
websocket-server-8585946c55-j2tgm   7m     28Mi   
websocket-server-8585946c55-q4zjl   32m    33Mi   
websocket-server-8585946c55-q6tvt   18m    27Mi   
1781207053
websocket-server-8585946c55-7h9jz   164m   47Mi   
websocket-server-8585946c55-bbm29   0m     27Mi   
websocket-server-8585946c55-gkdhl   114m   46Mi   
websocket-server-8585946c55-gv8b4   7m     28Mi   
websocket-server-8585946c55-j2tgm   7m     28Mi   
websocket-server-8585946c55-q4zjl   32m    33Mi   
websocket-server-8585946c55-q6tvt   18m    27Mi   
1781207058
websocket-server-8585946c55-7h9jz   164m   47Mi   
websocket-server-8585946c55-bbm29   0m     27Mi   
websocket-server-8585946c55-gkdhl   114m   46Mi   
websocket-server-8585946c55-gv8b4   7m     28Mi   
websocket-server-8585946c55-j2tgm   7m     28Mi   
websocket-server-8585946c55-q4zjl   32m    33Mi   
websocket-server-8585946c55-q6tvt   18m    27Mi   
1781207063
websocket-server-8585946c55-7h9jz   5m    47Mi   
websocket-server-8585946c55-bbm29   1m    27Mi   
websocket-server-8585946c55-gkdhl   5m    47Mi   
websocket-server-8585946c55-gv8b4   1m    28Mi   
websocket-server-8585946c55-j2tgm   3m    28Mi   
websocket-server-8585946c55-q4zjl   2m    34Mi   
websocket-server-8585946c55-q6tvt   1m    27Mi   
1781207068
websocket-server-8585946c55-7h9jz   5m    47Mi   
websocket-server-8585946c55-bbm29   1m    27Mi   
websocket-server-8585946c55-gkdhl   5m    47Mi   
websocket-server-8585946c55-gv8b4   1m    28Mi   
websocket-server-8585946c55-j2tgm   3m    28Mi   
websocket-server-8585946c55-q4zjl   2m    34Mi   
websocket-server-8585946c55-q6tvt   1m    27Mi   
1781207073
websocket-server-8585946c55-7h9jz   5m    47Mi   
websocket-server-8585946c55-bbm29   1m    27Mi   
websocket-server-8585946c55-gkdhl   5m    47Mi   
websocket-server-8585946c55-gv8b4   1m    28Mi   
websocket-server-8585946c55-j2tgm   3m    28Mi   
websocket-server-8585946c55-q4zjl   2m    34Mi   
websocket-server-8585946c55-q6tvt   1m    27Mi   
1781207079
websocket-server-8585946c55-7h9jz   5m    47Mi   
websocket-server-8585946c55-bbm29   1m    27Mi   
websocket-server-8585946c55-gkdhl   5m    47Mi   
websocket-server-8585946c55-gv8b4   1m    28Mi   
websocket-server-8585946c55-j2tgm   1m    28Mi   
websocket-server-8585946c55-q4zjl   2m    33Mi   
websocket-server-8585946c55-q6tvt   1m    27Mi   
1781207084
websocket-server-8585946c55-7h9jz   5m    47Mi   
websocket-server-8585946c55-bbm29   1m    27Mi   
websocket-server-8585946c55-gkdhl   5m    47Mi   
websocket-server-8585946c55-gv8b4   1m    28Mi   
websocket-server-8585946c55-j2tgm   1m    28Mi   
websocket-server-8585946c55-q4zjl   2m    33Mi   
websocket-server-8585946c55-q6tvt   1m    27Mi   
1781207089
websocket-server-8585946c55-7h9jz   5m    47Mi   
websocket-server-8585946c55-bbm29   1m    27Mi   
websocket-server-8585946c55-gkdhl   5m    47Mi   
websocket-server-8585946c55-gv8b4   1m    28Mi   
websocket-server-8585946c55-j2tgm   1m    28Mi   
websocket-server-8585946c55-q4zjl   2m    33Mi   
websocket-server-8585946c55-q6tvt   1m    27Mi   
1781207094
websocket-server-8585946c55-7h9jz   5m    47Mi   
websocket-server-8585946c55-bbm29   0m    27Mi   
websocket-server-8585946c55-gkdhl   5m    46Mi   
websocket-server-8585946c55-gv8b4   1m    28Mi   
websocket-server-8585946c55-j2tgm   1m    28Mi   
websocket-server-8585946c55-q4zjl   2m    34Mi   
websocket-server-8585946c55-q6tvt   1m    27Mi   
