1781202915
websocket-server-8585946c55-26zgt   1m    27Mi   
websocket-server-8585946c55-bw888   16m   27Mi   
1781202920
websocket-server-8585946c55-26zgt   1m    27Mi   
websocket-server-8585946c55-bw888   1m    27Mi   
1781202925
websocket-server-8585946c55-26zgt   1m    27Mi   
websocket-server-8585946c55-bw888   1m    27Mi   
1781202930
websocket-server-8585946c55-26zgt   1m    27Mi   
websocket-server-8585946c55-bw888   1m    27Mi   
1781202935
websocket-server-8585946c55-26zgt   1m    27Mi   
websocket-server-8585946c55-bw888   1m    27Mi   
1781202940
websocket-server-8585946c55-26zgt   1m    27Mi   
websocket-server-8585946c55-bw888   1m    27Mi   
1781202945
websocket-server-8585946c55-26zgt   1m    27Mi   
websocket-server-8585946c55-bw888   1m    27Mi   
1781202950
websocket-server-8585946c55-26zgt   22m   31Mi   
websocket-server-8585946c55-bw888   18m   29Mi   
1781202955
websocket-server-8585946c55-26zgt   22m   31Mi   
websocket-server-8585946c55-bw888   18m   29Mi   
1781202960
websocket-server-8585946c55-26zgt   22m   31Mi   
websocket-server-8585946c55-bw888   18m   29Mi   
1781202965
websocket-server-8585946c55-26zgt   69m   36Mi   
websocket-server-8585946c55-bw888   52m   33Mi   
1781202971
websocket-server-8585946c55-26zgt   69m   36Mi   
websocket-server-8585946c55-bw888   52m   33Mi   
1781202976
websocket-server-8585946c55-26zgt   69m   36Mi   
websocket-server-8585946c55-bw888   52m   33Mi   
1781202981
websocket-server-8585946c55-26zgt   109m   40Mi   
websocket-server-8585946c55-bw888   93m    38Mi   
1781202986
websocket-server-8585946c55-26zgt   109m   40Mi   
websocket-server-8585946c55-bw888   93m    38Mi   
1781202991
websocket-server-8585946c55-26zgt   109m   40Mi   
websocket-server-8585946c55-bw888   93m    38Mi   
1781202996
websocket-server-8585946c55-26zgt   147m   44Mi   
websocket-server-8585946c55-bw888   133m   41Mi   
1781203001
websocket-server-8585946c55-26zgt   147m   44Mi   
websocket-server-8585946c55-bw888   133m   41Mi   
1781203006
websocket-server-8585946c55-26zgt   147m   44Mi   
websocket-server-8585946c55-bw888   133m   41Mi   
1781203011
websocket-server-8585946c55-26zgt   171m   46Mi   
websocket-server-8585946c55-4np2l   18m    29Mi   
websocket-server-8585946c55-bw888   154m   43Mi   
websocket-server-8585946c55-vldvq   18m    29Mi   
1781203016
websocket-server-8585946c55-26zgt   171m   46Mi   
websocket-server-8585946c55-4np2l   18m    29Mi   
websocket-server-8585946c55-bw888   154m   43Mi   
websocket-server-8585946c55-vldvq   18m    29Mi   
1781203021
websocket-server-8585946c55-26zgt   171m   46Mi   
websocket-server-8585946c55-4np2l   18m    29Mi   
websocket-server-8585946c55-bw888   154m   43Mi   
websocket-server-8585946c55-vldvq   18m    29Mi   
1781203026
websocket-server-8585946c55-26zgt   180m   47Mi   
websocket-server-8585946c55-4np2l   29m    30Mi   
websocket-server-8585946c55-bw888   165m   45Mi   
websocket-server-8585946c55-dmc9n   27m    28Mi   
websocket-server-8585946c55-vldvq   30m    31Mi   
1781203031
websocket-server-8585946c55-26zgt   180m   47Mi   
websocket-server-8585946c55-4np2l   29m    30Mi   
websocket-server-8585946c55-bw888   165m   45Mi   
websocket-server-8585946c55-dmc9n   27m    28Mi   
websocket-server-8585946c55-vldvq   30m    31Mi   
1781203036
websocket-server-8585946c55-26zgt   180m   47Mi   
websocket-server-8585946c55-4np2l   29m    30Mi   
websocket-server-8585946c55-bw888   165m   45Mi   
websocket-server-8585946c55-dmc9n   27m    28Mi   
websocket-server-8585946c55-vldvq   30m    31Mi   
1781203041
websocket-server-8585946c55-26zgt   190m   47Mi   
websocket-server-8585946c55-4np2l   34m    30Mi   
websocket-server-8585946c55-69xc6   24m    27Mi   
websocket-server-8585946c55-bw888   177m   45Mi   
websocket-server-8585946c55-dmc9n   17m    28Mi   
websocket-server-8585946c55-vldvq   35m    31Mi   
1781203046
websocket-server-8585946c55-26zgt   190m   47Mi   
websocket-server-8585946c55-4np2l   34m    30Mi   
websocket-server-8585946c55-69xc6   24m    27Mi   
websocket-server-8585946c55-bw888   177m   45Mi   
websocket-server-8585946c55-dmc9n   17m    28Mi   
websocket-server-8585946c55-vldvq   35m    31Mi   
1781203051
websocket-server-8585946c55-26zgt   190m   47Mi   
websocket-server-8585946c55-4np2l   34m    30Mi   
websocket-server-8585946c55-69xc6   24m    27Mi   
websocket-server-8585946c55-bw888   177m   45Mi   
websocket-server-8585946c55-dmc9n   17m    28Mi   
websocket-server-8585946c55-vldvq   35m    31Mi   
1781203056
websocket-server-8585946c55-26zgt   190m   47Mi   
websocket-server-8585946c55-4np2l   35m    30Mi   
websocket-server-8585946c55-69xc6   3m     28Mi   
websocket-server-8585946c55-6mvq7   1m     27Mi   
websocket-server-8585946c55-bw888   176m   46Mi   
websocket-server-8585946c55-dmc9n   16m    28Mi   
websocket-server-8585946c55-vldvq   35m    31Mi   
1781203061
websocket-server-8585946c55-26zgt   190m   47Mi   
websocket-server-8585946c55-4np2l   35m    30Mi   
websocket-server-8585946c55-69xc6   3m     28Mi   
websocket-server-8585946c55-6mvq7   1m     27Mi   
websocket-server-8585946c55-bw888   176m   46Mi   
websocket-server-8585946c55-dmc9n   16m    28Mi   
websocket-server-8585946c55-vldvq   35m    31Mi   
1781203066
websocket-server-8585946c55-26zgt   190m   47Mi   
websocket-server-8585946c55-4np2l   35m    30Mi   
websocket-server-8585946c55-69xc6   3m     28Mi   
websocket-server-8585946c55-6mvq7   1m     27Mi   
websocket-server-8585946c55-bw888   176m   46Mi   
websocket-server-8585946c55-dmc9n   16m    28Mi   
websocket-server-8585946c55-vldvq   35m    31Mi   
1781203071
websocket-server-8585946c55-26zgt   124m   47Mi   
websocket-server-8585946c55-4np2l   13m    30Mi   
websocket-server-8585946c55-69xc6   3m     28Mi   
websocket-server-8585946c55-6mvq7   1m     27Mi   
websocket-server-8585946c55-bw888   50m    45Mi   
websocket-server-8585946c55-dmc9n   9m     28Mi   
websocket-server-8585946c55-vldvq   5m     31Mi   
1781203077
websocket-server-8585946c55-26zgt   124m   47Mi   
websocket-server-8585946c55-4np2l   13m    30Mi   
websocket-server-8585946c55-69xc6   3m     28Mi   
websocket-server-8585946c55-6mvq7   1m     27Mi   
websocket-server-8585946c55-bw888   50m    45Mi   
websocket-server-8585946c55-dmc9n   9m     28Mi   
websocket-server-8585946c55-vldvq   5m     31Mi   
1781203082
websocket-server-8585946c55-26zgt   124m   47Mi   
websocket-server-8585946c55-4np2l   13m    30Mi   
websocket-server-8585946c55-69xc6   3m     28Mi   
websocket-server-8585946c55-6mvq7   1m     27Mi   
websocket-server-8585946c55-bw888   50m    45Mi   
websocket-server-8585946c55-dmc9n   9m     28Mi   
websocket-server-8585946c55-vldvq   5m     31Mi   
1781203087
websocket-server-8585946c55-26zgt   5m    47Mi   
websocket-server-8585946c55-4np2l   1m    30Mi   
websocket-server-8585946c55-69xc6   1m    28Mi   
websocket-server-8585946c55-6mvq7   1m    27Mi   
websocket-server-8585946c55-bw888   50m   45Mi   
websocket-server-8585946c55-dmc9n   1m    28Mi   
websocket-server-8585946c55-vldvq   2m    30Mi   
1781203092
websocket-server-8585946c55-26zgt   5m    47Mi   
websocket-server-8585946c55-4np2l   1m    30Mi   
websocket-server-8585946c55-69xc6   1m    28Mi   
websocket-server-8585946c55-6mvq7   1m    27Mi   
websocket-server-8585946c55-bw888   50m   45Mi   
websocket-server-8585946c55-dmc9n   1m    28Mi   
websocket-server-8585946c55-vldvq   2m    30Mi   
1781203097
websocket-server-8585946c55-26zgt   5m    47Mi   
websocket-server-8585946c55-4np2l   1m    30Mi   
websocket-server-8585946c55-69xc6   1m    28Mi   
websocket-server-8585946c55-6mvq7   1m    27Mi   
websocket-server-8585946c55-bw888   50m   45Mi   
websocket-server-8585946c55-dmc9n   1m    28Mi   
websocket-server-8585946c55-vldvq   2m    30Mi   
1781203102
websocket-server-8585946c55-26zgt   5m    47Mi   
websocket-server-8585946c55-4np2l   1m    30Mi   
websocket-server-8585946c55-69xc6   1m    28Mi   
websocket-server-8585946c55-6mvq7   1m    27Mi   
websocket-server-8585946c55-bw888   5m    45Mi   
websocket-server-8585946c55-dmc9n   1m    28Mi   
websocket-server-8585946c55-vldvq   1m    30Mi   
1781203107
websocket-server-8585946c55-26zgt   5m    47Mi   
websocket-server-8585946c55-4np2l   1m    30Mi   
websocket-server-8585946c55-69xc6   1m    28Mi   
websocket-server-8585946c55-6mvq7   1m    27Mi   
websocket-server-8585946c55-bw888   5m    45Mi   
websocket-server-8585946c55-dmc9n   1m    28Mi   
websocket-server-8585946c55-vldvq   1m    30Mi   
1781203112
websocket-server-8585946c55-26zgt   5m    47Mi   
websocket-server-8585946c55-4np2l   1m    30Mi   
websocket-server-8585946c55-69xc6   1m    28Mi   
websocket-server-8585946c55-6mvq7   1m    27Mi   
websocket-server-8585946c55-bw888   5m    45Mi   
websocket-server-8585946c55-dmc9n   1m    28Mi   
websocket-server-8585946c55-vldvq   1m    30Mi   
1781203117
websocket-server-8585946c55-26zgt   5m    47Mi   
websocket-server-8585946c55-4np2l   1m    30Mi   
websocket-server-8585946c55-69xc6   1m    28Mi   
websocket-server-8585946c55-6mvq7   1m    27Mi   
websocket-server-8585946c55-bw888   4m    45Mi   
websocket-server-8585946c55-dmc9n   1m    28Mi   
websocket-server-8585946c55-vldvq   1m    30Mi   
1781203122
websocket-server-8585946c55-26zgt   5m    47Mi   
websocket-server-8585946c55-4np2l   1m    30Mi   
websocket-server-8585946c55-69xc6   1m    28Mi   
websocket-server-8585946c55-6mvq7   1m    27Mi   
websocket-server-8585946c55-bw888   4m    45Mi   
websocket-server-8585946c55-dmc9n   1m    28Mi   
websocket-server-8585946c55-vldvq   1m    30Mi   
1781203127
websocket-server-8585946c55-26zgt   5m    47Mi   
websocket-server-8585946c55-4np2l   1m    30Mi   
websocket-server-8585946c55-69xc6   1m    28Mi   
websocket-server-8585946c55-6mvq7   1m    27Mi   
websocket-server-8585946c55-bw888   4m    45Mi   
websocket-server-8585946c55-dmc9n   1m    28Mi   
websocket-server-8585946c55-vldvq   1m    30Mi   
1781203132
websocket-server-8585946c55-26zgt   5m    47Mi   
websocket-server-8585946c55-4np2l   1m    30Mi   
websocket-server-8585946c55-69xc6   1m    28Mi   
websocket-server-8585946c55-6mvq7   0m    27Mi   
websocket-server-8585946c55-bw888   5m    45Mi   
websocket-server-8585946c55-dmc9n   1m    28Mi   
websocket-server-8585946c55-vldvq   2m    30Mi   
1781203137
websocket-server-8585946c55-26zgt   5m    47Mi   
websocket-server-8585946c55-4np2l   1m    30Mi   
websocket-server-8585946c55-69xc6   1m    28Mi   
websocket-server-8585946c55-6mvq7   0m    27Mi   
websocket-server-8585946c55-bw888   5m    45Mi   
websocket-server-8585946c55-dmc9n   1m    28Mi   
websocket-server-8585946c55-vldvq   2m    30Mi   
1781203142
websocket-server-8585946c55-26zgt   5m    47Mi   
websocket-server-8585946c55-4np2l   1m    30Mi   
websocket-server-8585946c55-69xc6   1m    28Mi   
websocket-server-8585946c55-6mvq7   0m    27Mi   
websocket-server-8585946c55-bw888   5m    45Mi   
websocket-server-8585946c55-dmc9n   1m    28Mi   
websocket-server-8585946c55-vldvq   2m    30Mi   
1781203147
websocket-server-8585946c55-26zgt   5m    47Mi   
websocket-server-8585946c55-4np2l   1m    30Mi   
websocket-server-8585946c55-69xc6   1m    28Mi   
websocket-server-8585946c55-6mvq7   1m    27Mi   
websocket-server-8585946c55-bw888   4m    45Mi   
websocket-server-8585946c55-dmc9n   1m    28Mi   
websocket-server-8585946c55-vldvq   1m    31Mi   
1781203152
websocket-server-8585946c55-26zgt   5m    47Mi   
websocket-server-8585946c55-4np2l   1m    30Mi   
websocket-server-8585946c55-69xc6   1m    28Mi   
websocket-server-8585946c55-6mvq7   1m    27Mi   
websocket-server-8585946c55-bw888   4m    45Mi   
websocket-server-8585946c55-dmc9n   1m    28Mi   
websocket-server-8585946c55-vldvq   1m    31Mi   
1781203157
websocket-server-8585946c55-26zgt   5m    47Mi   
websocket-server-8585946c55-69xc6   1m    28Mi   
websocket-server-8585946c55-bw888   4m    45Mi   
websocket-server-8585946c55-vldvq   1m    31Mi   
1781203162
websocket-server-8585946c55-26zgt   5m    47Mi   
websocket-server-8585946c55-69xc6   1m    28Mi   
websocket-server-8585946c55-bw888   5m    45Mi   
websocket-server-8585946c55-vldvq   1m    30Mi   
1781203167
websocket-server-8585946c55-26zgt   5m    47Mi   
websocket-server-8585946c55-69xc6   1m    28Mi   
websocket-server-8585946c55-bw888   5m    45Mi   
websocket-server-8585946c55-vldvq   1m    30Mi   
1781203172
websocket-server-8585946c55-26zgt   5m    47Mi   
websocket-server-8585946c55-bw888   5m    45Mi   
websocket-server-8585946c55-vldvq   1m    30Mi   
1781203177
websocket-server-8585946c55-26zgt   5m    47Mi   
websocket-server-8585946c55-bw888   4m    45Mi   
websocket-server-8585946c55-vldvq   1m    31Mi   
1781203182
websocket-server-8585946c55-26zgt   5m    47Mi   
websocket-server-8585946c55-bw888   4m    45Mi   
websocket-server-8585946c55-vldvq   1m    31Mi   
1781203188
websocket-server-8585946c55-26zgt   5m    47Mi   
websocket-server-8585946c55-bw888   4m    45Mi   
websocket-server-8585946c55-vldvq   1m    31Mi   
1781203193
websocket-server-8585946c55-26zgt   5m    47Mi   
websocket-server-8585946c55-bw888   5m    45Mi   
websocket-server-8585946c55-vldvq   2m    31Mi   
1781203198
websocket-server-8585946c55-26zgt   5m    47Mi   
websocket-server-8585946c55-bw888   5m    45Mi   
websocket-server-8585946c55-vldvq   2m    31Mi   
1781203203
websocket-server-8585946c55-26zgt   5m    47Mi   
websocket-server-8585946c55-bw888   5m    45Mi   
websocket-server-8585946c55-vldvq   2m    31Mi   
1781203208
websocket-server-8585946c55-26zgt   5m    47Mi   
websocket-server-8585946c55-bw888   5m    45Mi   
websocket-server-8585946c55-vldvq   1m    31Mi   
1781203213
websocket-server-8585946c55-26zgt   5m    47Mi   
websocket-server-8585946c55-bw888   5m    45Mi   
websocket-server-8585946c55-vldvq   1m    31Mi   
1781203218
websocket-server-8585946c55-26zgt   5m    47Mi   
websocket-server-8585946c55-bw888   5m    45Mi   
1781203223
websocket-server-8585946c55-26zgt   5m    47Mi   
websocket-server-8585946c55-bw888   5m    45Mi   
1781203228
websocket-server-8585946c55-26zgt   5m    47Mi   
websocket-server-8585946c55-bw888   5m    45Mi   
1781203233
websocket-server-8585946c55-26zgt   5m    47Mi   
websocket-server-8585946c55-bw888   5m    45Mi   
1781203238
websocket-server-8585946c55-26zgt   5m    47Mi   
websocket-server-8585946c55-bw888   5m    45Mi   
1781203243
websocket-server-8585946c55-26zgt   5m    47Mi   
websocket-server-8585946c55-bw888   5m    45Mi   
