1781205809
websocket-server-8585946c55-mkcf4   1m    27Mi   
websocket-server-8585946c55-v2mgq   1m    27Mi   
1781205814
websocket-server-8585946c55-mkcf4   1m    27Mi   
websocket-server-8585946c55-v2mgq   1m    27Mi   
1781205819
websocket-server-8585946c55-mkcf4   1m    27Mi   
websocket-server-8585946c55-v2mgq   1m    27Mi   
1781205824
websocket-server-8585946c55-mkcf4   1m    27Mi   
websocket-server-8585946c55-v2mgq   1m    27Mi   
1781205829
websocket-server-8585946c55-mkcf4   1m    27Mi   
websocket-server-8585946c55-v2mgq   1m    27Mi   
1781205834
websocket-server-8585946c55-mkcf4   1m    27Mi   
websocket-server-8585946c55-v2mgq   1m    27Mi   
1781205839
websocket-server-8585946c55-mkcf4   1m    27Mi   
websocket-server-8585946c55-v2mgq   1m    27Mi   
1781205844
websocket-server-8585946c55-mkcf4   24m   31Mi   
websocket-server-8585946c55-v2mgq   15m   29Mi   
1781205849
websocket-server-8585946c55-mkcf4   24m   31Mi   
websocket-server-8585946c55-v2mgq   15m   29Mi   
1781205854
websocket-server-8585946c55-mkcf4   24m   31Mi   
websocket-server-8585946c55-v2mgq   15m   29Mi   
1781205859
websocket-server-8585946c55-mkcf4   24m   31Mi   
websocket-server-8585946c55-v2mgq   55m   35Mi   
1781205864
websocket-server-8585946c55-mkcf4   24m   31Mi   
websocket-server-8585946c55-v2mgq   55m   35Mi   
1781205869
websocket-server-8585946c55-mkcf4   24m   31Mi   
websocket-server-8585946c55-v2mgq   55m   35Mi   
1781205874
websocket-server-8585946c55-mkcf4   66m    36Mi   
websocket-server-8585946c55-v2mgq   100m   39Mi   
1781205879
websocket-server-8585946c55-mkcf4   66m    36Mi   
websocket-server-8585946c55-v2mgq   100m   39Mi   
1781205885
websocket-server-8585946c55-mkcf4   66m    36Mi   
websocket-server-8585946c55-v2mgq   100m   39Mi   
1781205890
websocket-server-8585946c55-mkcf4   113m   41Mi   
websocket-server-8585946c55-v2mgq   132m   42Mi   
1781205895
websocket-server-8585946c55-mkcf4   113m   41Mi   
websocket-server-8585946c55-v2mgq   132m   42Mi   
1781205900
websocket-server-8585946c55-mkcf4   113m   41Mi   
websocket-server-8585946c55-v2mgq   132m   42Mi   
1781205905
websocket-server-8585946c55-mkcf4   146m   43Mi   
websocket-server-8585946c55-nfm6t   33m    29Mi   
websocket-server-8585946c55-v2mgq   153m   44Mi   
1781205910
websocket-server-8585946c55-mkcf4   146m   43Mi   
websocket-server-8585946c55-nfm6t   33m    29Mi   
websocket-server-8585946c55-v2mgq   153m   44Mi   
1781205915
websocket-server-8585946c55-mkcf4   146m   43Mi   
websocket-server-8585946c55-nfm6t   33m    29Mi   
websocket-server-8585946c55-v2mgq   153m   44Mi   
1781205920
websocket-server-8585946c55-49qg4   22m    28Mi   
websocket-server-8585946c55-mkcf4   164m   46Mi   
websocket-server-8585946c55-nfm6t   34m    31Mi   
websocket-server-8585946c55-pkrl5   29m    28Mi   
websocket-server-8585946c55-v2mgq   168m   46Mi   
1781205925
websocket-server-8585946c55-49qg4   22m    28Mi   
websocket-server-8585946c55-mkcf4   164m   46Mi   
websocket-server-8585946c55-nfm6t   34m    31Mi   
websocket-server-8585946c55-pkrl5   29m    28Mi   
websocket-server-8585946c55-v2mgq   168m   46Mi   
1781205930
websocket-server-8585946c55-49qg4   22m    28Mi   
websocket-server-8585946c55-mkcf4   164m   46Mi   
websocket-server-8585946c55-nfm6t   34m    31Mi   
websocket-server-8585946c55-pkrl5   29m    28Mi   
websocket-server-8585946c55-v2mgq   168m   46Mi   
1781205935
websocket-server-8585946c55-49qg4   15m    28Mi   
websocket-server-8585946c55-5qmlk   5m     28Mi   
websocket-server-8585946c55-mkcf4   178m   46Mi   
websocket-server-8585946c55-nfm6t   42m    32Mi   
websocket-server-8585946c55-pkrl5   18m    29Mi   
websocket-server-8585946c55-v2mgq   182m   47Mi   
1781205940
websocket-server-8585946c55-49qg4   15m    28Mi   
websocket-server-8585946c55-5qmlk   5m     28Mi   
websocket-server-8585946c55-mkcf4   178m   46Mi   
websocket-server-8585946c55-nfm6t   42m    32Mi   
websocket-server-8585946c55-pkrl5   18m    29Mi   
websocket-server-8585946c55-v2mgq   182m   47Mi   
1781205945
websocket-server-8585946c55-49qg4   15m    28Mi   
websocket-server-8585946c55-5qmlk   5m     28Mi   
websocket-server-8585946c55-mkcf4   178m   46Mi   
websocket-server-8585946c55-nfm6t   42m    32Mi   
websocket-server-8585946c55-pkrl5   18m    29Mi   
websocket-server-8585946c55-v2mgq   182m   47Mi   
1781205950
websocket-server-8585946c55-49qg4   15m    28Mi   
websocket-server-8585946c55-5qmlk   5m     28Mi   
websocket-server-8585946c55-mkcf4   175m   46Mi   
websocket-server-8585946c55-nfm6t   39m    32Mi   
websocket-server-8585946c55-pkrl5   19m    29Mi   
websocket-server-8585946c55-v2mgq   179m   47Mi   
1781205955
websocket-server-8585946c55-49qg4   15m    28Mi   
websocket-server-8585946c55-5qmlk   5m     28Mi   
websocket-server-8585946c55-mkcf4   175m   46Mi   
websocket-server-8585946c55-nfm6t   39m    32Mi   
websocket-server-8585946c55-pkrl5   19m    29Mi   
websocket-server-8585946c55-v2mgq   179m   47Mi   
1781205960
websocket-server-8585946c55-49qg4   15m    28Mi   
websocket-server-8585946c55-5qmlk   5m     28Mi   
websocket-server-8585946c55-mkcf4   175m   46Mi   
websocket-server-8585946c55-nfm6t   39m    32Mi   
websocket-server-8585946c55-pkrl5   19m    29Mi   
websocket-server-8585946c55-v2mgq   179m   47Mi   
1781205965
websocket-server-8585946c55-49qg4   8m     28Mi   
websocket-server-8585946c55-5qmlk   3m     28Mi   
websocket-server-8585946c55-9z28k   1m     27Mi   
websocket-server-8585946c55-mkcf4   115m   46Mi   
websocket-server-8585946c55-nfm6t   24m    31Mi   
websocket-server-8585946c55-pkrl5   19m    29Mi   
websocket-server-8585946c55-txf6r   21m    27Mi   
websocket-server-8585946c55-v2mgq   125m   47Mi   
1781205970
websocket-server-8585946c55-49qg4   8m     28Mi   
websocket-server-8585946c55-5qmlk   3m     28Mi   
websocket-server-8585946c55-9z28k   1m     27Mi   
websocket-server-8585946c55-mkcf4   115m   46Mi   
websocket-server-8585946c55-nfm6t   24m    31Mi   
websocket-server-8585946c55-pkrl5   19m    29Mi   
websocket-server-8585946c55-txf6r   21m    27Mi   
websocket-server-8585946c55-v2mgq   125m   47Mi   
1781205975
websocket-server-8585946c55-49qg4   8m     28Mi   
websocket-server-8585946c55-5qmlk   3m     28Mi   
websocket-server-8585946c55-9z28k   1m     27Mi   
websocket-server-8585946c55-mkcf4   115m   46Mi   
websocket-server-8585946c55-nfm6t   24m    31Mi   
websocket-server-8585946c55-pkrl5   19m    29Mi   
websocket-server-8585946c55-txf6r   21m    27Mi   
websocket-server-8585946c55-v2mgq   125m   47Mi   
1781205980
websocket-server-8585946c55-49qg4   1m    28Mi   
websocket-server-8585946c55-5qmlk   1m    28Mi   
websocket-server-8585946c55-9z28k   1m    27Mi   
websocket-server-8585946c55-mkcf4   5m    46Mi   
websocket-server-8585946c55-nfm6t   1m    31Mi   
websocket-server-8585946c55-pkrl5   2m    29Mi   
websocket-server-8585946c55-txf6r   1m    27Mi   
websocket-server-8585946c55-v2mgq   5m    47Mi   
1781205985
websocket-server-8585946c55-49qg4   1m    28Mi   
websocket-server-8585946c55-5qmlk   1m    28Mi   
websocket-server-8585946c55-9z28k   1m    27Mi   
websocket-server-8585946c55-mkcf4   5m    46Mi   
websocket-server-8585946c55-nfm6t   1m    31Mi   
websocket-server-8585946c55-pkrl5   2m    29Mi   
websocket-server-8585946c55-txf6r   1m    27Mi   
websocket-server-8585946c55-v2mgq   5m    47Mi   
1781205990
websocket-server-8585946c55-49qg4   1m    28Mi   
websocket-server-8585946c55-5qmlk   1m    28Mi   
websocket-server-8585946c55-9z28k   1m    27Mi   
websocket-server-8585946c55-mkcf4   5m    46Mi   
websocket-server-8585946c55-nfm6t   1m    31Mi   
websocket-server-8585946c55-pkrl5   2m    29Mi   
websocket-server-8585946c55-txf6r   1m    27Mi   
websocket-server-8585946c55-v2mgq   5m    47Mi   
1781205996
websocket-server-8585946c55-49qg4   1m    28Mi   
websocket-server-8585946c55-5qmlk   1m    28Mi   
websocket-server-8585946c55-9z28k   1m    27Mi   
websocket-server-8585946c55-mkcf4   5m    46Mi   
websocket-server-8585946c55-nfm6t   2m    31Mi   
websocket-server-8585946c55-pkrl5   1m    29Mi   
websocket-server-8585946c55-txf6r   1m    27Mi   
websocket-server-8585946c55-v2mgq   5m    47Mi   
1781206001
websocket-server-8585946c55-49qg4   1m    28Mi   
websocket-server-8585946c55-5qmlk   1m    28Mi   
websocket-server-8585946c55-9z28k   1m    27Mi   
websocket-server-8585946c55-mkcf4   5m    46Mi   
websocket-server-8585946c55-nfm6t   2m    31Mi   
websocket-server-8585946c55-pkrl5   1m    29Mi   
websocket-server-8585946c55-txf6r   1m    27Mi   
websocket-server-8585946c55-v2mgq   5m    47Mi   
1781206006
websocket-server-8585946c55-49qg4   1m    28Mi   
websocket-server-8585946c55-5qmlk   1m    28Mi   
websocket-server-8585946c55-9z28k   1m    27Mi   
websocket-server-8585946c55-mkcf4   5m    46Mi   
websocket-server-8585946c55-nfm6t   2m    31Mi   
websocket-server-8585946c55-pkrl5   1m    29Mi   
websocket-server-8585946c55-txf6r   1m    27Mi   
websocket-server-8585946c55-v2mgq   5m    47Mi   
1781206011
websocket-server-8585946c55-49qg4   1m    28Mi   
websocket-server-8585946c55-5qmlk   1m    28Mi   
websocket-server-8585946c55-9z28k   1m    27Mi   
websocket-server-8585946c55-mkcf4   5m    46Mi   
websocket-server-8585946c55-nfm6t   2m    31Mi   
websocket-server-8585946c55-pkrl5   1m    29Mi   
websocket-server-8585946c55-txf6r   1m    27Mi   
websocket-server-8585946c55-v2mgq   5m    47Mi   
1781206016
websocket-server-8585946c55-49qg4   1m    28Mi   
websocket-server-8585946c55-5qmlk   1m    28Mi   
websocket-server-8585946c55-9z28k   1m    27Mi   
websocket-server-8585946c55-mkcf4   5m    46Mi   
websocket-server-8585946c55-nfm6t   2m    31Mi   
websocket-server-8585946c55-pkrl5   1m    29Mi   
websocket-server-8585946c55-txf6r   1m    27Mi   
websocket-server-8585946c55-v2mgq   5m    47Mi   
1781206021
websocket-server-8585946c55-5qmlk   1m    28Mi   
websocket-server-8585946c55-mkcf4   5m    46Mi   
websocket-server-8585946c55-nfm6t   2m    31Mi   
websocket-server-8585946c55-pkrl5   1m    29Mi   
websocket-server-8585946c55-v2mgq   5m    47Mi   
1781206026
websocket-server-8585946c55-5qmlk   1m    28Mi   
websocket-server-8585946c55-mkcf4   5m    46Mi   
websocket-server-8585946c55-nfm6t   2m    31Mi   
websocket-server-8585946c55-pkrl5   1m    29Mi   
websocket-server-8585946c55-v2mgq   5m    47Mi   
1781206031
websocket-server-8585946c55-5qmlk   1m    28Mi   
websocket-server-8585946c55-mkcf4   5m    46Mi   
websocket-server-8585946c55-nfm6t   2m    31Mi   
websocket-server-8585946c55-pkrl5   1m    29Mi   
websocket-server-8585946c55-v2mgq   5m    47Mi   
1781206036
websocket-server-8585946c55-5qmlk   1m    28Mi   
websocket-server-8585946c55-mkcf4   5m    46Mi   
websocket-server-8585946c55-nfm6t   2m    31Mi   
websocket-server-8585946c55-v2mgq   5m    47Mi   
1781206041
websocket-server-8585946c55-5qmlk   1m    28Mi   
websocket-server-8585946c55-mkcf4   4m    46Mi   
websocket-server-8585946c55-nfm6t   1m    31Mi   
websocket-server-8585946c55-v2mgq   5m    47Mi   
1781206046
websocket-server-8585946c55-5qmlk   1m    28Mi   
websocket-server-8585946c55-mkcf4   4m    46Mi   
websocket-server-8585946c55-nfm6t   1m    31Mi   
websocket-server-8585946c55-v2mgq   5m    47Mi   
1781206051
websocket-server-8585946c55-5qmlk   1m    28Mi   
websocket-server-8585946c55-mkcf4   4m    46Mi   
websocket-server-8585946c55-nfm6t   1m    31Mi   
websocket-server-8585946c55-v2mgq   5m    47Mi   
