1781214195
websocket-server-8585946c55-4g4ks   19m   27Mi   
websocket-server-8585946c55-msskj   1m    27Mi   
1781214200
websocket-server-8585946c55-4g4ks   19m   27Mi   
websocket-server-8585946c55-msskj   1m    27Mi   
1781214205
websocket-server-8585946c55-4g4ks   19m   27Mi   
websocket-server-8585946c55-msskj   1m    27Mi   
1781214210
websocket-server-8585946c55-4g4ks   1m    27Mi   
websocket-server-8585946c55-msskj   1m    28Mi   
1781214215
websocket-server-8585946c55-4g4ks   1m    27Mi   
websocket-server-8585946c55-msskj   1m    28Mi   
1781214220
websocket-server-8585946c55-4g4ks   1m    27Mi   
websocket-server-8585946c55-msskj   5m    28Mi   
1781214225
websocket-server-8585946c55-4g4ks   1m    27Mi   
websocket-server-8585946c55-msskj   5m    28Mi   
1781214230
websocket-server-8585946c55-4g4ks   1m    27Mi   
websocket-server-8585946c55-msskj   5m    28Mi   
1781214235
websocket-server-8585946c55-4g4ks   27m   33Mi   
websocket-server-8585946c55-msskj   33m   31Mi   
1781214240
websocket-server-8585946c55-4g4ks   27m   33Mi   
websocket-server-8585946c55-msskj   33m   31Mi   
1781214245
websocket-server-8585946c55-4g4ks   27m   33Mi   
websocket-server-8585946c55-msskj   33m   31Mi   
1781214250
websocket-server-8585946c55-4g4ks   74m   37Mi   
websocket-server-8585946c55-msskj   65m   36Mi   
1781214255
websocket-server-8585946c55-4g4ks   74m   37Mi   
websocket-server-8585946c55-msskj   65m   36Mi   
1781214260
websocket-server-8585946c55-4g4ks   74m   37Mi   
websocket-server-8585946c55-msskj   65m   36Mi   
1781214265
websocket-server-8585946c55-4g4ks   115m   40Mi   
websocket-server-8585946c55-msskj   101m   40Mi   
1781214270
websocket-server-8585946c55-4g4ks   115m   40Mi   
websocket-server-8585946c55-msskj   101m   40Mi   
1781214275
websocket-server-8585946c55-4g4ks   115m   40Mi   
websocket-server-8585946c55-msskj   101m   40Mi   
1781214280
websocket-server-8585946c55-4g4ks   143m   44Mi   
websocket-server-8585946c55-msskj   101m   40Mi   
websocket-server-8585946c55-nq9ch   31m    28Mi   
1781214285
websocket-server-8585946c55-4g4ks   143m   44Mi   
websocket-server-8585946c55-msskj   101m   40Mi   
websocket-server-8585946c55-nq9ch   31m    28Mi   
1781214290
websocket-server-8585946c55-4g4ks   143m   44Mi   
websocket-server-8585946c55-msskj   101m   40Mi   
websocket-server-8585946c55-nq9ch   31m    28Mi   
1781214296
websocket-server-8585946c55-4g4ks   157m   45Mi   
websocket-server-8585946c55-msskj   136m   43Mi   
websocket-server-8585946c55-nq9ch   30m    31Mi   
websocket-server-8585946c55-t29m8   14m    29Mi   
1781214301
websocket-server-8585946c55-4g4ks   157m   45Mi   
websocket-server-8585946c55-msskj   136m   43Mi   
websocket-server-8585946c55-nq9ch   30m    31Mi   
websocket-server-8585946c55-t29m8   14m    29Mi   
1781214306
websocket-server-8585946c55-4g4ks   157m   45Mi   
websocket-server-8585946c55-msskj   136m   43Mi   
websocket-server-8585946c55-nq9ch   30m    31Mi   
websocket-server-8585946c55-t29m8   14m    29Mi   
1781214311
websocket-server-8585946c55-4g4ks   180m   47Mi   
websocket-server-8585946c55-msskj   155m   45Mi   
websocket-server-8585946c55-nq9ch   30m    31Mi   
websocket-server-8585946c55-t29m8   22m    30Mi   
1781214316
websocket-server-8585946c55-4g4ks   180m   47Mi   
websocket-server-8585946c55-msskj   155m   45Mi   
websocket-server-8585946c55-nq9ch   30m    31Mi   
websocket-server-8585946c55-t29m8   22m    30Mi   
1781214321
websocket-server-8585946c55-4g4ks   180m   47Mi   
websocket-server-8585946c55-msskj   155m   45Mi   
websocket-server-8585946c55-nq9ch   30m    31Mi   
websocket-server-8585946c55-t29m8   22m    30Mi   
1781214326
websocket-server-8585946c55-4g4ks   186m   48Mi   
websocket-server-8585946c55-56bq8   1m     27Mi   
websocket-server-8585946c55-msskj   167m   46Mi   
websocket-server-8585946c55-nq9ch   49m    32Mi   
websocket-server-8585946c55-rgb6x   1m     27Mi   
websocket-server-8585946c55-t29m8   30m    30Mi   
1781214331
websocket-server-8585946c55-4g4ks   186m   48Mi   
websocket-server-8585946c55-56bq8   1m     27Mi   
websocket-server-8585946c55-msskj   167m   46Mi   
websocket-server-8585946c55-nq9ch   49m    32Mi   
websocket-server-8585946c55-rgb6x   1m     27Mi   
websocket-server-8585946c55-t29m8   30m    30Mi   
1781214336
websocket-server-8585946c55-4g4ks   186m   48Mi   
websocket-server-8585946c55-56bq8   1m     27Mi   
websocket-server-8585946c55-msskj   167m   46Mi   
websocket-server-8585946c55-nq9ch   49m    32Mi   
websocket-server-8585946c55-rgb6x   1m     27Mi   
websocket-server-8585946c55-t29m8   30m    30Mi   
1781214341
websocket-server-8585946c55-4g4ks   184m   47Mi   
websocket-server-8585946c55-56bq8   0m     27Mi   
websocket-server-8585946c55-msskj   151m   46Mi   
websocket-server-8585946c55-nq9ch   49m    32Mi   
websocket-server-8585946c55-rgb6x   0m     27Mi   
websocket-server-8585946c55-t29m8   22m    30Mi   
1781214346
websocket-server-8585946c55-4g4ks   184m   47Mi   
websocket-server-8585946c55-56bq8   0m     27Mi   
websocket-server-8585946c55-msskj   151m   46Mi   
websocket-server-8585946c55-nq9ch   49m    32Mi   
websocket-server-8585946c55-rgb6x   0m     27Mi   
websocket-server-8585946c55-t29m8   22m    30Mi   
1781214351
websocket-server-8585946c55-4g4ks   184m   47Mi   
websocket-server-8585946c55-56bq8   0m     27Mi   
websocket-server-8585946c55-msskj   151m   46Mi   
websocket-server-8585946c55-nq9ch   49m    32Mi   
websocket-server-8585946c55-rgb6x   0m     27Mi   
websocket-server-8585946c55-t29m8   22m    30Mi   
1781214356
websocket-server-8585946c55-4g4ks   19m   47Mi   
websocket-server-8585946c55-56bq8   1m    27Mi   
websocket-server-8585946c55-jng68   22m   27Mi   
websocket-server-8585946c55-msskj   5m    46Mi   
websocket-server-8585946c55-nq9ch   20m   32Mi   
websocket-server-8585946c55-pgl4t   1m    27Mi   
websocket-server-8585946c55-rgb6x   1m    27Mi   
websocket-server-8585946c55-t29m8   22m   30Mi   
1781214361
websocket-server-8585946c55-4g4ks   19m   47Mi   
websocket-server-8585946c55-56bq8   1m    27Mi   
websocket-server-8585946c55-jng68   22m   27Mi   
websocket-server-8585946c55-msskj   5m    46Mi   
websocket-server-8585946c55-nq9ch   20m   32Mi   
websocket-server-8585946c55-pgl4t   1m    27Mi   
websocket-server-8585946c55-rgb6x   1m    27Mi   
websocket-server-8585946c55-t29m8   22m   30Mi   
1781214366
websocket-server-8585946c55-4g4ks   19m   47Mi   
websocket-server-8585946c55-56bq8   1m    27Mi   
websocket-server-8585946c55-jng68   22m   27Mi   
websocket-server-8585946c55-msskj   5m    46Mi   
websocket-server-8585946c55-nq9ch   20m   32Mi   
websocket-server-8585946c55-pgl4t   1m    27Mi   
websocket-server-8585946c55-rgb6x   1m    27Mi   
websocket-server-8585946c55-t29m8   22m   30Mi   
1781214371
websocket-server-8585946c55-4g4ks   5m    47Mi   
websocket-server-8585946c55-56bq8   1m    27Mi   
websocket-server-8585946c55-jng68   1m    27Mi   
websocket-server-8585946c55-msskj   5m    45Mi   
websocket-server-8585946c55-nq9ch   2m    33Mi   
websocket-server-8585946c55-pgl4t   0m    27Mi   
websocket-server-8585946c55-rgb6x   1m    27Mi   
websocket-server-8585946c55-t29m8   1m    30Mi   
1781214376
websocket-server-8585946c55-4g4ks   5m    47Mi   
websocket-server-8585946c55-56bq8   1m    27Mi   
websocket-server-8585946c55-jng68   1m    27Mi   
websocket-server-8585946c55-msskj   5m    45Mi   
websocket-server-8585946c55-nq9ch   2m    33Mi   
websocket-server-8585946c55-pgl4t   0m    27Mi   
websocket-server-8585946c55-rgb6x   1m    27Mi   
websocket-server-8585946c55-t29m8   1m    30Mi   
1781214381
websocket-server-8585946c55-4g4ks   5m    47Mi   
websocket-server-8585946c55-56bq8   1m    27Mi   
websocket-server-8585946c55-jng68   1m    27Mi   
websocket-server-8585946c55-msskj   5m    45Mi   
websocket-server-8585946c55-nq9ch   2m    33Mi   
websocket-server-8585946c55-pgl4t   0m    27Mi   
websocket-server-8585946c55-rgb6x   1m    27Mi   
websocket-server-8585946c55-t29m8   1m    30Mi   
1781214386
websocket-server-8585946c55-4g4ks   5m    47Mi   
websocket-server-8585946c55-56bq8   1m    27Mi   
websocket-server-8585946c55-jng68   1m    27Mi   
websocket-server-8585946c55-msskj   5m    45Mi   
websocket-server-8585946c55-nq9ch   2m    32Mi   
websocket-server-8585946c55-pgl4t   1m    27Mi   
websocket-server-8585946c55-rgb6x   0m    27Mi   
websocket-server-8585946c55-t29m8   1m    30Mi   
1781214391
websocket-server-8585946c55-4g4ks   5m    47Mi   
websocket-server-8585946c55-56bq8   1m    27Mi   
websocket-server-8585946c55-jng68   1m    27Mi   
websocket-server-8585946c55-msskj   5m    45Mi   
websocket-server-8585946c55-nq9ch   2m    32Mi   
websocket-server-8585946c55-pgl4t   1m    27Mi   
websocket-server-8585946c55-rgb6x   0m    27Mi   
websocket-server-8585946c55-t29m8   1m    30Mi   
1781214396
websocket-server-8585946c55-4g4ks   5m    47Mi   
websocket-server-8585946c55-56bq8   1m    27Mi   
websocket-server-8585946c55-jng68   1m    27Mi   
websocket-server-8585946c55-msskj   5m    45Mi   
websocket-server-8585946c55-nq9ch   2m    32Mi   
websocket-server-8585946c55-pgl4t   1m    27Mi   
websocket-server-8585946c55-rgb6x   0m    27Mi   
websocket-server-8585946c55-t29m8   1m    30Mi   
1781214402
websocket-server-8585946c55-4g4ks   5m    47Mi   
websocket-server-8585946c55-56bq8   1m    27Mi   
websocket-server-8585946c55-jng68   1m    27Mi   
websocket-server-8585946c55-msskj   5m    46Mi   
websocket-server-8585946c55-nq9ch   2m    32Mi   
websocket-server-8585946c55-pgl4t   1m    27Mi   
websocket-server-8585946c55-rgb6x   1m    27Mi   
websocket-server-8585946c55-t29m8   1m    30Mi   
1781214407
websocket-server-8585946c55-4g4ks   5m    47Mi   
websocket-server-8585946c55-56bq8   1m    27Mi   
websocket-server-8585946c55-jng68   1m    27Mi   
websocket-server-8585946c55-msskj   5m    46Mi   
websocket-server-8585946c55-nq9ch   2m    32Mi   
websocket-server-8585946c55-pgl4t   1m    27Mi   
websocket-server-8585946c55-rgb6x   1m    27Mi   
websocket-server-8585946c55-t29m8   1m    30Mi   
1781214412
websocket-server-8585946c55-4g4ks   5m    47Mi   
websocket-server-8585946c55-56bq8   1m    27Mi   
websocket-server-8585946c55-jng68   1m    27Mi   
websocket-server-8585946c55-msskj   5m    46Mi   
websocket-server-8585946c55-nq9ch   2m    32Mi   
websocket-server-8585946c55-pgl4t   1m    27Mi   
websocket-server-8585946c55-rgb6x   1m    27Mi   
websocket-server-8585946c55-t29m8   1m    30Mi   
1781214417
websocket-server-8585946c55-4g4ks   5m    47Mi   
websocket-server-8585946c55-56bq8   1m    27Mi   
websocket-server-8585946c55-jng68   1m    27Mi   
websocket-server-8585946c55-msskj   5m    46Mi   
websocket-server-8585946c55-nq9ch   2m    32Mi   
websocket-server-8585946c55-pgl4t   1m    27Mi   
websocket-server-8585946c55-rgb6x   1m    27Mi   
websocket-server-8585946c55-t29m8   1m    30Mi   
1781214422
websocket-server-8585946c55-4g4ks   5m    47Mi   
websocket-server-8585946c55-56bq8   1m    27Mi   
websocket-server-8585946c55-jng68   1m    27Mi   
websocket-server-8585946c55-msskj   5m    46Mi   
websocket-server-8585946c55-nq9ch   2m    32Mi   
websocket-server-8585946c55-pgl4t   1m    27Mi   
websocket-server-8585946c55-rgb6x   1m    27Mi   
websocket-server-8585946c55-t29m8   1m    30Mi   
1781214427
websocket-server-8585946c55-4g4ks   5m    47Mi   
websocket-server-8585946c55-56bq8   1m    27Mi   
websocket-server-8585946c55-jng68   1m    27Mi   
websocket-server-8585946c55-msskj   5m    46Mi   
websocket-server-8585946c55-nq9ch   2m    32Mi   
websocket-server-8585946c55-pgl4t   1m    27Mi   
websocket-server-8585946c55-rgb6x   1m    27Mi   
websocket-server-8585946c55-t29m8   1m    30Mi   
1781214432
websocket-server-8585946c55-4g4ks   5m    47Mi   
websocket-server-8585946c55-56bq8   1m    27Mi   
websocket-server-8585946c55-jng68   1m    27Mi   
websocket-server-8585946c55-msskj   5m    45Mi   
websocket-server-8585946c55-nq9ch   2m    32Mi   
websocket-server-8585946c55-pgl4t   1m    27Mi   
websocket-server-8585946c55-rgb6x   1m    27Mi   
websocket-server-8585946c55-t29m8   1m    30Mi   
1781214437
websocket-server-8585946c55-4g4ks   5m    47Mi   
websocket-server-8585946c55-56bq8   1m    27Mi   
websocket-server-8585946c55-jng68   1m    27Mi   
websocket-server-8585946c55-msskj   5m    45Mi   
websocket-server-8585946c55-nq9ch   2m    32Mi   
websocket-server-8585946c55-pgl4t   1m    27Mi   
websocket-server-8585946c55-rgb6x   1m    27Mi   
websocket-server-8585946c55-t29m8   1m    30Mi   
1781214442
websocket-server-8585946c55-4g4ks   5m    47Mi   
websocket-server-8585946c55-56bq8   1m    27Mi   
websocket-server-8585946c55-jng68   1m    27Mi   
websocket-server-8585946c55-msskj   5m    45Mi   
websocket-server-8585946c55-nq9ch   2m    32Mi   
websocket-server-8585946c55-pgl4t   1m    27Mi   
websocket-server-8585946c55-rgb6x   1m    27Mi   
websocket-server-8585946c55-t29m8   1m    30Mi   
1781214447
websocket-server-8585946c55-4g4ks   5m    47Mi   
websocket-server-8585946c55-56bq8   1m    27Mi   
websocket-server-8585946c55-jng68   1m    27Mi   
websocket-server-8585946c55-msskj   5m    46Mi   
websocket-server-8585946c55-nq9ch   2m    32Mi   
websocket-server-8585946c55-pgl4t   1m    27Mi   
websocket-server-8585946c55-rgb6x   1m    27Mi   
websocket-server-8585946c55-t29m8   1m    30Mi   
1781214452
websocket-server-8585946c55-4g4ks   5m    47Mi   
websocket-server-8585946c55-56bq8   1m    27Mi   
websocket-server-8585946c55-jng68   1m    27Mi   
websocket-server-8585946c55-msskj   5m    46Mi   
websocket-server-8585946c55-nq9ch   2m    32Mi   
websocket-server-8585946c55-pgl4t   1m    27Mi   
websocket-server-8585946c55-rgb6x   1m    27Mi   
websocket-server-8585946c55-t29m8   1m    30Mi   
1781214457
websocket-server-8585946c55-4g4ks   5m    47Mi   
websocket-server-8585946c55-56bq8   1m    27Mi   
websocket-server-8585946c55-jng68   1m    27Mi   
websocket-server-8585946c55-msskj   5m    46Mi   
websocket-server-8585946c55-nq9ch   2m    32Mi   
websocket-server-8585946c55-pgl4t   1m    27Mi   
websocket-server-8585946c55-rgb6x   1m    27Mi   
websocket-server-8585946c55-t29m8   1m    30Mi   
1781214462
websocket-server-8585946c55-4g4ks   5m    47Mi   
websocket-server-8585946c55-56bq8   1m    27Mi   
websocket-server-8585946c55-jng68   1m    27Mi   
websocket-server-8585946c55-msskj   5m    46Mi   
websocket-server-8585946c55-nq9ch   2m    32Mi   
websocket-server-8585946c55-pgl4t   1m    27Mi   
websocket-server-8585946c55-rgb6x   1m    27Mi   
websocket-server-8585946c55-t29m8   1m    30Mi   
1781214467
websocket-server-8585946c55-4g4ks   5m    47Mi   
websocket-server-8585946c55-56bq8   1m    27Mi   
websocket-server-8585946c55-jng68   1m    27Mi   
websocket-server-8585946c55-msskj   5m    46Mi   
websocket-server-8585946c55-nq9ch   2m    32Mi   
websocket-server-8585946c55-pgl4t   1m    27Mi   
websocket-server-8585946c55-rgb6x   1m    27Mi   
websocket-server-8585946c55-t29m8   1m    30Mi   
1781214472
websocket-server-8585946c55-4g4ks   5m    47Mi   
websocket-server-8585946c55-56bq8   1m    27Mi   
websocket-server-8585946c55-jng68   1m    27Mi   
websocket-server-8585946c55-msskj   5m    46Mi   
websocket-server-8585946c55-nq9ch   2m    32Mi   
websocket-server-8585946c55-pgl4t   1m    27Mi   
websocket-server-8585946c55-rgb6x   1m    27Mi   
websocket-server-8585946c55-t29m8   1m    30Mi   
1781214477
websocket-server-8585946c55-4g4ks   5m    47Mi   
websocket-server-8585946c55-56bq8   1m    27Mi   
websocket-server-8585946c55-jng68   1m    27Mi   
websocket-server-8585946c55-msskj   5m    46Mi   
websocket-server-8585946c55-nq9ch   2m    32Mi   
websocket-server-8585946c55-pgl4t   1m    27Mi   
websocket-server-8585946c55-rgb6x   1m    27Mi   
websocket-server-8585946c55-t29m8   1m    30Mi   
1781214482
websocket-server-8585946c55-4g4ks   5m    47Mi   
websocket-server-8585946c55-56bq8   1m    27Mi   
websocket-server-8585946c55-jng68   1m    27Mi   
websocket-server-8585946c55-msskj   5m    46Mi   
websocket-server-8585946c55-nq9ch   2m    32Mi   
websocket-server-8585946c55-pgl4t   1m    27Mi   
websocket-server-8585946c55-rgb6x   1m    27Mi   
websocket-server-8585946c55-t29m8   1m    30Mi   
1781214487
websocket-server-8585946c55-4g4ks   5m    47Mi   
websocket-server-8585946c55-56bq8   1m    27Mi   
websocket-server-8585946c55-jng68   1m    27Mi   
websocket-server-8585946c55-msskj   5m    46Mi   
websocket-server-8585946c55-nq9ch   2m    32Mi   
websocket-server-8585946c55-pgl4t   1m    27Mi   
websocket-server-8585946c55-rgb6x   1m    27Mi   
websocket-server-8585946c55-t29m8   1m    30Mi   
1781214492
websocket-server-8585946c55-4g4ks   5m    47Mi   
websocket-server-8585946c55-56bq8   1m    27Mi   
websocket-server-8585946c55-jng68   1m    27Mi   
websocket-server-8585946c55-msskj   5m    46Mi   
websocket-server-8585946c55-nq9ch   2m    32Mi   
websocket-server-8585946c55-pgl4t   1m    27Mi   
websocket-server-8585946c55-rgb6x   0m    27Mi   
websocket-server-8585946c55-t29m8   1m    30Mi   
1781214497
websocket-server-8585946c55-4g4ks   5m    47Mi   
websocket-server-8585946c55-56bq8   1m    27Mi   
websocket-server-8585946c55-jng68   1m    27Mi   
websocket-server-8585946c55-msskj   5m    46Mi   
websocket-server-8585946c55-nq9ch   2m    32Mi   
websocket-server-8585946c55-pgl4t   1m    27Mi   
websocket-server-8585946c55-rgb6x   0m    27Mi   
websocket-server-8585946c55-t29m8   1m    30Mi   
1781214502
websocket-server-8585946c55-4g4ks   5m    47Mi   
websocket-server-8585946c55-56bq8   1m    27Mi   
websocket-server-8585946c55-jng68   1m    27Mi   
websocket-server-8585946c55-msskj   5m    46Mi   
websocket-server-8585946c55-nq9ch   2m    32Mi   
websocket-server-8585946c55-pgl4t   1m    27Mi   
websocket-server-8585946c55-rgb6x   0m    27Mi   
websocket-server-8585946c55-t29m8   1m    30Mi   
1781214507
websocket-server-8585946c55-4g4ks   5m    47Mi   
websocket-server-8585946c55-56bq8   1m    27Mi   
websocket-server-8585946c55-jng68   1m    28Mi   
websocket-server-8585946c55-msskj   4m    46Mi   
websocket-server-8585946c55-nq9ch   2m    32Mi   
websocket-server-8585946c55-pgl4t   1m    27Mi   
websocket-server-8585946c55-rgb6x   1m    27Mi   
websocket-server-8585946c55-t29m8   1m    30Mi   
1781214513
websocket-server-8585946c55-4g4ks   5m    47Mi   
websocket-server-8585946c55-56bq8   1m    27Mi   
websocket-server-8585946c55-jng68   1m    28Mi   
websocket-server-8585946c55-msskj   4m    46Mi   
websocket-server-8585946c55-nq9ch   2m    32Mi   
websocket-server-8585946c55-pgl4t   1m    27Mi   
websocket-server-8585946c55-rgb6x   1m    27Mi   
websocket-server-8585946c55-t29m8   1m    30Mi   
1781214518
websocket-server-8585946c55-4g4ks   5m    47Mi   
websocket-server-8585946c55-56bq8   1m    27Mi   
websocket-server-8585946c55-jng68   1m    28Mi   
websocket-server-8585946c55-msskj   4m    46Mi   
websocket-server-8585946c55-nq9ch   2m    32Mi   
websocket-server-8585946c55-pgl4t   1m    27Mi   
websocket-server-8585946c55-rgb6x   1m    27Mi   
websocket-server-8585946c55-t29m8   1m    30Mi   
1781214523
websocket-server-8585946c55-4g4ks   5m    47Mi   
websocket-server-8585946c55-56bq8   0m    27Mi   
websocket-server-8585946c55-jng68   1m    28Mi   
websocket-server-8585946c55-msskj   5m    46Mi   
websocket-server-8585946c55-nq9ch   2m    32Mi   
websocket-server-8585946c55-pgl4t   1m    27Mi   
websocket-server-8585946c55-rgb6x   1m    27Mi   
websocket-server-8585946c55-t29m8   1m    30Mi   
1781214528
websocket-server-8585946c55-4g4ks   5m    47Mi   
websocket-server-8585946c55-56bq8   0m    27Mi   
websocket-server-8585946c55-jng68   1m    28Mi   
websocket-server-8585946c55-msskj   5m    46Mi   
websocket-server-8585946c55-nq9ch   2m    32Mi   
websocket-server-8585946c55-pgl4t   1m    27Mi   
websocket-server-8585946c55-rgb6x   1m    27Mi   
websocket-server-8585946c55-t29m8   1m    30Mi   
1781214533
websocket-server-8585946c55-4g4ks   5m    47Mi   
websocket-server-8585946c55-56bq8   0m    27Mi   
websocket-server-8585946c55-jng68   1m    28Mi   
websocket-server-8585946c55-msskj   5m    46Mi   
websocket-server-8585946c55-nq9ch   2m    32Mi   
websocket-server-8585946c55-pgl4t   1m    27Mi   
websocket-server-8585946c55-rgb6x   1m    27Mi   
websocket-server-8585946c55-t29m8   1m    30Mi   
1781214538
websocket-server-8585946c55-4g4ks   5m    47Mi   
websocket-server-8585946c55-56bq8   0m    27Mi   
websocket-server-8585946c55-jng68   0m    27Mi   
websocket-server-8585946c55-msskj   5m    46Mi   
websocket-server-8585946c55-nq9ch   2m    32Mi   
websocket-server-8585946c55-pgl4t   1m    27Mi   
websocket-server-8585946c55-rgb6x   1m    27Mi   
websocket-server-8585946c55-t29m8   1m    30Mi   
1781214543
websocket-server-8585946c55-4g4ks   5m    47Mi   
websocket-server-8585946c55-56bq8   0m    27Mi   
websocket-server-8585946c55-jng68   0m    27Mi   
websocket-server-8585946c55-msskj   5m    46Mi   
websocket-server-8585946c55-nq9ch   2m    32Mi   
websocket-server-8585946c55-pgl4t   1m    27Mi   
websocket-server-8585946c55-rgb6x   1m    27Mi   
websocket-server-8585946c55-t29m8   1m    30Mi   
1781214548
websocket-server-8585946c55-4g4ks   5m    47Mi   
websocket-server-8585946c55-56bq8   0m    27Mi   
websocket-server-8585946c55-jng68   0m    27Mi   
websocket-server-8585946c55-msskj   5m    46Mi   
websocket-server-8585946c55-nq9ch   2m    32Mi   
websocket-server-8585946c55-pgl4t   1m    27Mi   
websocket-server-8585946c55-rgb6x   1m    27Mi   
websocket-server-8585946c55-t29m8   1m    30Mi   
1781214553
websocket-server-8585946c55-4g4ks   5m    47Mi   
websocket-server-8585946c55-56bq8   1m    27Mi   
websocket-server-8585946c55-jng68   1m    27Mi   
websocket-server-8585946c55-msskj   5m    46Mi   
websocket-server-8585946c55-nq9ch   2m    32Mi   
websocket-server-8585946c55-pgl4t   1m    27Mi   
websocket-server-8585946c55-rgb6x   1m    27Mi   
websocket-server-8585946c55-t29m8   1m    30Mi   
1781214558
websocket-server-8585946c55-4g4ks   5m    47Mi   
websocket-server-8585946c55-56bq8   1m    27Mi   
websocket-server-8585946c55-jng68   1m    27Mi   
websocket-server-8585946c55-msskj   5m    46Mi   
websocket-server-8585946c55-nq9ch   2m    32Mi   
websocket-server-8585946c55-pgl4t   1m    27Mi   
websocket-server-8585946c55-rgb6x   1m    27Mi   
websocket-server-8585946c55-t29m8   1m    30Mi   
1781214563
websocket-server-8585946c55-4g4ks   5m    47Mi   
websocket-server-8585946c55-56bq8   1m    27Mi   
websocket-server-8585946c55-jng68   1m    27Mi   
websocket-server-8585946c55-msskj   5m    46Mi   
websocket-server-8585946c55-nq9ch   2m    32Mi   
websocket-server-8585946c55-pgl4t   1m    27Mi   
websocket-server-8585946c55-rgb6x   1m    27Mi   
websocket-server-8585946c55-t29m8   1m    30Mi   
1781214568
websocket-server-8585946c55-4g4ks   5m    47Mi   
websocket-server-8585946c55-56bq8   1m    27Mi   
websocket-server-8585946c55-jng68   1m    27Mi   
websocket-server-8585946c55-msskj   4m    46Mi   
websocket-server-8585946c55-nq9ch   2m    32Mi   
websocket-server-8585946c55-pgl4t   1m    27Mi   
websocket-server-8585946c55-rgb6x   1m    27Mi   
websocket-server-8585946c55-t29m8   1m    30Mi   
1781214573
websocket-server-8585946c55-4g4ks   5m    47Mi   
websocket-server-8585946c55-56bq8   1m    27Mi   
websocket-server-8585946c55-jng68   1m    27Mi   
websocket-server-8585946c55-msskj   4m    46Mi   
websocket-server-8585946c55-nq9ch   2m    32Mi   
websocket-server-8585946c55-pgl4t   1m    27Mi   
websocket-server-8585946c55-rgb6x   1m    27Mi   
websocket-server-8585946c55-t29m8   1m    30Mi   
1781214578
websocket-server-8585946c55-4g4ks   5m    47Mi   
websocket-server-8585946c55-56bq8   1m    27Mi   
websocket-server-8585946c55-jng68   1m    27Mi   
websocket-server-8585946c55-msskj   4m    46Mi   
websocket-server-8585946c55-nq9ch   2m    32Mi   
websocket-server-8585946c55-pgl4t   1m    27Mi   
websocket-server-8585946c55-rgb6x   1m    27Mi   
websocket-server-8585946c55-t29m8   1m    30Mi   
1781214583
websocket-server-8585946c55-4g4ks   5m    48Mi   
websocket-server-8585946c55-56bq8   1m    27Mi   
websocket-server-8585946c55-jng68   1m    27Mi   
websocket-server-8585946c55-msskj   5m    46Mi   
websocket-server-8585946c55-nq9ch   2m    32Mi   
websocket-server-8585946c55-pgl4t   1m    27Mi   
websocket-server-8585946c55-rgb6x   1m    27Mi   
websocket-server-8585946c55-t29m8   1m    30Mi   
1781214588
websocket-server-8585946c55-4g4ks   5m    48Mi   
websocket-server-8585946c55-56bq8   1m    27Mi   
websocket-server-8585946c55-jng68   1m    27Mi   
websocket-server-8585946c55-msskj   5m    46Mi   
websocket-server-8585946c55-nq9ch   2m    32Mi   
websocket-server-8585946c55-pgl4t   1m    27Mi   
websocket-server-8585946c55-rgb6x   1m    27Mi   
websocket-server-8585946c55-t29m8   1m    30Mi   
1781214593
websocket-server-8585946c55-4g4ks   5m    48Mi   
websocket-server-8585946c55-56bq8   1m    27Mi   
websocket-server-8585946c55-jng68   1m    27Mi   
websocket-server-8585946c55-msskj   5m    46Mi   
websocket-server-8585946c55-nq9ch   2m    32Mi   
websocket-server-8585946c55-pgl4t   1m    27Mi   
websocket-server-8585946c55-rgb6x   1m    27Mi   
websocket-server-8585946c55-t29m8   1m    30Mi   
1781214598
websocket-server-8585946c55-4g4ks   5m    47Mi   
websocket-server-8585946c55-56bq8   1m    27Mi   
websocket-server-8585946c55-jng68   1m    28Mi   
websocket-server-8585946c55-msskj   5m    46Mi   
websocket-server-8585946c55-nq9ch   2m    32Mi   
websocket-server-8585946c55-pgl4t   1m    27Mi   
websocket-server-8585946c55-rgb6x   1m    27Mi   
websocket-server-8585946c55-t29m8   1m    30Mi   
1781214603
websocket-server-8585946c55-4g4ks   5m    47Mi   
websocket-server-8585946c55-56bq8   1m    27Mi   
websocket-server-8585946c55-jng68   1m    28Mi   
websocket-server-8585946c55-msskj   5m    46Mi   
websocket-server-8585946c55-nq9ch   2m    32Mi   
websocket-server-8585946c55-pgl4t   1m    27Mi   
websocket-server-8585946c55-rgb6x   1m    27Mi   
websocket-server-8585946c55-t29m8   1m    30Mi   
1781214608
websocket-server-8585946c55-4g4ks   5m    47Mi   
websocket-server-8585946c55-56bq8   1m    27Mi   
websocket-server-8585946c55-jng68   1m    28Mi   
websocket-server-8585946c55-msskj   5m    46Mi   
websocket-server-8585946c55-nq9ch   2m    32Mi   
websocket-server-8585946c55-pgl4t   1m    27Mi   
websocket-server-8585946c55-rgb6x   1m    27Mi   
websocket-server-8585946c55-t29m8   1m    30Mi   
1781214613
websocket-server-8585946c55-4g4ks   5m    47Mi   
websocket-server-8585946c55-56bq8   1m    27Mi   
websocket-server-8585946c55-jng68   1m    28Mi   
websocket-server-8585946c55-msskj   5m    46Mi   
websocket-server-8585946c55-nq9ch   2m    32Mi   
websocket-server-8585946c55-pgl4t   1m    27Mi   
websocket-server-8585946c55-rgb6x   1m    27Mi   
websocket-server-8585946c55-t29m8   1m    30Mi   
1781214619
websocket-server-8585946c55-4g4ks   5m    47Mi   
websocket-server-8585946c55-56bq8   1m    27Mi   
websocket-server-8585946c55-jng68   1m    28Mi   
websocket-server-8585946c55-msskj   5m    46Mi   
websocket-server-8585946c55-nq9ch   2m    32Mi   
websocket-server-8585946c55-pgl4t   1m    27Mi   
websocket-server-8585946c55-rgb6x   1m    27Mi   
websocket-server-8585946c55-t29m8   1m    30Mi   
1781214624
websocket-server-8585946c55-4g4ks   5m    47Mi   
websocket-server-8585946c55-56bq8   1m    27Mi   
websocket-server-8585946c55-jng68   1m    28Mi   
websocket-server-8585946c55-msskj   5m    46Mi   
websocket-server-8585946c55-nq9ch   2m    32Mi   
websocket-server-8585946c55-pgl4t   1m    27Mi   
websocket-server-8585946c55-rgb6x   1m    27Mi   
websocket-server-8585946c55-t29m8   1m    30Mi   
1781214629
websocket-server-8585946c55-4g4ks   5m    47Mi   
websocket-server-8585946c55-56bq8   1m    27Mi   
websocket-server-8585946c55-jng68   1m    27Mi   
websocket-server-8585946c55-msskj   5m    45Mi   
websocket-server-8585946c55-nq9ch   2m    33Mi   
websocket-server-8585946c55-pgl4t   1m    27Mi   
websocket-server-8585946c55-rgb6x   1m    27Mi   
websocket-server-8585946c55-t29m8   1m    30Mi   
1781214634
websocket-server-8585946c55-4g4ks   5m    47Mi   
websocket-server-8585946c55-56bq8   1m    27Mi   
websocket-server-8585946c55-jng68   1m    27Mi   
websocket-server-8585946c55-msskj   5m    45Mi   
websocket-server-8585946c55-nq9ch   2m    33Mi   
websocket-server-8585946c55-pgl4t   1m    27Mi   
websocket-server-8585946c55-rgb6x   1m    27Mi   
websocket-server-8585946c55-t29m8   1m    30Mi   
1781214639
websocket-server-8585946c55-4g4ks   5m    47Mi   
websocket-server-8585946c55-56bq8   1m    27Mi   
websocket-server-8585946c55-jng68   1m    27Mi   
websocket-server-8585946c55-msskj   5m    45Mi   
websocket-server-8585946c55-nq9ch   2m    33Mi   
websocket-server-8585946c55-pgl4t   1m    27Mi   
websocket-server-8585946c55-rgb6x   1m    27Mi   
websocket-server-8585946c55-t29m8   1m    30Mi   
1781214644
websocket-server-8585946c55-4g4ks   5m    47Mi   
websocket-server-8585946c55-56bq8   1m    27Mi   
websocket-server-8585946c55-jng68   1m    27Mi   
websocket-server-8585946c55-msskj   5m    46Mi   
websocket-server-8585946c55-nq9ch   2m    32Mi   
websocket-server-8585946c55-pgl4t   0m    27Mi   
websocket-server-8585946c55-rgb6x   1m    27Mi   
websocket-server-8585946c55-t29m8   1m    30Mi   
1781214649
websocket-server-8585946c55-4g4ks   5m    47Mi   
websocket-server-8585946c55-56bq8   1m    27Mi   
websocket-server-8585946c55-jng68   1m    27Mi   
websocket-server-8585946c55-msskj   5m    46Mi   
websocket-server-8585946c55-nq9ch   2m    32Mi   
websocket-server-8585946c55-pgl4t   0m    27Mi   
websocket-server-8585946c55-rgb6x   1m    27Mi   
websocket-server-8585946c55-t29m8   1m    30Mi   
1781214654
websocket-server-8585946c55-4g4ks   5m    47Mi   
websocket-server-8585946c55-56bq8   1m    27Mi   
websocket-server-8585946c55-jng68   1m    27Mi   
websocket-server-8585946c55-msskj   5m    46Mi   
websocket-server-8585946c55-nq9ch   2m    32Mi   
websocket-server-8585946c55-pgl4t   0m    27Mi   
websocket-server-8585946c55-rgb6x   1m    27Mi   
websocket-server-8585946c55-t29m8   1m    30Mi   
1781214659
websocket-server-8585946c55-4g4ks   5m    47Mi   
websocket-server-8585946c55-56bq8   1m    27Mi   
websocket-server-8585946c55-jng68   1m    27Mi   
websocket-server-8585946c55-msskj   4m    45Mi   
websocket-server-8585946c55-nq9ch   2m    32Mi   
websocket-server-8585946c55-pgl4t   1m    28Mi   
websocket-server-8585946c55-rgb6x   1m    27Mi   
websocket-server-8585946c55-t29m8   1m    30Mi   
1781214664
websocket-server-8585946c55-4g4ks   5m    47Mi   
websocket-server-8585946c55-56bq8   1m    27Mi   
websocket-server-8585946c55-jng68   1m    27Mi   
websocket-server-8585946c55-msskj   4m    45Mi   
websocket-server-8585946c55-nq9ch   2m    32Mi   
websocket-server-8585946c55-pgl4t   1m    28Mi   
websocket-server-8585946c55-rgb6x   1m    27Mi   
websocket-server-8585946c55-t29m8   1m    30Mi   
1781214669
websocket-server-8585946c55-4g4ks   5m    47Mi   
websocket-server-8585946c55-56bq8   1m    27Mi   
websocket-server-8585946c55-jng68   1m    27Mi   
websocket-server-8585946c55-msskj   4m    45Mi   
websocket-server-8585946c55-nq9ch   2m    32Mi   
websocket-server-8585946c55-pgl4t   1m    28Mi   
websocket-server-8585946c55-rgb6x   1m    27Mi   
websocket-server-8585946c55-t29m8   1m    30Mi   
1781214674
websocket-server-8585946c55-4g4ks   5m    47Mi   
websocket-server-8585946c55-56bq8   1m    27Mi   
websocket-server-8585946c55-jng68   1m    27Mi   
websocket-server-8585946c55-msskj   5m    46Mi   
websocket-server-8585946c55-nq9ch   2m    32Mi   
websocket-server-8585946c55-pgl4t   1m    27Mi   
websocket-server-8585946c55-rgb6x   1m    27Mi   
websocket-server-8585946c55-t29m8   1m    30Mi   
1781214679
websocket-server-8585946c55-4g4ks   5m    47Mi   
websocket-server-8585946c55-56bq8   1m    27Mi   
websocket-server-8585946c55-jng68   1m    27Mi   
websocket-server-8585946c55-msskj   5m    46Mi   
websocket-server-8585946c55-nq9ch   2m    32Mi   
websocket-server-8585946c55-pgl4t   1m    27Mi   
websocket-server-8585946c55-rgb6x   1m    27Mi   
websocket-server-8585946c55-t29m8   1m    30Mi   
1781214684
websocket-server-8585946c55-jng68   1m    27Mi   
websocket-server-8585946c55-nq9ch   2m    32Mi   
websocket-server-8585946c55-pgl4t   1m    27Mi   
websocket-server-8585946c55-t29m8   1m    30Mi   
1781214689
websocket-server-8585946c55-jng68   1m    27Mi   
websocket-server-8585946c55-nq9ch   2m    32Mi   
websocket-server-8585946c55-pgl4t   1m    27Mi   
websocket-server-8585946c55-t29m8   1m    30Mi   
1781214694
websocket-server-8585946c55-jng68   1m    27Mi   
websocket-server-8585946c55-nq9ch   2m    32Mi   
websocket-server-8585946c55-pgl4t   1m    27Mi   
websocket-server-8585946c55-t29m8   1m    30Mi   
1781214699
websocket-server-8585946c55-jng68   1m    27Mi   
websocket-server-8585946c55-nq9ch   2m    32Mi   
websocket-server-8585946c55-pgl4t   1m    27Mi   
websocket-server-8585946c55-t29m8   1m    30Mi   
1781214704
websocket-server-8585946c55-jng68   1m    27Mi   
websocket-server-8585946c55-nq9ch   2m    32Mi   
websocket-server-8585946c55-pgl4t   0m    27Mi   
websocket-server-8585946c55-t29m8   1m    30Mi   
