1783197574
active_connections 0
1783197579
active_connections 13
1783197584
active_connections 35
1783197589
active_connections 59
1783197594
active_connections 79
1783197599
active_connections 99
1783197604
active_connections 119
1783197609
active_connections 139
1783197614
active_connections 162
1783197619
active_connections 175
1783197624
active_connections 187
1783197629
active_connections 199
1783197634
active_connections 212
1783197639
active_connections 224
1783197644
active_connections 233
1783197649
active_connections 243
1783197654
active_connections 248
1783197659
active_connections 253
1783197664
active_connections 0
1783197669
active_connections 0
1783197675
active_connections 0
1783197680
active_connections 0
1783197685
active_connections 0
1783197690
active_connections 0
1783197695
active_connections 0
1783197700
active_connections 0
1783197705
active_connections 0
1783197710
active_connections 0
1783197715
active_connections 0
1783197720
active_connections 0
1783197725
active_connections 0
1783197730
active_connections 5
1783197735
active_connections 8
1783197740
active_connections 15
1783197745
active_connections 21
1783197750
active_connections 25
1783197755
active_connections 39
1783197760
active_connections 51
1783197765
active_connections 63
1783197770
active_connections 82
1783197775
active_connections 107
1783197780
active_connections 145
1783197785
active_connections 217
1783197790
active_connections 235
1783197795
active_connections 268
1783197800
active_connections 333
1783197807
active_connections 357
1783197814
active_connections 0
1783197822
active_connections 0
1783197827
active_connections 0
1783197832
active_connections 0
1783197837
active_connections 0
1783197842
active_connections 0
1783197847
active_connections 0
1783197852
active_connections 0
1783197857
active_connections 0
1783197862
active_connections 0
1783197867
active_connections 0
1783197872
active_connections 0
1783197877
active_connections 4
1783197882
active_connections 9
1783197887
active_connections 11
1783197892
active_connections 14
1783197897
active_connections 19
1783197902
active_connections 24
1783197907
active_connections 27
1783197912
active_connections 31
1783197917
active_connections 36
1783197922
active_connections 40
1783197927
active_connections 45
1783197932
active_connections 72
1783197937
active_connections 90
1783197942
active_connections 100
1783197947
active_connections 114
1783197952
active_connections 131
1783197958
active_connections 151
1783197963
active_connections 236
1783197968
active_connections 0
1783197973
active_connections 0
1783197978
active_connections 0
1783197983
active_connections 0
1783197988
active_connections 0
1783197993
active_connections 0
1783197998
active_connections 0
1783198003
active_connections 0
1783198008
active_connections 0
1783198013
active_connections 0
1783198018
active_connections 0
1783198023
active_connections 0
1783198028
active_connections 2
1783198033
active_connections 9
1783198038
active_connections 13
1783198043
active_connections 27
1783198048
active_connections 29
1783198053
active_connections 35
1783198058
active_connections 43
1783198063
active_connections 49
1783198068
active_connections 69
1783198073
active_connections 94
1783198078
active_connections 111
1783198083
active_connections 131
1783198088
active_connections 156
1783198093
active_connections 180
1783198098
active_connections 317
1783198104
active_connections 350
1783198109
active_connections 381
1783198116
active_connections 0
1783198121
active_connections 0
1783198126
active_connections 0
1783198131
active_connections 0
1783198136
active_connections 0
1783198141
active_connections 0
1783198146
active_connections 0
1783198151
active_connections 0
1783198156
active_connections 0
1783198161
active_connections 0
1783198166
active_connections 0
1783198171
active_connections 0
1783198176
active_connections 1
1783198181
active_connections 6
1783198186
active_connections 9
1783198191
active_connections 17
1783198196
active_connections 23
1783198202
active_connections 31
1783198207
active_connections 35
1783198212
active_connections 42
1783198217
active_connections 56
1783198222
active_connections 76
1783198227
active_connections 90
1783198232
active_connections 110
1783198237
active_connections 132
1783198242
active_connections 159
1783198247
active_connections 243
1783198252
active_connections 314
1783198257
active_connections 347
1783198263
active_connections 366
1783198268
active_connections 0
1783198273
active_connections 0
1783198278
active_connections 0
1783198283
active_connections 0
1783198288
active_connections 0
1783198293
active_connections 0
1783198298
active_connections 0
1783198303
active_connections 0
1783198308
active_connections 0
1783198314
active_connections 0
1783198319
active_connections 0
1783198324
active_connections 0
1783198329
active_connections 0
1783198334
active_connections 0
1783198339
active_connections 0
1783198344
active_connections 0
1783198349
active_connections 0
1783198354
active_connections 0
1783198359
active_connections 0
1783198364
active_connections 0
1783198369
active_connections 0
1783198374
active_connections 0
1783198379
active_connections 0
1783198384
active_connections 0
1783198389
active_connections 0
1783198394
active_connections 0
