1783197589
websocket-loadgen-7xj5d            134m   30Mi   
websocket-server-5d44fc8b6-k2txg   30m    27Mi   
websocket-server-5d44fc8b6-wx675   62m    37Mi   
1783197594
websocket-loadgen-7xj5d            134m   30Mi   
websocket-server-5d44fc8b6-k2txg   30m    27Mi   
websocket-server-5d44fc8b6-wx675   62m    37Mi   
1783197600
websocket-loadgen-7xj5d            134m   30Mi   
websocket-server-5d44fc8b6-k2txg   30m    27Mi   
websocket-server-5d44fc8b6-wx675   62m    37Mi   
1783197605
websocket-loadgen-7xj5d            132m   31Mi   
websocket-server-5d44fc8b6-k2txg   148m   32Mi   
websocket-server-5d44fc8b6-wx675   143m   34Mi   
1783197610
websocket-loadgen-7xj5d            132m   31Mi   
websocket-server-5d44fc8b6-k2txg   148m   32Mi   
websocket-server-5d44fc8b6-wx675   143m   34Mi   
1783197615
websocket-loadgen-7xj5d            65m    44Mi   
websocket-server-5d44fc8b6-k2txg   231m   34Mi   
websocket-server-5d44fc8b6-wx675   285m   38Mi   
1783197620
websocket-loadgen-7xj5d            65m    44Mi   
websocket-server-5d44fc8b6-k2txg   231m   34Mi   
websocket-server-5d44fc8b6-wx675   285m   38Mi   
1783197625
websocket-loadgen-7xj5d            65m    44Mi   
websocket-server-5d44fc8b6-k2txg   231m   34Mi   
websocket-server-5d44fc8b6-wx675   285m   38Mi   
1783197630
websocket-loadgen-7xj5d            87m    50Mi   
websocket-server-5d44fc8b6-k2txg   313m   36Mi   
websocket-server-5d44fc8b6-wx675   384m   40Mi   
websocket-server-5d44fc8b6-zrngp   104m   29Mi   
1783197636
websocket-loadgen-7xj5d            87m    50Mi   
websocket-server-5d44fc8b6-k2txg   313m   36Mi   
websocket-server-5d44fc8b6-wx675   384m   40Mi   
websocket-server-5d44fc8b6-zrngp   104m   29Mi   
1783197641
websocket-loadgen-7xj5d            87m    50Mi   
websocket-server-5d44fc8b6-k2txg   313m   36Mi   
websocket-server-5d44fc8b6-wx675   384m   40Mi   
websocket-server-5d44fc8b6-zrngp   104m   29Mi   
1783197646
websocket-loadgen-7xj5d            102m   56Mi   
websocket-server-5d44fc8b6-9wwz4   77m    27Mi   
websocket-server-5d44fc8b6-k2txg   387m   39Mi   
websocket-server-5d44fc8b6-nwmvg   29m    27Mi   
websocket-server-5d44fc8b6-wx675   463m   42Mi   
websocket-server-5d44fc8b6-zrngp   116m   31Mi   
1783197651
websocket-loadgen-7xj5d            102m   56Mi   
websocket-server-5d44fc8b6-9wwz4   77m    27Mi   
websocket-server-5d44fc8b6-k2txg   387m   39Mi   
websocket-server-5d44fc8b6-nwmvg   29m    27Mi   
websocket-server-5d44fc8b6-wx675   463m   42Mi   
websocket-server-5d44fc8b6-zrngp   116m   31Mi   
1783197656
websocket-loadgen-7xj5d            102m   56Mi   
websocket-server-5d44fc8b6-9wwz4   77m    27Mi   
websocket-server-5d44fc8b6-k2txg   387m   39Mi   
websocket-server-5d44fc8b6-nwmvg   29m    27Mi   
websocket-server-5d44fc8b6-wx675   463m   42Mi   
websocket-server-5d44fc8b6-zrngp   116m   31Mi   
1783197661
websocket-loadgen-7xj5d            110m   63Mi   
websocket-server-5d44fc8b6-9wwz4   56m    27Mi   
websocket-server-5d44fc8b6-k2txg   422m   40Mi   
websocket-server-5d44fc8b6-nwmvg   28m    27Mi   
websocket-server-5d44fc8b6-vpdc7   72m    27Mi   
websocket-server-5d44fc8b6-wx675   463m   42Mi   
websocket-server-5d44fc8b6-zrngp   156m   33Mi   
1783197666
websocket-server-5d44fc8b6-9wwz4   56m    27Mi   
websocket-server-5d44fc8b6-k2txg   422m   40Mi   
websocket-server-5d44fc8b6-nwmvg   28m    27Mi   
websocket-server-5d44fc8b6-vpdc7   72m    27Mi   
websocket-server-5d44fc8b6-wx675   463m   42Mi   
websocket-server-5d44fc8b6-zrngp   156m   33Mi   
1783197672
websocket-server-5d44fc8b6-9wwz4   56m    27Mi   
websocket-server-5d44fc8b6-k2txg   422m   40Mi   
websocket-server-5d44fc8b6-nwmvg   28m    27Mi   
websocket-server-5d44fc8b6-vpdc7   72m    27Mi   
websocket-server-5d44fc8b6-wx675   463m   42Mi   
websocket-server-5d44fc8b6-zrngp   156m   33Mi   
1783197677
websocket-server-5d44fc8b6-9wwz4   88m    28Mi   
websocket-server-5d44fc8b6-brprn   57m    25Mi   
websocket-server-5d44fc8b6-jfvqj   55m    26Mi   
websocket-server-5d44fc8b6-k2txg   284m   40Mi   
websocket-server-5d44fc8b6-nwmvg   81m    28Mi   
websocket-server-5d44fc8b6-v54sp   6m     25Mi   
websocket-server-5d44fc8b6-vpdc7   32m    27Mi   
websocket-server-5d44fc8b6-wx675   472m   43Mi   
websocket-server-5d44fc8b6-zrngp   199m   33Mi   
1783197682
websocket-server-5d44fc8b6-9wwz4   88m    28Mi   
websocket-server-5d44fc8b6-brprn   57m    25Mi   
websocket-server-5d44fc8b6-jfvqj   55m    26Mi   
websocket-server-5d44fc8b6-k2txg   284m   40Mi   
websocket-server-5d44fc8b6-nwmvg   81m    28Mi   
websocket-server-5d44fc8b6-v54sp   6m     25Mi   
websocket-server-5d44fc8b6-vpdc7   32m    27Mi   
websocket-server-5d44fc8b6-wx675   472m   43Mi   
websocket-server-5d44fc8b6-zrngp   199m   33Mi   
1783197687
websocket-server-5d44fc8b6-9wwz4   88m    28Mi   
websocket-server-5d44fc8b6-brprn   57m    25Mi   
websocket-server-5d44fc8b6-jfvqj   55m    26Mi   
websocket-server-5d44fc8b6-k2txg   284m   40Mi   
websocket-server-5d44fc8b6-nwmvg   81m    28Mi   
websocket-server-5d44fc8b6-v54sp   6m     25Mi   
websocket-server-5d44fc8b6-vpdc7   32m    27Mi   
websocket-server-5d44fc8b6-wx675   472m   43Mi   
websocket-server-5d44fc8b6-zrngp   199m   33Mi   
1783197692
websocket-server-5d44fc8b6-9wwz4   0m     28Mi   
websocket-server-5d44fc8b6-brprn   0m     25Mi   
websocket-server-5d44fc8b6-jfvqj   55m    26Mi   
websocket-server-5d44fc8b6-k2txg   284m   40Mi   
websocket-server-5d44fc8b6-nwmvg   10m    28Mi   
websocket-server-5d44fc8b6-v54sp   0m     25Mi   
websocket-server-5d44fc8b6-vpdc7   0m     27Mi   
websocket-server-5d44fc8b6-wx675   120m   42Mi   
websocket-server-5d44fc8b6-zrngp   0m     33Mi   
1783197697
websocket-server-5d44fc8b6-9wwz4   0m     28Mi   
websocket-server-5d44fc8b6-brprn   0m     25Mi   
websocket-server-5d44fc8b6-jfvqj   55m    26Mi   
websocket-server-5d44fc8b6-k2txg   284m   40Mi   
websocket-server-5d44fc8b6-nwmvg   10m    28Mi   
websocket-server-5d44fc8b6-v54sp   0m     25Mi   
websocket-server-5d44fc8b6-vpdc7   0m     27Mi   
websocket-server-5d44fc8b6-wx675   120m   42Mi   
websocket-server-5d44fc8b6-zrngp   0m     33Mi   
1783197702
websocket-server-5d44fc8b6-9wwz4   0m     28Mi   
websocket-server-5d44fc8b6-brprn   0m     25Mi   
websocket-server-5d44fc8b6-jfvqj   55m    26Mi   
websocket-server-5d44fc8b6-k2txg   284m   40Mi   
websocket-server-5d44fc8b6-nwmvg   10m    28Mi   
websocket-server-5d44fc8b6-v54sp   0m     25Mi   
websocket-server-5d44fc8b6-vpdc7   0m     27Mi   
websocket-server-5d44fc8b6-wx675   120m   42Mi   
websocket-server-5d44fc8b6-zrngp   0m     33Mi   
1783197707
websocket-server-5d44fc8b6-9wwz4   0m    28Mi   
websocket-server-5d44fc8b6-brprn   0m    25Mi   
websocket-server-5d44fc8b6-jfvqj   0m    26Mi   
websocket-server-5d44fc8b6-k2txg   1m    40Mi   
websocket-server-5d44fc8b6-nwmvg   0m    28Mi   
websocket-server-5d44fc8b6-v54sp   0m    25Mi   
websocket-server-5d44fc8b6-vpdc7   0m    27Mi   
websocket-server-5d44fc8b6-wx675   0m    42Mi   
websocket-server-5d44fc8b6-zrngp   0m    33Mi   
1783197713
websocket-server-5d44fc8b6-9wwz4   0m    28Mi   
websocket-server-5d44fc8b6-brprn   0m    25Mi   
websocket-server-5d44fc8b6-jfvqj   0m    26Mi   
websocket-server-5d44fc8b6-k2txg   1m    40Mi   
websocket-server-5d44fc8b6-nwmvg   0m    28Mi   
websocket-server-5d44fc8b6-v54sp   0m    25Mi   
websocket-server-5d44fc8b6-vpdc7   0m    27Mi   
websocket-server-5d44fc8b6-wx675   0m    42Mi   
websocket-server-5d44fc8b6-zrngp   0m    33Mi   
1783197718
websocket-server-5d44fc8b6-9wwz4   0m    28Mi   
websocket-server-5d44fc8b6-brprn   0m    25Mi   
websocket-server-5d44fc8b6-jfvqj   0m    26Mi   
websocket-server-5d44fc8b6-k2txg   1m    40Mi   
websocket-server-5d44fc8b6-nwmvg   0m    28Mi   
websocket-server-5d44fc8b6-v54sp   0m    25Mi   
websocket-server-5d44fc8b6-vpdc7   0m    27Mi   
websocket-server-5d44fc8b6-wx675   0m    42Mi   
websocket-server-5d44fc8b6-zrngp   0m    33Mi   
1783197723
websocket-server-5d44fc8b6-9wwz4   0m    28Mi   
websocket-server-5d44fc8b6-brprn   0m    25Mi   
websocket-server-5d44fc8b6-jfvqj   0m    26Mi   
websocket-server-5d44fc8b6-k2txg   1m    40Mi   
websocket-server-5d44fc8b6-nwmvg   0m    28Mi   
websocket-server-5d44fc8b6-v54sp   0m    25Mi   
websocket-server-5d44fc8b6-vpdc7   0m    27Mi   
websocket-server-5d44fc8b6-wx675   0m    42Mi   
websocket-server-5d44fc8b6-zrngp   0m    33Mi   
1783197728
websocket-server-5d44fc8b6-9wwz4   0m    28Mi   
websocket-server-5d44fc8b6-brprn   0m    25Mi   
websocket-server-5d44fc8b6-jfvqj   0m    26Mi   
websocket-server-5d44fc8b6-k2txg   1m    40Mi   
websocket-server-5d44fc8b6-nwmvg   0m    28Mi   
websocket-server-5d44fc8b6-v54sp   0m    25Mi   
websocket-server-5d44fc8b6-vpdc7   0m    27Mi   
websocket-server-5d44fc8b6-wx675   0m    42Mi   
websocket-server-5d44fc8b6-zrngp   0m    33Mi   
1783197733
websocket-server-5d44fc8b6-9wwz4   0m    28Mi   
websocket-server-5d44fc8b6-brprn   0m    25Mi   
websocket-server-5d44fc8b6-jfvqj   0m    26Mi   
websocket-server-5d44fc8b6-k2txg   1m    40Mi   
websocket-server-5d44fc8b6-nwmvg   0m    28Mi   
websocket-server-5d44fc8b6-v54sp   0m    25Mi   
websocket-server-5d44fc8b6-vpdc7   0m    27Mi   
websocket-server-5d44fc8b6-wx675   0m    42Mi   
websocket-server-5d44fc8b6-zrngp   0m    33Mi   
1783197738
websocket-loadgen-8ctpz            146m   31Mi   
websocket-server-5d44fc8b6-9wwz4   3m     28Mi   
websocket-server-5d44fc8b6-brprn   0m     25Mi   
websocket-server-5d44fc8b6-jfvqj   0m     26Mi   
websocket-server-5d44fc8b6-k2txg   1m     40Mi   
websocket-server-5d44fc8b6-nwmvg   0m     28Mi   
websocket-server-5d44fc8b6-v54sp   0m     25Mi   
websocket-server-5d44fc8b6-vpdc7   0m     27Mi   
websocket-server-5d44fc8b6-wx675   1m     42Mi   
websocket-server-5d44fc8b6-zrngp   4m     33Mi   
1783197743
websocket-loadgen-8ctpz            146m   31Mi   
websocket-server-5d44fc8b6-9wwz4   3m     28Mi   
websocket-server-5d44fc8b6-brprn   0m     25Mi   
websocket-server-5d44fc8b6-jfvqj   0m     26Mi   
websocket-server-5d44fc8b6-k2txg   1m     40Mi   
websocket-server-5d44fc8b6-nwmvg   0m     28Mi   
websocket-server-5d44fc8b6-v54sp   0m     25Mi   
websocket-server-5d44fc8b6-vpdc7   0m     27Mi   
websocket-server-5d44fc8b6-wx675   1m     42Mi   
websocket-server-5d44fc8b6-zrngp   4m     33Mi   
1783197748
websocket-loadgen-8ctpz            146m   31Mi   
websocket-server-5d44fc8b6-9wwz4   3m     28Mi   
websocket-server-5d44fc8b6-brprn   0m     25Mi   
websocket-server-5d44fc8b6-jfvqj   0m     26Mi   
websocket-server-5d44fc8b6-k2txg   1m     40Mi   
websocket-server-5d44fc8b6-nwmvg   0m     28Mi   
websocket-server-5d44fc8b6-v54sp   0m     25Mi   
websocket-server-5d44fc8b6-vpdc7   0m     27Mi   
websocket-server-5d44fc8b6-wx675   1m     42Mi   
websocket-server-5d44fc8b6-zrngp   4m     33Mi   
1783197754
websocket-loadgen-8ctpz            48m   34Mi   
websocket-server-5d44fc8b6-9wwz4   3m    28Mi   
websocket-server-5d44fc8b6-brprn   25m   27Mi   
websocket-server-5d44fc8b6-jfvqj   27m   28Mi   
websocket-server-5d44fc8b6-k2txg   23m   40Mi   
websocket-server-5d44fc8b6-nwmvg   8m    28Mi   
websocket-server-5d44fc8b6-v54sp   15m   26Mi   
websocket-server-5d44fc8b6-vpdc7   18m   27Mi   
websocket-server-5d44fc8b6-wx675   29m   43Mi   
websocket-server-5d44fc8b6-zrngp   30m   33Mi   
1783197759
websocket-loadgen-8ctpz            48m   34Mi   
websocket-server-5d44fc8b6-9wwz4   3m    28Mi   
websocket-server-5d44fc8b6-brprn   25m   27Mi   
websocket-server-5d44fc8b6-jfvqj   27m   28Mi   
websocket-server-5d44fc8b6-k2txg   23m   40Mi   
websocket-server-5d44fc8b6-nwmvg   8m    28Mi   
websocket-server-5d44fc8b6-v54sp   15m   26Mi   
websocket-server-5d44fc8b6-vpdc7   18m   27Mi   
websocket-server-5d44fc8b6-wx675   29m   43Mi   
websocket-server-5d44fc8b6-zrngp   30m   33Mi   
1783197764
websocket-loadgen-8ctpz            48m   34Mi   
websocket-server-5d44fc8b6-9wwz4   3m    28Mi   
websocket-server-5d44fc8b6-brprn   25m   27Mi   
websocket-server-5d44fc8b6-jfvqj   27m   28Mi   
websocket-server-5d44fc8b6-k2txg   23m   40Mi   
websocket-server-5d44fc8b6-nwmvg   8m    28Mi   
websocket-server-5d44fc8b6-v54sp   15m   26Mi   
websocket-server-5d44fc8b6-vpdc7   18m   27Mi   
websocket-server-5d44fc8b6-wx675   29m   43Mi   
websocket-server-5d44fc8b6-zrngp   30m   33Mi   
1783197769
websocket-loadgen-8ctpz            68m   45Mi   
websocket-server-5d44fc8b6-9wwz4   24m   29Mi   
websocket-server-5d44fc8b6-brprn   82m   29Mi   
websocket-server-5d44fc8b6-jfvqj   61m   27Mi   
websocket-server-5d44fc8b6-k2txg   62m   41Mi   
websocket-server-5d44fc8b6-nwmvg   27m   29Mi   
websocket-server-5d44fc8b6-v54sp   63m   28Mi   
websocket-server-5d44fc8b6-vpdc7   37m   27Mi   
websocket-server-5d44fc8b6-wx675   91m   46Mi   
websocket-server-5d44fc8b6-zrngp   39m   33Mi   
1783197774
websocket-loadgen-8ctpz            68m   45Mi   
websocket-server-5d44fc8b6-9wwz4   24m   29Mi   
websocket-server-5d44fc8b6-brprn   82m   29Mi   
websocket-server-5d44fc8b6-jfvqj   61m   27Mi   
websocket-server-5d44fc8b6-k2txg   62m   41Mi   
websocket-server-5d44fc8b6-nwmvg   27m   29Mi   
websocket-server-5d44fc8b6-v54sp   63m   28Mi   
websocket-server-5d44fc8b6-vpdc7   37m   27Mi   
websocket-server-5d44fc8b6-wx675   91m   46Mi   
websocket-server-5d44fc8b6-zrngp   39m   33Mi   
1783197779
websocket-loadgen-8ctpz            68m   45Mi   
websocket-server-5d44fc8b6-brprn   82m   29Mi   
websocket-server-5d44fc8b6-k2txg   62m   41Mi   
websocket-server-5d44fc8b6-v54sp   63m   28Mi   
websocket-server-5d44fc8b6-wx675   91m   46Mi   
1783197784
websocket-loadgen-8ctpz            89m    51Mi   
websocket-server-5d44fc8b6-brprn   106m   28Mi   
websocket-server-5d44fc8b6-k2txg   159m   43Mi   
websocket-server-5d44fc8b6-v54sp   78m    28Mi   
websocket-server-5d44fc8b6-wx675   91m    46Mi   
1783197789
websocket-loadgen-8ctpz            89m    51Mi   
websocket-server-5d44fc8b6-brprn   106m   28Mi   
websocket-server-5d44fc8b6-k2txg   159m   43Mi   
websocket-server-5d44fc8b6-v54sp   78m    28Mi   
websocket-server-5d44fc8b6-wx675   91m    46Mi   
1783197795
websocket-loadgen-8ctpz            89m    51Mi   
websocket-server-5d44fc8b6-k2txg   159m   43Mi   
websocket-server-5d44fc8b6-wx675   91m    46Mi   
1783197800
websocket-loadgen-8ctpz            115m   67Mi   
websocket-server-5d44fc8b6-k2txg   376m   45Mi   
websocket-server-5d44fc8b6-wx675   232m   52Mi   
1783197805
websocket-loadgen-8ctpz            115m   67Mi   
websocket-server-5d44fc8b6-k2txg   376m   45Mi   
websocket-server-5d44fc8b6-wx675   232m   52Mi   
1783197810
websocket-loadgen-8ctpz            115m   67Mi   
websocket-server-5d44fc8b6-k2txg   376m   45Mi   
websocket-server-5d44fc8b6-wx675   453m   60Mi   
1783197815
websocket-server-5d44fc8b6-k2txg   376m   45Mi   
websocket-server-5d44fc8b6-wx675   453m   60Mi   
1783197820
websocket-server-5d44fc8b6-k2txg   376m   45Mi   
websocket-server-5d44fc8b6-wx675   453m   60Mi   
1783197825
websocket-server-5d44fc8b6-9z2vz   25m    26Mi   
websocket-server-5d44fc8b6-gt5z2   70m    25Mi   
websocket-server-5d44fc8b6-gw47p   60m    26Mi   
websocket-server-5d44fc8b6-h2s95   13m    25Mi   
websocket-server-5d44fc8b6-k2txg   495m   49Mi   
websocket-server-5d44fc8b6-wx675   501m   65Mi   
1783197831
websocket-server-5d44fc8b6-9z2vz   25m    26Mi   
websocket-server-5d44fc8b6-gt5z2   70m    25Mi   
websocket-server-5d44fc8b6-gw47p   60m    26Mi   
websocket-server-5d44fc8b6-h2s95   13m    25Mi   
websocket-server-5d44fc8b6-k2txg   495m   49Mi   
websocket-server-5d44fc8b6-wx675   501m   65Mi   
1783197836
websocket-server-5d44fc8b6-9z2vz   25m    26Mi   
websocket-server-5d44fc8b6-gt5z2   70m    25Mi   
websocket-server-5d44fc8b6-gw47p   60m    26Mi   
websocket-server-5d44fc8b6-h2s95   13m    25Mi   
websocket-server-5d44fc8b6-k2txg   495m   49Mi   
websocket-server-5d44fc8b6-wx675   501m   65Mi   
1783197841
websocket-server-5d44fc8b6-9z2vz   0m     26Mi   
websocket-server-5d44fc8b6-gt5z2   0m     25Mi   
websocket-server-5d44fc8b6-gw47p   0m     26Mi   
websocket-server-5d44fc8b6-h2s95   0m     25Mi   
websocket-server-5d44fc8b6-k2txg   209m   50Mi   
websocket-server-5d44fc8b6-wx675   131m   65Mi   
1783197846
websocket-server-5d44fc8b6-9z2vz   0m     26Mi   
websocket-server-5d44fc8b6-gt5z2   0m     25Mi   
websocket-server-5d44fc8b6-gw47p   0m     26Mi   
websocket-server-5d44fc8b6-h2s95   0m     25Mi   
websocket-server-5d44fc8b6-k2txg   209m   50Mi   
websocket-server-5d44fc8b6-wx675   131m   65Mi   
1783197851
websocket-server-5d44fc8b6-9z2vz   0m     26Mi   
websocket-server-5d44fc8b6-gt5z2   0m     25Mi   
websocket-server-5d44fc8b6-gw47p   0m     26Mi   
websocket-server-5d44fc8b6-h2s95   0m     25Mi   
websocket-server-5d44fc8b6-k2txg   209m   50Mi   
websocket-server-5d44fc8b6-wx675   131m   65Mi   
1783197856
websocket-server-5d44fc8b6-9z2vz   0m    26Mi   
websocket-server-5d44fc8b6-gt5z2   0m    25Mi   
websocket-server-5d44fc8b6-gw47p   0m    26Mi   
websocket-server-5d44fc8b6-h2s95   0m    25Mi   
websocket-server-5d44fc8b6-k2txg   1m    50Mi   
websocket-server-5d44fc8b6-kkmjh   7m    25Mi   
websocket-server-5d44fc8b6-s4bp7   55m   25Mi   
websocket-server-5d44fc8b6-ttwxz   5m    25Mi   
websocket-server-5d44fc8b6-wx675   0m    65Mi   
1783197861
websocket-server-5d44fc8b6-9z2vz   0m    26Mi   
websocket-server-5d44fc8b6-gt5z2   0m    25Mi   
websocket-server-5d44fc8b6-gw47p   0m    26Mi   
websocket-server-5d44fc8b6-h2s95   0m    25Mi   
websocket-server-5d44fc8b6-k2txg   1m    50Mi   
websocket-server-5d44fc8b6-kkmjh   7m    25Mi   
websocket-server-5d44fc8b6-s4bp7   55m   25Mi   
websocket-server-5d44fc8b6-ttwxz   5m    25Mi   
websocket-server-5d44fc8b6-wx675   0m    65Mi   
1783197867
websocket-server-5d44fc8b6-9z2vz   0m    26Mi   
websocket-server-5d44fc8b6-gt5z2   0m    25Mi   
websocket-server-5d44fc8b6-gw47p   0m    26Mi   
websocket-server-5d44fc8b6-h2s95   0m    25Mi   
websocket-server-5d44fc8b6-k2txg   1m    50Mi   
websocket-server-5d44fc8b6-kkmjh   7m    25Mi   
websocket-server-5d44fc8b6-s4bp7   55m   25Mi   
websocket-server-5d44fc8b6-ttwxz   5m    25Mi   
websocket-server-5d44fc8b6-wx675   0m    65Mi   
1783197872
websocket-server-5d44fc8b6-9z2vz   0m    26Mi   
websocket-server-5d44fc8b6-gt5z2   0m    25Mi   
websocket-server-5d44fc8b6-gw47p   0m    26Mi   
websocket-server-5d44fc8b6-h2s95   0m    25Mi   
websocket-server-5d44fc8b6-k2txg   1m    50Mi   
websocket-server-5d44fc8b6-kkmjh   0m    25Mi   
websocket-server-5d44fc8b6-s4bp7   55m   25Mi   
websocket-server-5d44fc8b6-ttwxz   0m    25Mi   
websocket-server-5d44fc8b6-wx675   0m    65Mi   
1783197877
websocket-server-5d44fc8b6-9z2vz   0m    26Mi   
websocket-server-5d44fc8b6-gt5z2   0m    25Mi   
websocket-server-5d44fc8b6-gw47p   0m    26Mi   
websocket-server-5d44fc8b6-h2s95   0m    25Mi   
websocket-server-5d44fc8b6-k2txg   1m    50Mi   
websocket-server-5d44fc8b6-kkmjh   0m    25Mi   
websocket-server-5d44fc8b6-s4bp7   55m   25Mi   
websocket-server-5d44fc8b6-ttwxz   0m    25Mi   
websocket-server-5d44fc8b6-wx675   0m    65Mi   
1783197882
websocket-server-5d44fc8b6-9z2vz   0m    26Mi   
websocket-server-5d44fc8b6-gt5z2   0m    25Mi   
websocket-server-5d44fc8b6-gw47p   0m    26Mi   
websocket-server-5d44fc8b6-h2s95   0m    25Mi   
websocket-server-5d44fc8b6-k2txg   1m    50Mi   
websocket-server-5d44fc8b6-kkmjh   0m    25Mi   
websocket-server-5d44fc8b6-s4bp7   55m   25Mi   
websocket-server-5d44fc8b6-ttwxz   0m    25Mi   
websocket-server-5d44fc8b6-wx675   0m    65Mi   
1783197887
websocket-server-5d44fc8b6-9z2vz   0m    26Mi   
websocket-server-5d44fc8b6-gt5z2   0m    25Mi   
websocket-server-5d44fc8b6-gw47p   4m    26Mi   
websocket-server-5d44fc8b6-h2s95   0m    25Mi   
websocket-server-5d44fc8b6-k2txg   1m    50Mi   
websocket-server-5d44fc8b6-kkmjh   0m    25Mi   
websocket-server-5d44fc8b6-s4bp7   0m    25Mi   
websocket-server-5d44fc8b6-ttwxz   0m    25Mi   
websocket-server-5d44fc8b6-wx675   0m    65Mi   
1783197892
websocket-server-5d44fc8b6-9z2vz   0m    26Mi   
websocket-server-5d44fc8b6-gt5z2   0m    25Mi   
websocket-server-5d44fc8b6-gw47p   4m    26Mi   
websocket-server-5d44fc8b6-h2s95   0m    25Mi   
websocket-server-5d44fc8b6-k2txg   1m    50Mi   
websocket-server-5d44fc8b6-kkmjh   0m    25Mi   
websocket-server-5d44fc8b6-s4bp7   0m    25Mi   
websocket-server-5d44fc8b6-ttwxz   0m    25Mi   
websocket-server-5d44fc8b6-wx675   0m    65Mi   
1783197897
websocket-server-5d44fc8b6-9z2vz   0m    26Mi   
websocket-server-5d44fc8b6-gt5z2   0m    25Mi   
websocket-server-5d44fc8b6-gw47p   4m    26Mi   
websocket-server-5d44fc8b6-h2s95   0m    25Mi   
websocket-server-5d44fc8b6-k2txg   1m    50Mi   
websocket-server-5d44fc8b6-kkmjh   0m    25Mi   
websocket-server-5d44fc8b6-s4bp7   0m    25Mi   
websocket-server-5d44fc8b6-ttwxz   0m    25Mi   
websocket-server-5d44fc8b6-wx675   0m    65Mi   
1783197903
websocket-loadgen-bpgkf            50m   36Mi   
websocket-server-5d44fc8b6-9z2vz   0m    26Mi   
websocket-server-5d44fc8b6-gt5z2   19m   27Mi   
websocket-server-5d44fc8b6-gw47p   4m    26Mi   
websocket-server-5d44fc8b6-h2s95   12m   26Mi   
websocket-server-5d44fc8b6-k2txg   13m   51Mi   
websocket-server-5d44fc8b6-kkmjh   11m   26Mi   
websocket-server-5d44fc8b6-s4bp7   21m   27Mi   
websocket-server-5d44fc8b6-ttwxz   14m   26Mi   
websocket-server-5d44fc8b6-wx675   5m    65Mi   
1783197908
websocket-loadgen-bpgkf            50m   36Mi   
websocket-server-5d44fc8b6-9z2vz   0m    26Mi   
websocket-server-5d44fc8b6-gt5z2   19m   27Mi   
websocket-server-5d44fc8b6-gw47p   4m    26Mi   
websocket-server-5d44fc8b6-h2s95   12m   26Mi   
websocket-server-5d44fc8b6-k2txg   13m   51Mi   
websocket-server-5d44fc8b6-kkmjh   11m   26Mi   
websocket-server-5d44fc8b6-s4bp7   21m   27Mi   
websocket-server-5d44fc8b6-ttwxz   14m   26Mi   
websocket-server-5d44fc8b6-wx675   5m    65Mi   
1783197913
websocket-loadgen-bpgkf            50m   36Mi   
websocket-server-5d44fc8b6-9z2vz   0m    26Mi   
websocket-server-5d44fc8b6-gt5z2   19m   27Mi   
websocket-server-5d44fc8b6-gw47p   4m    26Mi   
websocket-server-5d44fc8b6-h2s95   12m   26Mi   
websocket-server-5d44fc8b6-k2txg   13m   51Mi   
websocket-server-5d44fc8b6-kkmjh   11m   26Mi   
websocket-server-5d44fc8b6-s4bp7   21m   27Mi   
websocket-server-5d44fc8b6-ttwxz   14m   26Mi   
websocket-server-5d44fc8b6-wx675   5m    65Mi   
1783197918
websocket-loadgen-bpgkf            71m   46Mi   
websocket-server-5d44fc8b6-9z2vz   24m   27Mi   
websocket-server-5d44fc8b6-gt5z2   71m   27Mi   
websocket-server-5d44fc8b6-gw47p   33m   27Mi   
websocket-server-5d44fc8b6-h2s95   55m   27Mi   
websocket-server-5d44fc8b6-k2txg   35m   52Mi   
websocket-server-5d44fc8b6-kkmjh   45m   26Mi   
websocket-server-5d44fc8b6-s4bp7   69m   28Mi   
websocket-server-5d44fc8b6-ttwxz   35m   27Mi   
websocket-server-5d44fc8b6-wx675   26m   66Mi   
1783197923
websocket-loadgen-bpgkf            71m   46Mi   
websocket-server-5d44fc8b6-9z2vz   24m   27Mi   
websocket-server-5d44fc8b6-gt5z2   71m   27Mi   
websocket-server-5d44fc8b6-gw47p   33m   27Mi   
websocket-server-5d44fc8b6-h2s95   55m   27Mi   
websocket-server-5d44fc8b6-k2txg   35m   52Mi   
websocket-server-5d44fc8b6-kkmjh   45m   26Mi   
websocket-server-5d44fc8b6-s4bp7   69m   28Mi   
websocket-server-5d44fc8b6-ttwxz   35m   27Mi   
websocket-server-5d44fc8b6-wx675   26m   66Mi   
1783197928
websocket-loadgen-bpgkf            71m   46Mi   
websocket-server-5d44fc8b6-9z2vz   24m   27Mi   
websocket-server-5d44fc8b6-gt5z2   71m   27Mi   
websocket-server-5d44fc8b6-gw47p   33m   27Mi   
websocket-server-5d44fc8b6-h2s95   55m   27Mi   
websocket-server-5d44fc8b6-k2txg   35m   52Mi   
websocket-server-5d44fc8b6-kkmjh   45m   26Mi   
websocket-server-5d44fc8b6-s4bp7   69m   28Mi   
websocket-server-5d44fc8b6-ttwxz   35m   27Mi   
websocket-server-5d44fc8b6-wx675   26m   66Mi   
1783197933
websocket-loadgen-bpgkf            95m    53Mi   
websocket-server-5d44fc8b6-9z2vz   74m    28Mi   
websocket-server-5d44fc8b6-gt5z2   99m    29Mi   
websocket-server-5d44fc8b6-gw47p   73m    28Mi   
websocket-server-5d44fc8b6-h2s95   88m    28Mi   
websocket-server-5d44fc8b6-k2txg   62m    52Mi   
websocket-server-5d44fc8b6-s4bp7   103m   29Mi   
websocket-server-5d44fc8b6-ttwxz   82m    29Mi   
websocket-server-5d44fc8b6-wx675   61m    66Mi   
1783197938
websocket-loadgen-bpgkf            95m    53Mi   
websocket-server-5d44fc8b6-9z2vz   74m    28Mi   
websocket-server-5d44fc8b6-gt5z2   99m    29Mi   
websocket-server-5d44fc8b6-gw47p   73m    28Mi   
websocket-server-5d44fc8b6-h2s95   88m    28Mi   
websocket-server-5d44fc8b6-k2txg   62m    52Mi   
websocket-server-5d44fc8b6-s4bp7   103m   29Mi   
websocket-server-5d44fc8b6-ttwxz   82m    29Mi   
websocket-server-5d44fc8b6-wx675   61m    66Mi   
1783197944
websocket-loadgen-bpgkf            95m    53Mi   
websocket-server-5d44fc8b6-9z2vz   74m    28Mi   
websocket-server-5d44fc8b6-gt5z2   99m    29Mi   
websocket-server-5d44fc8b6-gw47p   73m    28Mi   
websocket-server-5d44fc8b6-h2s95   88m    28Mi   
websocket-server-5d44fc8b6-k2txg   62m    52Mi   
websocket-server-5d44fc8b6-s4bp7   103m   29Mi   
websocket-server-5d44fc8b6-ttwxz   82m    29Mi   
websocket-server-5d44fc8b6-wx675   61m    66Mi   
1783197949
websocket-loadgen-bpgkf            104m   60Mi   
websocket-server-5d44fc8b6-9z2vz   109m   29Mi   
websocket-server-5d44fc8b6-gt5z2   100m   29Mi   
websocket-server-5d44fc8b6-gw47p   116m   30Mi   
websocket-server-5d44fc8b6-h2s95   101m   28Mi   
websocket-server-5d44fc8b6-k2txg   116m   53Mi   
websocket-server-5d44fc8b6-s4bp7   127m   29Mi   
websocket-server-5d44fc8b6-ttwxz   104m   28Mi   
websocket-server-5d44fc8b6-wx675   102m   65Mi   
1783197954
websocket-loadgen-bpgkf            104m   60Mi   
websocket-server-5d44fc8b6-9z2vz   109m   29Mi   
websocket-server-5d44fc8b6-gt5z2   100m   29Mi   
websocket-server-5d44fc8b6-gw47p   116m   30Mi   
websocket-server-5d44fc8b6-h2s95   101m   28Mi   
websocket-server-5d44fc8b6-k2txg   116m   53Mi   
websocket-server-5d44fc8b6-s4bp7   127m   29Mi   
websocket-server-5d44fc8b6-ttwxz   104m   28Mi   
websocket-server-5d44fc8b6-wx675   102m   65Mi   
1783197959
websocket-loadgen-bpgkf            104m   60Mi   
websocket-server-5d44fc8b6-gw47p   116m   30Mi   
websocket-server-5d44fc8b6-k2txg   116m   53Mi   
websocket-server-5d44fc8b6-wx675   102m   65Mi   
1783197964
websocket-loadgen-bpgkf            108m   67Mi   
websocket-server-5d44fc8b6-gw47p   187m   33Mi   
websocket-server-5d44fc8b6-k2txg   197m   54Mi   
websocket-server-5d44fc8b6-wx675   206m   68Mi   
1783197969
websocket-server-5d44fc8b6-gw47p   187m   33Mi   
websocket-server-5d44fc8b6-k2txg   197m   54Mi   
websocket-server-5d44fc8b6-wx675   206m   68Mi   
1783197974
websocket-server-5d44fc8b6-gw47p   187m   33Mi   
websocket-server-5d44fc8b6-k2txg   197m   54Mi   
websocket-server-5d44fc8b6-wx675   206m   68Mi   
1783197980
websocket-server-5d44fc8b6-gw47p   236m   39Mi   
websocket-server-5d44fc8b6-k2txg   334m   62Mi   
websocket-server-5d44fc8b6-wx675   366m   76Mi   
1783197985
websocket-server-5d44fc8b6-gw47p   236m   39Mi   
websocket-server-5d44fc8b6-k2txg   334m   62Mi   
websocket-server-5d44fc8b6-wx675   366m   76Mi   
1783197990
websocket-server-5d44fc8b6-47hnf   63m    25Mi   
websocket-server-5d44fc8b6-gw47p   236m   39Mi   
websocket-server-5d44fc8b6-k2txg   65m    61Mi   
websocket-server-5d44fc8b6-kq5lz   52m    25Mi   
websocket-server-5d44fc8b6-wx675   29m    74Mi   
1783197995
websocket-server-5d44fc8b6-47hnf   63m    25Mi   
websocket-server-5d44fc8b6-gw47p   236m   39Mi   
websocket-server-5d44fc8b6-k2txg   65m    61Mi   
websocket-server-5d44fc8b6-kq5lz   52m    25Mi   
websocket-server-5d44fc8b6-wx675   29m    74Mi   
1783198000
websocket-server-5d44fc8b6-47hnf   63m    25Mi   
websocket-server-5d44fc8b6-gw47p   236m   39Mi   
websocket-server-5d44fc8b6-k2txg   65m    61Mi   
websocket-server-5d44fc8b6-kq5lz   52m    25Mi   
websocket-server-5d44fc8b6-wx675   29m    74Mi   
1783198005
websocket-server-5d44fc8b6-47hnf   0m    25Mi   
websocket-server-5d44fc8b6-gw47p   0m    39Mi   
websocket-server-5d44fc8b6-k2txg   1m    61Mi   
websocket-server-5d44fc8b6-kq5lz   0m    25Mi   
websocket-server-5d44fc8b6-tqmtq   51m   25Mi   
websocket-server-5d44fc8b6-wx675   0m    74Mi   
websocket-server-5d44fc8b6-x58t6   52m   25Mi   
1783198010
websocket-server-5d44fc8b6-47hnf   0m    25Mi   
websocket-server-5d44fc8b6-gw47p   0m    39Mi   
websocket-server-5d44fc8b6-k2txg   1m    61Mi   
websocket-server-5d44fc8b6-kq5lz   0m    25Mi   
websocket-server-5d44fc8b6-tqmtq   51m   25Mi   
websocket-server-5d44fc8b6-wx675   0m    74Mi   
websocket-server-5d44fc8b6-x58t6   52m   25Mi   
1783198015
websocket-server-5d44fc8b6-47hnf   0m    25Mi   
websocket-server-5d44fc8b6-gw47p   0m    39Mi   
websocket-server-5d44fc8b6-k2txg   1m    61Mi   
websocket-server-5d44fc8b6-kq5lz   0m    25Mi   
websocket-server-5d44fc8b6-tqmtq   51m   25Mi   
websocket-server-5d44fc8b6-wx675   0m    74Mi   
websocket-server-5d44fc8b6-x58t6   52m   25Mi   
1783198021
websocket-server-5d44fc8b6-47hnf   0m    25Mi   
websocket-server-5d44fc8b6-gw47p   0m    39Mi   
websocket-server-5d44fc8b6-k2txg   1m    61Mi   
websocket-server-5d44fc8b6-kq5lz   0m    25Mi   
websocket-server-5d44fc8b6-tqmtq   0m    25Mi   
websocket-server-5d44fc8b6-wx675   0m    74Mi   
websocket-server-5d44fc8b6-x58t6   0m    25Mi   
1783198026
websocket-server-5d44fc8b6-47hnf   0m    25Mi   
websocket-server-5d44fc8b6-gw47p   0m    39Mi   
websocket-server-5d44fc8b6-k2txg   1m    61Mi   
websocket-server-5d44fc8b6-kq5lz   0m    25Mi   
websocket-server-5d44fc8b6-tqmtq   0m    25Mi   
websocket-server-5d44fc8b6-wx675   0m    74Mi   
websocket-server-5d44fc8b6-x58t6   0m    25Mi   
1783198031
websocket-server-5d44fc8b6-47hnf   0m    25Mi   
websocket-server-5d44fc8b6-gw47p   0m    39Mi   
websocket-server-5d44fc8b6-k2txg   1m    61Mi   
websocket-server-5d44fc8b6-kq5lz   0m    25Mi   
websocket-server-5d44fc8b6-tqmtq   0m    25Mi   
websocket-server-5d44fc8b6-wx675   0m    74Mi   
websocket-server-5d44fc8b6-x58t6   0m    25Mi   
1783198036
websocket-server-5d44fc8b6-47hnf   4m    26Mi   
websocket-server-5d44fc8b6-gw47p   0m    39Mi   
websocket-server-5d44fc8b6-k2txg   1m    62Mi   
websocket-server-5d44fc8b6-kq5lz   0m    25Mi   
websocket-server-5d44fc8b6-tqmtq   0m    25Mi   
websocket-server-5d44fc8b6-wx675   0m    74Mi   
websocket-server-5d44fc8b6-x58t6   5m    25Mi   
1783198041
websocket-server-5d44fc8b6-47hnf   4m    26Mi   
websocket-server-5d44fc8b6-gw47p   0m    39Mi   
websocket-server-5d44fc8b6-k2txg   1m    62Mi   
websocket-server-5d44fc8b6-kq5lz   0m    25Mi   
websocket-server-5d44fc8b6-tqmtq   0m    25Mi   
websocket-server-5d44fc8b6-wx675   0m    74Mi   
websocket-server-5d44fc8b6-x58t6   5m    25Mi   
1783198046
websocket-server-5d44fc8b6-47hnf   4m    26Mi   
websocket-server-5d44fc8b6-gw47p   0m    39Mi   
websocket-server-5d44fc8b6-k2txg   1m    62Mi   
websocket-server-5d44fc8b6-kq5lz   0m    25Mi   
websocket-server-5d44fc8b6-tqmtq   0m    25Mi   
websocket-server-5d44fc8b6-wx675   0m    74Mi   
websocket-server-5d44fc8b6-x58t6   5m    25Mi   
1783198051
websocket-loadgen-lc5cq            113m   32Mi   
websocket-server-5d44fc8b6-47hnf   50m    28Mi   
websocket-server-5d44fc8b6-gw47p   26m    41Mi   
websocket-server-5d44fc8b6-k2txg   21m    62Mi   
websocket-server-5d44fc8b6-kq5lz   19m    26Mi   
websocket-server-5d44fc8b6-tqmtq   10m    26Mi   
websocket-server-5d44fc8b6-wx675   19m    76Mi   
websocket-server-5d44fc8b6-x58t6   5m     25Mi   
1783198056
websocket-loadgen-lc5cq            113m   32Mi   
websocket-server-5d44fc8b6-47hnf   50m    28Mi   
websocket-server-5d44fc8b6-gw47p   26m    41Mi   
websocket-server-5d44fc8b6-k2txg   21m    62Mi   
websocket-server-5d44fc8b6-kq5lz   19m    26Mi   
websocket-server-5d44fc8b6-tqmtq   10m    26Mi   
websocket-server-5d44fc8b6-wx675   19m    76Mi   
websocket-server-5d44fc8b6-x58t6   5m     25Mi   
1783198062
websocket-loadgen-lc5cq            113m   32Mi   
websocket-server-5d44fc8b6-47hnf   50m    28Mi   
websocket-server-5d44fc8b6-gw47p   26m    41Mi   
websocket-server-5d44fc8b6-k2txg   21m    62Mi   
websocket-server-5d44fc8b6-kq5lz   19m    26Mi   
websocket-server-5d44fc8b6-tqmtq   10m    26Mi   
websocket-server-5d44fc8b6-wx675   19m    76Mi   
websocket-server-5d44fc8b6-x58t6   5m     25Mi   
1783198067
websocket-loadgen-lc5cq            64m   41Mi   
websocket-server-5d44fc8b6-47hnf   94m   29Mi   
websocket-server-5d44fc8b6-gw47p   26m   41Mi   
websocket-server-5d44fc8b6-k2txg   62m   64Mi   
websocket-server-5d44fc8b6-kq5lz   56m   28Mi   
websocket-server-5d44fc8b6-tqmtq   46m   27Mi   
websocket-server-5d44fc8b6-wx675   56m   76Mi   
websocket-server-5d44fc8b6-x58t6   50m   28Mi   
1783198072
websocket-loadgen-lc5cq            64m   41Mi   
websocket-server-5d44fc8b6-47hnf   94m   29Mi   
websocket-server-5d44fc8b6-gw47p   26m   41Mi   
websocket-server-5d44fc8b6-k2txg   62m   64Mi   
websocket-server-5d44fc8b6-kq5lz   56m   28Mi   
websocket-server-5d44fc8b6-tqmtq   46m   27Mi   
websocket-server-5d44fc8b6-wx675   56m   76Mi   
websocket-server-5d44fc8b6-x58t6   50m   28Mi   
1783198077
websocket-loadgen-lc5cq            64m   41Mi   
websocket-server-5d44fc8b6-47hnf   94m   29Mi   
websocket-server-5d44fc8b6-gw47p   26m   41Mi   
websocket-server-5d44fc8b6-k2txg   62m   64Mi   
websocket-server-5d44fc8b6-kq5lz   56m   28Mi   
websocket-server-5d44fc8b6-tqmtq   46m   27Mi   
websocket-server-5d44fc8b6-wx675   56m   76Mi   
websocket-server-5d44fc8b6-x58t6   50m   28Mi   
1783198082
websocket-loadgen-lc5cq            83m    47Mi   
websocket-server-5d44fc8b6-47hnf   94m    29Mi   
websocket-server-5d44fc8b6-gw47p   70m    42Mi   
websocket-server-5d44fc8b6-k2txg   104m   66Mi   
websocket-server-5d44fc8b6-kq5lz   92m    29Mi   
websocket-server-5d44fc8b6-tqmtq   74m    28Mi   
websocket-server-5d44fc8b6-wx675   104m   79Mi   
websocket-server-5d44fc8b6-x58t6   77m    28Mi   
1783198087
websocket-loadgen-lc5cq            83m    47Mi   
websocket-server-5d44fc8b6-47hnf   94m    29Mi   
websocket-server-5d44fc8b6-gw47p   70m    42Mi   
websocket-server-5d44fc8b6-k2txg   104m   66Mi   
websocket-server-5d44fc8b6-kq5lz   92m    29Mi   
websocket-server-5d44fc8b6-tqmtq   74m    28Mi   
websocket-server-5d44fc8b6-wx675   104m   79Mi   
websocket-server-5d44fc8b6-x58t6   77m    28Mi   
1783198092
websocket-loadgen-lc5cq            83m    47Mi   
websocket-server-5d44fc8b6-47hnf   94m    29Mi   
websocket-server-5d44fc8b6-gw47p   70m    42Mi   
websocket-server-5d44fc8b6-k2txg   104m   66Mi   
websocket-server-5d44fc8b6-kq5lz   92m    29Mi   
websocket-server-5d44fc8b6-tqmtq   74m    28Mi   
websocket-server-5d44fc8b6-wx675   104m   79Mi   
websocket-server-5d44fc8b6-x58t6   77m    28Mi   
1783198098
websocket-loadgen-lc5cq            93m    56Mi   
websocket-server-5d44fc8b6-k2txg   207m   69Mi   
websocket-server-5d44fc8b6-wx675   188m   80Mi   
1783198103
websocket-loadgen-lc5cq            93m    56Mi   
websocket-server-5d44fc8b6-k2txg   207m   69Mi   
websocket-server-5d44fc8b6-wx675   188m   80Mi   
1783198108
websocket-loadgen-lc5cq            93m    56Mi   
websocket-server-5d44fc8b6-k2txg   207m   69Mi   
websocket-server-5d44fc8b6-wx675   188m   80Mi   
1783198113
websocket-loadgen-lc5cq            139m   77Mi   
websocket-server-5d44fc8b6-k2txg   423m   83Mi   
websocket-server-5d44fc8b6-wx675   320m   85Mi   
1783198118
websocket-server-5d44fc8b6-k2txg   423m   83Mi   
websocket-server-5d44fc8b6-wx675   320m   85Mi   
1783198123
websocket-server-5d44fc8b6-k2txg   423m   83Mi   
websocket-server-5d44fc8b6-wx675   320m   85Mi   
1783198128
websocket-server-5d44fc8b6-5vl4f   47m    26Mi   
websocket-server-5d44fc8b6-k2txg   423m   83Mi   
websocket-server-5d44fc8b6-ldwjw   53m    27Mi   
websocket-server-5d44fc8b6-wx675   394m   92Mi   
1783198133
websocket-server-5d44fc8b6-5vl4f   47m    26Mi   
websocket-server-5d44fc8b6-k2txg   423m   83Mi   
websocket-server-5d44fc8b6-ldwjw   53m    27Mi   
websocket-server-5d44fc8b6-wx675   394m   92Mi   
1783198138
websocket-server-5d44fc8b6-5vl4f   47m    26Mi   
websocket-server-5d44fc8b6-k2txg   423m   83Mi   
websocket-server-5d44fc8b6-ldwjw   53m    27Mi   
websocket-server-5d44fc8b6-wx675   394m   92Mi   
1783198144
websocket-server-5d44fc8b6-5vl4f   0m     26Mi   
websocket-server-5d44fc8b6-bx5mp   42m    25Mi   
websocket-server-5d44fc8b6-k2txg   206m   83Mi   
websocket-server-5d44fc8b6-ldwjw   0m     27Mi   
websocket-server-5d44fc8b6-wx675   394m   92Mi   
websocket-server-5d44fc8b6-z9cpc   0m     25Mi   
1783198149
websocket-server-5d44fc8b6-5vl4f   0m     26Mi   
websocket-server-5d44fc8b6-bx5mp   42m    25Mi   
websocket-server-5d44fc8b6-k2txg   206m   83Mi   
websocket-server-5d44fc8b6-ldwjw   0m     27Mi   
websocket-server-5d44fc8b6-wx675   394m   92Mi   
websocket-server-5d44fc8b6-z9cpc   0m     25Mi   
1783198154
websocket-server-5d44fc8b6-5vl4f   0m     26Mi   
websocket-server-5d44fc8b6-bx5mp   42m    25Mi   
websocket-server-5d44fc8b6-k2txg   206m   83Mi   
websocket-server-5d44fc8b6-ldwjw   0m     27Mi   
websocket-server-5d44fc8b6-wx675   394m   92Mi   
websocket-server-5d44fc8b6-z9cpc   0m     25Mi   
1783198159
websocket-server-5d44fc8b6-5vl4f   0m    26Mi   
websocket-server-5d44fc8b6-bx5mp   0m    25Mi   
websocket-server-5d44fc8b6-k2txg   1m    83Mi   
websocket-server-5d44fc8b6-ldwjw   0m    27Mi   
websocket-server-5d44fc8b6-q97bh   0m    25Mi   
websocket-server-5d44fc8b6-wx675   0m    92Mi   
websocket-server-5d44fc8b6-z9cpc   0m    25Mi   
1783198164
websocket-server-5d44fc8b6-5vl4f   0m    26Mi   
websocket-server-5d44fc8b6-bx5mp   0m    25Mi   
websocket-server-5d44fc8b6-k2txg   1m    83Mi   
websocket-server-5d44fc8b6-ldwjw   0m    27Mi   
websocket-server-5d44fc8b6-q97bh   0m    25Mi   
websocket-server-5d44fc8b6-wx675   0m    92Mi   
websocket-server-5d44fc8b6-z9cpc   0m    25Mi   
1783198169
websocket-server-5d44fc8b6-5vl4f   0m    26Mi   
websocket-server-5d44fc8b6-bx5mp   0m    25Mi   
websocket-server-5d44fc8b6-k2txg   1m    83Mi   
websocket-server-5d44fc8b6-ldwjw   0m    27Mi   
websocket-server-5d44fc8b6-q97bh   0m    25Mi   
websocket-server-5d44fc8b6-wx675   0m    92Mi   
websocket-server-5d44fc8b6-z9cpc   0m    25Mi   
1783198174
websocket-server-5d44fc8b6-5vl4f   0m    26Mi   
websocket-server-5d44fc8b6-bx5mp   0m    25Mi   
websocket-server-5d44fc8b6-k2txg   1m    83Mi   
websocket-server-5d44fc8b6-ldwjw   0m    27Mi   
websocket-server-5d44fc8b6-q97bh   0m    25Mi   
websocket-server-5d44fc8b6-wx675   0m    92Mi   
websocket-server-5d44fc8b6-z9cpc   0m    25Mi   
1783198179
websocket-server-5d44fc8b6-5vl4f   0m    26Mi   
websocket-server-5d44fc8b6-bx5mp   0m    25Mi   
websocket-server-5d44fc8b6-k2txg   1m    83Mi   
websocket-server-5d44fc8b6-ldwjw   0m    27Mi   
websocket-server-5d44fc8b6-q97bh   0m    25Mi   
websocket-server-5d44fc8b6-wx675   0m    92Mi   
websocket-server-5d44fc8b6-z9cpc   0m    25Mi   
1783198184
websocket-server-5d44fc8b6-5vl4f   0m    26Mi   
websocket-server-5d44fc8b6-bx5mp   0m    25Mi   
websocket-server-5d44fc8b6-k2txg   1m    83Mi   
websocket-server-5d44fc8b6-ldwjw   0m    27Mi   
websocket-server-5d44fc8b6-q97bh   0m    25Mi   
websocket-server-5d44fc8b6-wx675   0m    92Mi   
websocket-server-5d44fc8b6-z9cpc   0m    25Mi   
1783198190
websocket-server-5d44fc8b6-5vl4f   0m    26Mi   
websocket-server-5d44fc8b6-bx5mp   8m    26Mi   
websocket-server-5d44fc8b6-k2txg   4m    84Mi   
websocket-server-5d44fc8b6-ldwjw   0m    27Mi   
websocket-server-5d44fc8b6-q97bh   0m    25Mi   
websocket-server-5d44fc8b6-wx675   3m    93Mi   
websocket-server-5d44fc8b6-z9cpc   0m    25Mi   
1783198195
websocket-server-5d44fc8b6-5vl4f   0m    26Mi   
websocket-server-5d44fc8b6-bx5mp   8m    26Mi   
websocket-server-5d44fc8b6-k2txg   4m    84Mi   
websocket-server-5d44fc8b6-ldwjw   0m    27Mi   
websocket-server-5d44fc8b6-q97bh   0m    25Mi   
websocket-server-5d44fc8b6-wx675   3m    93Mi   
websocket-server-5d44fc8b6-z9cpc   0m    25Mi   
1783198200
websocket-loadgen-zkwqw            43m   35Mi   
websocket-server-5d44fc8b6-5vl4f   0m    26Mi   
websocket-server-5d44fc8b6-bx5mp   8m    26Mi   
websocket-server-5d44fc8b6-k2txg   24m   83Mi   
websocket-server-5d44fc8b6-ldwjw   9m    28Mi   
websocket-server-5d44fc8b6-q97bh   8m    25Mi   
websocket-server-5d44fc8b6-wx675   3m    93Mi   
websocket-server-5d44fc8b6-z9cpc   24m   27Mi   
1783198205
websocket-loadgen-zkwqw            43m   35Mi   
websocket-server-5d44fc8b6-5vl4f   0m    26Mi   
websocket-server-5d44fc8b6-bx5mp   8m    26Mi   
websocket-server-5d44fc8b6-k2txg   24m   83Mi   
websocket-server-5d44fc8b6-ldwjw   9m    28Mi   
websocket-server-5d44fc8b6-q97bh   8m    25Mi   
websocket-server-5d44fc8b6-wx675   3m    93Mi   
websocket-server-5d44fc8b6-z9cpc   24m   27Mi   
1783198210
websocket-loadgen-zkwqw            43m   35Mi   
websocket-server-5d44fc8b6-5vl4f   0m    26Mi   
websocket-server-5d44fc8b6-bx5mp   8m    26Mi   
websocket-server-5d44fc8b6-k2txg   24m   83Mi   
websocket-server-5d44fc8b6-ldwjw   9m    28Mi   
websocket-server-5d44fc8b6-q97bh   8m    25Mi   
websocket-server-5d44fc8b6-wx675   3m    93Mi   
websocket-server-5d44fc8b6-z9cpc   24m   27Mi   
1783198215
websocket-loadgen-zkwqw            58m   42Mi   
websocket-server-5d44fc8b6-5vl4f   26m   27Mi   
websocket-server-5d44fc8b6-bx5mp   46m   27Mi   
websocket-server-5d44fc8b6-k2txg   55m   84Mi   
websocket-server-5d44fc8b6-ldwjw   50m   28Mi   
websocket-server-5d44fc8b6-q97bh   54m   28Mi   
websocket-server-5d44fc8b6-wx675   34m   93Mi   
websocket-server-5d44fc8b6-z9cpc   72m   29Mi   
1783198220
websocket-loadgen-zkwqw            58m   42Mi   
websocket-server-5d44fc8b6-5vl4f   26m   27Mi   
websocket-server-5d44fc8b6-bx5mp   46m   27Mi   
websocket-server-5d44fc8b6-k2txg   55m   84Mi   
websocket-server-5d44fc8b6-ldwjw   50m   28Mi   
websocket-server-5d44fc8b6-q97bh   54m   28Mi   
websocket-server-5d44fc8b6-wx675   34m   93Mi   
websocket-server-5d44fc8b6-z9cpc   72m   29Mi   
1783198225
websocket-loadgen-zkwqw            58m   42Mi   
websocket-server-5d44fc8b6-5vl4f   26m   27Mi   
websocket-server-5d44fc8b6-bx5mp   46m   27Mi   
websocket-server-5d44fc8b6-k2txg   55m   84Mi   
websocket-server-5d44fc8b6-ldwjw   50m   28Mi   
websocket-server-5d44fc8b6-q97bh   54m   28Mi   
websocket-server-5d44fc8b6-wx675   34m   93Mi   
websocket-server-5d44fc8b6-z9cpc   72m   29Mi   
1783198230
websocket-loadgen-zkwqw            72m    48Mi   
websocket-server-5d44fc8b6-5vl4f   59m    27Mi   
websocket-server-5d44fc8b6-bx5mp   83m    28Mi   
websocket-server-5d44fc8b6-k2txg   115m   82Mi   
websocket-server-5d44fc8b6-ldwjw   81m    29Mi   
websocket-server-5d44fc8b6-q97bh   54m    28Mi   
websocket-server-5d44fc8b6-wx675   106m   93Mi   
websocket-server-5d44fc8b6-z9cpc   88m    28Mi   
1783198236
websocket-loadgen-zkwqw            72m    48Mi   
websocket-server-5d44fc8b6-5vl4f   59m    27Mi   
websocket-server-5d44fc8b6-bx5mp   83m    28Mi   
websocket-server-5d44fc8b6-k2txg   115m   82Mi   
websocket-server-5d44fc8b6-ldwjw   81m    29Mi   
websocket-server-5d44fc8b6-q97bh   54m    28Mi   
websocket-server-5d44fc8b6-wx675   106m   93Mi   
websocket-server-5d44fc8b6-z9cpc   88m    28Mi   
1783198241
websocket-loadgen-zkwqw            72m    48Mi   
websocket-server-5d44fc8b6-5vl4f   59m    27Mi   
websocket-server-5d44fc8b6-bx5mp   83m    28Mi   
websocket-server-5d44fc8b6-k2txg   115m   82Mi   
websocket-server-5d44fc8b6-ldwjw   81m    29Mi   
websocket-server-5d44fc8b6-q97bh   54m    28Mi   
websocket-server-5d44fc8b6-wx675   106m   93Mi   
websocket-server-5d44fc8b6-z9cpc   88m    28Mi   
1783198246
websocket-loadgen-zkwqw            77m    54Mi   
websocket-server-5d44fc8b6-k2txg   195m   83Mi   
websocket-server-5d44fc8b6-wx675   256m   94Mi   
1783198251
websocket-loadgen-zkwqw            77m    54Mi   
websocket-server-5d44fc8b6-k2txg   195m   83Mi   
websocket-server-5d44fc8b6-wx675   256m   94Mi   
1783198256
websocket-loadgen-zkwqw            77m    54Mi   
websocket-server-5d44fc8b6-k2txg   195m   83Mi   
websocket-server-5d44fc8b6-wx675   256m   94Mi   
1783198261
websocket-loadgen-zkwqw            117m   77Mi   
websocket-server-5d44fc8b6-k2txg   425m   85Mi   
websocket-server-5d44fc8b6-wx675   256m   94Mi   
1783198266
websocket-server-5d44fc8b6-k2txg   425m   85Mi   
websocket-server-5d44fc8b6-wx675   256m   94Mi   
1783198271
websocket-server-5d44fc8b6-k2txg   425m   85Mi   
websocket-server-5d44fc8b6-wx675   256m   94Mi   
1783198276
websocket-server-5d44fc8b6-k2txg   382m   83Mi   
websocket-server-5d44fc8b6-mjr8r   11m    26Mi   
websocket-server-5d44fc8b6-wx675   481m   97Mi   
websocket-server-5d44fc8b6-xq4tp   9m     26Mi   
1783198281
websocket-server-5d44fc8b6-k2txg   382m   83Mi   
websocket-server-5d44fc8b6-mjr8r   11m    26Mi   
websocket-server-5d44fc8b6-wx675   481m   97Mi   
websocket-server-5d44fc8b6-xq4tp   9m     26Mi   
1783198287
websocket-server-5d44fc8b6-k2txg   382m   83Mi   
websocket-server-5d44fc8b6-mjr8r   11m    26Mi   
websocket-server-5d44fc8b6-wx675   481m   97Mi   
websocket-server-5d44fc8b6-xq4tp   9m     26Mi   
1783198292
websocket-server-5d44fc8b6-djt2k   0m     25Mi   
websocket-server-5d44fc8b6-k2txg   1m     83Mi   
websocket-server-5d44fc8b6-mjr8r   0m     26Mi   
websocket-server-5d44fc8b6-qgw76   0m     25Mi   
websocket-server-5d44fc8b6-wx675   129m   95Mi   
websocket-server-5d44fc8b6-xq4tp   0m     26Mi   
1783198297
websocket-server-5d44fc8b6-djt2k   0m     25Mi   
websocket-server-5d44fc8b6-k2txg   1m     83Mi   
websocket-server-5d44fc8b6-mjr8r   0m     26Mi   
websocket-server-5d44fc8b6-qgw76   0m     25Mi   
websocket-server-5d44fc8b6-wx675   129m   95Mi   
websocket-server-5d44fc8b6-xq4tp   0m     26Mi   
1783198302
websocket-server-5d44fc8b6-djt2k   0m     25Mi   
websocket-server-5d44fc8b6-k2txg   1m     83Mi   
websocket-server-5d44fc8b6-mjr8r   0m     26Mi   
websocket-server-5d44fc8b6-qgw76   0m     25Mi   
websocket-server-5d44fc8b6-wx675   129m   95Mi   
websocket-server-5d44fc8b6-xq4tp   0m     26Mi   
1783198307
websocket-server-5d44fc8b6-cltn6   0m    25Mi   
websocket-server-5d44fc8b6-djt2k   0m    25Mi   
websocket-server-5d44fc8b6-dkflf   44m   25Mi   
websocket-server-5d44fc8b6-k2txg   1m    83Mi   
websocket-server-5d44fc8b6-mjr8r   0m    26Mi   
websocket-server-5d44fc8b6-qgw76   0m    25Mi   
websocket-server-5d44fc8b6-wx675   0m    95Mi   
websocket-server-5d44fc8b6-xq4tp   0m    26Mi   
1783198312
websocket-server-5d44fc8b6-cltn6   0m    25Mi   
websocket-server-5d44fc8b6-djt2k   0m    25Mi   
websocket-server-5d44fc8b6-dkflf   44m   25Mi   
websocket-server-5d44fc8b6-k2txg   1m    83Mi   
websocket-server-5d44fc8b6-mjr8r   0m    26Mi   
websocket-server-5d44fc8b6-qgw76   0m    25Mi   
websocket-server-5d44fc8b6-wx675   0m    95Mi   
websocket-server-5d44fc8b6-xq4tp   0m    26Mi   
1783198317
websocket-server-5d44fc8b6-cltn6   0m    25Mi   
websocket-server-5d44fc8b6-djt2k   0m    25Mi   
websocket-server-5d44fc8b6-dkflf   44m   25Mi   
websocket-server-5d44fc8b6-k2txg   1m    83Mi   
websocket-server-5d44fc8b6-mjr8r   0m    26Mi   
websocket-server-5d44fc8b6-qgw76   0m    25Mi   
websocket-server-5d44fc8b6-wx675   0m    95Mi   
websocket-server-5d44fc8b6-xq4tp   0m    26Mi   
1783198322
websocket-server-5d44fc8b6-cltn6   0m    25Mi   
websocket-server-5d44fc8b6-djt2k   0m    25Mi   
websocket-server-5d44fc8b6-dkflf   0m    25Mi   
websocket-server-5d44fc8b6-k2txg   1m    83Mi   
websocket-server-5d44fc8b6-mjr8r   0m    26Mi   
websocket-server-5d44fc8b6-qgw76   0m    25Mi   
websocket-server-5d44fc8b6-wx675   0m    95Mi   
websocket-server-5d44fc8b6-xq4tp   0m    26Mi   
1783198327
websocket-server-5d44fc8b6-cltn6   0m    25Mi   
websocket-server-5d44fc8b6-djt2k   0m    25Mi   
websocket-server-5d44fc8b6-dkflf   0m    25Mi   
websocket-server-5d44fc8b6-k2txg   1m    83Mi   
websocket-server-5d44fc8b6-mjr8r   0m    26Mi   
websocket-server-5d44fc8b6-qgw76   0m    25Mi   
websocket-server-5d44fc8b6-wx675   0m    95Mi   
websocket-server-5d44fc8b6-xq4tp   0m    26Mi   
1783198332
websocket-server-5d44fc8b6-cltn6   0m    25Mi   
websocket-server-5d44fc8b6-djt2k   0m    25Mi   
websocket-server-5d44fc8b6-dkflf   0m    25Mi   
websocket-server-5d44fc8b6-k2txg   1m    83Mi   
websocket-server-5d44fc8b6-mjr8r   0m    26Mi   
websocket-server-5d44fc8b6-qgw76   0m    25Mi   
websocket-server-5d44fc8b6-wx675   0m    95Mi   
websocket-server-5d44fc8b6-xq4tp   0m    26Mi   
1783198338
websocket-server-5d44fc8b6-cltn6   0m    25Mi   
websocket-server-5d44fc8b6-djt2k   0m    25Mi   
websocket-server-5d44fc8b6-dkflf   0m    25Mi   
websocket-server-5d44fc8b6-k2txg   1m    83Mi   
websocket-server-5d44fc8b6-mjr8r   0m    26Mi   
websocket-server-5d44fc8b6-qgw76   0m    25Mi   
websocket-server-5d44fc8b6-wx675   0m    95Mi   
websocket-server-5d44fc8b6-xq4tp   0m    26Mi   
1783198343
websocket-server-5d44fc8b6-cltn6   0m    25Mi   
websocket-server-5d44fc8b6-djt2k   0m    25Mi   
websocket-server-5d44fc8b6-dkflf   0m    25Mi   
websocket-server-5d44fc8b6-k2txg   1m    83Mi   
websocket-server-5d44fc8b6-mjr8r   0m    26Mi   
websocket-server-5d44fc8b6-qgw76   0m    25Mi   
websocket-server-5d44fc8b6-wx675   0m    95Mi   
websocket-server-5d44fc8b6-xq4tp   0m    26Mi   
1783198348
websocket-server-5d44fc8b6-cltn6   0m    25Mi   
websocket-server-5d44fc8b6-djt2k   0m    25Mi   
websocket-server-5d44fc8b6-dkflf   0m    25Mi   
websocket-server-5d44fc8b6-k2txg   1m    83Mi   
websocket-server-5d44fc8b6-mjr8r   0m    26Mi   
websocket-server-5d44fc8b6-qgw76   0m    25Mi   
websocket-server-5d44fc8b6-wx675   0m    95Mi   
websocket-server-5d44fc8b6-xq4tp   0m    26Mi   
1783198353
websocket-server-5d44fc8b6-cltn6   0m    25Mi   
websocket-server-5d44fc8b6-djt2k   0m    25Mi   
websocket-server-5d44fc8b6-dkflf   0m    25Mi   
websocket-server-5d44fc8b6-k2txg   1m    83Mi   
websocket-server-5d44fc8b6-mjr8r   0m    26Mi   
websocket-server-5d44fc8b6-qgw76   0m    25Mi   
websocket-server-5d44fc8b6-wx675   0m    95Mi   
websocket-server-5d44fc8b6-xq4tp   0m    26Mi   
1783198358
websocket-server-5d44fc8b6-cltn6   0m    25Mi   
websocket-server-5d44fc8b6-djt2k   0m    25Mi   
websocket-server-5d44fc8b6-dkflf   0m    25Mi   
websocket-server-5d44fc8b6-k2txg   1m    83Mi   
websocket-server-5d44fc8b6-mjr8r   0m    26Mi   
websocket-server-5d44fc8b6-qgw76   0m    25Mi   
websocket-server-5d44fc8b6-wx675   0m    95Mi   
websocket-server-5d44fc8b6-xq4tp   0m    26Mi   
1783198363
websocket-server-5d44fc8b6-cltn6   0m    25Mi   
websocket-server-5d44fc8b6-djt2k   0m    25Mi   
websocket-server-5d44fc8b6-dkflf   0m    25Mi   
websocket-server-5d44fc8b6-k2txg   1m    83Mi   
websocket-server-5d44fc8b6-mjr8r   0m    26Mi   
websocket-server-5d44fc8b6-qgw76   0m    25Mi   
websocket-server-5d44fc8b6-wx675   0m    95Mi   
websocket-server-5d44fc8b6-xq4tp   0m    26Mi   
1783198368
websocket-server-5d44fc8b6-cltn6   0m    25Mi   
websocket-server-5d44fc8b6-djt2k   0m    25Mi   
websocket-server-5d44fc8b6-dkflf   0m    25Mi   
websocket-server-5d44fc8b6-k2txg   1m    83Mi   
websocket-server-5d44fc8b6-mjr8r   0m    26Mi   
websocket-server-5d44fc8b6-qgw76   0m    25Mi   
websocket-server-5d44fc8b6-wx675   0m    95Mi   
websocket-server-5d44fc8b6-xq4tp   0m    26Mi   
1783198373
websocket-server-5d44fc8b6-cltn6   0m    25Mi   
websocket-server-5d44fc8b6-djt2k   0m    25Mi   
websocket-server-5d44fc8b6-dkflf   0m    25Mi   
websocket-server-5d44fc8b6-k2txg   1m    83Mi   
websocket-server-5d44fc8b6-mjr8r   0m    26Mi   
websocket-server-5d44fc8b6-qgw76   0m    25Mi   
websocket-server-5d44fc8b6-wx675   0m    95Mi   
websocket-server-5d44fc8b6-xq4tp   0m    26Mi   
1783198378
websocket-server-5d44fc8b6-k2txg   1m    83Mi   
websocket-server-5d44fc8b6-mjr8r   0m    26Mi   
websocket-server-5d44fc8b6-qgw76   0m    25Mi   
websocket-server-5d44fc8b6-wx675   0m    95Mi   
websocket-server-5d44fc8b6-xq4tp   0m    26Mi   
1783198384
websocket-server-5d44fc8b6-k2txg   1m    83Mi   
websocket-server-5d44fc8b6-mjr8r   0m    26Mi   
websocket-server-5d44fc8b6-qgw76   0m    25Mi   
websocket-server-5d44fc8b6-wx675   0m    95Mi   
websocket-server-5d44fc8b6-xq4tp   0m    26Mi   
1783198389
websocket-server-5d44fc8b6-k2txg   1m    83Mi   
websocket-server-5d44fc8b6-mjr8r   0m    26Mi   
websocket-server-5d44fc8b6-qgw76   0m    25Mi   
websocket-server-5d44fc8b6-wx675   0m    95Mi   
websocket-server-5d44fc8b6-xq4tp   0m    26Mi   
1783198394
websocket-server-5d44fc8b6-k2txg   1m    83Mi   
websocket-server-5d44fc8b6-wx675   0m    95Mi   
